Archive member included to satisfy reference by file (symbol)

../../lib/libopencm3//lib/libopencm3_stm32f3.a(gpio_common_all.o)
                              main.o (gpio_toggle)
../../lib/libopencm3//lib/libopencm3_stm32f3.a(gpio_common_f0234.o)
                              main.o (gpio_mode_setup)
../../lib/libopencm3//lib/libopencm3_stm32f3.a(rcc_common_all.o)
                              main.o (rcc_periph_clock_enable)
../../lib/libopencm3//lib/libopencm3_stm32f3.a(vector.o)
                              (reset_handler)

Discarded input sections

 .group         0x0000000000000000        0xc main.o
 .group         0x0000000000000000        0xc main.o
 .group         0x0000000000000000        0xc main.o
 .group         0x0000000000000000        0xc main.o
 .group         0x0000000000000000        0xc main.o
 .group         0x0000000000000000        0xc main.o
 .group         0x0000000000000000        0xc main.o
 .group         0x0000000000000000        0xc main.o
 .group         0x0000000000000000        0xc main.o
 .group         0x0000000000000000        0xc main.o
 .group         0x0000000000000000        0xc main.o
 .group         0x0000000000000000        0xc main.o
 .group         0x0000000000000000        0xc main.o
 .group         0x0000000000000000        0xc main.o
 .group         0x0000000000000000        0xc main.o
 .text          0x0000000000000000        0x0 main.o
 .data          0x0000000000000000        0x0 main.o
 .bss           0x0000000000000000        0x0 main.o
 .group         0x0000000000000000        0xc ../../lib/libopencm3//lib/libopencm3_stm32f3.a(gpio_common_all.o)
 .group         0x0000000000000000        0xc ../../lib/libopencm3//lib/libopencm3_stm32f3.a(gpio_common_all.o)
 .group         0x0000000000000000        0xc ../../lib/libopencm3//lib/libopencm3_stm32f3.a(gpio_common_all.o)
 .group         0x0000000000000000        0xc ../../lib/libopencm3//lib/libopencm3_stm32f3.a(gpio_common_all.o)
 .group         0x0000000000000000        0xc ../../lib/libopencm3//lib/libopencm3_stm32f3.a(gpio_common_all.o)
 .group         0x0000000000000000        0xc ../../lib/libopencm3//lib/libopencm3_stm32f3.a(gpio_common_all.o)
 .group         0x0000000000000000        0xc ../../lib/libopencm3//lib/libopencm3_stm32f3.a(gpio_common_all.o)
 .group         0x0000000000000000        0xc ../../lib/libopencm3//lib/libopencm3_stm32f3.a(gpio_common_all.o)
 .group         0x0000000000000000        0xc ../../lib/libopencm3//lib/libopencm3_stm32f3.a(gpio_common_all.o)
 .group         0x0000000000000000        0xc ../../lib/libopencm3//lib/libopencm3_stm32f3.a(gpio_common_all.o)
 .group         0x0000000000000000        0xc ../../lib/libopencm3//lib/libopencm3_stm32f3.a(gpio_common_all.o)
 .group         0x0000000000000000        0xc ../../lib/libopencm3//lib/libopencm3_stm32f3.a(gpio_common_all.o)
 .group         0x0000000000000000        0xc ../../lib/libopencm3//lib/libopencm3_stm32f3.a(gpio_common_all.o)
 .group         0x0000000000000000        0xc ../../lib/libopencm3//lib/libopencm3_stm32f3.a(gpio_common_all.o)
 .text          0x0000000000000000        0x0 ../../lib/libopencm3//lib/libopencm3_stm32f3.a(gpio_common_all.o)
 .data          0x0000000000000000        0x0 ../../lib/libopencm3//lib/libopencm3_stm32f3.a(gpio_common_all.o)
 .bss           0x0000000000000000        0x0 ../../lib/libopencm3//lib/libopencm3_stm32f3.a(gpio_common_all.o)
 .text.gpio_set
                0x0000000000000000        0x4 ../../lib/libopencm3//lib/libopencm3_stm32f3.a(gpio_common_all.o)
 .text.gpio_clear
                0x0000000000000000        0x6 ../../lib/libopencm3//lib/libopencm3_stm32f3.a(gpio_common_all.o)
 .text.gpio_get
                0x0000000000000000        0x6 ../../lib/libopencm3//lib/libopencm3_stm32f3.a(gpio_common_all.o)
 .text.gpio_port_read
                0x0000000000000000        0x6 ../../lib/libopencm3//lib/libopencm3_stm32f3.a(gpio_common_all.o)
 .text.gpio_port_write
                0x0000000000000000        0x4 ../../lib/libopencm3//lib/libopencm3_stm32f3.a(gpio_common_all.o)
 .text.gpio_port_config_lock
                0x0000000000000000       0x10 ../../lib/libopencm3//lib/libopencm3_stm32f3.a(gpio_common_all.o)
 .debug_macro   0x0000000000000000      0xa6c ../../lib/libopencm3//lib/libopencm3_stm32f3.a(gpio_common_all.o)
 .debug_macro   0x0000000000000000       0x1c ../../lib/libopencm3//lib/libopencm3_stm32f3.a(gpio_common_all.o)
 .debug_macro   0x0000000000000000       0x22 ../../lib/libopencm3//lib/libopencm3_stm32f3.a(gpio_common_all.o)
 .debug_macro   0x0000000000000000       0x56 ../../lib/libopencm3//lib/libopencm3_stm32f3.a(gpio_common_all.o)
 .debug_macro   0x0000000000000000       0x51 ../../lib/libopencm3//lib/libopencm3_stm32f3.a(gpio_common_all.o)
 .debug_macro   0x0000000000000000      0x103 ../../lib/libopencm3//lib/libopencm3_stm32f3.a(gpio_common_all.o)
 .debug_macro   0x0000000000000000       0x6a ../../lib/libopencm3//lib/libopencm3_stm32f3.a(gpio_common_all.o)
 .debug_macro   0x0000000000000000      0x1df ../../lib/libopencm3//lib/libopencm3_stm32f3.a(gpio_common_all.o)
 .debug_macro   0x0000000000000000       0x22 ../../lib/libopencm3//lib/libopencm3_stm32f3.a(gpio_common_all.o)
 .debug_macro   0x0000000000000000       0xe8 ../../lib/libopencm3//lib/libopencm3_stm32f3.a(gpio_common_all.o)
 .debug_macro   0x0000000000000000       0x76 ../../lib/libopencm3//lib/libopencm3_stm32f3.a(gpio_common_all.o)
 .debug_macro   0x0000000000000000      0x1b9 ../../lib/libopencm3//lib/libopencm3_stm32f3.a(gpio_common_all.o)
 .debug_macro   0x0000000000000000       0x76 ../../lib/libopencm3//lib/libopencm3_stm32f3.a(gpio_common_all.o)
 .debug_macro   0x0000000000000000      0x37e ../../lib/libopencm3//lib/libopencm3_stm32f3.a(gpio_common_all.o)
 .group         0x0000000000000000        0xc ../../lib/libopencm3//lib/libopencm3_stm32f3.a(gpio_common_f0234.o)
 .group         0x0000000000000000        0xc ../../lib/libopencm3//lib/libopencm3_stm32f3.a(gpio_common_f0234.o)
 .group         0x0000000000000000        0xc ../../lib/libopencm3//lib/libopencm3_stm32f3.a(gpio_common_f0234.o)
 .group         0x0000000000000000        0xc ../../lib/libopencm3//lib/libopencm3_stm32f3.a(gpio_common_f0234.o)
 .group         0x0000000000000000        0xc ../../lib/libopencm3//lib/libopencm3_stm32f3.a(gpio_common_f0234.o)
 .group         0x0000000000000000        0xc ../../lib/libopencm3//lib/libopencm3_stm32f3.a(gpio_common_f0234.o)
 .group         0x0000000000000000        0xc ../../lib/libopencm3//lib/libopencm3_stm32f3.a(gpio_common_f0234.o)
 .group         0x0000000000000000        0xc ../../lib/libopencm3//lib/libopencm3_stm32f3.a(gpio_common_f0234.o)
 .group         0x0000000000000000        0xc ../../lib/libopencm3//lib/libopencm3_stm32f3.a(gpio_common_f0234.o)
 .group         0x0000000000000000        0xc ../../lib/libopencm3//lib/libopencm3_stm32f3.a(gpio_common_f0234.o)
 .group         0x0000000000000000        0xc ../../lib/libopencm3//lib/libopencm3_stm32f3.a(gpio_common_f0234.o)
 .group         0x0000000000000000        0xc ../../lib/libopencm3//lib/libopencm3_stm32f3.a(gpio_common_f0234.o)
 .group         0x0000000000000000        0xc ../../lib/libopencm3//lib/libopencm3_stm32f3.a(gpio_common_f0234.o)
 .group         0x0000000000000000        0xc ../../lib/libopencm3//lib/libopencm3_stm32f3.a(gpio_common_f0234.o)
 .text          0x0000000000000000        0x0 ../../lib/libopencm3//lib/libopencm3_stm32f3.a(gpio_common_f0234.o)
 .data          0x0000000000000000        0x0 ../../lib/libopencm3//lib/libopencm3_stm32f3.a(gpio_common_f0234.o)
 .bss           0x0000000000000000        0x0 ../../lib/libopencm3//lib/libopencm3_stm32f3.a(gpio_common_f0234.o)
 .text.gpio_set_output_options
                0x0000000000000000       0x36 ../../lib/libopencm3//lib/libopencm3_stm32f3.a(gpio_common_f0234.o)
 .text.gpio_set_af
                0x0000000000000000       0x58 ../../lib/libopencm3//lib/libopencm3_stm32f3.a(gpio_common_f0234.o)
 .debug_macro   0x0000000000000000      0xa6c ../../lib/libopencm3//lib/libopencm3_stm32f3.a(gpio_common_f0234.o)
 .debug_macro   0x0000000000000000       0x1c ../../lib/libopencm3//lib/libopencm3_stm32f3.a(gpio_common_f0234.o)
 .debug_macro   0x0000000000000000       0x22 ../../lib/libopencm3//lib/libopencm3_stm32f3.a(gpio_common_f0234.o)
 .debug_macro   0x0000000000000000       0x56 ../../lib/libopencm3//lib/libopencm3_stm32f3.a(gpio_common_f0234.o)
 .debug_macro   0x0000000000000000       0x51 ../../lib/libopencm3//lib/libopencm3_stm32f3.a(gpio_common_f0234.o)
 .debug_macro   0x0000000000000000      0x103 ../../lib/libopencm3//lib/libopencm3_stm32f3.a(gpio_common_f0234.o)
 .debug_macro   0x0000000000000000       0x6a ../../lib/libopencm3//lib/libopencm3_stm32f3.a(gpio_common_f0234.o)
 .debug_macro   0x0000000000000000      0x1df ../../lib/libopencm3//lib/libopencm3_stm32f3.a(gpio_common_f0234.o)
 .debug_macro   0x0000000000000000       0x22 ../../lib/libopencm3//lib/libopencm3_stm32f3.a(gpio_common_f0234.o)
 .debug_macro   0x0000000000000000       0xe8 ../../lib/libopencm3//lib/libopencm3_stm32f3.a(gpio_common_f0234.o)
 .debug_macro   0x0000000000000000       0x76 ../../lib/libopencm3//lib/libopencm3_stm32f3.a(gpio_common_f0234.o)
 .debug_macro   0x0000000000000000      0x1b9 ../../lib/libopencm3//lib/libopencm3_stm32f3.a(gpio_common_f0234.o)
 .debug_macro   0x0000000000000000       0x76 ../../lib/libopencm3//lib/libopencm3_stm32f3.a(gpio_common_f0234.o)
 .debug_macro   0x0000000000000000      0x37e ../../lib/libopencm3//lib/libopencm3_stm32f3.a(gpio_common_f0234.o)
 .group         0x0000000000000000        0xc ../../lib/libopencm3//lib/libopencm3_stm32f3.a(rcc_common_all.o)
 .group         0x0000000000000000        0xc ../../lib/libopencm3//lib/libopencm3_stm32f3.a(rcc_common_all.o)
 .group         0x0000000000000000        0xc ../../lib/libopencm3//lib/libopencm3_stm32f3.a(rcc_common_all.o)
 .group         0x0000000000000000        0xc ../../lib/libopencm3//lib/libopencm3_stm32f3.a(rcc_common_all.o)
 .group         0x0000000000000000        0xc ../../lib/libopencm3//lib/libopencm3_stm32f3.a(rcc_common_all.o)
 .group         0x0000000000000000        0xc ../../lib/libopencm3//lib/libopencm3_stm32f3.a(rcc_common_all.o)
 .group         0x0000000000000000        0xc ../../lib/libopencm3//lib/libopencm3_stm32f3.a(rcc_common_all.o)
 .group         0x0000000000000000        0xc ../../lib/libopencm3//lib/libopencm3_stm32f3.a(rcc_common_all.o)
 .group         0x0000000000000000        0xc ../../lib/libopencm3//lib/libopencm3_stm32f3.a(rcc_common_all.o)
 .group         0x0000000000000000        0xc ../../lib/libopencm3//lib/libopencm3_stm32f3.a(rcc_common_all.o)
 .group         0x0000000000000000        0xc ../../lib/libopencm3//lib/libopencm3_stm32f3.a(rcc_common_all.o)
 .group         0x0000000000000000        0xc ../../lib/libopencm3//lib/libopencm3_stm32f3.a(rcc_common_all.o)
 .group         0x0000000000000000        0xc ../../lib/libopencm3//lib/libopencm3_stm32f3.a(rcc_common_all.o)
 .text          0x0000000000000000        0x0 ../../lib/libopencm3//lib/libopencm3_stm32f3.a(rcc_common_all.o)
 .data          0x0000000000000000        0x0 ../../lib/libopencm3//lib/libopencm3_stm32f3.a(rcc_common_all.o)
 .bss           0x0000000000000000        0x0 ../../lib/libopencm3//lib/libopencm3_stm32f3.a(rcc_common_all.o)
 .text.rcc_peripheral_enable_clock
                0x0000000000000000        0x8 ../../lib/libopencm3//lib/libopencm3_stm32f3.a(rcc_common_all.o)
 .text.rcc_peripheral_disable_clock
                0x0000000000000000        0xa ../../lib/libopencm3//lib/libopencm3_stm32f3.a(rcc_common_all.o)
 .text.rcc_peripheral_reset
                0x0000000000000000        0x8 ../../lib/libopencm3//lib/libopencm3_stm32f3.a(rcc_common_all.o)
 .text.rcc_peripheral_clear_reset
                0x0000000000000000        0xa ../../lib/libopencm3//lib/libopencm3_stm32f3.a(rcc_common_all.o)
 .text.rcc_periph_clock_disable
                0x0000000000000000       0x1e ../../lib/libopencm3//lib/libopencm3_stm32f3.a(rcc_common_all.o)
 .text.rcc_periph_reset_pulse
                0x0000000000000000       0x24 ../../lib/libopencm3//lib/libopencm3_stm32f3.a(rcc_common_all.o)
 .text.rcc_periph_reset_hold
                0x0000000000000000        0x4 ../../lib/libopencm3//lib/libopencm3_stm32f3.a(rcc_common_all.o)
 .text.rcc_periph_reset_release
                0x0000000000000000        0x4 ../../lib/libopencm3//lib/libopencm3_stm32f3.a(rcc_common_all.o)
 .text.rcc_set_mco
                0x0000000000000000       0x14 ../../lib/libopencm3//lib/libopencm3_stm32f3.a(rcc_common_all.o)
 .text.rcc_osc_bypass_enable
                0x0000000000000000       0x28 ../../lib/libopencm3//lib/libopencm3_stm32f3.a(rcc_common_all.o)
 .text.rcc_osc_bypass_disable
                0x0000000000000000       0x28 ../../lib/libopencm3//lib/libopencm3_stm32f3.a(rcc_common_all.o)
 .text.rcc_get_div_from_hpre
                0x0000000000000000       0x1c ../../lib/libopencm3//lib/libopencm3_stm32f3.a(rcc_common_all.o)
 .debug_macro   0x0000000000000000      0xa6c ../../lib/libopencm3//lib/libopencm3_stm32f3.a(rcc_common_all.o)
 .debug_macro   0x0000000000000000       0x1c ../../lib/libopencm3//lib/libopencm3_stm32f3.a(rcc_common_all.o)
 .debug_macro   0x0000000000000000       0x22 ../../lib/libopencm3//lib/libopencm3_stm32f3.a(rcc_common_all.o)
 .debug_macro   0x0000000000000000       0x56 ../../lib/libopencm3//lib/libopencm3_stm32f3.a(rcc_common_all.o)
 .debug_macro   0x0000000000000000       0x51 ../../lib/libopencm3//lib/libopencm3_stm32f3.a(rcc_common_all.o)
 .debug_macro   0x0000000000000000      0x103 ../../lib/libopencm3//lib/libopencm3_stm32f3.a(rcc_common_all.o)
 .debug_macro   0x0000000000000000       0x6a ../../lib/libopencm3//lib/libopencm3_stm32f3.a(rcc_common_all.o)
 .debug_macro   0x0000000000000000      0x1df ../../lib/libopencm3//lib/libopencm3_stm32f3.a(rcc_common_all.o)
 .debug_macro   0x0000000000000000       0x22 ../../lib/libopencm3//lib/libopencm3_stm32f3.a(rcc_common_all.o)
 .debug_macro   0x0000000000000000       0xe8 ../../lib/libopencm3//lib/libopencm3_stm32f3.a(rcc_common_all.o)
 .debug_macro   0x0000000000000000       0x76 ../../lib/libopencm3//lib/libopencm3_stm32f3.a(rcc_common_all.o)
 .debug_macro   0x0000000000000000      0x1b9 ../../lib/libopencm3//lib/libopencm3_stm32f3.a(rcc_common_all.o)
 .debug_macro   0x0000000000000000      0x7ac ../../lib/libopencm3//lib/libopencm3_stm32f3.a(rcc_common_all.o)
 .group         0x0000000000000000        0xc ../../lib/libopencm3//lib/libopencm3_stm32f3.a(vector.o)
 .group         0x0000000000000000        0xc ../../lib/libopencm3//lib/libopencm3_stm32f3.a(vector.o)
 .group         0x0000000000000000        0xc ../../lib/libopencm3//lib/libopencm3_stm32f3.a(vector.o)
 .group         0x0000000000000000        0xc ../../lib/libopencm3//lib/libopencm3_stm32f3.a(vector.o)
 .group         0x0000000000000000        0xc ../../lib/libopencm3//lib/libopencm3_stm32f3.a(vector.o)
 .group         0x0000000000000000        0xc ../../lib/libopencm3//lib/libopencm3_stm32f3.a(vector.o)
 .group         0x0000000000000000        0xc ../../lib/libopencm3//lib/libopencm3_stm32f3.a(vector.o)
 .group         0x0000000000000000        0xc ../../lib/libopencm3//lib/libopencm3_stm32f3.a(vector.o)
 .group         0x0000000000000000        0xc ../../lib/libopencm3//lib/libopencm3_stm32f3.a(vector.o)
 .group         0x0000000000000000        0xc ../../lib/libopencm3//lib/libopencm3_stm32f3.a(vector.o)
 .group         0x0000000000000000        0xc ../../lib/libopencm3//lib/libopencm3_stm32f3.a(vector.o)
 .group         0x0000000000000000        0xc ../../lib/libopencm3//lib/libopencm3_stm32f3.a(vector.o)
 .group         0x0000000000000000        0xc ../../lib/libopencm3//lib/libopencm3_stm32f3.a(vector.o)
 .group         0x0000000000000000        0xc ../../lib/libopencm3//lib/libopencm3_stm32f3.a(vector.o)
 .text          0x0000000000000000        0x0 ../../lib/libopencm3//lib/libopencm3_stm32f3.a(vector.o)
 .data          0x0000000000000000        0x0 ../../lib/libopencm3//lib/libopencm3_stm32f3.a(vector.o)
 .bss           0x0000000000000000        0x0 ../../lib/libopencm3//lib/libopencm3_stm32f3.a(vector.o)
 .debug_macro   0x0000000000000000      0xa6c ../../lib/libopencm3//lib/libopencm3_stm32f3.a(vector.o)
 .debug_macro   0x0000000000000000       0x76 ../../lib/libopencm3//lib/libopencm3_stm32f3.a(vector.o)
 .debug_macro   0x0000000000000000       0x1c ../../lib/libopencm3//lib/libopencm3_stm32f3.a(vector.o)
 .debug_macro   0x0000000000000000       0x22 ../../lib/libopencm3//lib/libopencm3_stm32f3.a(vector.o)
 .debug_macro   0x0000000000000000       0x56 ../../lib/libopencm3//lib/libopencm3_stm32f3.a(vector.o)
 .debug_macro   0x0000000000000000       0x51 ../../lib/libopencm3//lib/libopencm3_stm32f3.a(vector.o)
 .debug_macro   0x0000000000000000      0x103 ../../lib/libopencm3//lib/libopencm3_stm32f3.a(vector.o)
 .debug_macro   0x0000000000000000       0x6a ../../lib/libopencm3//lib/libopencm3_stm32f3.a(vector.o)
 .debug_macro   0x0000000000000000      0x1df ../../lib/libopencm3//lib/libopencm3_stm32f3.a(vector.o)
 .debug_macro   0x0000000000000000       0x22 ../../lib/libopencm3//lib/libopencm3_stm32f3.a(vector.o)
 .debug_macro   0x0000000000000000       0xe8 ../../lib/libopencm3//lib/libopencm3_stm32f3.a(vector.o)

Memory Configuration

Name             Origin             Length             Attributes
rom              0x0000000008000000 0x0000000000080000 xr
ram              0x0000000020000000 0x0000000000010000 xrw
*default*        0x0000000000000000 0xffffffffffffffff

Linker script and memory map

LOAD main.o
LOAD ../../lib/libopencm3//lib/libopencm3_stm32f3.a
START GROUP
LOAD /usr/share/gcc-arm-none-eabi-10-2020-q4-major/bin/../lib/gcc/arm-none-eabi/10.2.1/../../../../arm-none-eabi/lib/thumb/v7e-m+fp/hard/libc.a
LOAD /usr/share/gcc-arm-none-eabi-10-2020-q4-major/bin/../lib/gcc/arm-none-eabi/10.2.1/thumb/v7e-m+fp/hard/libgcc.a
LOAD /usr/share/gcc-arm-none-eabi-10-2020-q4-major/bin/../lib/gcc/arm-none-eabi/10.2.1/../../../../arm-none-eabi/lib/thumb/v7e-m+fp/hard/libnosys.a
END GROUP
START GROUP
LOAD /usr/share/gcc-arm-none-eabi-10-2020-q4-major/bin/../lib/gcc/arm-none-eabi/10.2.1/thumb/v7e-m+fp/hard/libgcc.a
LOAD /usr/share/gcc-arm-none-eabi-10-2020-q4-major/bin/../lib/gcc/arm-none-eabi/10.2.1/../../../../arm-none-eabi/lib/thumb/v7e-m+fp/hard/libg.a
LOAD /usr/share/gcc-arm-none-eabi-10-2020-q4-major/bin/../lib/gcc/arm-none-eabi/10.2.1/../../../../arm-none-eabi/lib/thumb/v7e-m+fp/hard/libc.a
END GROUP

.text           0x0000000008000000      0x2c8
 *(.vectors)
 .vectors       0x0000000008000000      0x184 ../../lib/libopencm3//lib/libopencm3_stm32f3.a(vector.o)
                0x0000000008000000                vector_table
 *(.text*)
 .text.startup.main
                0x0000000008000184       0x30 main.o
                0x0000000008000184                main
 .text.gpio_toggle
                0x00000000080001b4       0x12 ../../lib/libopencm3//lib/libopencm3_stm32f3.a(gpio_common_all.o)
                0x00000000080001b4                gpio_toggle
 .text.gpio_mode_setup
                0x00000000080001c6       0x40 ../../lib/libopencm3//lib/libopencm3_stm32f3.a(gpio_common_f0234.o)
                0x00000000080001c6                gpio_mode_setup
 .text.rcc_periph_clock_enable
                0x0000000008000206       0x1c ../../lib/libopencm3//lib/libopencm3_stm32f3.a(rcc_common_all.o)
                0x0000000008000206                rcc_periph_clock_enable
 .text.blocking_handler
                0x0000000008000222        0x2 ../../lib/libopencm3//lib/libopencm3_stm32f3.a(vector.o)
                0x0000000008000222                usb_lp_isr
                0x0000000008000222                i2c2_ev_exti24_isr
                0x0000000008000222                usb_hp_isr
                0x0000000008000222                hrtim_timb_isr
                0x0000000008000222                tim7_isr
                0x0000000008000222                adc1_2_isr
                0x0000000008000222                hrtim_timc_isr
                0x0000000008000222                reserved_13_isr
                0x0000000008000222                blocking_handler
                0x0000000008000222                rtc_wkup_isr
                0x0000000008000222                tim1_up_tim16_isr
                0x0000000008000222                spi1_isr
                0x0000000008000222                dma1_channel6_isr
                0x0000000008000222                reserved_5_isr
                0x0000000008000222                dma1_channel5_isr
                0x0000000008000222                dma2_channel5_isr
                0x0000000008000222                tamp_stamp_isr
                0x0000000008000222                can1_rx1_isr
                0x0000000008000222                hrtim_master_isr
                0x0000000008000222                hrtim_tima_isr
                0x0000000008000222                usage_fault_handler
                0x0000000008000222                tim8_trg_com_isr
                0x0000000008000222                i2c1_ev_exti23_isr
                0x0000000008000222                tim1_trg_com_tim17_isr
                0x0000000008000222                reserved_15_isr
                0x0000000008000222                usb_wkup_isr
                0x0000000008000222                can1_sce_isr
                0x0000000008000222                reserved_3_isr
                0x0000000008000222                tim1_cc_isr
                0x0000000008000222                eth_isr
                0x0000000008000222                reserved_14_isr
                0x0000000008000222                dma1_channel4_isr
                0x0000000008000222                tim8_brk_isr
                0x0000000008000222                dma2_channel4_isr
                0x0000000008000222                pvd_isr
                0x0000000008000222                comp123_isr
                0x0000000008000222                comp456_isr
                0x0000000008000222                rcc_isr
                0x0000000008000222                flash_isr
                0x0000000008000222                rtc_alarm_isr
                0x0000000008000222                reserved_2_isr
                0x0000000008000222                exti15_10_isr
                0x0000000008000222                hard_fault_handler
                0x0000000008000222                exti1_isr
                0x0000000008000222                dma2_channel1_isr
                0x0000000008000222                spi2_isr
                0x0000000008000222                nvic_wwdg_isr
                0x0000000008000222                tim8_up_isr
                0x0000000008000222                usart1_exti25_isr
                0x0000000008000222                dma2_channel2_isr
                0x0000000008000222                exti3_isr
                0x0000000008000222                adc3_isr
                0x0000000008000222                tim3_isr
                0x0000000008000222                i2c2_er_isr
                0x0000000008000222                reserved_1_isr
                0x0000000008000222                dma1_channel1_isr
                0x0000000008000222                exti4_isr
                0x0000000008000222                tim6_dac_isr
                0x0000000008000222                mem_manage_handler
                0x0000000008000222                exti9_5_isr
                0x0000000008000222                dma2_channel3_isr
                0x0000000008000222                usb_hp_can1_tx_isr
                0x0000000008000222                dma1_channel7_isr
                0x0000000008000222                usart3_exti28_isr
                0x0000000008000222                tim4_isr
                0x0000000008000222                usb_lp_can1_rx0_isr
                0x0000000008000222                hrtim_time_isr
                0x0000000008000222                hrtim_timd_isr
                0x0000000008000222                dma1_channel2_isr
                0x0000000008000222                i2c1_er_isr
                0x0000000008000222                tim8_cc_isr
                0x0000000008000222                comp7_isr
                0x0000000008000222                uart5_exti35_isr
                0x0000000008000222                reserved_4_isr
                0x0000000008000222                hrtim_flt_isr
                0x0000000008000222                bus_fault_handler
                0x0000000008000222                tim1_brk_tim15_isr
                0x0000000008000222                dma1_channel3_isr
                0x0000000008000222                uart4_exti34_isr
                0x0000000008000222                usart2_exti26_isr
                0x0000000008000222                spi3_isr
                0x0000000008000222                tim2_isr
                0x0000000008000222                reserved_16_isr
                0x0000000008000222                exti2_tsc_isr
                0x0000000008000222                usb_wkup_a_isr
                0x0000000008000222                exti0_isr
 .text.null_handler
                0x0000000008000224        0x2 ../../lib/libopencm3//lib/libopencm3_stm32f3.a(vector.o)
                0x0000000008000224                null_handler
                0x0000000008000224                sv_call_handler
                0x0000000008000224                pend_sv_handler
                0x0000000008000224                debug_monitor_handler
                0x0000000008000224                sys_tick_handler
                0x0000000008000224                nmi_handler
 *fill*         0x0000000008000226        0x2 
 .text.reset_handler
                0x0000000008000228       0xa0 ../../lib/libopencm3//lib/libopencm3_stm32f3.a(vector.o)
                0x0000000008000228                reset_handler
                0x00000000080002c8                . = ALIGN (0x4)
 *(.rodata*)
                0x00000000080002c8                . = ALIGN (0x4)

.glue_7         0x00000000080002c8        0x0
 .glue_7        0x00000000080002c8        0x0 linker stubs

.glue_7t        0x00000000080002c8        0x0
 .glue_7t       0x00000000080002c8        0x0 linker stubs

.vfp11_veneer   0x00000000080002c8        0x0
 .vfp11_veneer  0x00000000080002c8        0x0 linker stubs

.v4_bx          0x00000000080002c8        0x0
 .v4_bx         0x00000000080002c8        0x0 linker stubs

.iplt           0x00000000080002c8        0x0
 .iplt          0x00000000080002c8        0x0 main.o

.rel.dyn        0x00000000080002c8        0x0
 .rel.iplt      0x00000000080002c8        0x0 main.o

.preinit_array  0x00000000080002c8        0x0
                0x00000000080002c8                . = ALIGN (0x4)
                0x00000000080002c8                __preinit_array_start = .
 *(.preinit_array)
                0x00000000080002c8                __preinit_array_end = .

.init_array     0x00000000080002c8        0x0
                0x00000000080002c8                . = ALIGN (0x4)
                0x00000000080002c8                __init_array_start = .
 *(SORT_BY_NAME(.init_array.*))
 *(.init_array)
                0x00000000080002c8                __init_array_end = .

.fini_array     0x00000000080002c8        0x0
                0x00000000080002c8                . = ALIGN (0x4)
                0x00000000080002c8                __fini_array_start = .
 *(.fini_array)
 *(SORT_BY_NAME(.fini_array.*))
                0x00000000080002c8                __fini_array_end = .

.ARM.extab
 *(.ARM.extab*)

.ARM.exidx      0x00000000080002c8        0x0
                0x00000000080002c8                __exidx_start = .
 *(.ARM.exidx*)
                0x00000000080002c8                __exidx_end = .
                0x00000000080002c8                . = ALIGN (0x4)
                0x00000000080002c8                _etext = .

.noinit
 *(.noinit*)
                0x00000000080002c8                . = ALIGN (0x4)

.data           0x0000000020000000        0x0 load address 0x00000000080002c8
                0x0000000020000000                _data = .
 *(.data*)
 *(.ramtext*)
                0x0000000020000000                . = ALIGN (0x4)
                0x0000000020000000                _edata = .
                0x00000000080002c8                _data_loadaddr = LOADADDR (.data)

.igot.plt       0x0000000020000000        0x0 load address 0x00000000080002c8
 .igot.plt      0x0000000020000000        0x0 main.o

.bss            0x0000000020000000        0x0 load address 0x00000000080002c8
 *(.bss*)
 *(COMMON)
                0x0000000020000000                . = ALIGN (0x4)
                0x0000000020000000                _ebss = .

/DISCARD/
 *(.eh_frame)
                0x0000000020000000                . = ALIGN (0x4)
                0x0000000020000000                end = .
                0x0000000020010000                PROVIDE (_stack = (ORIGIN (ram) + LENGTH (ram)))
OUTPUT(main.elf elf32-littlearm)
LOAD linker stubs

.debug_info     0x0000000000000000     0x110f
 .debug_info    0x0000000000000000      0x2f4 main.o
 .debug_info    0x00000000000002f4      0x266 ../../lib/libopencm3//lib/libopencm3_stm32f3.a(gpio_common_all.o)
 .debug_info    0x000000000000055a      0x233 ../../lib/libopencm3//lib/libopencm3_stm32f3.a(gpio_common_f0234.o)
 .debug_info    0x000000000000078d      0x690 ../../lib/libopencm3//lib/libopencm3_stm32f3.a(rcc_common_all.o)
 .debug_info    0x0000000000000e1d      0x2f2 ../../lib/libopencm3//lib/libopencm3_stm32f3.a(vector.o)

.debug_abbrev   0x0000000000000000      0x595
 .debug_abbrev  0x0000000000000000       0xee main.o
 .debug_abbrev  0x00000000000000ee      0x116 ../../lib/libopencm3//lib/libopencm3_stm32f3.a(gpio_common_all.o)
 .debug_abbrev  0x0000000000000204       0xbf ../../lib/libopencm3//lib/libopencm3_stm32f3.a(gpio_common_f0234.o)
 .debug_abbrev  0x00000000000002c3      0x177 ../../lib/libopencm3//lib/libopencm3_stm32f3.a(rcc_common_all.o)
 .debug_abbrev  0x000000000000043a      0x15b ../../lib/libopencm3//lib/libopencm3_stm32f3.a(vector.o)

.debug_loc      0x0000000000000000      0x4aa
 .debug_loc     0x0000000000000000       0x55 main.o
 .debug_loc     0x0000000000000055       0xbe ../../lib/libopencm3//lib/libopencm3_stm32f3.a(gpio_common_all.o)
 .debug_loc     0x0000000000000113      0x14f ../../lib/libopencm3//lib/libopencm3_stm32f3.a(gpio_common_f0234.o)
 .debug_loc     0x0000000000000262      0x120 ../../lib/libopencm3//lib/libopencm3_stm32f3.a(rcc_common_all.o)
 .debug_loc     0x0000000000000382      0x128 ../../lib/libopencm3//lib/libopencm3_stm32f3.a(vector.o)

.debug_aranges  0x0000000000000000      0x130
 .debug_aranges
                0x0000000000000000       0x20 main.o
 .debug_aranges
                0x0000000000000020       0x50 ../../lib/libopencm3//lib/libopencm3_stm32f3.a(gpio_common_all.o)
 .debug_aranges
                0x0000000000000070       0x30 ../../lib/libopencm3//lib/libopencm3_stm32f3.a(gpio_common_f0234.o)
 .debug_aranges
                0x00000000000000a0       0x60 ../../lib/libopencm3//lib/libopencm3_stm32f3.a(rcc_common_all.o)
 .debug_aranges
                0x0000000000000100       0x30 ../../lib/libopencm3//lib/libopencm3_stm32f3.a(vector.o)

.debug_ranges   0x0000000000000000       0xf8
 .debug_ranges  0x0000000000000000       0x28 main.o
 .debug_ranges  0x0000000000000028       0x40 ../../lib/libopencm3//lib/libopencm3_stm32f3.a(gpio_common_all.o)
 .debug_ranges  0x0000000000000068       0x20 ../../lib/libopencm3//lib/libopencm3_stm32f3.a(gpio_common_f0234.o)
 .debug_ranges  0x0000000000000088       0x50 ../../lib/libopencm3//lib/libopencm3_stm32f3.a(rcc_common_all.o)
 .debug_ranges  0x00000000000000d8       0x20 ../../lib/libopencm3//lib/libopencm3_stm32f3.a(vector.o)

.debug_macro    0x0000000000000000     0x2825
 .debug_macro   0x0000000000000000       0xda main.o
 .debug_macro   0x00000000000000da      0xa6c main.o
 .debug_macro   0x0000000000000b46       0x1c main.o
 .debug_macro   0x0000000000000b62       0x22 main.o
 .debug_macro   0x0000000000000b84       0x56 main.o
 .debug_macro   0x0000000000000bda       0x51 main.o
 .debug_macro   0x0000000000000c2b      0x103 main.o
 .debug_macro   0x0000000000000d2e       0x6a main.o
 .debug_macro   0x0000000000000d98      0x1df main.o
 .debug_macro   0x0000000000000f77       0x22 main.o
 .debug_macro   0x0000000000000f99       0xe8 main.o
 .debug_macro   0x0000000000001081       0x76 main.o
 .debug_macro   0x00000000000010f7      0x1b9 main.o
 .debug_macro   0x00000000000012b0      0x7ac main.o
 .debug_macro   0x0000000000001a5c       0x76 main.o
 .debug_macro   0x0000000000001ad2      0x37e main.o
 .debug_macro   0x0000000000001e50       0xc2 ../../lib/libopencm3//lib/libopencm3_stm32f3.a(gpio_common_all.o)
 .debug_macro   0x0000000000001f12       0xc2 ../../lib/libopencm3//lib/libopencm3_stm32f3.a(gpio_common_f0234.o)
 .debug_macro   0x0000000000001fd4       0xce ../../lib/libopencm3//lib/libopencm3_stm32f3.a(rcc_common_all.o)
 .debug_macro   0x00000000000020a2       0xd3 ../../lib/libopencm3//lib/libopencm3_stm32f3.a(vector.o)
 .debug_macro   0x0000000000002175      0x452 ../../lib/libopencm3//lib/libopencm3_stm32f3.a(vector.o)
 .debug_macro   0x00000000000025c7       0x6e ../../lib/libopencm3//lib/libopencm3_stm32f3.a(vector.o)
 .debug_macro   0x0000000000002635      0x1f0 ../../lib/libopencm3//lib/libopencm3_stm32f3.a(vector.o)

.debug_line     0x0000000000000000     0x1507
 .debug_line    0x0000000000000000      0x383 main.o
 .debug_line    0x0000000000000383      0x3ef ../../lib/libopencm3//lib/libopencm3_stm32f3.a(gpio_common_all.o)
 .debug_line    0x0000000000000772      0x4d7 ../../lib/libopencm3//lib/libopencm3_stm32f3.a(gpio_common_f0234.o)
 .debug_line    0x0000000000000c49      0x43e ../../lib/libopencm3//lib/libopencm3_stm32f3.a(rcc_common_all.o)
 .debug_line    0x0000000000001087      0x480 ../../lib/libopencm3//lib/libopencm3_stm32f3.a(vector.o)

.debug_str      0x0000000000000000     0xae7d
 .debug_str     0x0000000000000000     0x7c5b main.o
                                       0x7dc1 (size before relaxing)
 .debug_str     0x0000000000007c5b      0x17d ../../lib/libopencm3//lib/libopencm3_stm32f3.a(gpio_common_all.o)
                                       0x5ce0 (size before relaxing)
 .debug_str     0x0000000000007dd8       0x94 ../../lib/libopencm3//lib/libopencm3_stm32f3.a(gpio_common_f0234.o)
                                       0x5d02 (size before relaxing)
 .debug_str     0x0000000000007e6c      0x3ef ../../lib/libopencm3//lib/libopencm3_stm32f3.a(rcc_common_all.o)
                                       0x720e (size before relaxing)
 .debug_str     0x000000000000825b     0x2c22 ../../lib/libopencm3//lib/libopencm3_stm32f3.a(vector.o)
                                       0x6d44 (size before relaxing)

.comment        0x0000000000000000       0x4d
 .comment       0x0000000000000000       0x4d main.o
                                         0x4e (size before relaxing)
 .comment       0x000000000000004d       0x4e ../../lib/libopencm3//lib/libopencm3_stm32f3.a(gpio_common_all.o)
 .comment       0x000000000000004d       0x4e ../../lib/libopencm3//lib/libopencm3_stm32f3.a(gpio_common_f0234.o)
 .comment       0x000000000000004d       0x4e ../../lib/libopencm3//lib/libopencm3_stm32f3.a(rcc_common_all.o)
 .comment       0x000000000000004d       0x4e ../../lib/libopencm3//lib/libopencm3_stm32f3.a(vector.o)

.ARM.attributes
                0x0000000000000000       0x34
 .ARM.attributes
                0x0000000000000000       0x34 main.o
 .ARM.attributes
                0x0000000000000034       0x34 ../../lib/libopencm3//lib/libopencm3_stm32f3.a(gpio_common_all.o)
 .ARM.attributes
                0x0000000000000068       0x34 ../../lib/libopencm3//lib/libopencm3_stm32f3.a(gpio_common_f0234.o)
 .ARM.attributes
                0x000000000000009c       0x34 ../../lib/libopencm3//lib/libopencm3_stm32f3.a(rcc_common_all.o)
 .ARM.attributes
                0x00000000000000d0       0x34 ../../lib/libopencm3//lib/libopencm3_stm32f3.a(vector.o)

.debug_frame    0x0000000000000000      0x244
 .debug_frame   0x0000000000000000       0x28 main.o
 .debug_frame   0x0000000000000028       0x80 ../../lib/libopencm3//lib/libopencm3_stm32f3.a(gpio_common_all.o)
 .debug_frame   0x00000000000000a8       0x70 ../../lib/libopencm3//lib/libopencm3_stm32f3.a(gpio_common_f0234.o)
 .debug_frame   0x0000000000000118       0xe0 ../../lib/libopencm3//lib/libopencm3_stm32f3.a(rcc_common_all.o)
 .debug_frame   0x00000000000001f8       0x4c ../../lib/libopencm3//lib/libopencm3_stm32f3.a(vector.o)

Cross Reference Table

Symbol                                            File
__fini_array_end                                  ../../lib/libopencm3//lib/libopencm3_stm32f3.a(vector.o)
__fini_array_start                                ../../lib/libopencm3//lib/libopencm3_stm32f3.a(vector.o)
__init_array_end                                  ../../lib/libopencm3//lib/libopencm3_stm32f3.a(vector.o)
__init_array_start                                ../../lib/libopencm3//lib/libopencm3_stm32f3.a(vector.o)
__preinit_array_end                               ../../lib/libopencm3//lib/libopencm3_stm32f3.a(vector.o)
__preinit_array_start                             ../../lib/libopencm3//lib/libopencm3_stm32f3.a(vector.o)
_data                                             ../../lib/libopencm3//lib/libopencm3_stm32f3.a(vector.o)
_data_loadaddr                                    ../../lib/libopencm3//lib/libopencm3_stm32f3.a(vector.o)
_ebss                                             ../../lib/libopencm3//lib/libopencm3_stm32f3.a(vector.o)
_edata                                            ../../lib/libopencm3//lib/libopencm3_stm32f3.a(vector.o)
_stack                                            ../../lib/libopencm3//lib/libopencm3_stm32f3.a(vector.o)
adc1_2_isr                                        ../../lib/libopencm3//lib/libopencm3_stm32f3.a(vector.o)
adc3_isr                                          ../../lib/libopencm3//lib/libopencm3_stm32f3.a(vector.o)
blocking_handler                                  ../../lib/libopencm3//lib/libopencm3_stm32f3.a(vector.o)
bus_fault_handler                                 ../../lib/libopencm3//lib/libopencm3_stm32f3.a(vector.o)
can1_rx1_isr                                      ../../lib/libopencm3//lib/libopencm3_stm32f3.a(vector.o)
can1_sce_isr                                      ../../lib/libopencm3//lib/libopencm3_stm32f3.a(vector.o)
comp123_isr                                       ../../lib/libopencm3//lib/libopencm3_stm32f3.a(vector.o)
comp456_isr                                       ../../lib/libopencm3//lib/libopencm3_stm32f3.a(vector.o)
comp7_isr                                         ../../lib/libopencm3//lib/libopencm3_stm32f3.a(vector.o)
debug_monitor_handler                             ../../lib/libopencm3//lib/libopencm3_stm32f3.a(vector.o)
dma1_channel1_isr                                 ../../lib/libopencm3//lib/libopencm3_stm32f3.a(vector.o)
dma1_channel2_isr                                 ../../lib/libopencm3//lib/libopencm3_stm32f3.a(vector.o)
dma1_channel3_isr                                 ../../lib/libopencm3//lib/libopencm3_stm32f3.a(vector.o)
dma1_channel4_isr                                 ../../lib/libopencm3//lib/libopencm3_stm32f3.a(vector.o)
dma1_channel5_isr                                 ../../lib/libopencm3//lib/libopencm3_stm32f3.a(vector.o)
dma1_channel6_isr                                 ../../lib/libopencm3//lib/libopencm3_stm32f3.a(vector.o)
dma1_channel7_isr                                 ../../lib/libopencm3//lib/libopencm3_stm32f3.a(vector.o)
dma2_channel1_isr                                 ../../lib/libopencm3//lib/libopencm3_stm32f3.a(vector.o)
dma2_channel2_isr                                 ../../lib/libopencm3//lib/libopencm3_stm32f3.a(vector.o)
dma2_channel3_isr                                 ../../lib/libopencm3//lib/libopencm3_stm32f3.a(vector.o)
dma2_channel4_isr                                 ../../lib/libopencm3//lib/libopencm3_stm32f3.a(vector.o)
dma2_channel5_isr                                 ../../lib/libopencm3//lib/libopencm3_stm32f3.a(vector.o)
eth_isr                                           ../../lib/libopencm3//lib/libopencm3_stm32f3.a(vector.o)
exti0_isr                                         ../../lib/libopencm3//lib/libopencm3_stm32f3.a(vector.o)
exti15_10_isr                                     ../../lib/libopencm3//lib/libopencm3_stm32f3.a(vector.o)
exti1_isr                                         ../../lib/libopencm3//lib/libopencm3_stm32f3.a(vector.o)
exti2_tsc_isr                                     ../../lib/libopencm3//lib/libopencm3_stm32f3.a(vector.o)
exti3_isr                                         ../../lib/libopencm3//lib/libopencm3_stm32f3.a(vector.o)
exti4_isr                                         ../../lib/libopencm3//lib/libopencm3_stm32f3.a(vector.o)
exti9_5_isr                                       ../../lib/libopencm3//lib/libopencm3_stm32f3.a(vector.o)
flash_isr                                         ../../lib/libopencm3//lib/libopencm3_stm32f3.a(vector.o)
gpio_clear                                        ../../lib/libopencm3//lib/libopencm3_stm32f3.a(gpio_common_all.o)
gpio_get                                          ../../lib/libopencm3//lib/libopencm3_stm32f3.a(gpio_common_all.o)
gpio_mode_setup                                   ../../lib/libopencm3//lib/libopencm3_stm32f3.a(gpio_common_f0234.o)
                                                  main.o
gpio_port_config_lock                             ../../lib/libopencm3//lib/libopencm3_stm32f3.a(gpio_common_all.o)
gpio_port_read                                    ../../lib/libopencm3//lib/libopencm3_stm32f3.a(gpio_common_all.o)
gpio_port_write                                   ../../lib/libopencm3//lib/libopencm3_stm32f3.a(gpio_common_all.o)
gpio_set                                          ../../lib/libopencm3//lib/libopencm3_stm32f3.a(gpio_common_all.o)
gpio_set_af                                       ../../lib/libopencm3//lib/libopencm3_stm32f3.a(gpio_common_f0234.o)
gpio_set_output_options                           ../../lib/libopencm3//lib/libopencm3_stm32f3.a(gpio_common_f0234.o)
gpio_toggle                                       ../../lib/libopencm3//lib/libopencm3_stm32f3.a(gpio_common_all.o)
                                                  main.o
hard_fault_handler                                ../../lib/libopencm3//lib/libopencm3_stm32f3.a(vector.o)
hrtim_flt_isr                                     ../../lib/libopencm3//lib/libopencm3_stm32f3.a(vector.o)
hrtim_master_isr                                  ../../lib/libopencm3//lib/libopencm3_stm32f3.a(vector.o)
hrtim_tima_isr                                    ../../lib/libopencm3//lib/libopencm3_stm32f3.a(vector.o)
hrtim_timb_isr                                    ../../lib/libopencm3//lib/libopencm3_stm32f3.a(vector.o)
hrtim_timc_isr                                    ../../lib/libopencm3//lib/libopencm3_stm32f3.a(vector.o)
hrtim_timd_isr                                    ../../lib/libopencm3//lib/libopencm3_stm32f3.a(vector.o)
hrtim_time_isr                                    ../../lib/libopencm3//lib/libopencm3_stm32f3.a(vector.o)
i2c1_er_isr                                       ../../lib/libopencm3//lib/libopencm3_stm32f3.a(vector.o)
i2c1_ev_exti23_isr                                ../../lib/libopencm3//lib/libopencm3_stm32f3.a(vector.o)
i2c2_er_isr                                       ../../lib/libopencm3//lib/libopencm3_stm32f3.a(vector.o)
i2c2_ev_exti24_isr                                ../../lib/libopencm3//lib/libopencm3_stm32f3.a(vector.o)
main                                              main.o
                                                  ../../lib/libopencm3//lib/libopencm3_stm32f3.a(vector.o)
mem_manage_handler                                ../../lib/libopencm3//lib/libopencm3_stm32f3.a(vector.o)
nmi_handler                                       ../../lib/libopencm3//lib/libopencm3_stm32f3.a(vector.o)
null_handler                                      ../../lib/libopencm3//lib/libopencm3_stm32f3.a(vector.o)
nvic_wwdg_isr                                     ../../lib/libopencm3//lib/libopencm3_stm32f3.a(vector.o)
pend_sv_handler                                   ../../lib/libopencm3//lib/libopencm3_stm32f3.a(vector.o)
pvd_isr                                           ../../lib/libopencm3//lib/libopencm3_stm32f3.a(vector.o)
rcc_get_div_from_hpre                             ../../lib/libopencm3//lib/libopencm3_stm32f3.a(rcc_common_all.o)
rcc_isr                                           ../../lib/libopencm3//lib/libopencm3_stm32f3.a(vector.o)
rcc_osc_bypass_disable                            ../../lib/libopencm3//lib/libopencm3_stm32f3.a(rcc_common_all.o)
rcc_osc_bypass_enable                             ../../lib/libopencm3//lib/libopencm3_stm32f3.a(rcc_common_all.o)
rcc_periph_clock_disable                          ../../lib/libopencm3//lib/libopencm3_stm32f3.a(rcc_common_all.o)
rcc_periph_clock_enable                           ../../lib/libopencm3//lib/libopencm3_stm32f3.a(rcc_common_all.o)
                                                  main.o
rcc_periph_reset_hold                             ../../lib/libopencm3//lib/libopencm3_stm32f3.a(rcc_common_all.o)
rcc_periph_reset_pulse                            ../../lib/libopencm3//lib/libopencm3_stm32f3.a(rcc_common_all.o)
rcc_periph_reset_release                          ../../lib/libopencm3//lib/libopencm3_stm32f3.a(rcc_common_all.o)
rcc_peripheral_clear_reset                        ../../lib/libopencm3//lib/libopencm3_stm32f3.a(rcc_common_all.o)
rcc_peripheral_disable_clock                      ../../lib/libopencm3//lib/libopencm3_stm32f3.a(rcc_common_all.o)
rcc_peripheral_enable_clock                       ../../lib/libopencm3//lib/libopencm3_stm32f3.a(rcc_common_all.o)
rcc_peripheral_reset                              ../../lib/libopencm3//lib/libopencm3_stm32f3.a(rcc_common_all.o)
rcc_set_mco                                       ../../lib/libopencm3//lib/libopencm3_stm32f3.a(rcc_common_all.o)
reserved_13_isr                                   ../../lib/libopencm3//lib/libopencm3_stm32f3.a(vector.o)
reserved_14_isr                                   ../../lib/libopencm3//lib/libopencm3_stm32f3.a(vector.o)
reserved_15_isr                                   ../../lib/libopencm3//lib/libopencm3_stm32f3.a(vector.o)
reserved_16_isr                                   ../../lib/libopencm3//lib/libopencm3_stm32f3.a(vector.o)
reserved_1_isr                                    ../../lib/libopencm3//lib/libopencm3_stm32f3.a(vector.o)
reserved_2_isr                                    ../../lib/libopencm3//lib/libopencm3_stm32f3.a(vector.o)
reserved_3_isr                                    ../../lib/libopencm3//lib/libopencm3_stm32f3.a(vector.o)
reserved_4_isr                                    ../../lib/libopencm3//lib/libopencm3_stm32f3.a(vector.o)
reserved_5_isr                                    ../../lib/libopencm3//lib/libopencm3_stm32f3.a(vector.o)
reset_handler                                     ../../lib/libopencm3//lib/libopencm3_stm32f3.a(vector.o)
rtc_alarm_isr                                     ../../lib/libopencm3//lib/libopencm3_stm32f3.a(vector.o)
rtc_wkup_isr                                      ../../lib/libopencm3//lib/libopencm3_stm32f3.a(vector.o)
spi1_isr                                          ../../lib/libopencm3//lib/libopencm3_stm32f3.a(vector.o)
spi2_isr                                          ../../lib/libopencm3//lib/libopencm3_stm32f3.a(vector.o)
spi3_isr                                          ../../lib/libopencm3//lib/libopencm3_stm32f3.a(vector.o)
sv_call_handler                                   ../../lib/libopencm3//lib/libopencm3_stm32f3.a(vector.o)
sys_tick_handler                                  ../../lib/libopencm3//lib/libopencm3_stm32f3.a(vector.o)
tamp_stamp_isr                                    ../../lib/libopencm3//lib/libopencm3_stm32f3.a(vector.o)
tim1_brk_tim15_isr                                ../../lib/libopencm3//lib/libopencm3_stm32f3.a(vector.o)
tim1_cc_isr                                       ../../lib/libopencm3//lib/libopencm3_stm32f3.a(vector.o)
tim1_trg_com_tim17_isr                            ../../lib/libopencm3//lib/libopencm3_stm32f3.a(vector.o)
tim1_up_tim16_isr                                 ../../lib/libopencm3//lib/libopencm3_stm32f3.a(vector.o)
tim2_isr                                          ../../lib/libopencm3//lib/libopencm3_stm32f3.a(vector.o)
tim3_isr                                          ../../lib/libopencm3//lib/libopencm3_stm32f3.a(vector.o)
tim4_isr                                          ../../lib/libopencm3//lib/libopencm3_stm32f3.a(vector.o)
tim6_dac_isr                                      ../../lib/libopencm3//lib/libopencm3_stm32f3.a(vector.o)
tim7_isr                                          ../../lib/libopencm3//lib/libopencm3_stm32f3.a(vector.o)
tim8_brk_isr                                      ../../lib/libopencm3//lib/libopencm3_stm32f3.a(vector.o)
tim8_cc_isr                                       ../../lib/libopencm3//lib/libopencm3_stm32f3.a(vector.o)
tim8_trg_com_isr                                  ../../lib/libopencm3//lib/libopencm3_stm32f3.a(vector.o)
tim8_up_isr                                       ../../lib/libopencm3//lib/libopencm3_stm32f3.a(vector.o)
uart4_exti34_isr                                  ../../lib/libopencm3//lib/libopencm3_stm32f3.a(vector.o)
uart5_exti35_isr                                  ../../lib/libopencm3//lib/libopencm3_stm32f3.a(vector.o)
usage_fault_handler                               ../../lib/libopencm3//lib/libopencm3_stm32f3.a(vector.o)
usart1_exti25_isr                                 ../../lib/libopencm3//lib/libopencm3_stm32f3.a(vector.o)
usart2_exti26_isr                                 ../../lib/libopencm3//lib/libopencm3_stm32f3.a(vector.o)
usart3_exti28_isr                                 ../../lib/libopencm3//lib/libopencm3_stm32f3.a(vector.o)
usb_hp_can1_tx_isr                                ../../lib/libopencm3//lib/libopencm3_stm32f3.a(vector.o)
usb_hp_isr                                        ../../lib/libopencm3//lib/libopencm3_stm32f3.a(vector.o)
usb_lp_can1_rx0_isr                               ../../lib/libopencm3//lib/libopencm3_stm32f3.a(vector.o)
usb_lp_isr                                        ../../lib/libopencm3//lib/libopencm3_stm32f3.a(vector.o)
usb_wkup_a_isr                                    ../../lib/libopencm3//lib/libopencm3_stm32f3.a(vector.o)
usb_wkup_isr                                      ../../lib/libopencm3//lib/libopencm3_stm32f3.a(vector.o)
vector_table                                      ../../lib/libopencm3//lib/libopencm3_stm32f3.a(vector.o)
