Archive member included to satisfy reference by file (symbol)

../../lib/libopencm3//lib/libopencm3_stm32f3.a(gpio_common_f0234.o)
                              ./i2c_opencm3.o (gpio_mode_setup)
../../lib/libopencm3//lib/libopencm3_stm32f3.a(i2c_common_v2.o)
                              ./i2c_opencm3.o (i2c_reset)
../../lib/libopencm3//lib/libopencm3_stm32f3.a(rcc.o)
                              ./main.o (rcc_clock_setup_hsi)
../../lib/libopencm3//lib/libopencm3_stm32f3.a(rcc_common_all.o)
                              ./i2c_opencm3.o (rcc_periph_clock_enable)
../../lib/libopencm3//lib/libopencm3_stm32f3.a(usart_common_all.o)
                              ./main.o (usart_set_baudrate)
../../lib/libopencm3//lib/libopencm3_stm32f3.a(vector.o)
                              (reset_handler)
../../lib/libopencm3//lib/libopencm3_stm32f3.a(assert.o)
                              ../../lib/libopencm3//lib/libopencm3_stm32f3.a(rcc.o) (cm3_assert_failed)
../../lib/libopencm3//lib/libopencm3_stm32f3.a(flash_common_all.o)
                              ../../lib/libopencm3//lib/libopencm3_stm32f3.a(rcc.o) (flash_prefetch_enable)
../../lib/libopencm3//lib/libopencm3_stm32f3.a(usart_common_v2.o)
                              ../../lib/libopencm3//lib/libopencm3_stm32f3.a(usart_common_all.o) (usart_send)
/usr/share/gcc-arm-none-eabi-10-2020-q4-major/bin/../lib/gcc/arm-none-eabi/10.2.1/../../../../arm-none-eabi/lib/thumb/v7e-m+fp/hard/libc_nano.a(lib_a-errno.o)
                              ./main.o (__errno)
/usr/share/gcc-arm-none-eabi-10-2020-q4-major/bin/../lib/gcc/arm-none-eabi/10.2.1/../../../../arm-none-eabi/lib/thumb/v7e-m+fp/hard/libc_nano.a(lib_a-impure.o)
                              /usr/share/gcc-arm-none-eabi-10-2020-q4-major/bin/../lib/gcc/arm-none-eabi/10.2.1/../../../../arm-none-eabi/lib/thumb/v7e-m+fp/hard/libc_nano.a(lib_a-errno.o) (_impure_ptr)
/usr/share/gcc-arm-none-eabi-10-2020-q4-major/bin/../lib/gcc/arm-none-eabi/10.2.1/../../../../arm-none-eabi/lib/thumb/v7e-m+fp/hard/libc_nano.a(lib_a-memcpy-stub.o)
                              ./i2c_opencm3.o (memcpy)
/usr/share/gcc-arm-none-eabi-10-2020-q4-major/bin/../lib/gcc/arm-none-eabi/10.2.1/../../../../arm-none-eabi/lib/thumb/v7e-m+fp/hard/libc_nano.a(lib_a-nano-vfprintf_float.o)
                              (_printf_float)
/usr/share/gcc-arm-none-eabi-10-2020-q4-major/bin/../lib/gcc/arm-none-eabi/10.2.1/../../../../arm-none-eabi/lib/thumb/v7e-m+fp/hard/libc_nano.a(lib_a-nano-vfprintf_i.o)
                              /usr/share/gcc-arm-none-eabi-10-2020-q4-major/bin/../lib/gcc/arm-none-eabi/10.2.1/../../../../arm-none-eabi/lib/thumb/v7e-m+fp/hard/libc_nano.a(lib_a-nano-vfprintf_float.o) (_printf_common)
/usr/share/gcc-arm-none-eabi-10-2020-q4-major/bin/../lib/gcc/arm-none-eabi/10.2.1/../../../../arm-none-eabi/lib/thumb/v7e-m+fp/hard/libc_nano.a(lib_a-printf.o)
                              ./main.o (printf)
/usr/share/gcc-arm-none-eabi-10-2020-q4-major/bin/../lib/gcc/arm-none-eabi/10.2.1/../../../../arm-none-eabi/lib/thumb/v7e-m+fp/hard/libc_nano.a(lib_a-puts.o)
                              ./main.o (puts)
/usr/share/gcc-arm-none-eabi-10-2020-q4-major/bin/../lib/gcc/arm-none-eabi/10.2.1/../../../../arm-none-eabi/lib/thumb/v7e-m+fp/hard/libc_nano.a(lib_a-strlen.o)
                              /usr/share/gcc-arm-none-eabi-10-2020-q4-major/bin/../lib/gcc/arm-none-eabi/10.2.1/../../../../arm-none-eabi/lib/thumb/v7e-m+fp/hard/libc_nano.a(lib_a-nano-vfprintf_float.o) (strlen)
/usr/share/gcc-arm-none-eabi-10-2020-q4-major/bin/../lib/gcc/arm-none-eabi/10.2.1/../../../../arm-none-eabi/lib/thumb/v7e-m+fp/hard/libc_nano.a(lib_a-wbuf.o)
                              /usr/share/gcc-arm-none-eabi-10-2020-q4-major/bin/../lib/gcc/arm-none-eabi/10.2.1/../../../../arm-none-eabi/lib/thumb/v7e-m+fp/hard/libc_nano.a(lib_a-puts.o) (__swbuf_r)
/usr/share/gcc-arm-none-eabi-10-2020-q4-major/bin/../lib/gcc/arm-none-eabi/10.2.1/../../../../arm-none-eabi/lib/thumb/v7e-m+fp/hard/libc_nano.a(lib_a-wsetup.o)
                              /usr/share/gcc-arm-none-eabi-10-2020-q4-major/bin/../lib/gcc/arm-none-eabi/10.2.1/../../../../arm-none-eabi/lib/thumb/v7e-m+fp/hard/libc_nano.a(lib_a-puts.o) (__swsetup_r)
/usr/share/gcc-arm-none-eabi-10-2020-q4-major/bin/../lib/gcc/arm-none-eabi/10.2.1/../../../../arm-none-eabi/lib/thumb/v7e-m+fp/hard/libc_nano.a(lib_a-dtoa.o)
                              /usr/share/gcc-arm-none-eabi-10-2020-q4-major/bin/../lib/gcc/arm-none-eabi/10.2.1/../../../../arm-none-eabi/lib/thumb/v7e-m+fp/hard/libc_nano.a(lib_a-nano-vfprintf_float.o) (_dtoa_r)
/usr/share/gcc-arm-none-eabi-10-2020-q4-major/bin/../lib/gcc/arm-none-eabi/10.2.1/../../../../arm-none-eabi/lib/thumb/v7e-m+fp/hard/libc_nano.a(lib_a-fflush.o)
                              /usr/share/gcc-arm-none-eabi-10-2020-q4-major/bin/../lib/gcc/arm-none-eabi/10.2.1/../../../../arm-none-eabi/lib/thumb/v7e-m+fp/hard/libc_nano.a(lib_a-wbuf.o) (_fflush_r)
[...]
Memory Configuration

Name             Origin             Length             Attributes
ram              0x0000000020000000 0x0000000000010000 xrw
rom              0x0000000008000000 0x0000000000080000 xr
ccm              0x0000000010000000 0x0000000000004000 xrw
*default*        0x0000000000000000 0xffffffffffffffff

Linker script and memory map

LOAD ./i2c_opencm3.o
LOAD ./main.o
LOAD ./mpu6050.o
LOAD ../../lib/libopencm3//lib/libopencm3_stm32f3.a
START GROUP
LOAD /usr/share/gcc-arm-none-eabi-10-2020-q4-major/bin/../lib/gcc/arm-none-eabi/10.2.1/../../../../arm-none-eabi/lib/thumb/v7e-m+fp/hard/libc_nano.a
LOAD /usr/share/gcc-arm-none-eabi-10-2020-q4-major/bin/../lib/gcc/arm-none-eabi/10.2.1/thumb/v7e-m+fp/hard/libgcc.a
LOAD /usr/share/gcc-arm-none-eabi-10-2020-q4-major/bin/../lib/gcc/arm-none-eabi/10.2.1/../../../../arm-none-eabi/lib/thumb/v7e-m+fp/hard/libnosys.a
END GROUP
START GROUP
LOAD /usr/share/gcc-arm-none-eabi-10-2020-q4-major/bin/../lib/gcc/arm-none-eabi/10.2.1/thumb/v7e-m+fp/hard/libgcc.a
LOAD /usr/share/gcc-arm-none-eabi-10-2020-q4-major/bin/../lib/gcc/arm-none-eabi/10.2.1/../../../../arm-none-eabi/lib/thumb/v7e-m+fp/hard/libg_nano.a
LOAD /usr/share/gcc-arm-none-eabi-10-2020-q4-major/bin/../lib/gcc/arm-none-eabi/10.2.1/../../../../arm-none-eabi/lib/thumb/v7e-m+fp/hard/libc_nano.a
END GROUP
START GROUP
LOAD /usr/share/gcc-arm-none-eabi-10-2020-q4-major/bin/../lib/gcc/arm-none-eabi/10.2.1/thumb/v7e-m+fp/hard/libgcc.a
LOAD /usr/share/gcc-arm-none-eabi-10-2020-q4-major/bin/../lib/gcc/arm-none-eabi/10.2.1/../../../../arm-none-eabi/lib/thumb/v7e-m+fp/hard/libc_nano.a
END GROUP

.text           0x0000000008000000     0x4774
 *(.vectors)
 .vectors       0x0000000008000000      0x184 ../../lib/libopencm3//lib/libopencm3_stm32f3.a(vector.o)
                0x0000000008000000                vector_table
 *(.text*)
 .text.i2c_setup
                0x0000000008000184       0x88 ./i2c_opencm3.o
                0x0000000008000184                i2c_setup
 .text.i2c_read
                0x000000000800020c       0x24 ./i2c_opencm3.o
 .text.i2c_write
                0x0000000008000230       0x44 ./i2c_opencm3.o
 .text.clock_setup
                0x0000000008000274       0x10 ./main.o
 .text.usart_setup
                0x0000000008000284       0x6c ./main.o
 .text._write   0x00000000080002f0       0x44 ./main.o
                0x00000000080002f0                _write
 .text.main     0x0000000008000334      0x10c ./main.o
                0x0000000008000334                main
 .text.mpu_init
                0x0000000008000440       0x58 ./mpu6050.o
                0x0000000008000440                mpu_init
 .text.mpu_read_wai_register
                0x0000000008000498       0x36 ./mpu6050.o
                0x0000000008000498                mpu_read_wai_register
 .text.mpu_read_accelerometer
                0x00000000080004ce       0x52 ./mpu6050.o
                0x00000000080004ce                mpu_read_accelerometer
 .text.mpu_read_gyroscope
                0x0000000008000520       0x52 ./mpu6050.o
                0x0000000008000520                mpu_read_gyroscope
 .text.mpu_read_thermometer
                0x0000000008000572       0x30 ./mpu6050.o
                0x0000000008000572                mpu_read_thermometer
 .text.mpu_read_ext_data
                0x00000000080005a2       0x40 ./mpu6050.o
                0x00000000080005a2                mpu_read_ext_data
 .text.mpu_read_sensors
                0x00000000080005e2       0x46 ./mpu6050.o
                0x00000000080005e2                mpu_read_sensors
 .text.gpio_mode_setup
                0x0000000008000628       0x40 ../../lib/libopencm3//lib/libopencm3_stm32f3.a(gpio_common_f0234.o)
                0x0000000008000628                gpio_mode_setup
 .text.gpio_set_af
                0x0000000008000668       0x58 ../../lib/libopencm3//lib/libopencm3_stm32f3.a(gpio_common_f0234.o)
                0x0000000008000668                gpio_set_af
 .text.i2c_reset
                0x00000000080006c0       0x30 ../../lib/libopencm3//lib/libopencm3_stm32f3.a(i2c_common_v2.o)
                0x00000000080006c0                i2c_reset
 .text.i2c_peripheral_enable
                0x00000000080006f0        0xa ../../lib/libopencm3//lib/libopencm3_stm32f3.a(i2c_common_v2.o)
                0x00000000080006f0                i2c_peripheral_enable
 .text.i2c_peripheral_disable
                0x00000000080006fa        0xa ../../lib/libopencm3//lib/libopencm3_stm32f3.a(i2c_common_v2.o)
                0x00000000080006fa                i2c_peripheral_disable
 .text.i2c_send_start
                0x0000000008000704        0xa ../../lib/libopencm3//lib/libopencm3_stm32f3.a(i2c_common_v2.o)
                0x0000000008000704                i2c_send_start
 .text.i2c_enable_analog_filter
                0x000000000800070e        0xa ../../lib/libopencm3//lib/libopencm3_stm32f3.a(i2c_common_v2.o)
                0x000000000800070e                i2c_enable_analog_filter
 .text.i2c_set_digital_filter
                0x0000000008000718        0xe ../../lib/libopencm3//lib/libopencm3_stm32f3.a(i2c_common_v2.o)
                0x0000000008000718                i2c_set_digital_filter
 .text.i2c_set_prescaler
                0x0000000008000726        0xe ../../lib/libopencm3//lib/libopencm3_stm32f3.a(i2c_common_v2.o)
                0x0000000008000726                i2c_set_prescaler
 .text.i2c_set_data_setup_time
                0x0000000008000734        0xe ../../lib/libopencm3//lib/libopencm3_stm32f3.a(i2c_common_v2.o)
                0x0000000008000734                i2c_set_data_setup_time
 .text.i2c_set_data_hold_time
                0x0000000008000742        0xe ../../lib/libopencm3//lib/libopencm3_stm32f3.a(i2c_common_v2.o)
                0x0000000008000742                i2c_set_data_hold_time
 .text.i2c_set_scl_high_period
                0x0000000008000750        0xe ../../lib/libopencm3//lib/libopencm3_stm32f3.a(i2c_common_v2.o)
                0x0000000008000750                i2c_set_scl_high_period
 .text.i2c_set_scl_low_period
                0x000000000800075e        0xc ../../lib/libopencm3//lib/libopencm3_stm32f3.a(i2c_common_v2.o)
                0x000000000800075e                i2c_set_scl_low_period
 .text.i2c_enable_stretching
                0x000000000800076a        0xa ../../lib/libopencm3//lib/libopencm3_stm32f3.a(i2c_common_v2.o)
                0x000000000800076a                i2c_enable_stretching
 .text.i2c_set_7bit_addr_mode
                0x0000000008000774        0xa ../../lib/libopencm3//lib/libopencm3_stm32f3.a(i2c_common_v2.o)
                0x0000000008000774                i2c_set_7bit_addr_mode
 .text.i2c_set_7bit_address
                0x000000000800077e       0x10 ../../lib/libopencm3//lib/libopencm3_stm32f3.a(i2c_common_v2.o)
                0x000000000800077e                i2c_set_7bit_address
 .text.i2c_set_write_transfer_dir
                0x000000000800078e        0xa ../../lib/libopencm3//lib/libopencm3_stm32f3.a(i2c_common_v2.o)
                0x000000000800078e                i2c_set_write_transfer_dir
 .text.i2c_set_read_transfer_dir
                0x0000000008000798        0xa ../../lib/libopencm3//lib/libopencm3_stm32f3.a(i2c_common_v2.o)
                0x0000000008000798                i2c_set_read_transfer_dir
 .text.i2c_set_bytes_to_transfer
                0x00000000080007a2        0xe ../../lib/libopencm3//lib/libopencm3_stm32f3.a(i2c_common_v2.o)
                0x00000000080007a2                i2c_set_bytes_to_transfer
 .text.i2c_enable_autoend
                0x00000000080007b0        0xa ../../lib/libopencm3//lib/libopencm3_stm32f3.a(i2c_common_v2.o)
                0x00000000080007b0                i2c_enable_autoend
 .text.i2c_disable_autoend
                0x00000000080007ba        0xa ../../lib/libopencm3//lib/libopencm3_stm32f3.a(i2c_common_v2.o)
                0x00000000080007ba                i2c_disable_autoend
 .text.i2c_nack
                0x00000000080007c4        0x8 ../../lib/libopencm3//lib/libopencm3_stm32f3.a(i2c_common_v2.o)
                0x00000000080007c4                i2c_nack
 .text.i2c_transmit_int_status
                0x00000000080007cc        0x8 ../../lib/libopencm3//lib/libopencm3_stm32f3.a(i2c_common_v2.o)
                0x00000000080007cc                i2c_transmit_int_status
 .text.i2c_transfer_complete
                0x00000000080007d4        0x8 ../../lib/libopencm3//lib/libopencm3_stm32f3.a(i2c_common_v2.o)
                0x00000000080007d4                i2c_transfer_complete
 .text.i2c_received_data
                0x00000000080007dc        0x8 ../../lib/libopencm3//lib/libopencm3_stm32f3.a(i2c_common_v2.o)
                0x00000000080007dc                i2c_received_data
 .text.i2c_transfer7
                0x00000000080007e4       0x9c ../../lib/libopencm3//lib/libopencm3_stm32f3.a(i2c_common_v2.o)
                0x00000000080007e4                i2c_transfer7
 .text.i2c_set_speed
                0x0000000008000880       0x52 ../../lib/libopencm3//lib/libopencm3_stm32f3.a(i2c_common_v2.o)
                0x0000000008000880                i2c_set_speed
 *fill*         0x00000000080008d2        0x2 
 .text.rcc_wait_for_sysclk_status.part.0
                0x00000000080008d4       0x14 ../../lib/libopencm3//lib/libopencm3_stm32f3.a(rcc.o)
 .text.rcc_is_osc_ready
                0x00000000080008e8       0x40 ../../lib/libopencm3//lib/libopencm3_stm32f3.a(rcc.o)
                0x00000000080008e8                rcc_is_osc_ready
 .text.rcc_wait_for_osc_ready
                0x0000000008000928       0x10 ../../lib/libopencm3//lib/libopencm3_stm32f3.a(rcc.o)
                0x0000000008000928                rcc_wait_for_osc_ready
 .text.rcc_wait_for_osc_not_ready
                0x0000000008000938       0x10 ../../lib/libopencm3//lib/libopencm3_stm32f3.a(rcc.o)
                0x0000000008000938                rcc_wait_for_osc_not_ready
 .text.rcc_wait_for_sysclk_status
                0x0000000008000948       0x30 ../../lib/libopencm3//lib/libopencm3_stm32f3.a(rcc.o)
                0x0000000008000948                rcc_wait_for_sysclk_status
 .text.rcc_osc_on
                0x0000000008000978       0x4c ../../lib/libopencm3//lib/libopencm3_stm32f3.a(rcc.o)
                0x0000000008000978                rcc_osc_on
 .text.rcc_osc_off
                0x00000000080009c4       0x4c ../../lib/libopencm3//lib/libopencm3_stm32f3.a(rcc.o)
                0x00000000080009c4                rcc_osc_off
 .text.rcc_set_sysclk_source
                0x0000000008000a10       0x14 ../../lib/libopencm3//lib/libopencm3_stm32f3.a(rcc.o)
                0x0000000008000a10                rcc_set_sysclk_source
 .text.rcc_set_pll_source
                0x0000000008000a24       0x14 ../../lib/libopencm3//lib/libopencm3_stm32f3.a(rcc.o)
                0x0000000008000a24                rcc_set_pll_source
 .text.rcc_set_ppre2
                0x0000000008000a38       0x14 ../../lib/libopencm3//lib/libopencm3_stm32f3.a(rcc.o)
                0x0000000008000a38                rcc_set_ppre2
 .text.rcc_set_ppre1
                0x0000000008000a4c       0x14 ../../lib/libopencm3//lib/libopencm3_stm32f3.a(rcc.o)
                0x0000000008000a4c                rcc_set_ppre1
 .text.rcc_set_hpre
                0x0000000008000a60       0x14 ../../lib/libopencm3//lib/libopencm3_stm32f3.a(rcc.o)
                0x0000000008000a60                rcc_set_hpre
 .text.rcc_set_pll_multiplier
                0x0000000008000a74       0x14 ../../lib/libopencm3//lib/libopencm3_stm32f3.a(rcc.o)
                0x0000000008000a74                rcc_set_pll_multiplier
 .text.rcc_clock_setup_hsi
                0x0000000008000a88       0x7c ../../lib/libopencm3//lib/libopencm3_stm32f3.a(rcc.o)
                0x0000000008000a88                rcc_clock_setup_hsi
 .text.rcc_set_i2c_clock_hsi
                0x0000000008000b04       0x30 ../../lib/libopencm3//lib/libopencm3_stm32f3.a(rcc.o)
                0x0000000008000b04                rcc_set_i2c_clock_hsi
 .text.rcc_periph_clock_enable
                0x0000000008000b34       0x1c ../../lib/libopencm3//lib/libopencm3_stm32f3.a(rcc_common_all.o)
                0x0000000008000b34                rcc_periph_clock_enable
 .text.rcc_periph_reset_pulse
                0x0000000008000b50       0x24 ../../lib/libopencm3//lib/libopencm3_stm32f3.a(rcc_common_all.o)
                0x0000000008000b50                rcc_periph_reset_pulse
 .text.usart_set_baudrate
                0x0000000008000b74       0x28 ../../lib/libopencm3//lib/libopencm3_stm32f3.a(usart_common_all.o)
                0x0000000008000b74                usart_set_baudrate
 .text.usart_set_databits
                0x0000000008000b9c       0x12 ../../lib/libopencm3//lib/libopencm3_stm32f3.a(usart_common_all.o)
                0x0000000008000b9c                usart_set_databits
 .text.usart_set_stopbits
                0x0000000008000bae        0xc ../../lib/libopencm3//lib/libopencm3_stm32f3.a(usart_common_all.o)
                0x0000000008000bae                usart_set_stopbits
 .text.usart_set_parity
                0x0000000008000bba        0xc ../../lib/libopencm3//lib/libopencm3_stm32f3.a(usart_common_all.o)
                0x0000000008000bba                usart_set_parity
 .text.usart_set_mode
                0x0000000008000bc6        0xc ../../lib/libopencm3//lib/libopencm3_stm32f3.a(usart_common_all.o)
                0x0000000008000bc6                usart_set_mode
 .text.usart_set_flow_control
                0x0000000008000bd2        0xc ../../lib/libopencm3//lib/libopencm3_stm32f3.a(usart_common_all.o)
                0x0000000008000bd2                usart_set_flow_control
 .text.usart_enable
                0x0000000008000bde        0xa ../../lib/libopencm3//lib/libopencm3_stm32f3.a(usart_common_all.o)
                0x0000000008000bde                usart_enable
 .text.usart_send_blocking
                0x0000000008000be8       0x18 ../../lib/libopencm3//lib/libopencm3_stm32f3.a(usart_common_all.o)
                0x0000000008000be8                usart_send_blocking
 .text.blocking_handler
                0x0000000008000c00        0x2 ../../lib/libopencm3//lib/libopencm3_stm32f3.a(vector.o)
                0x0000000008000c00                usb_lp_isr
                0x0000000008000c00                i2c2_ev_exti24_isr
                0x0000000008000c00                usb_hp_isr
                0x0000000008000c00                hrtim_timb_isr
                0x0000000008000c00                tim7_isr
                0x0000000008000c00                adc1_2_isr
                0x0000000008000c00                hrtim_timc_isr
                0x0000000008000c00                reserved_13_isr
                0x0000000008000c00                blocking_handler
                0x0000000008000c00                rtc_wkup_isr
                0x0000000008000c00                tim1_up_tim16_isr
                0x0000000008000c00                spi1_isr
                0x0000000008000c00                dma1_channel6_isr
                0x0000000008000c00                reserved_5_isr
                0x0000000008000c00                dma1_channel5_isr
                0x0000000008000c00                dma2_channel5_isr
                0x0000000008000c00                tamp_stamp_isr
                0x0000000008000c00                can1_rx1_isr
                0x0000000008000c00                hrtim_master_isr
                0x0000000008000c00                hrtim_tima_isr
                0x0000000008000c00                usage_fault_handler
                0x0000000008000c00                tim8_trg_com_isr
                0x0000000008000c00                i2c1_ev_exti23_isr
                0x0000000008000c00                tim1_trg_com_tim17_isr
                0x0000000008000c00                reserved_15_isr
                0x0000000008000c00                usb_wkup_isr
                0x0000000008000c00                can1_sce_isr
                0x0000000008000c00                reserved_3_isr
                0x0000000008000c00                tim1_cc_isr
                0x0000000008000c00                eth_isr
                0x0000000008000c00                reserved_14_isr
                0x0000000008000c00                dma1_channel4_isr
                0x0000000008000c00                tim8_brk_isr
                0x0000000008000c00                dma2_channel4_isr
                0x0000000008000c00                pvd_isr
                0x0000000008000c00                comp123_isr
                0x0000000008000c00                comp456_isr
                0x0000000008000c00                rcc_isr
                0x0000000008000c00                flash_isr
                0x0000000008000c00                rtc_alarm_isr
                0x0000000008000c00                reserved_2_isr
                0x0000000008000c00                exti15_10_isr
                0x0000000008000c00                hard_fault_handler
                0x0000000008000c00                exti1_isr
                0x0000000008000c00                dma2_channel1_isr
                0x0000000008000c00                spi2_isr
                0x0000000008000c00                nvic_wwdg_isr
                0x0000000008000c00                tim8_up_isr
                0x0000000008000c00                usart1_exti25_isr
                0x0000000008000c00                dma2_channel2_isr
                0x0000000008000c00                exti3_isr
                0x0000000008000c00                adc3_isr
                0x0000000008000c00                tim3_isr
                0x0000000008000c00                i2c2_er_isr
                0x0000000008000c00                reserved_1_isr
                0x0000000008000c00                dma1_channel1_isr
                0x0000000008000c00                exti4_isr
                0x0000000008000c00                tim6_dac_isr
                0x0000000008000c00                mem_manage_handler
                0x0000000008000c00                exti9_5_isr
                0x0000000008000c00                dma2_channel3_isr
                0x0000000008000c00                usb_hp_can1_tx_isr
                0x0000000008000c00                dma1_channel7_isr
                0x0000000008000c00                usart3_exti28_isr
                0x0000000008000c00                tim4_isr
                0x0000000008000c00                usb_lp_can1_rx0_isr
                0x0000000008000c00                hrtim_time_isr
                0x0000000008000c00                hrtim_timd_isr
                0x0000000008000c00                dma1_channel2_isr
                0x0000000008000c00                i2c1_er_isr
                0x0000000008000c00                tim8_cc_isr
                0x0000000008000c00                comp7_isr
                0x0000000008000c00                uart5_exti35_isr
                0x0000000008000c00                reserved_4_isr
                0x0000000008000c00                hrtim_flt_isr
                0x0000000008000c00                bus_fault_handler
                0x0000000008000c00                tim1_brk_tim15_isr
                0x0000000008000c00                dma1_channel3_isr
                0x0000000008000c00                uart4_exti34_isr
                0x0000000008000c00                usart2_exti26_isr
                0x0000000008000c00                spi3_isr
                0x0000000008000c00                tim2_isr
                0x0000000008000c00                reserved_16_isr
                0x0000000008000c00                exti2_tsc_isr
                0x0000000008000c00                usb_wkup_a_isr
                0x0000000008000c00                exti0_isr
 .text.null_handler
                0x0000000008000c02        0x2 ../../lib/libopencm3//lib/libopencm3_stm32f3.a(vector.o)
                0x0000000008000c02                null_handler
                0x0000000008000c02                sv_call_handler
                0x0000000008000c02                pend_sv_handler
                0x0000000008000c02                debug_monitor_handler
                0x0000000008000c02                sys_tick_handler
                0x0000000008000c02                nmi_handler
 .text.reset_handler
                0x0000000008000c04       0xa0 ../../lib/libopencm3//lib/libopencm3_stm32f3.a(vector.o)
                0x0000000008000c04                reset_handler
 .text.flash_set_ws
                0x0000000008000ca4       0x14 ../../lib/libopencm3//lib/libopencm3_stm32f3.a(flash_common_all.o)
                0x0000000008000ca4                flash_set_ws
 .text.usart_send
                0x0000000008000cb8        0x8 ../../lib/libopencm3//lib/libopencm3_stm32f3.a(usart_common_v2.o)
                0x0000000008000cb8                usart_send
 .text.usart_wait_send_ready
                0x0000000008000cc0        0x8 ../../lib/libopencm3//lib/libopencm3_stm32f3.a(usart_common_v2.o)
                0x0000000008000cc0                usart_wait_send_ready
 .text.__errno  0x0000000008000cc8        0xc /usr/share/gcc-arm-none-eabi-10-2020-q4-major/bin/../lib/gcc/arm-none-eabi/10.2.1/../../../../arm-none-eabi/lib/thumb/v7e-m+fp/hard/libc_nano.a(lib_a-errno.o)
                0x0000000008000cc8                __errno
 .text.memcpy   0x0000000008000cd4       0x1c /usr/share/gcc-arm-none-eabi-10-2020-q4-major/bin/../lib/gcc/arm-none-eabi/10.2.1/../../../../arm-none-eabi/lib/thumb/v7e-m+fp/hard/libc_nano.a(lib_a-memcpy-stub.o)
                0x0000000008000cd4                memcpy
 .text.__cvt    0x0000000008000cf0       0xc4 /usr/share/gcc-arm-none-eabi-10-2020-q4-major/bin/../lib/gcc/arm-none-eabi/10.2.1/../../../../arm-none-eabi/lib/thumb/v7e-m+fp/hard/libc_nano.a(lib_a-nano-vfprintf_float.o)
                0x0000000008000cf0                __cvt
 .text.__exponent
                0x0000000008000db4       0x7c /usr/share/gcc-arm-none-eabi-10-2020-q4-major/bin/../lib/gcc/arm-none-eabi/10.2.1/../../../../arm-none-eabi/lib/thumb/v7e-m+fp/hard/libc_nano.a(lib_a-nano-vfprintf_float.o)
                0x0000000008000db4                __exponent
 .text._printf_float
                0x0000000008000e30      0x46c /usr/share/gcc-arm-none-eabi-10-2020-q4-major/bin/../lib/gcc/arm-none-eabi/10.2.1/../../../../arm-none-eabi/lib/thumb/v7e-m+fp/hard/libc_nano.a(lib_a-nano-vfprintf_float.o)
                0x0000000008000e30                _printf_float
 .text._printf_common
                0x000000000800129c       0xda /usr/share/gcc-arm-none-eabi-10-2020-q4-major/bin/../lib/gcc/arm-none-eabi/10.2.1/../../../../arm-none-eabi/lib/thumb/v7e-m+fp/hard/libc_nano.a(lib_a-nano-vfprintf_i.o)
                0x000000000800129c                _printf_common
 *fill*         0x0000000008001376        0x2 
 .text._printf_i
                0x0000000008001378      0x24c /usr/share/gcc-arm-none-eabi-10-2020-q4-major/bin/../lib/gcc/arm-none-eabi/10.2.1/../../../../arm-none-eabi/lib/thumb/v7e-m+fp/hard/libc_nano.a(lib_a-nano-vfprintf_i.o)
                0x0000000008001378                _printf_i
 .text.printf   0x00000000080015c4       0x30 /usr/share/gcc-arm-none-eabi-10-2020-q4-major/bin/../lib/gcc/arm-none-eabi/10.2.1/../../../../arm-none-eabi/lib/thumb/v7e-m+fp/hard/libc_nano.a(lib_a-printf.o)
                0x00000000080015c4                printf
                0x00000000080015c4                iprintf
 .text._puts_r  0x00000000080015f4       0xdc /usr/share/gcc-arm-none-eabi-10-2020-q4-major/bin/../lib/gcc/arm-none-eabi/10.2.1/../../../../arm-none-eabi/lib/thumb/v7e-m+fp/hard/libc_nano.a(lib_a-puts.o)
                0x00000000080015f4                _puts_r
 .text.puts     0x00000000080016d0       0x10 /usr/share/gcc-arm-none-eabi-10-2020-q4-major/bin/../lib/gcc/arm-none-eabi/10.2.1/../../../../arm-none-eabi/lib/thumb/v7e-m+fp/hard/libc_nano.a(lib_a-puts.o)
                0x00000000080016d0                puts
 .text          0x00000000080016e0       0x10 /usr/share/gcc-arm-none-eabi-10-2020-q4-major/bin/../lib/gcc/arm-none-eabi/10.2.1/../../../../arm-none-eabi/lib/thumb/v7e-m+fp/hard/libc_nano.a(lib_a-strlen.o)
                0x00000000080016e0                strlen
 .text.__swbuf_r
                0x00000000080016f0       0xa4 /usr/share/gcc-arm-none-eabi-10-2020-q4-major/bin/../lib/gcc/arm-none-eabi/10.2.1/../../../../arm-none-eabi/lib/thumb/v7e-m+fp/hard/libc_nano.a(lib_a-wbuf.o)
                0x00000000080016f0                __swbuf_r
 .text.__swsetup_r
                0x0000000008001794       0xdc /usr/share/gcc-arm-none-eabi-10-2020-q4-major/bin/../lib/gcc/arm-none-eabi/10.2.1/../../../../arm-none-eabi/lib/thumb/v7e-m+fp/hard/libc_nano.a(lib_a-wsetup.o)
                0x0000000008001794                __swsetup_r
 .text.quorem   0x0000000008001870      0x116 /usr/share/gcc-arm-none-eabi-10-2020-q4-major/bin/../lib/gcc/arm-none-eabi/10.2.1/../../../../arm-none-eabi/lib/thumb/v7e-m+fp/hard/libc_nano.a(lib_a-dtoa.o)
 *fill*         0x0000000008001986        0x2 
 .text._dtoa_r  0x0000000008001988      0xbdc /usr/share/gcc-arm-none-eabi-10-2020-q4-major/bin/../lib/gcc/arm-none-eabi/10.2.1/../../../../arm-none-eabi/lib/thumb/v7e-m+fp/hard/libc_nano.a(lib_a-dtoa.o)
                0x0000000008001988                _dtoa_r
 .text.__sflush_r
                0x0000000008002564      0x10c /usr/share/gcc-arm-none-eabi-10-2020-q4-major/bin/../lib/gcc/arm-none-eabi/10.2.1/../../../../arm-none-eabi/lib/thumb/v7e-m+fp/hard/libc_nano.a(lib_a-fflush.o)
                0x0000000008002564                __sflush_r
 .text._fflush_r
                0x0000000008002670       0x78 /usr/share/gcc-arm-none-eabi-10-2020-q4-major/bin/../lib/gcc/arm-none-eabi/10.2.1/../../../../arm-none-eabi/lib/thumb/v7e-m+fp/hard/libc_nano.a(lib_a-fflush.o)
                0x0000000008002670                _fflush_r
 .text.std      0x00000000080026e8       0x48 /usr/share/gcc-arm-none-eabi-10-2020-q4-major/bin/../lib/gcc/arm-none-eabi/10.2.1/../../../../arm-none-eabi/lib/thumb/v7e-m+fp/hard/libc_nano.a(lib_a-findfp.o)
 .text._cleanup_r
                0x0000000008002730        0xc /usr/share/gcc-arm-none-eabi-10-2020-q4-major/bin/../lib/gcc/arm-none-eabi/10.2.1/../../../../arm-none-eabi/lib/thumb/v7e-m+fp/hard/libc_nano.a(lib_a-findfp.o)
                0x0000000008002730                _cleanup_r
 .text.__sfmoreglue
                0x000000000800273c       0x2c /usr/share/gcc-arm-none-eabi-10-2020-q4-major/bin/../lib/gcc/arm-none-eabi/10.2.1/../../../../arm-none-eabi/lib/thumb/v7e-m+fp/hard/libc_nano.a(lib_a-findfp.o)
                0x000000000800273c                __sfmoreglue
 .text.__sfp_lock_acquire
                0x0000000008002768        0xc /usr/share/gcc-arm-none-eabi-10-2020-q4-major/bin/../lib/gcc/arm-none-eabi/10.2.1/../../../../arm-none-eabi/lib/thumb/v7e-m+fp/hard/libc_nano.a(lib_a-findfp.o)
                0x0000000008002768                __sfp_lock_acquire
 .text.__sfp_lock_release
                0x0000000008002774        0xc /usr/share/gcc-arm-none-eabi-10-2020-q4-major/bin/../lib/gcc/arm-none-eabi/10.2.1/../../../../arm-none-eabi/lib/thumb/v7e-m+fp/hard/libc_nano.a(lib_a-findfp.o)
                0x0000000008002774                __sfp_lock_release
 .text.__sinit_lock_acquire
                0x0000000008002780        0xc /usr/share/gcc-arm-none-eabi-10-2020-q4-major/bin/../lib/gcc/arm-none-eabi/10.2.1/../../../../arm-none-eabi/lib/thumb/v7e-m+fp/hard/libc_nano.a(lib_a-findfp.o)
                0x0000000008002780                __sinit_lock_acquire
 .text.__sinit_lock_release
                0x000000000800278c        0xc /usr/share/gcc-arm-none-eabi-10-2020-q4-major/bin/../lib/gcc/arm-none-eabi/10.2.1/../../../../arm-none-eabi/lib/thumb/v7e-m+fp/hard/libc_nano.a(lib_a-findfp.o)
                0x000000000800278c                __sinit_lock_release
 .text.__sinit  0x0000000008002798       0x70 /usr/share/gcc-arm-none-eabi-10-2020-q4-major/bin/../lib/gcc/arm-none-eabi/10.2.1/../../../../arm-none-eabi/lib/thumb/v7e-m+fp/hard/libc_nano.a(lib_a-findfp.o)
                0x0000000008002798                __sinit
 .text.__sfp    0x0000000008002808       0x8c /usr/share/gcc-arm-none-eabi-10-2020-q4-major/bin/../lib/gcc/arm-none-eabi/10.2.1/../../../../arm-none-eabi/lib/thumb/v7e-m+fp/hard/libc_nano.a(lib_a-findfp.o)
                0x0000000008002808                __sfp
 .text._fwalk_reent
                0x0000000008002894       0x3e /usr/share/gcc-arm-none-eabi-10-2020-q4-major/bin/../lib/gcc/arm-none-eabi/10.2.1/../../../../arm-none-eabi/lib/thumb/v7e-m+fp/hard/libc_nano.a(lib_a-fwalk.o)
                0x0000000008002894                _fwalk_reent
 *fill*         0x00000000080028d2        0x2 
 .text._localeconv_r
                0x00000000080028d4        0x8 /usr/share/gcc-arm-none-eabi-10-2020-q4-major/bin/../lib/gcc/arm-none-eabi/10.2.1/../../../../arm-none-eabi/lib/thumb/v7e-m+fp/hard/libc_nano.a(lib_a-localeconv.o)
                0x00000000080028d4                _localeconv_r
 .text.__retarget_lock_init_recursive
                0x00000000080028dc        0x2 /usr/share/gcc-arm-none-eabi-10-2020-q4-major/bin/../lib/gcc/arm-none-eabi/10.2.1/../../../../arm-none-eabi/lib/thumb/v7e-m+fp/hard/libc_nano.a(lib_a-lock.o)
                0x00000000080028dc                __retarget_lock_init_recursive
 .text.__retarget_lock_acquire_recursive
                0x00000000080028de        0x2 /usr/share/gcc-arm-none-eabi-10-2020-q4-major/bin/../lib/gcc/arm-none-eabi/10.2.1/../../../../arm-none-eabi/lib/thumb/v7e-m+fp/hard/libc_nano.a(lib_a-lock.o)
                0x00000000080028de                __retarget_lock_acquire_recursive
 .text.__retarget_lock_release_recursive
                0x00000000080028e0        0x2 /usr/share/gcc-arm-none-eabi-10-2020-q4-major/bin/../lib/gcc/arm-none-eabi/10.2.1/../../../../arm-none-eabi/lib/thumb/v7e-m+fp/hard/libc_nano.a(lib_a-lock.o)
                0x00000000080028e0                __retarget_lock_release_recursive
 .text.__swhatbuf_r
                0x00000000080028e2       0x4a /usr/share/gcc-arm-none-eabi-10-2020-q4-major/bin/../lib/gcc/arm-none-eabi/10.2.1/../../../../arm-none-eabi/lib/thumb/v7e-m+fp/hard/libc_nano.a(lib_a-makebuf.o)
                0x00000000080028e2                __swhatbuf_r
 .text.__smakebuf_r
                0x000000000800292c       0x80 /usr/share/gcc-arm-none-eabi-10-2020-q4-major/bin/../lib/gcc/arm-none-eabi/10.2.1/../../../../arm-none-eabi/lib/thumb/v7e-m+fp/hard/libc_nano.a(lib_a-makebuf.o)
                0x000000000800292c                __smakebuf_r
 .text.malloc   0x00000000080029ac       0x10 /usr/share/gcc-arm-none-eabi-10-2020-q4-major/bin/../lib/gcc/arm-none-eabi/10.2.1/../../../../arm-none-eabi/lib/thumb/v7e-m+fp/hard/libc_nano.a(lib_a-malloc.o)
                0x00000000080029ac                malloc
 *fill*         0x00000000080029bc        0x4 
 .text          0x00000000080029c0       0xa0 /usr/share/gcc-arm-none-eabi-10-2020-q4-major/bin/../lib/gcc/arm-none-eabi/10.2.1/../../../../arm-none-eabi/lib/thumb/v7e-m+fp/hard/libc_nano.a(lib_a-memchr.o)
                0x00000000080029c0                memchr
 .text.memset   0x0000000008002a60       0x10 /usr/share/gcc-arm-none-eabi-10-2020-q4-major/bin/../lib/gcc/arm-none-eabi/10.2.1/../../../../arm-none-eabi/lib/thumb/v7e-m+fp/hard/libc_nano.a(lib_a-memset.o)
                0x0000000008002a60                memset
 .text._Balloc  0x0000000008002a70       0x80 /usr/share/gcc-arm-none-eabi-10-2020-q4-major/bin/../lib/gcc/arm-none-eabi/10.2.1/../../../../arm-none-eabi/lib/thumb/v7e-m+fp/hard/libc_nano.a(lib_a-mprec.o)
                0x0000000008002a70                _Balloc
 .text._Bfree   0x0000000008002af0       0x44 /usr/share/gcc-arm-none-eabi-10-2020-q4-major/bin/../lib/gcc/arm-none-eabi/10.2.1/../../../../arm-none-eabi/lib/thumb/v7e-m+fp/hard/libc_nano.a(lib_a-mprec.o)
                0x0000000008002af0                _Bfree
 .text.__multadd
                0x0000000008002b34       0x8c /usr/share/gcc-arm-none-eabi-10-2020-q4-major/bin/../lib/gcc/arm-none-eabi/10.2.1/../../../../arm-none-eabi/lib/thumb/v7e-m+fp/hard/libc_nano.a(lib_a-mprec.o)
                0x0000000008002b34                __multadd
 .text.__hi0bits
                0x0000000008002bc0       0x40 /usr/share/gcc-arm-none-eabi-10-2020-q4-major/bin/../lib/gcc/arm-none-eabi/10.2.1/../../../../arm-none-eabi/lib/thumb/v7e-m+fp/hard/libc_nano.a(lib_a-mprec.o)
                0x0000000008002bc0                __hi0bits
 .text.__lo0bits
                0x0000000008002c00       0x5e /usr/share/gcc-arm-none-eabi-10-2020-q4-major/bin/../lib/gcc/arm-none-eabi/10.2.1/../../../../arm-none-eabi/lib/thumb/v7e-m+fp/hard/libc_nano.a(lib_a-mprec.o)
                0x0000000008002c00                __lo0bits
 *fill*         0x0000000008002c5e        0x2 
 .text.__i2b    0x0000000008002c60       0x2c /usr/share/gcc-arm-none-eabi-10-2020-q4-major/bin/../lib/gcc/arm-none-eabi/10.2.1/../../../../arm-none-eabi/lib/thumb/v7e-m+fp/hard/libc_nano.a(lib_a-mprec.o)
                0x0000000008002c60                __i2b
 .text.__multiply
                0x0000000008002c8c      0x154 /usr/share/gcc-arm-none-eabi-10-2020-q4-major/bin/../lib/gcc/arm-none-eabi/10.2.1/../../../../arm-none-eabi/lib/thumb/v7e-m+fp/hard/libc_nano.a(lib_a-mprec.o)
                0x0000000008002c8c                __multiply
 .text.__pow5mult
                0x0000000008002de0       0xb4 /usr/share/gcc-arm-none-eabi-10-2020-q4-major/bin/../lib/gcc/arm-none-eabi/10.2.1/../../../../arm-none-eabi/lib/thumb/v7e-m+fp/hard/libc_nano.a(lib_a-mprec.o)
                0x0000000008002de0                __pow5mult
 .text.__lshift
                0x0000000008002e94       0xe0 /usr/share/gcc-arm-none-eabi-10-2020-q4-major/bin/../lib/gcc/arm-none-eabi/10.2.1/../../../../arm-none-eabi/lib/thumb/v7e-m+fp/hard/libc_nano.a(lib_a-mprec.o)
                0x0000000008002e94                __lshift
 .text.__mcmp   0x0000000008002f74       0x38 /usr/share/gcc-arm-none-eabi-10-2020-q4-major/bin/../lib/gcc/arm-none-eabi/10.2.1/../../../../arm-none-eabi/lib/thumb/v7e-m+fp/hard/libc_nano.a(lib_a-mprec.o)
                0x0000000008002f74                __mcmp
 .text.__mdiff  0x0000000008002fac      0x114 /usr/share/gcc-arm-none-eabi-10-2020-q4-major/bin/../lib/gcc/arm-none-eabi/10.2.1/../../../../arm-none-eabi/lib/thumb/v7e-m+fp/hard/libc_nano.a(lib_a-mprec.o)
                0x0000000008002fac                __mdiff
 .text.__d2b    0x00000000080030c0       0xb8 /usr/share/gcc-arm-none-eabi-10-2020-q4-major/bin/../lib/gcc/arm-none-eabi/10.2.1/../../../../arm-none-eabi/lib/thumb/v7e-m+fp/hard/libc_nano.a(lib_a-mprec.o)
                0x00000000080030c0                __d2b
 .text._calloc_r
                0x0000000008003178       0x1e /usr/share/gcc-arm-none-eabi-10-2020-q4-major/bin/../lib/gcc/arm-none-eabi/10.2.1/../../../../arm-none-eabi/lib/thumb/v7e-m+fp/hard/libc_nano.a(lib_a-nano-callocr.o)
                0x0000000008003178                _calloc_r
 *fill*         0x0000000008003196        0x2 
 .text._free_r  0x0000000008003198       0x98 /usr/share/gcc-arm-none-eabi-10-2020-q4-major/bin/../lib/gcc/arm-none-eabi/10.2.1/../../../../arm-none-eabi/lib/thumb/v7e-m+fp/hard/libc_nano.a(lib_a-nano-freer.o)
                0x0000000008003198                _free_r
 .text._malloc_r
                0x0000000008003230       0xb4 /usr/share/gcc-arm-none-eabi-10-2020-q4-major/bin/../lib/gcc/arm-none-eabi/10.2.1/../../../../arm-none-eabi/lib/thumb/v7e-m+fp/hard/libc_nano.a(lib_a-nano-mallocr.o)
                0x0000000008003230                _malloc_r
 .text.__sfputc_r
                0x00000000080032e4       0x2e /usr/share/gcc-arm-none-eabi-10-2020-q4-major/bin/../lib/gcc/arm-none-eabi/10.2.1/../../../../arm-none-eabi/lib/thumb/v7e-m+fp/hard/libc_nano.a(lib_a-nano-vfprintf.o)
 .text.__sfputs_r
                0x0000000008003312       0x24 /usr/share/gcc-arm-none-eabi-10-2020-q4-major/bin/../lib/gcc/arm-none-eabi/10.2.1/../../../../arm-none-eabi/lib/thumb/v7e-m+fp/hard/libc_nano.a(lib_a-nano-vfprintf.o)
                0x0000000008003312                __sfputs_r
 *fill*         0x0000000008003336        0x2 
 .text._vfprintf_r
                0x0000000008003338      0x260 /usr/share/gcc-arm-none-eabi-10-2020-q4-major/bin/../lib/gcc/arm-none-eabi/10.2.1/../../../../arm-none-eabi/lib/thumb/v7e-m+fp/hard/libc_nano.a(lib_a-nano-vfprintf.o)
                0x0000000008003338                _vfiprintf_r
                0x0000000008003338                _vfprintf_r
 .text._sbrk_r  0x0000000008003598       0x20 /usr/share/gcc-arm-none-eabi-10-2020-q4-major/bin/../lib/gcc/arm-none-eabi/10.2.1/../../../../arm-none-eabi/lib/thumb/v7e-m+fp/hard/libc_nano.a(lib_a-sbrkr.o)
                0x0000000008003598                _sbrk_r
 .text.__sread  0x00000000080035b8       0x22 /usr/share/gcc-arm-none-eabi-10-2020-q4-major/bin/../lib/gcc/arm-none-eabi/10.2.1/../../../../arm-none-eabi/lib/thumb/v7e-m+fp/hard/libc_nano.a(lib_a-stdio.o)
                0x00000000080035b8                __sread
 .text.__swrite
                0x00000000080035da       0x38 /usr/share/gcc-arm-none-eabi-10-2020-q4-major/bin/../lib/gcc/arm-none-eabi/10.2.1/../../../../arm-none-eabi/lib/thumb/v7e-m+fp/hard/libc_nano.a(lib_a-stdio.o)
                0x00000000080035da                __swrite
 .text.__sseek  0x0000000008003612       0x24 /usr/share/gcc-arm-none-eabi-10-2020-q4-major/bin/../lib/gcc/arm-none-eabi/10.2.1/../../../../arm-none-eabi/lib/thumb/v7e-m+fp/hard/libc_nano.a(lib_a-stdio.o)
                0x0000000008003612                __sseek
 .text.__sclose
                0x0000000008003636        0x8 /usr/share/gcc-arm-none-eabi-10-2020-q4-major/bin/../lib/gcc/arm-none-eabi/10.2.1/../../../../arm-none-eabi/lib/thumb/v7e-m+fp/hard/libc_nano.a(lib_a-stdio.o)
                0x0000000008003636                __sclose
 *fill*         0x000000000800363e        0x2 
 .text._write_r
                0x0000000008003640       0x24 /usr/share/gcc-arm-none-eabi-10-2020-q4-major/bin/../lib/gcc/arm-none-eabi/10.2.1/../../../../arm-none-eabi/lib/thumb/v7e-m+fp/hard/libc_nano.a(lib_a-writer.o)
                0x0000000008003640                _write_r
 .text.__assert_func
                0x0000000008003664       0x3c /usr/share/gcc-arm-none-eabi-10-2020-q4-major/bin/../lib/gcc/arm-none-eabi/10.2.1/../../../../arm-none-eabi/lib/thumb/v7e-m+fp/hard/libc_nano.a(lib_a-assert.o)
                0x0000000008003664                __assert_func
 .text._close_r
                0x00000000080036a0       0x20 /usr/share/gcc-arm-none-eabi-10-2020-q4-major/bin/../lib/gcc/arm-none-eabi/10.2.1/../../../../arm-none-eabi/lib/thumb/v7e-m+fp/hard/libc_nano.a(lib_a-closer.o)
                0x00000000080036a0                _close_r
 .text.fprintf  0x00000000080036c0       0x24 /usr/share/gcc-arm-none-eabi-10-2020-q4-major/bin/../lib/gcc/arm-none-eabi/10.2.1/../../../../arm-none-eabi/lib/thumb/v7e-m+fp/hard/libc_nano.a(lib_a-fprintf.o)
                0x00000000080036c0                fprintf
                0x00000000080036c0                fiprintf
 .text._fstat_r
                0x00000000080036e4       0x24 /usr/share/gcc-arm-none-eabi-10-2020-q4-major/bin/../lib/gcc/arm-none-eabi/10.2.1/../../../../arm-none-eabi/lib/thumb/v7e-m+fp/hard/libc_nano.a(lib_a-fstatr.o)
                0x00000000080036e4                _fstat_r
 .text._isatty_r
                0x0000000008003708       0x20 /usr/share/gcc-arm-none-eabi-10-2020-q4-major/bin/../lib/gcc/arm-none-eabi/10.2.1/../../../../arm-none-eabi/lib/thumb/v7e-m+fp/hard/libc_nano.a(lib_a-isattyr.o)
                0x0000000008003708                _isatty_r
 .text._lseek_r
                0x0000000008003728       0x24 /usr/share/gcc-arm-none-eabi-10-2020-q4-major/bin/../lib/gcc/arm-none-eabi/10.2.1/../../../../arm-none-eabi/lib/thumb/v7e-m+fp/hard/libc_nano.a(lib_a-lseekr.o)
                0x0000000008003728                _lseek_r
 .text.__ascii_mbtowc
                0x000000000800374c       0x24 /usr/share/gcc-arm-none-eabi-10-2020-q4-major/bin/../lib/gcc/arm-none-eabi/10.2.1/../../../../arm-none-eabi/lib/thumb/v7e-m+fp/hard/libc_nano.a(lib_a-mbtowc_r.o)
                0x000000000800374c                __ascii_mbtowc
 .text.__malloc_lock
                0x0000000008003770        0xc /usr/share/gcc-arm-none-eabi-10-2020-q4-major/bin/../lib/gcc/arm-none-eabi/10.2.1/../../../../arm-none-eabi/lib/thumb/v7e-m+fp/hard/libc_nano.a(lib_a-mlock.o)
                0x0000000008003770                __malloc_lock
 .text.__malloc_unlock
                0x000000000800377c        0xc /usr/share/gcc-arm-none-eabi-10-2020-q4-major/bin/../lib/gcc/arm-none-eabi/10.2.1/../../../../arm-none-eabi/lib/thumb/v7e-m+fp/hard/libc_nano.a(lib_a-mlock.o)
                0x000000000800377c                __malloc_unlock
 .text._read_r  0x0000000008003788       0x24 /usr/share/gcc-arm-none-eabi-10-2020-q4-major/bin/../lib/gcc/arm-none-eabi/10.2.1/../../../../arm-none-eabi/lib/thumb/v7e-m+fp/hard/libc_nano.a(lib_a-readr.o)
                0x0000000008003788                _read_r
 .text.__ascii_wctomb
                0x00000000080037ac       0x1a /usr/share/gcc-arm-none-eabi-10-2020-q4-major/bin/../lib/gcc/arm-none-eabi/10.2.1/../../../../arm-none-eabi/lib/thumb/v7e-m+fp/hard/libc_nano.a(lib_a-wctomb_r.o)
                0x00000000080037ac                __ascii_wctomb
 .text.abort    0x00000000080037c6        0xe /usr/share/gcc-arm-none-eabi-10-2020-q4-major/bin/../lib/gcc/arm-none-eabi/10.2.1/../../../../arm-none-eabi/lib/thumb/v7e-m+fp/hard/libc_nano.a(lib_a-abort.o)
                0x00000000080037c6                abort
 .text._raise_r
                0x00000000080037d4       0x50 /usr/share/gcc-arm-none-eabi-10-2020-q4-major/bin/../lib/gcc/arm-none-eabi/10.2.1/../../../../arm-none-eabi/lib/thumb/v7e-m+fp/hard/libc_nano.a(lib_a-signal.o)
                0x00000000080037d4                _raise_r
 .text.raise    0x0000000008003824       0x10 /usr/share/gcc-arm-none-eabi-10-2020-q4-major/bin/../lib/gcc/arm-none-eabi/10.2.1/../../../../arm-none-eabi/lib/thumb/v7e-m+fp/hard/libc_nano.a(lib_a-signal.o)
                0x0000000008003824                raise
 .text._kill_r  0x0000000008003834       0x24 /usr/share/gcc-arm-none-eabi-10-2020-q4-major/bin/../lib/gcc/arm-none-eabi/10.2.1/../../../../arm-none-eabi/lib/thumb/v7e-m+fp/hard/libc_nano.a(lib_a-signalr.o)
                0x0000000008003834                _kill_r
 .text._getpid_r
                0x0000000008003858        0x4 /usr/share/gcc-arm-none-eabi-10-2020-q4-major/bin/../lib/gcc/arm-none-eabi/10.2.1/../../../../arm-none-eabi/lib/thumb/v7e-m+fp/hard/libc_nano.a(lib_a-signalr.o)
                0x0000000008003858                _getpid_r
 .text          0x000000000800385c      0x378 /usr/share/gcc-arm-none-eabi-10-2020-q4-major/bin/../lib/gcc/arm-none-eabi/10.2.1/thumb/v7e-m+fp/hard/libgcc.a(_arm_addsubdf3.o)
                0x000000000800385c                __aeabi_drsub
                0x0000000008003864                __aeabi_dsub
                0x0000000008003864                __subdf3
                0x0000000008003868                __adddf3
                0x0000000008003868                __aeabi_dadd
                0x0000000008003ae0                __aeabi_ui2d
                0x0000000008003ae0                __floatunsidf
                0x0000000008003b00                __floatsidf
                0x0000000008003b00                __aeabi_i2d
                0x0000000008003b24                __extendsfdf2
                0x0000000008003b24                __aeabi_f2d
                0x0000000008003b68                __aeabi_ul2d
                0x0000000008003b68                __floatundidf
                0x0000000008003b78                __floatdidf
                0x0000000008003b78                __aeabi_l2d
 .text          0x0000000008003bd4      0x424 /usr/share/gcc-arm-none-eabi-10-2020-q4-major/bin/../lib/gcc/arm-none-eabi/10.2.1/thumb/v7e-m+fp/hard/libgcc.a(_arm_muldivdf3.o)
                0x0000000008003bd4                __aeabi_dmul
                0x0000000008003bd4                __muldf3
                0x0000000008003e28                __aeabi_ddiv
                0x0000000008003e28                __divdf3
 .text          0x0000000008003ff8      0x110 /usr/share/gcc-arm-none-eabi-10-2020-q4-major/bin/../lib/gcc/arm-none-eabi/10.2.1/thumb/v7e-m+fp/hard/libgcc.a(_arm_cmpdf2.o)
                0x0000000008003ff8                __gtdf2
                0x0000000008003ff8                __gedf2
                0x0000000008004000                __ltdf2
                0x0000000008004000                __ledf2
                0x0000000008004008                __cmpdf2
                0x0000000008004008                __eqdf2
                0x0000000008004008                __nedf2
                0x0000000008004084                __aeabi_cdrcmple
                0x0000000008004094                __aeabi_cdcmple
                0x0000000008004094                __aeabi_cdcmpeq
                0x00000000080040a4                __aeabi_dcmpeq
                0x00000000080040b8                __aeabi_dcmplt
                0x00000000080040cc                __aeabi_dcmple
                0x00000000080040e0                __aeabi_dcmpge
                0x00000000080040f4                __aeabi_dcmpgt
 .text          0x0000000008004108       0x2c /usr/share/gcc-arm-none-eabi-10-2020-q4-major/bin/../lib/gcc/arm-none-eabi/10.2.1/thumb/v7e-m+fp/hard/libgcc.a(_arm_unorddf2.o)
                0x0000000008004108                __aeabi_dcmpun
                0x0000000008004108                __unorddf2
 .text          0x0000000008004134       0x50 /usr/share/gcc-arm-none-eabi-10-2020-q4-major/bin/../lib/gcc/arm-none-eabi/10.2.1/thumb/v7e-m+fp/hard/libgcc.a(_arm_fixdfsi.o)
                0x0000000008004134                __fixdfsi
                0x0000000008004134                __aeabi_d2iz
 .text._close   0x0000000008004184       0x10 /usr/share/gcc-arm-none-eabi-10-2020-q4-major/bin/../lib/gcc/arm-none-eabi/10.2.1/../../../../arm-none-eabi/lib/thumb/v7e-m+fp/hard/libnosys.a(close.o)
                0x0000000008004184                _close
 .text._fstat   0x0000000008004194       0x10 /usr/share/gcc-arm-none-eabi-10-2020-q4-major/bin/../lib/gcc/arm-none-eabi/10.2.1/../../../../arm-none-eabi/lib/thumb/v7e-m+fp/hard/libnosys.a(fstat.o)
                0x0000000008004194                _fstat
 .text._getpid  0x00000000080041a4       0x10 /usr/share/gcc-arm-none-eabi-10-2020-q4-major/bin/../lib/gcc/arm-none-eabi/10.2.1/../../../../arm-none-eabi/lib/thumb/v7e-m+fp/hard/libnosys.a(getpid.o)
                0x00000000080041a4                _getpid
 .text._isatty  0x00000000080041b4       0x10 /usr/share/gcc-arm-none-eabi-10-2020-q4-major/bin/../lib/gcc/arm-none-eabi/10.2.1/../../../../arm-none-eabi/lib/thumb/v7e-m+fp/hard/libnosys.a(isatty.o)
                0x00000000080041b4                _isatty
 .text._kill    0x00000000080041c4       0x10 /usr/share/gcc-arm-none-eabi-10-2020-q4-major/bin/../lib/gcc/arm-none-eabi/10.2.1/../../../../arm-none-eabi/lib/thumb/v7e-m+fp/hard/libnosys.a(kill.o)
                0x00000000080041c4                _kill
 .text._lseek   0x00000000080041d4       0x10 /usr/share/gcc-arm-none-eabi-10-2020-q4-major/bin/../lib/gcc/arm-none-eabi/10.2.1/../../../../arm-none-eabi/lib/thumb/v7e-m+fp/hard/libnosys.a(lseek.o)
                0x00000000080041d4                _lseek
 .text._read    0x00000000080041e4       0x10 /usr/share/gcc-arm-none-eabi-10-2020-q4-major/bin/../lib/gcc/arm-none-eabi/10.2.1/../../../../arm-none-eabi/lib/thumb/v7e-m+fp/hard/libnosys.a(read.o)
                0x00000000080041e4                _read
 .text._sbrk    0x00000000080041f4       0x1c /usr/share/gcc-arm-none-eabi-10-2020-q4-major/bin/../lib/gcc/arm-none-eabi/10.2.1/../../../../arm-none-eabi/lib/thumb/v7e-m+fp/hard/libnosys.a(sbrk.o)
                0x00000000080041f4                _sbrk
 .text._exit    0x0000000008004210        0x4 /usr/share/gcc-arm-none-eabi-10-2020-q4-major/bin/../lib/gcc/arm-none-eabi/10.2.1/../../../../arm-none-eabi/lib/thumb/v7e-m+fp/hard/libnosys.a(_exit.o)
                0x0000000008004210                _exit
                0x0000000008004214                . = ALIGN (0x4)
 *(.rodata*)
 .rodata        0x0000000008004214        0xc ./i2c_opencm3.o
 .rodata.main.str1.4
                0x0000000008004220       0xe2 ./main.o
 *fill*         0x0000000008004302        0x2 
 .rodata.mpu_init.str1.4
                0x0000000008004304       0x1f ./mpu6050.o
 *fill*         0x0000000008004323        0x1 
 .rodata.rcc_hsi_configs
                0x0000000008004324       0x30 ../../lib/libopencm3//lib/libopencm3_stm32f3.a(rcc.o)
                0x0000000008004324                rcc_hsi_configs
 .rodata._global_impure_ptr
                0x0000000008004354        0x4 /usr/share/gcc-arm-none-eabi-10-2020-q4-major/bin/../lib/gcc/arm-none-eabi/10.2.1/../../../../arm-none-eabi/lib/thumb/v7e-m+fp/hard/libc_nano.a(lib_a-impure.o)
                0x0000000008004354                _global_impure_ptr
 .rodata._printf_float.str1.1
                0x0000000008004358       0x12 /usr/share/gcc-arm-none-eabi-10-2020-q4-major/bin/../lib/gcc/arm-none-eabi/10.2.1/../../../../arm-none-eabi/lib/thumb/v7e-m+fp/hard/libc_nano.a(lib_a-nano-vfprintf_float.o)
 .rodata._printf_i.str1.1
                0x000000000800436a       0x22 /usr/share/gcc-arm-none-eabi-10-2020-q4-major/bin/../lib/gcc/arm-none-eabi/10.2.1/../../../../arm-none-eabi/lib/thumb/v7e-m+fp/hard/libc_nano.a(lib_a-nano-vfprintf_i.o)
 .rodata._dtoa_r.str1.1
                0x000000000800438c       0xb2 /usr/share/gcc-arm-none-eabi-10-2020-q4-major/bin/../lib/gcc/arm-none-eabi/10.2.1/../../../../arm-none-eabi/lib/thumb/v7e-m+fp/hard/libc_nano.a(lib_a-dtoa.o)
                                         0xb4 (size before relaxing)
 *fill*         0x000000000800443e        0x2 
 .rodata.__sf_fake_stderr
                0x0000000008004440       0x20 /usr/share/gcc-arm-none-eabi-10-2020-q4-major/bin/../lib/gcc/arm-none-eabi/10.2.1/../../../../arm-none-eabi/lib/thumb/v7e-m+fp/hard/libc_nano.a(lib_a-findfp.o)
                0x0000000008004440                __sf_fake_stderr
 .rodata.__sf_fake_stdin
                0x0000000008004460       0x20 /usr/share/gcc-arm-none-eabi-10-2020-q4-major/bin/../lib/gcc/arm-none-eabi/10.2.1/../../../../arm-none-eabi/lib/thumb/v7e-m+fp/hard/libc_nano.a(lib_a-findfp.o)
                0x0000000008004460                __sf_fake_stdin
 .rodata.__sf_fake_stdout
                0x0000000008004480       0x20 /usr/share/gcc-arm-none-eabi-10-2020-q4-major/bin/../lib/gcc/arm-none-eabi/10.2.1/../../../../arm-none-eabi/lib/thumb/v7e-m+fp/hard/libc_nano.a(lib_a-findfp.o)
                0x0000000008004480                __sf_fake_stdout
 .rodata._Balloc.str1.1
                0x00000000080044a0       0x7e /usr/share/gcc-arm-none-eabi-10-2020-q4-major/bin/../lib/gcc/arm-none-eabi/10.2.1/../../../../arm-none-eabi/lib/thumb/v7e-m+fp/hard/libc_nano.a(lib_a-mprec.o)
                                         0x95 (size before relaxing)
 .rodata.__multadd.str1.1
                0x000000000800451e       0x11 /usr/share/gcc-arm-none-eabi-10-2020-q4-major/bin/../lib/gcc/arm-none-eabi/10.2.1/../../../../arm-none-eabi/lib/thumb/v7e-m+fp/hard/libc_nano.a(lib_a-mprec.o)
 *fill*         0x000000000800451e        0x2 
 .rodata.__mprec_bigtens
                0x0000000008004520       0x28 /usr/share/gcc-arm-none-eabi-10-2020-q4-major/bin/../lib/gcc/arm-none-eabi/10.2.1/../../../../arm-none-eabi/lib/thumb/v7e-m+fp/hard/libc_nano.a(lib_a-mprec.o)
                0x0000000008004520                __mprec_bigtens
 .rodata.__mprec_tens
                0x0000000008004548       0xc8 /usr/share/gcc-arm-none-eabi-10-2020-q4-major/bin/../lib/gcc/arm-none-eabi/10.2.1/../../../../arm-none-eabi/lib/thumb/v7e-m+fp/hard/libc_nano.a(lib_a-mprec.o)
                0x0000000008004548                __mprec_tens
 .rodata.p05.0  0x0000000008004610        0xc /usr/share/gcc-arm-none-eabi-10-2020-q4-major/bin/../lib/gcc/arm-none-eabi/10.2.1/../../../../arm-none-eabi/lib/thumb/v7e-m+fp/hard/libc_nano.a(lib_a-mprec.o)
 .rodata._vfprintf_r.str1.1
                0x000000000800461c       0x11 /usr/share/gcc-arm-none-eabi-10-2020-q4-major/bin/../lib/gcc/arm-none-eabi/10.2.1/../../../../arm-none-eabi/lib/thumb/v7e-m+fp/hard/libc_nano.a(lib_a-nano-vfprintf.o)
 .rodata.__assert_func.str1.1
                0x000000000800462d       0x3c /usr/share/gcc-arm-none-eabi-10-2020-q4-major/bin/../lib/gcc/arm-none-eabi/10.2.1/../../../../arm-none-eabi/lib/thumb/v7e-m+fp/hard/libc_nano.a(lib_a-assert.o)
                                         0x3d (size before relaxing)
 .rodata._setlocale_r.str1.1
                0x0000000008004669        0x8 /usr/share/gcc-arm-none-eabi-10-2020-q4-major/bin/../lib/gcc/arm-none-eabi/10.2.1/../../../../arm-none-eabi/lib/thumb/v7e-m+fp/hard/libc_nano.a(lib_a-locale.o)
                                          0x9 (size before relaxing)
 .rodata.str1.1
                0x0000000008004671        0x2 /usr/share/gcc-arm-none-eabi-10-2020-q4-major/bin/../lib/gcc/arm-none-eabi/10.2.1/../../../../arm-none-eabi/lib/thumb/v7e-m+fp/hard/libc_nano.a(lib_a-locale.o)
 .rodata._ctype_
                0x0000000008004673      0x101 /usr/share/gcc-arm-none-eabi-10-2020-q4-major/bin/../lib/gcc/arm-none-eabi/10.2.1/../../../../arm-none-eabi/lib/thumb/v7e-m+fp/hard/libc_nano.a(lib_a-ctype_.o)
                0x0000000008004673                _ctype_
                0x0000000008004774                . = ALIGN (0x4)

.glue_7         0x0000000008004774        0x0
 .glue_7        0x0000000008004774        0x0 linker stubs

.glue_7t        0x0000000008004774        0x0
 .glue_7t       0x0000000008004774        0x0 linker stubs

.vfp11_veneer   0x0000000008004774        0x0
 .vfp11_veneer  0x0000000008004774        0x0 linker stubs

.v4_bx          0x0000000008004774        0x0
 .v4_bx         0x0000000008004774        0x0 linker stubs

.iplt           0x0000000008004774        0x0
 .iplt          0x0000000008004774        0x0 ./i2c_opencm3.o

.rel.dyn        0x0000000008004774        0x0
 .rel.iplt      0x0000000008004774        0x0 ./i2c_opencm3.o

.preinit_array  0x0000000008004774        0x0
                0x0000000008004774                . = ALIGN (0x4)
                0x0000000008004774                __preinit_array_start = .
 *(.preinit_array)
                0x0000000008004774                __preinit_array_end = .

.init_array     0x0000000008004774        0x0
                0x0000000008004774                . = ALIGN (0x4)
                0x0000000008004774                __init_array_start = .
 *(SORT_BY_NAME(.init_array.*))
 *(.init_array)
                0x0000000008004774                __init_array_end = .

.fini_array     0x0000000008004774        0x0
                0x0000000008004774                . = ALIGN (0x4)
                0x0000000008004774                __fini_array_start = .
 *(.fini_array)
 *(SORT_BY_NAME(.fini_array.*))
                0x0000000008004774                __fini_array_end = .

.ARM.extab
 *(.ARM.extab*)

.ARM.exidx      0x0000000008004774        0x0
                0x0000000008004774                __exidx_start = .
 *(.ARM.exidx*)
                0x0000000008004774                __exidx_end = .
                0x0000000008004774                . = ALIGN (0x4)
                0x0000000008004774                _etext = .

.noinit
 *(.noinit*)
                0x0000000008004774                . = ALIGN (0x4)

.data           0x0000000020000000      0x1dc load address 0x0000000008004774
                0x0000000020000000                _data = .
 *(.data*)
 .data.rcc_ahb_frequency
                0x0000000020000000        0x4 ../../lib/libopencm3//lib/libopencm3_stm32f3.a(rcc.o)
                0x0000000020000000                rcc_ahb_frequency
 .data.rcc_apb1_frequency
                0x0000000020000004        0x4 ../../lib/libopencm3//lib/libopencm3_stm32f3.a(rcc.o)
                0x0000000020000004                rcc_apb1_frequency
 .data.rcc_apb2_frequency
                0x0000000020000008        0x4 ../../lib/libopencm3//lib/libopencm3_stm32f3.a(rcc.o)
                0x0000000020000008                rcc_apb2_frequency
 .data._impure_ptr
                0x000000002000000c        0x4 /usr/share/gcc-arm-none-eabi-10-2020-q4-major/bin/../lib/gcc/arm-none-eabi/10.2.1/../../../../arm-none-eabi/lib/thumb/v7e-m+fp/hard/libc_nano.a(lib_a-impure.o)
                0x000000002000000c                _impure_ptr
 .data.impure_data
                0x0000000020000010       0x60 /usr/share/gcc-arm-none-eabi-10-2020-q4-major/bin/../lib/gcc/arm-none-eabi/10.2.1/../../../../arm-none-eabi/lib/thumb/v7e-m+fp/hard/libc_nano.a(lib_a-impure.o)
 .data.__global_locale
                0x0000000020000070      0x16c /usr/share/gcc-arm-none-eabi-10-2020-q4-major/bin/../lib/gcc/arm-none-eabi/10.2.1/../../../../arm-none-eabi/lib/thumb/v7e-m+fp/hard/libc_nano.a(lib_a-locale.o)
                0x0000000020000070                __global_locale
 *(.ramtext*)
                0x00000000200001dc                . = ALIGN (0x4)
                0x00000000200001dc                _edata = .
                0x0000000008004774                _data_loadaddr = LOADADDR (.data)

.igot.plt       0x00000000200001dc        0x0 load address 0x0000000008004950
 .igot.plt      0x00000000200001dc        0x0 ./i2c_opencm3.o

.bss            0x00000000200001dc       0x14 load address 0x0000000008004950
 *(.bss*)
 .bss.__lock___malloc_recursive_mutex
                0x00000000200001dc        0x1 /usr/share/gcc-arm-none-eabi-10-2020-q4-major/bin/../lib/gcc/arm-none-eabi/10.2.1/../../../../arm-none-eabi/lib/thumb/v7e-m+fp/hard/libc_nano.a(lib_a-lock.o)
                0x00000000200001dc                __lock___malloc_recursive_mutex
 .bss.__lock___sfp_recursive_mutex
                0x00000000200001dd        0x1 /usr/share/gcc-arm-none-eabi-10-2020-q4-major/bin/../lib/gcc/arm-none-eabi/10.2.1/../../../../arm-none-eabi/lib/thumb/v7e-m+fp/hard/libc_nano.a(lib_a-lock.o)
                0x00000000200001dd                __lock___sfp_recursive_mutex
 .bss.__lock___sinit_recursive_mutex
                0x00000000200001de        0x1 /usr/share/gcc-arm-none-eabi-10-2020-q4-major/bin/../lib/gcc/arm-none-eabi/10.2.1/../../../../arm-none-eabi/lib/thumb/v7e-m+fp/hard/libc_nano.a(lib_a-lock.o)
                0x00000000200001de                __lock___sinit_recursive_mutex
 *fill*         0x00000000200001df        0x1 
 .bss.__malloc_free_list
                0x00000000200001e0        0x4 /usr/share/gcc-arm-none-eabi-10-2020-q4-major/bin/../lib/gcc/arm-none-eabi/10.2.1/../../../../arm-none-eabi/lib/thumb/v7e-m+fp/hard/libc_nano.a(lib_a-nano-mallocr.o)
                0x00000000200001e0                __malloc_free_list
 .bss.__malloc_sbrk_start
                0x00000000200001e4        0x4 /usr/share/gcc-arm-none-eabi-10-2020-q4-major/bin/../lib/gcc/arm-none-eabi/10.2.1/../../../../arm-none-eabi/lib/thumb/v7e-m+fp/hard/libc_nano.a(lib_a-nano-mallocr.o)
                0x00000000200001e4                __malloc_sbrk_start
 .bss.errno     0x00000000200001e8        0x4 /usr/share/gcc-arm-none-eabi-10-2020-q4-major/bin/../lib/gcc/arm-none-eabi/10.2.1/../../../../arm-none-eabi/lib/thumb/v7e-m+fp/hard/libc_nano.a(lib_a-reent.o)
                0x00000000200001e8                errno
 .bss.heap_end.0
                0x00000000200001ec        0x4 /usr/share/gcc-arm-none-eabi-10-2020-q4-major/bin/../lib/gcc/arm-none-eabi/10.2.1/../../../../arm-none-eabi/lib/thumb/v7e-m+fp/hard/libnosys.a(sbrk.o)
 *(COMMON)
                0x00000000200001f0                . = ALIGN (0x4)
                0x00000000200001f0                _ebss = .

.ccm            0x0000000010000000        0x0
 *(.ccmram*)
                0x0000000010000000                . = ALIGN (0x4)

/DISCARD/
 *(.eh_frame)
                0x0000000010000000                . = ALIGN (0x4)
                0x0000000010000000                end = .
                0x0000000020010000                PROVIDE (_stack = (ORIGIN (ram) + LENGTH (ram)))
OUTPUT(main.elf elf32-littlearm)
LOAD linker stubs

.debug_info     0x0000000000000000     0x4674
 .debug_info    0x0000000000000000      0x699 ./i2c_opencm3.o
 .debug_info    0x0000000000000699      0x9cc ./main.o
 .debug_info    0x0000000000001065      0x5fb ./mpu6050.o
 .debug_info    0x0000000000001660      0x233 ../../lib/libopencm3//lib/libopencm3_stm32f3.a(gpio_common_f0234.o)
 .debug_info    0x0000000000001893      0xdd7 ../../lib/libopencm3//lib/libopencm3_stm32f3.a(i2c_common_v2.o)
 .debug_info    0x000000000000266a      0xc13 ../../lib/libopencm3//lib/libopencm3_stm32f3.a(rcc.o)
 .debug_info    0x000000000000327d      0x690 ../../lib/libopencm3//lib/libopencm3_stm32f3.a(rcc_common_all.o)
 .debug_info    0x000000000000390d      0x5cb ../../lib/libopencm3//lib/libopencm3_stm32f3.a(usart_common_all.o)
 .debug_info    0x0000000000003ed8      0x2f2 ../../lib/libopencm3//lib/libopencm3_stm32f3.a(vector.o)
 .debug_info    0x00000000000041ca       0xfc ../../lib/libopencm3//lib/libopencm3_stm32f3.a(flash_common_all.o)
 .debug_info    0x00000000000042c6      0x3ae ../../lib/libopencm3//lib/libopencm3_stm32f3.a(usart_common_v2.o)

.debug_abbrev   0x0000000000000000     0x1157
 .debug_abbrev  0x0000000000000000      0x196 ./i2c_opencm3.o
 .debug_abbrev  0x0000000000000196      0x227 ./main.o
 .debug_abbrev  0x00000000000003bd      0x19e ./mpu6050.o
 .debug_abbrev  0x000000000000055b       0xbf ../../lib/libopencm3//lib/libopencm3_stm32f3.a(gpio_common_f0234.o)
 .debug_abbrev  0x000000000000061a      0x247 ../../lib/libopencm3//lib/libopencm3_stm32f3.a(i2c_common_v2.o)
 .debug_abbrev  0x0000000000000861      0x339 ../../lib/libopencm3//lib/libopencm3_stm32f3.a(rcc.o)
 .debug_abbrev  0x0000000000000b9a      0x177 ../../lib/libopencm3//lib/libopencm3_stm32f3.a(rcc_common_all.o)
 .debug_abbrev  0x0000000000000d11      0x129 ../../lib/libopencm3//lib/libopencm3_stm32f3.a(usart_common_all.o)
 .debug_abbrev  0x0000000000000e3a      0x15b ../../lib/libopencm3//lib/libopencm3_stm32f3.a(vector.o)
 .debug_abbrev  0x0000000000000f95       0x9a ../../lib/libopencm3//lib/libopencm3_stm32f3.a(flash_common_all.o)
 .debug_abbrev  0x000000000000102f      0x128 ../../lib/libopencm3//lib/libopencm3_stm32f3.a(usart_common_v2.o)

.debug_loc      0x0000000000000000     0x1964
 .debug_loc     0x0000000000000000      0x1f4 ./i2c_opencm3.o
 .debug_loc     0x00000000000001f4       0xf8 ./main.o
 .debug_loc     0x00000000000002ec      0x1b7 ./mpu6050.o
 .debug_loc     0x00000000000004a3      0x14f ../../lib/libopencm3//lib/libopencm3_stm32f3.a(gpio_common_f0234.o)
 .debug_loc     0x00000000000005f2      0x65e ../../lib/libopencm3//lib/libopencm3_stm32f3.a(i2c_common_v2.o)
 .debug_loc     0x0000000000000c50      0x7c4 ../../lib/libopencm3//lib/libopencm3_stm32f3.a(rcc.o)
 .debug_loc     0x0000000000001414      0x120 ../../lib/libopencm3//lib/libopencm3_stm32f3.a(rcc_common_all.o)
 .debug_loc     0x0000000000001534      0x1e1 ../../lib/libopencm3//lib/libopencm3_stm32f3.a(usart_common_all.o)
 .debug_loc     0x0000000000001715      0x128 ../../lib/libopencm3//lib/libopencm3_stm32f3.a(vector.o)
 .debug_loc     0x000000000000183d       0x47 ../../lib/libopencm3//lib/libopencm3_stm32f3.a(flash_common_all.o)
 .debug_loc     0x0000000000001884       0xe0 ../../lib/libopencm3//lib/libopencm3_stm32f3.a(usart_common_v2.o)

.debug_aranges  0x0000000000000000      0x5e0
 .debug_aranges
                0x0000000000000000       0x30 ./i2c_opencm3.o
 .debug_aranges
                0x0000000000000030       0x38 ./main.o
 .debug_aranges
                0x0000000000000068       0x50 ./mpu6050.o
 .debug_aranges
                0x00000000000000b8       0x30 ../../lib/libopencm3//lib/libopencm3_stm32f3.a(gpio_common_f0234.o)
 .debug_aranges
                0x00000000000000e8      0x170 ../../lib/libopencm3//lib/libopencm3_stm32f3.a(i2c_common_v2.o)
 .debug_aranges
                0x0000000000000258      0x140 ../../lib/libopencm3//lib/libopencm3_stm32f3.a(rcc.o)
 .debug_aranges
                0x0000000000000398       0x60 ../../lib/libopencm3//lib/libopencm3_stm32f3.a(rcc_common_all.o)
 .debug_aranges
                0x00000000000003f8       0xd8 ../../lib/libopencm3//lib/libopencm3_stm32f3.a(usart_common_all.o)
 .debug_aranges
                0x00000000000004d0       0x30 ../../lib/libopencm3//lib/libopencm3_stm32f3.a(vector.o)
 .debug_aranges
                0x0000000000000500       0x38 ../../lib/libopencm3//lib/libopencm3_stm32f3.a(flash_common_all.o)
 .debug_aranges
                0x0000000000000538       0xa8 ../../lib/libopencm3//lib/libopencm3_stm32f3.a(usart_common_v2.o)

.debug_ranges   0x0000000000000000      0x590
 .debug_ranges  0x0000000000000000       0x20 ./i2c_opencm3.o
 .debug_ranges  0x0000000000000020       0x58 ./main.o
 .debug_ranges  0x0000000000000078       0x40 ./mpu6050.o
 .debug_ranges  0x00000000000000b8       0x20 ../../lib/libopencm3//lib/libopencm3_stm32f3.a(gpio_common_f0234.o)
 .debug_ranges  0x00000000000000d8      0x160 ../../lib/libopencm3//lib/libopencm3_stm32f3.a(i2c_common_v2.o)
 .debug_ranges  0x0000000000000238      0x160 ../../lib/libopencm3//lib/libopencm3_stm32f3.a(rcc.o)
 .debug_ranges  0x0000000000000398       0x50 ../../lib/libopencm3//lib/libopencm3_stm32f3.a(rcc_common_all.o)
 .debug_ranges  0x00000000000003e8       0xc8 ../../lib/libopencm3//lib/libopencm3_stm32f3.a(usart_common_all.o)
 .debug_ranges  0x00000000000004b0       0x20 ../../lib/libopencm3//lib/libopencm3_stm32f3.a(vector.o)
 .debug_ranges  0x00000000000004d0       0x28 ../../lib/libopencm3//lib/libopencm3_stm32f3.a(flash_common_all.o)
 .debug_ranges  0x00000000000004f8       0x98 ../../lib/libopencm3//lib/libopencm3_stm32f3.a(usart_common_v2.o)

.debug_macro    0x0000000000000000     0x58db
 .debug_macro   0x0000000000000000      0x1e8 ./i2c_opencm3.o
 .debug_macro   0x00000000000001e8      0xa84 ./i2c_opencm3.o
 .debug_macro   0x0000000000000c6c       0x22 ./i2c_opencm3.o
 .debug_macro   0x0000000000000c8e       0x56 ./i2c_opencm3.o
 .debug_macro   0x0000000000000ce4       0x51 ./i2c_opencm3.o
 .debug_macro   0x0000000000000d35      0x103 ./i2c_opencm3.o
 .debug_macro   0x0000000000000e38       0x6a ./i2c_opencm3.o
 .debug_macro   0x0000000000000ea2      0x1df ./i2c_opencm3.o
 .debug_macro   0x0000000000001081       0x18 ./i2c_opencm3.o
 .debug_macro   0x0000000000001099       0x52 ./i2c_opencm3.o
 .debug_macro   0x00000000000010eb       0x3c ./i2c_opencm3.o
 .debug_macro   0x0000000000001127       0x34 ./i2c_opencm3.o
 .debug_macro   0x000000000000115b       0x16 ./i2c_opencm3.o
 .debug_macro   0x0000000000001171      0x10e ./i2c_opencm3.o
 .debug_macro   0x000000000000127f       0x8d ./i2c_opencm3.o
 .debug_macro   0x000000000000130c       0x16 ./i2c_opencm3.o
 .debug_macro   0x0000000000001322       0x43 ./i2c_opencm3.o
 .debug_macro   0x0000000000001365       0x34 ./i2c_opencm3.o
 .debug_macro   0x0000000000001399       0x10 ./i2c_opencm3.o
 .debug_macro   0x00000000000013a9       0x58 ./i2c_opencm3.o
 .debug_macro   0x0000000000001401       0x71 ./i2c_opencm3.o
 .debug_macro   0x0000000000001472       0x1c ./i2c_opencm3.o
 .debug_macro   0x000000000000148e      0x12a ./i2c_opencm3.o
 .debug_macro   0x00000000000015b8      0x333 ./i2c_opencm3.o
 .debug_macro   0x00000000000018eb       0x22 ./i2c_opencm3.o
 .debug_macro   0x000000000000190d       0x1c ./i2c_opencm3.o
 .debug_macro   0x0000000000001929       0x22 ./i2c_opencm3.o
 .debug_macro   0x000000000000194b       0xe8 ./i2c_opencm3.o
 .debug_macro   0x0000000000001a33       0x76 ./i2c_opencm3.o
 .debug_macro   0x0000000000001aa9      0x1b9 ./i2c_opencm3.o
 .debug_macro   0x0000000000001c62      0x39c ./i2c_opencm3.o
 .debug_macro   0x0000000000001ffe      0x7ac ./i2c_opencm3.o
 .debug_macro   0x00000000000027aa       0x76 ./i2c_opencm3.o
 .debug_macro   0x0000000000002820      0x37e ./i2c_opencm3.o
 .debug_macro   0x0000000000002b9e       0x16 ./i2c_opencm3.o
 .debug_macro   0x0000000000002bb4       0x35 ./i2c_opencm3.o
 .debug_macro   0x0000000000002be9      0x281 ./main.o
 .debug_macro   0x0000000000002e6a       0x4c ./main.o
 .debug_macro   0x0000000000002eb6       0x5c ./main.o
 .debug_macro   0x0000000000002f12       0x16 ./main.o
 .debug_macro   0x0000000000002f28       0x57 ./main.o
 .debug_macro   0x0000000000002f7f       0x97 ./main.o
 .debug_macro   0x0000000000003016       0xfd ./main.o
 .debug_macro   0x0000000000003113       0x10 ./main.o
 .debug_macro   0x0000000000003123       0x10 ./main.o
 .debug_macro   0x0000000000003133       0xb2 ./main.o
 .debug_macro   0x00000000000031e5       0x16 ./main.o
 .debug_macro   0x00000000000031fb      0x114 ./main.o
 .debug_macro   0x000000000000330f       0x10 ./main.o
 .debug_macro   0x000000000000331f      0x241 ./main.o
 .debug_macro   0x0000000000003560       0x94 ./main.o
 .debug_macro   0x00000000000035f4      0x55b ./main.o
 .debug_macro   0x0000000000003b4f       0x22 ./main.o
 .debug_macro   0x0000000000003b71       0x82 ./main.o
 .debug_macro   0x0000000000003bf3      0x1b1 ./mpu6050.o
 .debug_macro   0x0000000000003da4       0x1c ./mpu6050.o
 .debug_macro   0x0000000000003dc0       0xbe ./mpu6050.o
 .debug_macro   0x0000000000003e7e       0xc2 ../../lib/libopencm3//lib/libopencm3_stm32f3.a(gpio_common_f0234.o)
 .debug_macro   0x0000000000003f40      0xa6c ../../lib/libopencm3//lib/libopencm3_stm32f3.a(gpio_common_f0234.o)
 .debug_macro   0x00000000000049ac       0x56 ../../lib/libopencm3//lib/libopencm3_stm32f3.a(gpio_common_f0234.o)
 .debug_macro   0x0000000000004a02       0xda ../../lib/libopencm3//lib/libopencm3_stm32f3.a(i2c_common_v2.o)
 .debug_macro   0x0000000000004adc      0x16d ../../lib/libopencm3//lib/libopencm3_stm32f3.a(i2c_common_v2.o)
 .debug_macro   0x0000000000004c49      0x104 ../../lib/libopencm3//lib/libopencm3_stm32f3.a(rcc.o)
 .debug_macro   0x0000000000004d4d       0x16 ../../lib/libopencm3//lib/libopencm3_stm32f3.a(rcc.o)
 .debug_macro   0x0000000000004d63       0xd6 ../../lib/libopencm3//lib/libopencm3_stm32f3.a(rcc.o)
 .debug_macro   0x0000000000004e39       0xce ../../lib/libopencm3//lib/libopencm3_stm32f3.a(rcc_common_all.o)
 .debug_macro   0x0000000000004f07       0xd9 ../../lib/libopencm3//lib/libopencm3_stm32f3.a(usart_common_all.o)
 .debug_macro   0x0000000000004fe0       0xd3 ../../lib/libopencm3//lib/libopencm3_stm32f3.a(vector.o)
 .debug_macro   0x00000000000050b3      0x452 ../../lib/libopencm3//lib/libopencm3_stm32f3.a(vector.o)
 .debug_macro   0x0000000000005505       0x6e ../../lib/libopencm3//lib/libopencm3_stm32f3.a(vector.o)
 .debug_macro   0x0000000000005573      0x1f0 ../../lib/libopencm3//lib/libopencm3_stm32f3.a(vector.o)
 .debug_macro   0x0000000000005763       0xb7 ../../lib/libopencm3//lib/libopencm3_stm32f3.a(flash_common_all.o)
 .debug_macro   0x000000000000581a       0xc1 ../../lib/libopencm3//lib/libopencm3_stm32f3.a(usart_common_v2.o)

.debug_line     0x0000000000000000     0x4224
 .debug_line    0x0000000000000000      0x51e ./i2c_opencm3.o
 .debug_line    0x000000000000051e      0x643 ./main.o
 .debug_line    0x0000000000000b61      0x582 ./mpu6050.o
 .debug_line    0x00000000000010e3      0x4d7 ../../lib/libopencm3//lib/libopencm3_stm32f3.a(gpio_common_f0234.o)
 .debug_line    0x00000000000015ba      0x97b ../../lib/libopencm3//lib/libopencm3_stm32f3.a(i2c_common_v2.o)
 .debug_line    0x0000000000001f35      0xb4c ../../lib/libopencm3//lib/libopencm3_stm32f3.a(rcc.o)
 .debug_line    0x0000000000002a81      0x43e ../../lib/libopencm3//lib/libopencm3_stm32f3.a(rcc_common_all.o)
 .debug_line    0x0000000000002ebf      0x64a ../../lib/libopencm3//lib/libopencm3_stm32f3.a(usart_common_all.o)
 .debug_line    0x0000000000003509      0x480 ../../lib/libopencm3//lib/libopencm3_stm32f3.a(vector.o)
 .debug_line    0x0000000000003989      0x374 ../../lib/libopencm3//lib/libopencm3_stm32f3.a(flash_common_all.o)
 .debug_line    0x0000000000003cfd      0x527 ../../lib/libopencm3//lib/libopencm3_stm32f3.a(usart_common_v2.o)

.debug_str      0x0000000000000000    0x12dd6
 .debug_str     0x0000000000000000     0xbea7 ./i2c_opencm3.o
                                       0xc0dd (size before relaxing)
 .debug_str     0x000000000000bea7     0x2ce8 ./main.o
                                       0xec6e (size before relaxing)
 .debug_str     0x000000000000eb8f       0x77 ./mpu6050.o
                                       0x77e6 (size before relaxing)
 .debug_str     0x000000000000ec06      0x1a8 ../../lib/libopencm3//lib/libopencm3_stm32f3.a(gpio_common_f0234.o)
                                       0x5d02 (size before relaxing)
 .debug_str     0x000000000000edae      0x53b ../../lib/libopencm3//lib/libopencm3_stm32f3.a(i2c_common_v2.o)
                                       0x849c (size before relaxing)
 .debug_str     0x000000000000f2e9      0x97a ../../lib/libopencm3//lib/libopencm3_stm32f3.a(rcc.o)
                                       0x888f (size before relaxing)
 .debug_str     0x000000000000fc63      0x170 ../../lib/libopencm3//lib/libopencm3_stm32f3.a(rcc_common_all.o)
                                       0x720e (size before relaxing)
 .debug_str     0x000000000000fdd3      0x209 ../../lib/libopencm3//lib/libopencm3_stm32f3.a(usart_common_all.o)
                                       0x8b3d (size before relaxing)
 .debug_str     0x000000000000ffdc     0x2c1c ../../lib/libopencm3//lib/libopencm3_stm32f3.a(vector.o)
                                       0x6d44 (size before relaxing)
 .debug_str     0x0000000000012bf8       0x4e ../../lib/libopencm3//lib/libopencm3_stm32f3.a(flash_common_all.o)
                                       0x5173 (size before relaxing)
 .debug_str     0x0000000000012c46      0x190 ../../lib/libopencm3//lib/libopencm3_stm32f3.a(usart_common_v2.o)
                                       0x6b2c (size before relaxing)

.comment        0x0000000000000000       0x4d
 .comment       0x0000000000000000       0x4d ./i2c_opencm3.o
                                         0x4e (size before relaxing)
 .comment       0x000000000000004d       0x4e ./main.o
 .comment       0x000000000000004d       0x4e ./mpu6050.o
 .comment       0x000000000000004d       0x4e ../../lib/libopencm3//lib/libopencm3_stm32f3.a(gpio_common_f0234.o)
 .comment       0x000000000000004d       0x4e ../../lib/libopencm3//lib/libopencm3_stm32f3.a(i2c_common_v2.o)
 .comment       0x000000000000004d       0x4e ../../lib/libopencm3//lib/libopencm3_stm32f3.a(rcc.o)
 .comment       0x000000000000004d       0x4e ../../lib/libopencm3//lib/libopencm3_stm32f3.a(rcc_common_all.o)
 .comment       0x000000000000004d       0x4e ../../lib/libopencm3//lib/libopencm3_stm32f3.a(usart_common_all.o)
 .comment       0x000000000000004d       0x4e ../../lib/libopencm3//lib/libopencm3_stm32f3.a(vector.o)
 .comment       0x000000000000004d       0x4e ../../lib/libopencm3//lib/libopencm3_stm32f3.a(flash_common_all.o)
 .comment       0x000000000000004d       0x4e ../../lib/libopencm3//lib/libopencm3_stm32f3.a(usart_common_v2.o)

.ARM.attributes
                0x0000000000000000       0x32
 .ARM.attributes
                0x0000000000000000       0x34 ./i2c_opencm3.o
 .ARM.attributes
                0x0000000000000034       0x34 ./main.o
 .ARM.attributes
                0x0000000000000068       0x34 ./mpu6050.o
 .ARM.attributes
                0x000000000000009c       0x34 ../../lib/libopencm3//lib/libopencm3_stm32f3.a(gpio_common_f0234.o)
 .ARM.attributes
                0x00000000000000d0       0x34 ../../lib/libopencm3//lib/libopencm3_stm32f3.a(i2c_common_v2.o)
 .ARM.attributes
                0x0000000000000104       0x34 ../../lib/libopencm3//lib/libopencm3_stm32f3.a(rcc.o)
 .ARM.attributes
                0x0000000000000138       0x34 ../../lib/libopencm3//lib/libopencm3_stm32f3.a(rcc_common_all.o)
 .ARM.attributes
                0x000000000000016c       0x34 ../../lib/libopencm3//lib/libopencm3_stm32f3.a(usart_common_all.o)
 .ARM.attributes
                0x00000000000001a0       0x34 ../../lib/libopencm3//lib/libopencm3_stm32f3.a(vector.o)
 .ARM.attributes
                0x00000000000001d4       0x34 ../../lib/libopencm3//lib/libopencm3_stm32f3.a(flash_common_all.o)
 .ARM.attributes
                0x0000000000000208       0x34 ../../lib/libopencm3//lib/libopencm3_stm32f3.a(usart_common_v2.o)
 .ARM.attributes
                0x000000000000023c       0x34 /usr/share/gcc-arm-none-eabi-10-2020-q4-major/bin/../lib/gcc/arm-none-eabi/10.2.1/../../../../arm-none-eabi/lib/thumb/v7e-m+fp/hard/libc_nano.a(lib_a-errno.o)
 .ARM.attributes
                0x0000000000000270       0x32 /usr/share/gcc-arm-none-eabi-10-2020-q4-major/bin/../lib/gcc/arm-none-eabi/10.2.1/../../../../arm-none-eabi/lib/thumb/v7e-m+fp/hard/libc_nano.a(lib_a-impure.o)
 .ARM.attributes
                0x00000000000002a2       0x34 /usr/share/gcc-arm-none-eabi-10-2020-q4-major/bin/../lib/gcc/arm-none-eabi/10.2.1/../../../../arm-none-eabi/lib/thumb/v7e-m+fp/hard/libc_nano.a(lib_a-memcpy-stub.o)
 .ARM.attributes
                0x00000000000002d6       0x34 /usr/share/gcc-arm-none-eabi-10-2020-q4-major/bin/../lib/gcc/arm-none-eabi/10.2.1/../../../../arm-none-eabi/lib/thumb/v7e-m+fp/hard/libc_nano.a(lib_a-nano-vfprintf_float.o)
 .ARM.attributes
                0x000000000000030a       0x34 /usr/share/gcc-arm-none-eabi-10-2020-q4-major/bin/../lib/gcc/arm-none-eabi/10.2.1/../../../../arm-none-eabi/lib/thumb/v7e-m+fp/hard/libc_nano.a(lib_a-nano-vfprintf_i.o)
 .ARM.attributes
                0x000000000000033e       0x34 /usr/share/gcc-arm-none-eabi-10-2020-q4-major/bin/../lib/gcc/arm-none-eabi/10.2.1/../../../../arm-none-eabi/lib/thumb/v7e-m+fp/hard/libc_nano.a(lib_a-printf.o)
 .ARM.attributes
                0x0000000000000372       0x34 /usr/share/gcc-arm-none-eabi-10-2020-q4-major/bin/../lib/gcc/arm-none-eabi/10.2.1/../../../../arm-none-eabi/lib/thumb/v7e-m+fp/hard/libc_nano.a(lib_a-puts.o)
 .ARM.attributes
                0x00000000000003a6       0x17 /usr/share/gcc-arm-none-eabi-10-2020-q4-major/bin/../lib/gcc/arm-none-eabi/10.2.1/../../../../arm-none-eabi/lib/thumb/v7e-m+fp/hard/libc_nano.a(lib_a-strlen.o)
 .ARM.attributes
                0x00000000000003bd       0x34 /usr/share/gcc-arm-none-eabi-10-2020-q4-major/bin/../lib/gcc/arm-none-eabi/10.2.1/../../../../arm-none-eabi/lib/thumb/v7e-m+fp/hard/libc_nano.a(lib_a-wbuf.o)
 .ARM.attributes
                0x00000000000003f1       0x34 /usr/share/gcc-arm-none-eabi-10-2020-q4-major/bin/../lib/gcc/arm-none-eabi/10.2.1/../../../../arm-none-eabi/lib/thumb/v7e-m+fp/hard/libc_nano.a(lib_a-wsetup.o)
 .ARM.attributes
                0x0000000000000425       0x34 /usr/share/gcc-arm-none-eabi-10-2020-q4-major/bin/../lib/gcc/arm-none-eabi/10.2.1/../../../../arm-none-eabi/lib/thumb/v7e-m+fp/hard/libc_nano.a(lib_a-dtoa.o)
 .ARM.attributes
                0x0000000000000459       0x34 /usr/share/gcc-arm-none-eabi-10-2020-q4-major/bin/../lib/gcc/arm-none-eabi/10.2.1/../../../../arm-none-eabi/lib/thumb/v7e-m+fp/hard/libc_nano.a(lib_a-fflush.o)
 .ARM.attributes
                0x000000000000048d       0x34 /usr/share/gcc-arm-none-eabi-10-2020-q4-major/bin/../lib/gcc/arm-none-eabi/10.2.1/../../../../arm-none-eabi/lib/thumb/v7e-m+fp/hard/libc_nano.a(lib_a-findfp.o)
 .ARM.attributes
                0x00000000000004c1       0x34 /usr/share/gcc-arm-none-eabi-10-2020-q4-major/bin/../lib/gcc/arm-none-eabi/10.2.1/../../../../arm-none-eabi/lib/thumb/v7e-m+fp/hard/libc_nano.a(lib_a-fwalk.o)
 .ARM.attributes
                0x00000000000004f5       0x34 /usr/share/gcc-arm-none-eabi-10-2020-q4-major/bin/../lib/gcc/arm-none-eabi/10.2.1/../../../../arm-none-eabi/lib/thumb/v7e-m+fp/hard/libc_nano.a(lib_a-localeconv.o)
 .ARM.attributes
                0x0000000000000529       0x34 /usr/share/gcc-arm-none-eabi-10-2020-q4-major/bin/../lib/gcc/arm-none-eabi/10.2.1/../../../../arm-none-eabi/lib/thumb/v7e-m+fp/hard/libc_nano.a(lib_a-lock.o)
 .ARM.attributes
                0x000000000000055d       0x34 /usr/share/gcc-arm-none-eabi-10-2020-q4-major/bin/../lib/gcc/arm-none-eabi/10.2.1/../../../../arm-none-eabi/lib/thumb/v7e-m+fp/hard/libc_nano.a(lib_a-makebuf.o)
 .ARM.attributes
                0x0000000000000591       0x34 /usr/share/gcc-arm-none-eabi-10-2020-q4-major/bin/../lib/gcc/arm-none-eabi/10.2.1/../../../../arm-none-eabi/lib/thumb/v7e-m+fp/hard/libc_nano.a(lib_a-malloc.o)
 .ARM.attributes
                0x00000000000005c5       0x1c /usr/share/gcc-arm-none-eabi-10-2020-q4-major/bin/../lib/gcc/arm-none-eabi/10.2.1/../../../../arm-none-eabi/lib/thumb/v7e-m+fp/hard/libc_nano.a(lib_a-memchr.o)
 .ARM.attributes
                0x00000000000005e1       0x34 /usr/share/gcc-arm-none-eabi-10-2020-q4-major/bin/../lib/gcc/arm-none-eabi/10.2.1/../../../../arm-none-eabi/lib/thumb/v7e-m+fp/hard/libc_nano.a(lib_a-memset.o)
 .ARM.attributes
                0x0000000000000615       0x34 /usr/share/gcc-arm-none-eabi-10-2020-q4-major/bin/../lib/gcc/arm-none-eabi/10.2.1/../../../../arm-none-eabi/lib/thumb/v7e-m+fp/hard/libc_nano.a(lib_a-mprec.o)
 .ARM.attributes
                0x0000000000000649       0x34 /usr/share/gcc-arm-none-eabi-10-2020-q4-major/bin/../lib/gcc/arm-none-eabi/10.2.1/../../../../arm-none-eabi/lib/thumb/v7e-m+fp/hard/libc_nano.a(lib_a-nano-callocr.o)
 .ARM.attributes
                0x000000000000067d       0x34 /usr/share/gcc-arm-none-eabi-10-2020-q4-major/bin/../lib/gcc/arm-none-eabi/10.2.1/../../../../arm-none-eabi/lib/thumb/v7e-m+fp/hard/libc_nano.a(lib_a-nano-freer.o)
 .ARM.attributes
                0x00000000000006b1       0x34 /usr/share/gcc-arm-none-eabi-10-2020-q4-major/bin/../lib/gcc/arm-none-eabi/10.2.1/../../../../arm-none-eabi/lib/thumb/v7e-m+fp/hard/libc_nano.a(lib_a-nano-mallocr.o)
 .ARM.attributes
                0x00000000000006e5       0x34 /usr/share/gcc-arm-none-eabi-10-2020-q4-major/bin/../lib/gcc/arm-none-eabi/10.2.1/../../../../arm-none-eabi/lib/thumb/v7e-m+fp/hard/libc_nano.a(lib_a-nano-vfprintf.o)
 .ARM.attributes
                0x0000000000000719       0x34 /usr/share/gcc-arm-none-eabi-10-2020-q4-major/bin/../lib/gcc/arm-none-eabi/10.2.1/../../../../arm-none-eabi/lib/thumb/v7e-m+fp/hard/libc_nano.a(lib_a-sbrkr.o)
 .ARM.attributes
                0x000000000000074d       0x34 /usr/share/gcc-arm-none-eabi-10-2020-q4-major/bin/../lib/gcc/arm-none-eabi/10.2.1/../../../../arm-none-eabi/lib/thumb/v7e-m+fp/hard/libc_nano.a(lib_a-stdio.o)
 .ARM.attributes
                0x0000000000000781       0x34 /usr/share/gcc-arm-none-eabi-10-2020-q4-major/bin/../lib/gcc/arm-none-eabi/10.2.1/../../../../arm-none-eabi/lib/thumb/v7e-m+fp/hard/libc_nano.a(lib_a-writer.o)
 .ARM.attributes
                0x00000000000007b5       0x34 /usr/share/gcc-arm-none-eabi-10-2020-q4-major/bin/../lib/gcc/arm-none-eabi/10.2.1/../../../../arm-none-eabi/lib/thumb/v7e-m+fp/hard/libc_nano.a(lib_a-assert.o)
 .ARM.attributes
                0x00000000000007e9       0x34 /usr/share/gcc-arm-none-eabi-10-2020-q4-major/bin/../lib/gcc/arm-none-eabi/10.2.1/../../../../arm-none-eabi/lib/thumb/v7e-m+fp/hard/libc_nano.a(lib_a-closer.o)
 .ARM.attributes
                0x000000000000081d       0x34 /usr/share/gcc-arm-none-eabi-10-2020-q4-major/bin/../lib/gcc/arm-none-eabi/10.2.1/../../../../arm-none-eabi/lib/thumb/v7e-m+fp/hard/libc_nano.a(lib_a-fprintf.o)
 .ARM.attributes
                0x0000000000000851       0x34 /usr/share/gcc-arm-none-eabi-10-2020-q4-major/bin/../lib/gcc/arm-none-eabi/10.2.1/../../../../arm-none-eabi/lib/thumb/v7e-m+fp/hard/libc_nano.a(lib_a-fstatr.o)
 .ARM.attributes
                0x0000000000000885       0x34 /usr/share/gcc-arm-none-eabi-10-2020-q4-major/bin/../lib/gcc/arm-none-eabi/10.2.1/../../../../arm-none-eabi/lib/thumb/v7e-m+fp/hard/libc_nano.a(lib_a-isattyr.o)
 .ARM.attributes
                0x00000000000008b9       0x34 /usr/share/gcc-arm-none-eabi-10-2020-q4-major/bin/../lib/gcc/arm-none-eabi/10.2.1/../../../../arm-none-eabi/lib/thumb/v7e-m+fp/hard/libc_nano.a(lib_a-locale.o)
 .ARM.attributes
                0x00000000000008ed       0x34 /usr/share/gcc-arm-none-eabi-10-2020-q4-major/bin/../lib/gcc/arm-none-eabi/10.2.1/../../../../arm-none-eabi/lib/thumb/v7e-m+fp/hard/libc_nano.a(lib_a-lseekr.o)
 .ARM.attributes
                0x0000000000000921       0x34 /usr/share/gcc-arm-none-eabi-10-2020-q4-major/bin/../lib/gcc/arm-none-eabi/10.2.1/../../../../arm-none-eabi/lib/thumb/v7e-m+fp/hard/libc_nano.a(lib_a-mbtowc_r.o)
 .ARM.attributes
                0x0000000000000955       0x34 /usr/share/gcc-arm-none-eabi-10-2020-q4-major/bin/../lib/gcc/arm-none-eabi/10.2.1/../../../../arm-none-eabi/lib/thumb/v7e-m+fp/hard/libc_nano.a(lib_a-mlock.o)
 .ARM.attributes
                0x0000000000000989       0x34 /usr/share/gcc-arm-none-eabi-10-2020-q4-major/bin/../lib/gcc/arm-none-eabi/10.2.1/../../../../arm-none-eabi/lib/thumb/v7e-m+fp/hard/libc_nano.a(lib_a-readr.o)
 .ARM.attributes
                0x00000000000009bd       0x34 /usr/share/gcc-arm-none-eabi-10-2020-q4-major/bin/../lib/gcc/arm-none-eabi/10.2.1/../../../../arm-none-eabi/lib/thumb/v7e-m+fp/hard/libc_nano.a(lib_a-reent.o)
 .ARM.attributes
                0x00000000000009f1       0x34 /usr/share/gcc-arm-none-eabi-10-2020-q4-major/bin/../lib/gcc/arm-none-eabi/10.2.1/../../../../arm-none-eabi/lib/thumb/v7e-m+fp/hard/libc_nano.a(lib_a-wctomb_r.o)
 .ARM.attributes
                0x0000000000000a25       0x34 /usr/share/gcc-arm-none-eabi-10-2020-q4-major/bin/../lib/gcc/arm-none-eabi/10.2.1/../../../../arm-none-eabi/lib/thumb/v7e-m+fp/hard/libc_nano.a(lib_a-abort.o)
 .ARM.attributes
                0x0000000000000a59       0x32 /usr/share/gcc-arm-none-eabi-10-2020-q4-major/bin/../lib/gcc/arm-none-eabi/10.2.1/../../../../arm-none-eabi/lib/thumb/v7e-m+fp/hard/libc_nano.a(lib_a-ctype_.o)
 .ARM.attributes
                0x0000000000000a8b       0x34 /usr/share/gcc-arm-none-eabi-10-2020-q4-major/bin/../lib/gcc/arm-none-eabi/10.2.1/../../../../arm-none-eabi/lib/thumb/v7e-m+fp/hard/libc_nano.a(lib_a-signal.o)
 .ARM.attributes
                0x0000000000000abf       0x34 /usr/share/gcc-arm-none-eabi-10-2020-q4-major/bin/../lib/gcc/arm-none-eabi/10.2.1/../../../../arm-none-eabi/lib/thumb/v7e-m+fp/hard/libc_nano.a(lib_a-signalr.o)
 .ARM.attributes
                0x0000000000000af3       0x1e /usr/share/gcc-arm-none-eabi-10-2020-q4-major/bin/../lib/gcc/arm-none-eabi/10.2.1/thumb/v7e-m+fp/hard/libgcc.a(_arm_addsubdf3.o)
 .ARM.attributes
                0x0000000000000b11       0x1e /usr/share/gcc-arm-none-eabi-10-2020-q4-major/bin/../lib/gcc/arm-none-eabi/10.2.1/thumb/v7e-m+fp/hard/libgcc.a(_arm_muldivdf3.o)
 .ARM.attributes
                0x0000000000000b2f       0x1e /usr/share/gcc-arm-none-eabi-10-2020-q4-major/bin/../lib/gcc/arm-none-eabi/10.2.1/thumb/v7e-m+fp/hard/libgcc.a(_arm_cmpdf2.o)
 .ARM.attributes
                0x0000000000000b4d       0x1e /usr/share/gcc-arm-none-eabi-10-2020-q4-major/bin/../lib/gcc/arm-none-eabi/10.2.1/thumb/v7e-m+fp/hard/libgcc.a(_arm_unorddf2.o)
 .ARM.attributes
                0x0000000000000b6b       0x1e /usr/share/gcc-arm-none-eabi-10-2020-q4-major/bin/../lib/gcc/arm-none-eabi/10.2.1/thumb/v7e-m+fp/hard/libgcc.a(_arm_fixdfsi.o)
 .ARM.attributes
                0x0000000000000b89       0x34 /usr/share/gcc-arm-none-eabi-10-2020-q4-major/bin/../lib/gcc/arm-none-eabi/10.2.1/../../../../arm-none-eabi/lib/thumb/v7e-m+fp/hard/libnosys.a(close.o)
 .ARM.attributes
                0x0000000000000bbd       0x34 /usr/share/gcc-arm-none-eabi-10-2020-q4-major/bin/../lib/gcc/arm-none-eabi/10.2.1/../../../../arm-none-eabi/lib/thumb/v7e-m+fp/hard/libnosys.a(fstat.o)
 .ARM.attributes
                0x0000000000000bf1       0x34 /usr/share/gcc-arm-none-eabi-10-2020-q4-major/bin/../lib/gcc/arm-none-eabi/10.2.1/../../../../arm-none-eabi/lib/thumb/v7e-m+fp/hard/libnosys.a(getpid.o)
 .ARM.attributes
                0x0000000000000c25       0x34 /usr/share/gcc-arm-none-eabi-10-2020-q4-major/bin/../lib/gcc/arm-none-eabi/10.2.1/../../../../arm-none-eabi/lib/thumb/v7e-m+fp/hard/libnosys.a(isatty.o)
 .ARM.attributes
                0x0000000000000c59       0x34 /usr/share/gcc-arm-none-eabi-10-2020-q4-major/bin/../lib/gcc/arm-none-eabi/10.2.1/../../../../arm-none-eabi/lib/thumb/v7e-m+fp/hard/libnosys.a(kill.o)
 .ARM.attributes
                0x0000000000000c8d       0x34 /usr/share/gcc-arm-none-eabi-10-2020-q4-major/bin/../lib/gcc/arm-none-eabi/10.2.1/../../../../arm-none-eabi/lib/thumb/v7e-m+fp/hard/libnosys.a(lseek.o)
 .ARM.attributes
                0x0000000000000cc1       0x34 /usr/share/gcc-arm-none-eabi-10-2020-q4-major/bin/../lib/gcc/arm-none-eabi/10.2.1/../../../../arm-none-eabi/lib/thumb/v7e-m+fp/hard/libnosys.a(read.o)
 .ARM.attributes
                0x0000000000000cf5       0x34 /usr/share/gcc-arm-none-eabi-10-2020-q4-major/bin/../lib/gcc/arm-none-eabi/10.2.1/../../../../arm-none-eabi/lib/thumb/v7e-m+fp/hard/libnosys.a(sbrk.o)
 .ARM.attributes
                0x0000000000000d29       0x34 /usr/share/gcc-arm-none-eabi-10-2020-q4-major/bin/../lib/gcc/arm-none-eabi/10.2.1/../../../../arm-none-eabi/lib/thumb/v7e-m+fp/hard/libnosys.a(_exit.o)

.debug_frame    0x0000000000000000     0x1e70
 .debug_frame   0x0000000000000000       0x74 ./i2c_opencm3.o
 .debug_frame   0x0000000000000074       0x88 ./main.o
 .debug_frame   0x00000000000000fc      0x104 ./mpu6050.o
 .debug_frame   0x0000000000000200       0x70 ../../lib/libopencm3//lib/libopencm3_stm32f3.a(gpio_common_f0234.o)
 .debug_frame   0x0000000000000270      0x2e0 ../../lib/libopencm3//lib/libopencm3_stm32f3.a(i2c_common_v2.o)
 .debug_frame   0x0000000000000550      0x2a0 ../../lib/libopencm3//lib/libopencm3_stm32f3.a(rcc.o)
 .debug_frame   0x00000000000007f0       0xe0 ../../lib/libopencm3//lib/libopencm3_stm32f3.a(rcc_common_all.o)
 .debug_frame   0x00000000000008d0      0x1ac ../../lib/libopencm3//lib/libopencm3_stm32f3.a(usart_common_all.o)
 .debug_frame   0x0000000000000a7c       0x4c ../../lib/libopencm3//lib/libopencm3_stm32f3.a(vector.o)
 .debug_frame   0x0000000000000ac8       0x50 ../../lib/libopencm3//lib/libopencm3_stm32f3.a(flash_common_all.o)
 .debug_frame   0x0000000000000b18      0x130 ../../lib/libopencm3//lib/libopencm3_stm32f3.a(usart_common_v2.o)
 .debug_frame   0x0000000000000c48       0x20 /usr/share/gcc-arm-none-eabi-10-2020-q4-major/bin/../lib/gcc/arm-none-eabi/10.2.1/../../../../arm-none-eabi/lib/thumb/v7e-m+fp/hard/libc_nano.a(lib_a-errno.o)
 .debug_frame   0x0000000000000c68       0x28 /usr/share/gcc-arm-none-eabi-10-2020-q4-major/bin/../lib/gcc/arm-none-eabi/10.2.1/../../../../arm-none-eabi/lib/thumb/v7e-m+fp/hard/libc_nano.a(lib_a-memcpy-stub.o)
 .debug_frame   0x0000000000000c90       0xa0 /usr/share/gcc-arm-none-eabi-10-2020-q4-major/bin/../lib/gcc/arm-none-eabi/10.2.1/../../../../arm-none-eabi/lib/thumb/v7e-m+fp/hard/libc_nano.a(lib_a-nano-vfprintf_float.o)
 .debug_frame   0x0000000000000d30       0x60 /usr/share/gcc-arm-none-eabi-10-2020-q4-major/bin/../lib/gcc/arm-none-eabi/10.2.1/../../../../arm-none-eabi/lib/thumb/v7e-m+fp/hard/libc_nano.a(lib_a-nano-vfprintf_i.o)
 .debug_frame   0x0000000000000d90       0x74 /usr/share/gcc-arm-none-eabi-10-2020-q4-major/bin/../lib/gcc/arm-none-eabi/10.2.1/../../../../arm-none-eabi/lib/thumb/v7e-m+fp/hard/libc_nano.a(lib_a-printf.o)
 .debug_frame   0x0000000000000e04       0x3c /usr/share/gcc-arm-none-eabi-10-2020-q4-major/bin/../lib/gcc/arm-none-eabi/10.2.1/../../../../arm-none-eabi/lib/thumb/v7e-m+fp/hard/libc_nano.a(lib_a-puts.o)
 .debug_frame   0x0000000000000e40       0x40 /usr/share/gcc-arm-none-eabi-10-2020-q4-major/bin/../lib/gcc/arm-none-eabi/10.2.1/../../../../arm-none-eabi/lib/thumb/v7e-m+fp/hard/libc_nano.a(lib_a-wbuf.o)
 .debug_frame   0x0000000000000e80       0x2c /usr/share/gcc-arm-none-eabi-10-2020-q4-major/bin/../lib/gcc/arm-none-eabi/10.2.1/../../../../arm-none-eabi/lib/thumb/v7e-m+fp/hard/libc_nano.a(lib_a-wsetup.o)
 .debug_frame   0x0000000000000eac       0x88 /usr/share/gcc-arm-none-eabi-10-2020-q4-major/bin/../lib/gcc/arm-none-eabi/10.2.1/../../../../arm-none-eabi/lib/thumb/v7e-m+fp/hard/libc_nano.a(lib_a-dtoa.o)
 .debug_frame   0x0000000000000f34       0x5c /usr/share/gcc-arm-none-eabi-10-2020-q4-major/bin/../lib/gcc/arm-none-eabi/10.2.1/../../../../arm-none-eabi/lib/thumb/v7e-m+fp/hard/libc_nano.a(lib_a-fflush.o)
 .debug_frame   0x0000000000000f90      0x14c /usr/share/gcc-arm-none-eabi-10-2020-q4-major/bin/../lib/gcc/arm-none-eabi/10.2.1/../../../../arm-none-eabi/lib/thumb/v7e-m+fp/hard/libc_nano.a(lib_a-findfp.o)
 .debug_frame   0x00000000000010dc       0x54 /usr/share/gcc-arm-none-eabi-10-2020-q4-major/bin/../lib/gcc/arm-none-eabi/10.2.1/../../../../arm-none-eabi/lib/thumb/v7e-m+fp/hard/libc_nano.a(lib_a-fwalk.o)
 .debug_frame   0x0000000000001130       0x40 /usr/share/gcc-arm-none-eabi-10-2020-q4-major/bin/../lib/gcc/arm-none-eabi/10.2.1/../../../../arm-none-eabi/lib/thumb/v7e-m+fp/hard/libc_nano.a(lib_a-localeconv.o)
 .debug_frame   0x0000000000001170       0xb0 /usr/share/gcc-arm-none-eabi-10-2020-q4-major/bin/../lib/gcc/arm-none-eabi/10.2.1/../../../../arm-none-eabi/lib/thumb/v7e-m+fp/hard/libc_nano.a(lib_a-lock.o)
 .debug_frame   0x0000000000001220       0x58 /usr/share/gcc-arm-none-eabi-10-2020-q4-major/bin/../lib/gcc/arm-none-eabi/10.2.1/../../../../arm-none-eabi/lib/thumb/v7e-m+fp/hard/libc_nano.a(lib_a-makebuf.o)
 .debug_frame   0x0000000000001278       0x30 /usr/share/gcc-arm-none-eabi-10-2020-q4-major/bin/../lib/gcc/arm-none-eabi/10.2.1/../../../../arm-none-eabi/lib/thumb/v7e-m+fp/hard/libc_nano.a(lib_a-malloc.o)
 .debug_frame   0x00000000000012a8       0x20 /usr/share/gcc-arm-none-eabi-10-2020-q4-major/bin/../lib/gcc/arm-none-eabi/10.2.1/../../../../arm-none-eabi/lib/thumb/v7e-m+fp/hard/libc_nano.a(lib_a-memset.o)
 .debug_frame   0x00000000000012c8      0x25c /usr/share/gcc-arm-none-eabi-10-2020-q4-major/bin/../lib/gcc/arm-none-eabi/10.2.1/../../../../arm-none-eabi/lib/thumb/v7e-m+fp/hard/libc_nano.a(lib_a-mprec.o)
 .debug_frame   0x0000000000001524       0x2c /usr/share/gcc-arm-none-eabi-10-2020-q4-major/bin/../lib/gcc/arm-none-eabi/10.2.1/../../../../arm-none-eabi/lib/thumb/v7e-m+fp/hard/libc_nano.a(lib_a-nano-callocr.o)
 .debug_frame   0x0000000000001550       0x38 /usr/share/gcc-arm-none-eabi-10-2020-q4-major/bin/../lib/gcc/arm-none-eabi/10.2.1/../../../../arm-none-eabi/lib/thumb/v7e-m+fp/hard/libc_nano.a(lib_a-nano-freer.o)
 .debug_frame   0x0000000000001588       0x30 /usr/share/gcc-arm-none-eabi-10-2020-q4-major/bin/../lib/gcc/arm-none-eabi/10.2.1/../../../../arm-none-eabi/lib/thumb/v7e-m+fp/hard/libc_nano.a(lib_a-nano-mallocr.o)