Archive member included to satisfy reference by file (symbol)

../../lib/libopencm3//lib/libopencm3_stm32f3.a(vector.o)
                              (reset_handler)
/usr/local/picolibc/arm-none-eabi/lib/thumb/v7e-m+fp/hard/libc.a(fputs.c.o)
                              main.o (fputs)

Discarded input sections

 .group         0x0000000000000000        0xc main.o
 .group         0x0000000000000000        0xc main.o
 .group         0x0000000000000000        0xc main.o
 .group         0x0000000000000000        0xc main.o
 .group         0x0000000000000000        0xc main.o
 .group         0x0000000000000000        0xc main.o
 .group         0x0000000000000000        0xc main.o
 .group         0x0000000000000000        0xc main.o
 .group         0x0000000000000000        0xc main.o
 .group         0x0000000000000000        0xc main.o
 .group         0x0000000000000000        0xc main.o
 .group         0x0000000000000000        0xc main.o
 .group         0x0000000000000000        0xc main.o
 .group         0x0000000000000000        0xc main.o
 .group         0x0000000000000000        0xc main.o
 .group         0x0000000000000000        0xc main.o
 .group         0x0000000000000000        0xc main.o
 .group         0x0000000000000000        0xc main.o
 .group         0x0000000000000000        0xc main.o
 .group         0x0000000000000000        0xc main.o
 .group         0x0000000000000000        0xc main.o
 .group         0x0000000000000000        0xc main.o
 .group         0x0000000000000000        0xc main.o
 .group         0x0000000000000000        0xc main.o
 .group         0x0000000000000000        0xc main.o
 .group         0x0000000000000000        0xc main.o
 .group         0x0000000000000000        0xc main.o
 .group         0x0000000000000000        0xc main.o
 .group         0x0000000000000000        0xc main.o
 .group         0x0000000000000000        0xc main.o
 .text          0x0000000000000000        0x0 main.o
 .data          0x0000000000000000        0x0 main.o
 .bss           0x0000000000000000        0x0 main.o
 .rodata.__iob  0x0000000000000000        0xc main.o
 .group         0x0000000000000000        0xc ../../lib/libopencm3//lib/libopencm3_stm32f3.a(vector.o)
 .group         0x0000000000000000        0xc ../../lib/libopencm3//lib/libopencm3_stm32f3.a(vector.o)
 .group         0x0000000000000000        0xc ../../lib/libopencm3//lib/libopencm3_stm32f3.a(vector.o)
 .group         0x0000000000000000        0xc ../../lib/libopencm3//lib/libopencm3_stm32f3.a(vector.o)
 .group         0x0000000000000000        0xc ../../lib/libopencm3//lib/libopencm3_stm32f3.a(vector.o)
 .group         0x0000000000000000        0xc ../../lib/libopencm3//lib/libopencm3_stm32f3.a(vector.o)
 .group         0x0000000000000000        0xc ../../lib/libopencm3//lib/libopencm3_stm32f3.a(vector.o)
 .group         0x0000000000000000        0xc ../../lib/libopencm3//lib/libopencm3_stm32f3.a(vector.o)
 .group         0x0000000000000000        0xc ../../lib/libopencm3//lib/libopencm3_stm32f3.a(vector.o)
 .group         0x0000000000000000        0xc ../../lib/libopencm3//lib/libopencm3_stm32f3.a(vector.o)
 .group         0x0000000000000000        0xc ../../lib/libopencm3//lib/libopencm3_stm32f3.a(vector.o)
 .group         0x0000000000000000        0xc ../../lib/libopencm3//lib/libopencm3_stm32f3.a(vector.o)
 .group         0x0000000000000000        0xc ../../lib/libopencm3//lib/libopencm3_stm32f3.a(vector.o)
 .group         0x0000000000000000        0xc ../../lib/libopencm3//lib/libopencm3_stm32f3.a(vector.o)
 .text          0x0000000000000000        0x0 ../../lib/libopencm3//lib/libopencm3_stm32f3.a(vector.o)
 .data          0x0000000000000000        0x0 ../../lib/libopencm3//lib/libopencm3_stm32f3.a(vector.o)
 .bss           0x0000000000000000        0x0 ../../lib/libopencm3//lib/libopencm3_stm32f3.a(vector.o)
 .debug_macro   0x0000000000000000      0xa6c ../../lib/libopencm3//lib/libopencm3_stm32f3.a(vector.o)
 .debug_macro   0x0000000000000000      0x103 ../../lib/libopencm3//lib/libopencm3_stm32f3.a(vector.o)
 .debug_macro   0x0000000000000000       0x6a ../../lib/libopencm3//lib/libopencm3_stm32f3.a(vector.o)
 .debug_macro   0x0000000000000000      0x1df ../../lib/libopencm3//lib/libopencm3_stm32f3.a(vector.o)
 .debug_macro   0x0000000000000000       0x22 ../../lib/libopencm3//lib/libopencm3_stm32f3.a(vector.o)
 .text          0x0000000000000000        0x0 /usr/local/picolibc/arm-none-eabi/lib/thumb/v7e-m+fp/hard/libc.a(fputs.c.o)
 .data          0x0000000000000000        0x0 /usr/local/picolibc/arm-none-eabi/lib/thumb/v7e-m+fp/hard/libc.a(fputs.c.o)
 .bss           0x0000000000000000        0x0 /usr/local/picolibc/arm-none-eabi/lib/thumb/v7e-m+fp/hard/libc.a(fputs.c.o)

Memory Configuration

Name             Origin             Length             Attributes
rom              0x0000000008000000 0x0000000000040000 xr
ram              0x0000000020000000 0x000000000000a000 xrw
*default*        0x0000000000000000 0xffffffffffffffff

Linker script and memory map

LOAD main.o
LOAD ../../lib/libopencm3//lib/libopencm3_stm32f3.a
START GROUP
LOAD /usr/local/picolibc/arm-none-eabi/lib/thumb/v7e-m+fp/hard/libc.a
LOAD /usr/share/gcc-arm-none-eabi-10-2020-q4-major/bin/../lib/gcc/arm-none-eabi/10.2.1/thumb/v7e-m+fp/hard/libgcc.a
LOAD /usr/share/gcc-arm-none-eabi-10-2020-q4-major/bin/../lib/gcc/arm-none-eabi/10.2.1/../../../../arm-none-eabi/lib/thumb/v7e-m+fp/hard/libnosys.a
END GROUP
START GROUP
LOAD /usr/share/gcc-arm-none-eabi-10-2020-q4-major/bin/../lib/gcc/arm-none-eabi/10.2.1/thumb/v7e-m+fp/hard/libgcc.a
START GROUP
LOAD /usr/share/gcc-arm-none-eabi-10-2020-q4-major/bin/../lib/gcc/arm-none-eabi/10.2.1/thumb/v7e-m+fp/hard/libgcc.a
LOAD /usr/local/picolibc/arm-none-eabi/lib/thumb/v7e-m+fp/hard/libc.a
END GROUP
END GROUP

.text           0x0000000008000000      0x2d8
 *(.vectors)
 .vectors       0x0000000008000000      0x184 ../../lib/libopencm3//lib/libopencm3_stm32f3.a(vector.o)
                0x0000000008000000                vector_table
 *(.text*)
 .text.uart_put
                0x0000000008000184       0x20 main.o
 .text.uart_get
                0x00000000080001a4        0x4 main.o
 .text.uart_flush
                0x00000000080001a8        0x4 main.o
 .text.startup.main
                0x00000000080001ac       0x48 main.o
                0x00000000080001ac                main
 .text.blocking_handler
                0x00000000080001f4        0x2 ../../lib/libopencm3//lib/libopencm3_stm32f3.a(vector.o)
                0x00000000080001f4                usb_lp_isr
                0x00000000080001f4                i2c2_ev_exti24_isr
                0x00000000080001f4                usb_hp_isr
                0x00000000080001f4                hrtim_timb_isr
                0x00000000080001f4                tim7_isr
                0x00000000080001f4                adc1_2_isr
                0x00000000080001f4                hrtim_timc_isr
                0x00000000080001f4                reserved_13_isr
                0x00000000080001f4                blocking_handler
                0x00000000080001f4                rtc_wkup_isr
                0x00000000080001f4                tim1_up_tim16_isr
                0x00000000080001f4                spi1_isr
                0x00000000080001f4                dma1_channel6_isr
                0x00000000080001f4                reserved_5_isr
                0x00000000080001f4                dma1_channel5_isr
                0x00000000080001f4                dma2_channel5_isr
                0x00000000080001f4                tamp_stamp_isr
                0x00000000080001f4                can1_rx1_isr
                0x00000000080001f4                hrtim_master_isr
                0x00000000080001f4                hrtim_tima_isr
                0x00000000080001f4                usage_fault_handler
                0x00000000080001f4                tim8_trg_com_isr
                0x00000000080001f4                i2c1_ev_exti23_isr
                0x00000000080001f4                tim1_trg_com_tim17_isr
                0x00000000080001f4                reserved_15_isr
                0x00000000080001f4                usb_wkup_isr
                0x00000000080001f4                can1_sce_isr
                0x00000000080001f4                reserved_3_isr
                0x00000000080001f4                tim1_cc_isr
                0x00000000080001f4                eth_isr
                0x00000000080001f4                reserved_14_isr
                0x00000000080001f4                dma1_channel4_isr
                0x00000000080001f4                tim8_brk_isr
                0x00000000080001f4                dma2_channel4_isr
                0x00000000080001f4                pvd_isr
                0x00000000080001f4                comp123_isr
                0x00000000080001f4                comp456_isr
                0x00000000080001f4                rcc_isr
                0x00000000080001f4                flash_isr
                0x00000000080001f4                rtc_alarm_isr
                0x00000000080001f4                reserved_2_isr
                0x00000000080001f4                exti15_10_isr
                0x00000000080001f4                hard_fault_handler
                0x00000000080001f4                exti1_isr
                0x00000000080001f4                dma2_channel1_isr
                0x00000000080001f4                spi2_isr
                0x00000000080001f4                nvic_wwdg_isr
                0x00000000080001f4                tim8_up_isr
                0x00000000080001f4                usart1_exti25_isr
                0x00000000080001f4                dma2_channel2_isr
                0x00000000080001f4                exti3_isr
                0x00000000080001f4                adc3_isr
                0x00000000080001f4                tim3_isr
                0x00000000080001f4                i2c2_er_isr
                0x00000000080001f4                reserved_1_isr
                0x00000000080001f4                dma1_channel1_isr
                0x00000000080001f4                exti4_isr
                0x00000000080001f4                tim6_dac_isr
                0x00000000080001f4                mem_manage_handler
                0x00000000080001f4                exti9_5_isr
                0x00000000080001f4                dma2_channel3_isr
                0x00000000080001f4                usb_hp_can1_tx_isr
                0x00000000080001f4                dma1_channel7_isr
                0x00000000080001f4                usart3_exti28_isr
                0x00000000080001f4                tim4_isr
                0x00000000080001f4                usb_lp_can1_rx0_isr
                0x00000000080001f4                hrtim_time_isr
                0x00000000080001f4                hrtim_timd_isr
                0x00000000080001f4                dma1_channel2_isr
                0x00000000080001f4                i2c1_er_isr
                0x00000000080001f4                tim8_cc_isr
                0x00000000080001f4                comp7_isr
                0x00000000080001f4                uart5_exti35_isr
                0x00000000080001f4                reserved_4_isr
                0x00000000080001f4                hrtim_flt_isr
                0x00000000080001f4                bus_fault_handler
                0x00000000080001f4                tim1_brk_tim15_isr
                0x00000000080001f4                dma1_channel3_isr
                0x00000000080001f4                uart4_exti34_isr
                0x00000000080001f4                usart2_exti26_isr
                0x00000000080001f4                spi3_isr
                0x00000000080001f4                tim2_isr
                0x00000000080001f4                reserved_16_isr
                0x00000000080001f4                exti2_tsc_isr
                0x00000000080001f4                usb_wkup_a_isr
                0x00000000080001f4                exti0_isr
 .text.null_handler
                0x00000000080001f6        0x2 ../../lib/libopencm3//lib/libopencm3_stm32f3.a(vector.o)
                0x00000000080001f6                null_handler
                0x00000000080001f6                sv_call_handler
                0x00000000080001f6                pend_sv_handler
                0x00000000080001f6                debug_monitor_handler
                0x00000000080001f6                sys_tick_handler
                0x00000000080001f6                nmi_handler
 .text.reset_handler
                0x00000000080001f8       0xa0 ../../lib/libopencm3//lib/libopencm3_stm32f3.a(vector.o)
                0x00000000080001f8                reset_handler
 .text.fputs    0x0000000008000298       0x2e /usr/local/picolibc/arm-none-eabi/lib/thumb/v7e-m+fp/hard/libc.a(fputs.c.o)
                0x0000000008000298                fputs
                0x00000000080002c8                . = ALIGN (0x4)
 *fill*         0x00000000080002c6        0x2 
 *(.rodata*)
 .rodata.main.str1.1
                0x00000000080002c8        0xd main.o
                0x00000000080002d8                . = ALIGN (0x4)
 *fill*         0x00000000080002d5        0x3 

.glue_7         0x00000000080002d8        0x0
 .glue_7        0x00000000080002d8        0x0 linker stubs

.glue_7t        0x00000000080002d8        0x0
 .glue_7t       0x00000000080002d8        0x0 linker stubs

.vfp11_veneer   0x00000000080002d8        0x0
 .vfp11_veneer  0x00000000080002d8        0x0 linker stubs

.v4_bx          0x00000000080002d8        0x0
 .v4_bx         0x00000000080002d8        0x0 linker stubs

.iplt           0x00000000080002d8        0x0
 .iplt          0x00000000080002d8        0x0 main.o

.rel.dyn        0x00000000080002d8        0x0
 .rel.iplt      0x00000000080002d8        0x0 main.o

.preinit_array  0x00000000080002d8        0x0
                0x00000000080002d8                . = ALIGN (0x4)
                0x00000000080002d8                __preinit_array_start = .
 *(.preinit_array)
                0x00000000080002d8                __preinit_array_end = .

.init_array     0x00000000080002d8        0x0
                0x00000000080002d8                . = ALIGN (0x4)
                0x00000000080002d8                __init_array_start = .
 *(SORT_BY_NAME(.init_array.*))
 *(.init_array)
                0x00000000080002d8                __init_array_end = .

.fini_array     0x00000000080002d8        0x0
                0x00000000080002d8                . = ALIGN (0x4)
                0x00000000080002d8                __fini_array_start = .
 *(.fini_array)
 *(SORT_BY_NAME(.fini_array.*))
                0x00000000080002d8                __fini_array_end = .

.ARM.extab
 *(.ARM.extab*)

.ARM.exidx      0x00000000080002d8        0x0
                0x00000000080002d8                __exidx_start = .
 *(.ARM.exidx*)
                0x00000000080002d8                __exidx_end = .
                0x00000000080002d8                . = ALIGN (0x4)
                0x00000000080002d8                _etext = .

.noinit
 *(.noinit*)
                0x00000000080002d8                . = ALIGN (0x4)

.data           0x0000000020000000       0x10 load address 0x00000000080002d8
                0x0000000020000000                _data = .
 *(.data*)
 .data.usart2_stdio
                0x0000000020000000       0x10 main.o
 *(.ramtext*)
                0x0000000020000010                . = ALIGN (0x4)
                0x0000000020000010                _edata = .
                0x00000000080002d8                _data_loadaddr = LOADADDR (.data)

.igot.plt       0x0000000020000010        0x0 load address 0x00000000080002e8
 .igot.plt      0x0000000020000010        0x0 main.o

.bss            0x0000000020000010        0x0 load address 0x00000000080002e8
 *(.bss*)
 *(COMMON)
                0x0000000020000010                . = ALIGN (0x4)
                0x0000000020000010                _ebss = .

/DISCARD/
 *(.eh_frame)
                0x0000000020000010                . = ALIGN (0x4)
                0x0000000020000010                end = .
                0x000000002000a000                PROVIDE (_stack = (ORIGIN (ram) + LENGTH (ram)))
OUTPUT(main.elf elf32-littlearm)
LOAD linker stubs

.debug_info     0x0000000000000000      0x911
 .debug_info    0x0000000000000000      0x443 main.o
 .debug_info    0x0000000000000443      0x2f2 ../../lib/libopencm3//lib/libopencm3_stm32f3.a(vector.o)
 .debug_info    0x0000000000000735      0x1dc /usr/local/picolibc/arm-none-eabi/lib/thumb/v7e-m+fp/hard/libc.a(fputs.c.o)

.debug_abbrev   0x0000000000000000      0x4c9
 .debug_abbrev  0x0000000000000000      0x251 main.o
 .debug_abbrev  0x0000000000000251      0x15b ../../lib/libopencm3//lib/libopencm3_stm32f3.a(vector.o)
 .debug_abbrev  0x00000000000003ac      0x11d /usr/local/picolibc/arm-none-eabi/lib/thumb/v7e-m+fp/hard/libc.a(fputs.c.o)

.debug_loc      0x0000000000000000      0x272
 .debug_loc     0x0000000000000000       0x70 main.o
 .debug_loc     0x0000000000000070      0x128 ../../lib/libopencm3//lib/libopencm3_stm32f3.a(vector.o)
 .debug_loc     0x0000000000000198       0xda /usr/local/picolibc/arm-none-eabi/lib/thumb/v7e-m+fp/hard/libc.a(fputs.c.o)

.debug_aranges  0x0000000000000000       0x80
 .debug_aranges
                0x0000000000000000       0x30 main.o
 .debug_aranges
                0x0000000000000030       0x30 ../../lib/libopencm3//lib/libopencm3_stm32f3.a(vector.o)
 .debug_aranges
                0x0000000000000060       0x20 /usr/local/picolibc/arm-none-eabi/lib/thumb/v7e-m+fp/hard/libc.a(fputs.c.o)

.debug_ranges   0x0000000000000000       0x80
 .debug_ranges  0x0000000000000000       0x50 main.o
 .debug_ranges  0x0000000000000050       0x20 ../../lib/libopencm3//lib/libopencm3_stm32f3.a(vector.o)
 .debug_ranges  0x0000000000000070       0x10 /usr/local/picolibc/arm-none-eabi/lib/thumb/v7e-m+fp/hard/libc.a(fputs.c.o)

.debug_macro    0x0000000000000000     0xdc90
 .debug_macro   0x0000000000000000      0x16d main.o
 .debug_macro   0x000000000000016d      0xa6c main.o
 .debug_macro   0x0000000000000bd9      0x46e main.o
 .debug_macro   0x0000000000001047       0x39 main.o
 .debug_macro   0x0000000000001080       0x5c main.o
 .debug_macro   0x00000000000010dc      0x183 main.o
 .debug_macro   0x000000000000125f       0x43 main.o
 .debug_macro   0x00000000000012a2      0x103 main.o
 .debug_macro   0x00000000000013a5       0x34 main.o
 .debug_macro   0x00000000000013d9       0x57 main.o
 .debug_macro   0x0000000000001430       0x6a main.o
 .debug_macro   0x000000000000149a      0x1df main.o
 .debug_macro   0x0000000000001679       0x82 main.o
 .debug_macro   0x00000000000016fb      0x4cc main.o
 .debug_macro   0x0000000000001bc7       0x58 main.o
 .debug_macro   0x0000000000001c1f       0x16 main.o
 .debug_macro   0x0000000000001c35       0x97 main.o
 .debug_macro   0x0000000000001ccc       0x35 main.o
 .debug_macro   0x0000000000001d01       0x10 main.o
 .debug_macro   0x0000000000001d11       0x20 main.o
 .debug_macro   0x0000000000001d31       0xf9 main.o
 .debug_macro   0x0000000000001e2a       0x16 main.o
 .debug_macro   0x0000000000001e40       0x27 main.o
 .debug_macro   0x0000000000001e67       0x86 main.o
 .debug_macro   0x0000000000001eed      0x35f main.o
 .debug_macro   0x000000000000224c       0x22 main.o
 .debug_macro   0x000000000000226e       0x22 main.o
 .debug_macro   0x0000000000002290       0xc5 main.o
 .debug_macro   0x0000000000002355       0x19 main.o
 .debug_macro   0x000000000000236e     0xae98 main.o
 .debug_macro   0x000000000000d206       0xc4 main.o
 .debug_macro   0x000000000000d2ca       0xd3 ../../lib/libopencm3//lib/libopencm3_stm32f3.a(vector.o)
 .debug_macro   0x000000000000d39d       0x76 ../../lib/libopencm3//lib/libopencm3_stm32f3.a(vector.o)
 .debug_macro   0x000000000000d413       0x1c ../../lib/libopencm3//lib/libopencm3_stm32f3.a(vector.o)
 .debug_macro   0x000000000000d42f       0x22 ../../lib/libopencm3//lib/libopencm3_stm32f3.a(vector.o)
 .debug_macro   0x000000000000d451       0x56 ../../lib/libopencm3//lib/libopencm3_stm32f3.a(vector.o)
 .debug_macro   0x000000000000d4a7       0x51 ../../lib/libopencm3//lib/libopencm3_stm32f3.a(vector.o)
 .debug_macro   0x000000000000d4f8       0xe8 ../../lib/libopencm3//lib/libopencm3_stm32f3.a(vector.o)
 .debug_macro   0x000000000000d5e0      0x452 ../../lib/libopencm3//lib/libopencm3_stm32f3.a(vector.o)
 .debug_macro   0x000000000000da32       0x6e ../../lib/libopencm3//lib/libopencm3_stm32f3.a(vector.o)
 .debug_macro   0x000000000000daa0      0x1f0 ../../lib/libopencm3//lib/libopencm3_stm32f3.a(vector.o)

.debug_line     0x0000000000000000      0x8de
 .debug_line    0x0000000000000000      0x376 main.o
 .debug_line    0x0000000000000376      0x480 ../../lib/libopencm3//lib/libopencm3_stm32f3.a(vector.o)
 .debug_line    0x00000000000007f6       0xe8 /usr/local/picolibc/arm-none-eabi/lib/thumb/v7e-m+fp/hard/libc.a(fputs.c.o)

.debug_str      0x0000000000000000    0x4a1ca
 .debug_str     0x0000000000000000    0x46de3 main.o
                                      0x47082 (size before relaxing)
 .debug_str     0x0000000000046de3     0x32ed ../../lib/libopencm3//lib/libopencm3_stm32f3.a(vector.o)
                                       0x6d44 (size before relaxing)
 .debug_str     0x000000000004a0d0       0xfa /usr/local/picolibc/arm-none-eabi/lib/thumb/v7e-m+fp/hard/libc.a(fputs.c.o)
                                        0x1e5 (size before relaxing)

.comment        0x0000000000000000       0x4d
 .comment       0x0000000000000000       0x4d main.o
                                         0x4e (size before relaxing)
 .comment       0x000000000000004d       0x4e ../../lib/libopencm3//lib/libopencm3_stm32f3.a(vector.o)
 .comment       0x000000000000004d       0x4e /usr/local/picolibc/arm-none-eabi/lib/thumb/v7e-m+fp/hard/libc.a(fputs.c.o)

.ARM.attributes
                0x0000000000000000       0x34
 .ARM.attributes
                0x0000000000000000       0x34 main.o
 .ARM.attributes
                0x0000000000000034       0x34 ../../lib/libopencm3//lib/libopencm3_stm32f3.a(vector.o)
 .ARM.attributes
                0x0000000000000068       0x34 /usr/local/picolibc/arm-none-eabi/lib/thumb/v7e-m+fp/hard/libc.a(fputs.c.o)

.debug_frame    0x0000000000000000       0xd0
 .debug_frame   0x0000000000000000       0x58 main.o
 .debug_frame   0x0000000000000058       0x4c ../../lib/libopencm3//lib/libopencm3_stm32f3.a(vector.o)
 .debug_frame   0x00000000000000a4       0x2c /usr/local/picolibc/arm-none-eabi/lib/thumb/v7e-m+fp/hard/libc.a(fputs.c.o)

Cross Reference Table

Symbol                                            File
__fini_array_end                                  ../../lib/libopencm3//lib/libopencm3_stm32f3.a(vector.o)
__fini_array_start                                ../../lib/libopencm3//lib/libopencm3_stm32f3.a(vector.o)
__init_array_end                                  ../../lib/libopencm3//lib/libopencm3_stm32f3.a(vector.o)
__init_array_start                                ../../lib/libopencm3//lib/libopencm3_stm32f3.a(vector.o)
__iob                                             main.o
__preinit_array_end                               ../../lib/libopencm3//lib/libopencm3_stm32f3.a(vector.o)
__preinit_array_start                             ../../lib/libopencm3//lib/libopencm3_stm32f3.a(vector.o)
_data                                             ../../lib/libopencm3//lib/libopencm3_stm32f3.a(vector.o)
_data_loadaddr                                    ../../lib/libopencm3//lib/libopencm3_stm32f3.a(vector.o)
_ebss                                             ../../lib/libopencm3//lib/libopencm3_stm32f3.a(vector.o)
_edata                                            ../../lib/libopencm3//lib/libopencm3_stm32f3.a(vector.o)
_stack                                            ../../lib/libopencm3//lib/libopencm3_stm32f3.a(vector.o)
adc1_2_isr                                        ../../lib/libopencm3//lib/libopencm3_stm32f3.a(vector.o)
adc3_isr                                          ../../lib/libopencm3//lib/libopencm3_stm32f3.a(vector.o)
blocking_handler                                  ../../lib/libopencm3//lib/libopencm3_stm32f3.a(vector.o)
bus_fault_handler                                 ../../lib/libopencm3//lib/libopencm3_stm32f3.a(vector.o)
can1_rx1_isr                                      ../../lib/libopencm3//lib/libopencm3_stm32f3.a(vector.o)
can1_sce_isr                                      ../../lib/libopencm3//lib/libopencm3_stm32f3.a(vector.o)
comp123_isr                                       ../../lib/libopencm3//lib/libopencm3_stm32f3.a(vector.o)
comp456_isr                                       ../../lib/libopencm3//lib/libopencm3_stm32f3.a(vector.o)
comp7_isr                                         ../../lib/libopencm3//lib/libopencm3_stm32f3.a(vector.o)
debug_monitor_handler                             ../../lib/libopencm3//lib/libopencm3_stm32f3.a(vector.o)
dma1_channel1_isr                                 ../../lib/libopencm3//lib/libopencm3_stm32f3.a(vector.o)
dma1_channel2_isr                                 ../../lib/libopencm3//lib/libopencm3_stm32f3.a(vector.o)
dma1_channel3_isr                                 ../../lib/libopencm3//lib/libopencm3_stm32f3.a(vector.o)
dma1_channel4_isr                                 ../../lib/libopencm3//lib/libopencm3_stm32f3.a(vector.o)
dma1_channel5_isr                                 ../../lib/libopencm3//lib/libopencm3_stm32f3.a(vector.o)
dma1_channel6_isr                                 ../../lib/libopencm3//lib/libopencm3_stm32f3.a(vector.o)
dma1_channel7_isr                                 ../../lib/libopencm3//lib/libopencm3_stm32f3.a(vector.o)
dma2_channel1_isr                                 ../../lib/libopencm3//lib/libopencm3_stm32f3.a(vector.o)
dma2_channel2_isr                                 ../../lib/libopencm3//lib/libopencm3_stm32f3.a(vector.o)
dma2_channel3_isr                                 ../../lib/libopencm3//lib/libopencm3_stm32f3.a(vector.o)
dma2_channel4_isr                                 ../../lib/libopencm3//lib/libopencm3_stm32f3.a(vector.o)
dma2_channel5_isr                                 ../../lib/libopencm3//lib/libopencm3_stm32f3.a(vector.o)
eth_isr                                           ../../lib/libopencm3//lib/libopencm3_stm32f3.a(vector.o)
exti0_isr                                         ../../lib/libopencm3//lib/libopencm3_stm32f3.a(vector.o)
exti15_10_isr                                     ../../lib/libopencm3//lib/libopencm3_stm32f3.a(vector.o)
exti1_isr                                         ../../lib/libopencm3//lib/libopencm3_stm32f3.a(vector.o)
exti2_tsc_isr                                     ../../lib/libopencm3//lib/libopencm3_stm32f3.a(vector.o)
exti3_isr                                         ../../lib/libopencm3//lib/libopencm3_stm32f3.a(vector.o)
exti4_isr                                         ../../lib/libopencm3//lib/libopencm3_stm32f3.a(vector.o)
exti9_5_isr                                       ../../lib/libopencm3//lib/libopencm3_stm32f3.a(vector.o)
flash_isr                                         ../../lib/libopencm3//lib/libopencm3_stm32f3.a(vector.o)
fputs                                             /usr/local/picolibc/arm-none-eabi/lib/thumb/v7e-m+fp/hard/libc.a(fputs.c.o)
                                                  main.o
hard_fault_handler                                ../../lib/libopencm3//lib/libopencm3_stm32f3.a(vector.o)
hrtim_flt_isr                                     ../../lib/libopencm3//lib/libopencm3_stm32f3.a(vector.o)
hrtim_master_isr                                  ../../lib/libopencm3//lib/libopencm3_stm32f3.a(vector.o)
hrtim_tima_isr                                    ../../lib/libopencm3//lib/libopencm3_stm32f3.a(vector.o)
hrtim_timb_isr                                    ../../lib/libopencm3//lib/libopencm3_stm32f3.a(vector.o)
hrtim_timc_isr                                    ../../lib/libopencm3//lib/libopencm3_stm32f3.a(vector.o)
hrtim_timd_isr                                    ../../lib/libopencm3//lib/libopencm3_stm32f3.a(vector.o)
hrtim_time_isr                                    ../../lib/libopencm3//lib/libopencm3_stm32f3.a(vector.o)
i2c1_er_isr                                       ../../lib/libopencm3//lib/libopencm3_stm32f3.a(vector.o)
i2c1_ev_exti23_isr                                ../../lib/libopencm3//lib/libopencm3_stm32f3.a(vector.o)
i2c2_er_isr                                       ../../lib/libopencm3//lib/libopencm3_stm32f3.a(vector.o)
i2c2_ev_exti24_isr                                ../../lib/libopencm3//lib/libopencm3_stm32f3.a(vector.o)
main                                              main.o
                                                  ../../lib/libopencm3//lib/libopencm3_stm32f3.a(vector.o)
mem_manage_handler                                ../../lib/libopencm3//lib/libopencm3_stm32f3.a(vector.o)
nmi_handler                                       ../../lib/libopencm3//lib/libopencm3_stm32f3.a(vector.o)
null_handler                                      ../../lib/libopencm3//lib/libopencm3_stm32f3.a(vector.o)
nvic_wwdg_isr                                     ../../lib/libopencm3//lib/libopencm3_stm32f3.a(vector.o)
pend_sv_handler                                   ../../lib/libopencm3//lib/libopencm3_stm32f3.a(vector.o)
pvd_isr                                           ../../lib/libopencm3//lib/libopencm3_stm32f3.a(vector.o)
rcc_isr                                           ../../lib/libopencm3//lib/libopencm3_stm32f3.a(vector.o)
reserved_13_isr                                   ../../lib/libopencm3//lib/libopencm3_stm32f3.a(vector.o)
reserved_14_isr                                   ../../lib/libopencm3//lib/libopencm3_stm32f3.a(vector.o)
reserved_15_isr                                   ../../lib/libopencm3//lib/libopencm3_stm32f3.a(vector.o)
reserved_16_isr                                   ../../lib/libopencm3//lib/libopencm3_stm32f3.a(vector.o)
reserved_1_isr                                    ../../lib/libopencm3//lib/libopencm3_stm32f3.a(vector.o)
reserved_2_isr                                    ../../lib/libopencm3//lib/libopencm3_stm32f3.a(vector.o)
reserved_3_isr                                    ../../lib/libopencm3//lib/libopencm3_stm32f3.a(vector.o)
reserved_4_isr                                    ../../lib/libopencm3//lib/libopencm3_stm32f3.a(vector.o)
reserved_5_isr                                    ../../lib/libopencm3//lib/libopencm3_stm32f3.a(vector.o)
reset_handler                                     ../../lib/libopencm3//lib/libopencm3_stm32f3.a(vector.o)
rtc_alarm_isr                                     ../../lib/libopencm3//lib/libopencm3_stm32f3.a(vector.o)
rtc_wkup_isr                                      ../../lib/libopencm3//lib/libopencm3_stm32f3.a(vector.o)
spi1_isr                                          ../../lib/libopencm3//lib/libopencm3_stm32f3.a(vector.o)
spi2_isr                                          ../../lib/libopencm3//lib/libopencm3_stm32f3.a(vector.o)
spi3_isr                                          ../../lib/libopencm3//lib/libopencm3_stm32f3.a(vector.o)
sv_call_handler                                   ../../lib/libopencm3//lib/libopencm3_stm32f3.a(vector.o)
sys_tick_handler                                  ../../lib/libopencm3//lib/libopencm3_stm32f3.a(vector.o)
tamp_stamp_isr                                    ../../lib/libopencm3//lib/libopencm3_stm32f3.a(vector.o)
tim1_brk_tim15_isr                                ../../lib/libopencm3//lib/libopencm3_stm32f3.a(vector.o)
tim1_cc_isr                                       ../../lib/libopencm3//lib/libopencm3_stm32f3.a(vector.o)
tim1_trg_com_tim17_isr                            ../../lib/libopencm3//lib/libopencm3_stm32f3.a(vector.o)
tim1_up_tim16_isr                                 ../../lib/libopencm3//lib/libopencm3_stm32f3.a(vector.o)
tim2_isr                                          ../../lib/libopencm3//lib/libopencm3_stm32f3.a(vector.o)
tim3_isr                                          ../../lib/libopencm3//lib/libopencm3_stm32f3.a(vector.o)
tim4_isr                                          ../../lib/libopencm3//lib/libopencm3_stm32f3.a(vector.o)
tim6_dac_isr                                      ../../lib/libopencm3//lib/libopencm3_stm32f3.a(vector.o)
tim7_isr                                          ../../lib/libopencm3//lib/libopencm3_stm32f3.a(vector.o)
tim8_brk_isr                                      ../../lib/libopencm3//lib/libopencm3_stm32f3.a(vector.o)
tim8_cc_isr                                       ../../lib/libopencm3//lib/libopencm3_stm32f3.a(vector.o)
tim8_trg_com_isr                                  ../../lib/libopencm3//lib/libopencm3_stm32f3.a(vector.o)
tim8_up_isr                                       ../../lib/libopencm3//lib/libopencm3_stm32f3.a(vector.o)
uart4_exti34_isr                                  ../../lib/libopencm3//lib/libopencm3_stm32f3.a(vector.o)
uart5_exti35_isr                                  ../../lib/libopencm3//lib/libopencm3_stm32f3.a(vector.o)
usage_fault_handler                               ../../lib/libopencm3//lib/libopencm3_stm32f3.a(vector.o)
usart1_exti25_isr                                 ../../lib/libopencm3//lib/libopencm3_stm32f3.a(vector.o)
usart2_exti26_isr                                 ../../lib/libopencm3//lib/libopencm3_stm32f3.a(vector.o)
usart3_exti28_isr                                 ../../lib/libopencm3//lib/libopencm3_stm32f3.a(vector.o)
usb_hp_can1_tx_isr                                ../../lib/libopencm3//lib/libopencm3_stm32f3.a(vector.o)
usb_hp_isr                                        ../../lib/libopencm3//lib/libopencm3_stm32f3.a(vector.o)
usb_lp_can1_rx0_isr                               ../../lib/libopencm3//lib/libopencm3_stm32f3.a(vector.o)
usb_lp_isr                                        ../../lib/libopencm3//lib/libopencm3_stm32f3.a(vector.o)
usb_wkup_a_isr                                    ../../lib/libopencm3//lib/libopencm3_stm32f3.a(vector.o)
usb_wkup_isr                                      ../../lib/libopencm3//lib/libopencm3_stm32f3.a(vector.o)
vector_table                                      ../../lib/libopencm3//lib/libopencm3_stm32f3.a(vector.o)
