Archive member included to satisfy reference by file (symbol)

../../lib/libopencm3//lib/libopencm3_stm32f3.a(gpio_common_all.o)
                              main.o (gpio_toggle)
../../lib/libopencm3//lib/libopencm3_stm32f3.a(gpio_common_f0234.o)
                              main.o (gpio_mode_setup)
../../lib/libopencm3//lib/libopencm3_stm32f3.a(rcc.o)
                              main.o (rcc_clock_setup_hsi)
../../lib/libopencm3//lib/libopencm3_stm32f3.a(rcc_common_all.o)
                              main.o (rcc_periph_clock_enable)
../../lib/libopencm3//lib/libopencm3_stm32f3.a(usart_common_v2.o)
                              main.o (usart_wait_send_ready)
../../lib/libopencm3//lib/libopencm3_stm32f3.a(usart_common_all.o)
                              main.o (usart_set_baudrate)
../../lib/libopencm3//lib/libopencm3_stm32f3.a(vector.o)
                              (reset_handler)
../../lib/libopencm3//lib/libopencm3_stm32f3.a(assert.o)
                              ../../lib/libopencm3//lib/libopencm3_stm32f3.a(rcc.o) (cm3_assert_failed)
../../lib/libopencm3//lib/libopencm3_stm32f3.a(flash_common_all.o)
                              ../../lib/libopencm3//lib/libopencm3_stm32f3.a(rcc.o) (flash_prefetch_enable)

Discarded input sections

 .group         0x0000000000000000        0xc main.o
 .group         0x0000000000000000        0xc main.o
 .group         0x0000000000000000        0xc main.o
 .group         0x0000000000000000        0xc main.o
 .group         0x0000000000000000        0xc main.o
 .group         0x0000000000000000        0xc main.o
 .group         0x0000000000000000        0xc main.o
 .group         0x0000000000000000        0xc main.o
 .group         0x0000000000000000        0xc main.o
 .group         0x0000000000000000        0xc main.o
 .group         0x0000000000000000        0xc main.o
 .group         0x0000000000000000        0xc main.o
 .group         0x0000000000000000        0xc main.o
 .group         0x0000000000000000        0xc main.o
 .group         0x0000000000000000        0xc main.o
 .group         0x0000000000000000        0xc main.o
 .group         0x0000000000000000        0xc main.o
 .group         0x0000000000000000        0xc main.o
 .group         0x0000000000000000        0xc main.o
 .group         0x0000000000000000        0xc main.o
 .group         0x0000000000000000        0xc main.o
 .group         0x0000000000000000        0xc main.o
 .group         0x0000000000000000        0xc main.o
 .group         0x0000000000000000        0xc main.o
 .group         0x0000000000000000        0xc main.o
 .group         0x0000000000000000        0xc main.o
 .group         0x0000000000000000        0xc main.o
 .group         0x0000000000000000        0xc main.o
 .group         0x0000000000000000        0xc main.o
 .group         0x0000000000000000        0xc main.o
 .group         0x0000000000000000        0xc main.o
 .group         0x0000000000000000        0xc main.o
 .group         0x0000000000000000        0xc main.o
 .group         0x0000000000000000        0xc main.o
 .group         0x0000000000000000        0xc main.o
 .group         0x0000000000000000        0xc main.o
 .text          0x0000000000000000        0x0 main.o
 .data          0x0000000000000000        0x0 main.o
 .bss           0x0000000000000000        0x0 main.o
 .group         0x0000000000000000        0xc ../../lib/libopencm3//lib/libopencm3_stm32f3.a(gpio_common_all.o)
 .group         0x0000000000000000        0xc ../../lib/libopencm3//lib/libopencm3_stm32f3.a(gpio_common_all.o)
 .group         0x0000000000000000        0xc ../../lib/libopencm3//lib/libopencm3_stm32f3.a(gpio_common_all.o)
 .group         0x0000000000000000        0xc ../../lib/libopencm3//lib/libopencm3_stm32f3.a(gpio_common_all.o)
 .group         0x0000000000000000        0xc ../../lib/libopencm3//lib/libopencm3_stm32f3.a(gpio_common_all.o)
 .group         0x0000000000000000        0xc ../../lib/libopencm3//lib/libopencm3_stm32f3.a(gpio_common_all.o)
 .group         0x0000000000000000        0xc ../../lib/libopencm3//lib/libopencm3_stm32f3.a(gpio_common_all.o)
 .group         0x0000000000000000        0xc ../../lib/libopencm3//lib/libopencm3_stm32f3.a(gpio_common_all.o)
 .group         0x0000000000000000        0xc ../../lib/libopencm3//lib/libopencm3_stm32f3.a(gpio_common_all.o)
 .group         0x0000000000000000        0xc ../../lib/libopencm3//lib/libopencm3_stm32f3.a(gpio_common_all.o)
 .group         0x0000000000000000        0xc ../../lib/libopencm3//lib/libopencm3_stm32f3.a(gpio_common_all.o)
 .group         0x0000000000000000        0xc ../../lib/libopencm3//lib/libopencm3_stm32f3.a(gpio_common_all.o)
 .group         0x0000000000000000        0xc ../../lib/libopencm3//lib/libopencm3_stm32f3.a(gpio_common_all.o)
 .group         0x0000000000000000        0xc ../../lib/libopencm3//lib/libopencm3_stm32f3.a(gpio_common_all.o)
[...]
Memory Configuration

Name             Origin             Length             Attributes
rom              0x0000000008000000 0x0000000000080000 xr
ram              0x0000000020000000 0x0000000000010000 xrw
*default*        0x0000000000000000 0xffffffffffffffff

Linker script and memory map

LOAD main.o
LOAD ../../lib/libopencm3//lib/libopencm3_stm32f3.a
START GROUP
LOAD /usr/share/gcc-arm-none-eabi-10-2020-q4-major/bin/../lib/gcc/arm-none-eabi/10.2.1/../../../../arm-none-eabi/lib/thumb/v7e-m+fp/hard/libc.a
LOAD /usr/share/gcc-arm-none-eabi-10-2020-q4-major/bin/../lib/gcc/arm-none-eabi/10.2.1/thumb/v7e-m+fp/hard/libgcc.a
LOAD /usr/share/gcc-arm-none-eabi-10-2020-q4-major/bin/../lib/gcc/arm-none-eabi/10.2.1/../../../../arm-none-eabi/lib/thumb/v7e-m+fp/hard/libnosys.a
END GROUP
START GROUP
LOAD /usr/share/gcc-arm-none-eabi-10-2020-q4-major/bin/../lib/gcc/arm-none-eabi/10.2.1/thumb/v7e-m+fp/hard/libgcc.a
LOAD /usr/share/gcc-arm-none-eabi-10-2020-q4-major/bin/../lib/gcc/arm-none-eabi/10.2.1/../../../../arm-none-eabi/lib/thumb/v7e-m+fp/hard/libg.a
LOAD /usr/share/gcc-arm-none-eabi-10-2020-q4-major/bin/../lib/gcc/arm-none-eabi/10.2.1/../../../../arm-none-eabi/lib/thumb/v7e-m+fp/hard/libc.a
END GROUP

.text           0x0000000008000000      0x70c
 *(.vectors)
 .vectors       0x0000000008000000      0x184 ../../lib/libopencm3//lib/libopencm3_stm32f3.a(vector.o)
                0x0000000008000000                vector_table
 *(.text*)
 .text.console_putc
                0x0000000008000184       0x1c main.o
                0x0000000008000184                console_putc
 .text.console_puts
                0x00000000080001a0       0x1e main.o
                0x00000000080001a0                console_puts
 *fill*         0x00000000080001be        0x2 
 .text.startup.main
                0x00000000080001c0       0xb4 main.o
                0x00000000080001c0                main
 .text.gpio_toggle
                0x0000000008000274       0x12 ../../lib/libopencm3//lib/libopencm3_stm32f3.a(gpio_common_all.o)
                0x0000000008000274                gpio_toggle
 .text.gpio_mode_setup
                0x0000000008000286       0x40 ../../lib/libopencm3//lib/libopencm3_stm32f3.a(gpio_common_f0234.o)
                0x0000000008000286                gpio_mode_setup
 .text.gpio_set_af
                0x00000000080002c6       0x58 ../../lib/libopencm3//lib/libopencm3_stm32f3.a(gpio_common_f0234.o)
                0x00000000080002c6                gpio_set_af
 *fill*         0x000000000800031e        0x2 
 .text.rcc_wait_for_sysclk_status.part.0
                0x0000000008000320       0x14 ../../lib/libopencm3//lib/libopencm3_stm32f3.a(rcc.o)
 .text.rcc_is_osc_ready
                0x0000000008000334       0x40 ../../lib/libopencm3//lib/libopencm3_stm32f3.a(rcc.o)
                0x0000000008000334                rcc_is_osc_ready
 .text.rcc_wait_for_osc_ready
                0x0000000008000374       0x10 ../../lib/libopencm3//lib/libopencm3_stm32f3.a(rcc.o)
                0x0000000008000374                rcc_wait_for_osc_ready
 .text.rcc_wait_for_osc_not_ready
                0x0000000008000384       0x10 ../../lib/libopencm3//lib/libopencm3_stm32f3.a(rcc.o)
                0x0000000008000384                rcc_wait_for_osc_not_ready
 .text.rcc_wait_for_sysclk_status
                0x0000000008000394       0x30 ../../lib/libopencm3//lib/libopencm3_stm32f3.a(rcc.o)
                0x0000000008000394                rcc_wait_for_sysclk_status
 .text.rcc_osc_on
                0x00000000080003c4       0x4c ../../lib/libopencm3//lib/libopencm3_stm32f3.a(rcc.o)
                0x00000000080003c4                rcc_osc_on
 .text.rcc_osc_off
                0x0000000008000410       0x4c ../../lib/libopencm3//lib/libopencm3_stm32f3.a(rcc.o)
                0x0000000008000410                rcc_osc_off
 .text.rcc_set_sysclk_source
                0x000000000800045c       0x14 ../../lib/libopencm3//lib/libopencm3_stm32f3.a(rcc.o)
                0x000000000800045c                rcc_set_sysclk_source
 .text.rcc_set_pll_source
                0x0000000008000470       0x14 ../../lib/libopencm3//lib/libopencm3_stm32f3.a(rcc.o)
                0x0000000008000470                rcc_set_pll_source
 .text.rcc_set_ppre2
                0x0000000008000484       0x14 ../../lib/libopencm3//lib/libopencm3_stm32f3.a(rcc.o)
                0x0000000008000484                rcc_set_ppre2
 .text.rcc_set_ppre1
                0x0000000008000498       0x14 ../../lib/libopencm3//lib/libopencm3_stm32f3.a(rcc.o)
                0x0000000008000498                rcc_set_ppre1
 .text.rcc_set_hpre
                0x00000000080004ac       0x14 ../../lib/libopencm3//lib/libopencm3_stm32f3.a(rcc.o)
                0x00000000080004ac                rcc_set_hpre
 .text.rcc_set_pll_multiplier
                0x00000000080004c0       0x14 ../../lib/libopencm3//lib/libopencm3_stm32f3.a(rcc.o)
                0x00000000080004c0                rcc_set_pll_multiplier
 .text.rcc_clock_setup_hsi
                0x00000000080004d4       0x7c ../../lib/libopencm3//lib/libopencm3_stm32f3.a(rcc.o)
                0x00000000080004d4                rcc_clock_setup_hsi
 .text.rcc_periph_clock_enable
                0x0000000008000550       0x1c ../../lib/libopencm3//lib/libopencm3_stm32f3.a(rcc_common_all.o)
                0x0000000008000550                rcc_periph_clock_enable
 .text.usart_send
                0x000000000800056c        0x8 ../../lib/libopencm3//lib/libopencm3_stm32f3.a(usart_common_v2.o)
                0x000000000800056c                usart_send
 .text.usart_wait_send_ready
                0x0000000008000574        0x8 ../../lib/libopencm3//lib/libopencm3_stm32f3.a(usart_common_v2.o)
                0x0000000008000574                usart_wait_send_ready
 .text.usart_set_baudrate
                0x000000000800057c       0x28 ../../lib/libopencm3//lib/libopencm3_stm32f3.a(usart_common_all.o)
                0x000000000800057c                usart_set_baudrate
 .text.usart_set_databits
                0x00000000080005a4       0x12 ../../lib/libopencm3//lib/libopencm3_stm32f3.a(usart_common_all.o)
                0x00000000080005a4                usart_set_databits
 .text.usart_set_stopbits
                0x00000000080005b6        0xc ../../lib/libopencm3//lib/libopencm3_stm32f3.a(usart_common_all.o)
                0x00000000080005b6                usart_set_stopbits
 .text.usart_set_parity
                0x00000000080005c2        0xc ../../lib/libopencm3//lib/libopencm3_stm32f3.a(usart_common_all.o)
                0x00000000080005c2                usart_set_parity
 .text.usart_set_mode
                0x00000000080005ce        0xc ../../lib/libopencm3//lib/libopencm3_stm32f3.a(usart_common_all.o)
                0x00000000080005ce                usart_set_mode
 .text.usart_set_flow_control
                0x00000000080005da        0xc ../../lib/libopencm3//lib/libopencm3_stm32f3.a(usart_common_all.o)
                0x00000000080005da                usart_set_flow_control
 .text.usart_enable
                0x00000000080005e6        0xa ../../lib/libopencm3//lib/libopencm3_stm32f3.a(usart_common_all.o)
                0x00000000080005e6                usart_enable
 .text.usart_disable
                0x00000000080005f0        0xa ../../lib/libopencm3//lib/libopencm3_stm32f3.a(usart_common_all.o)
                0x00000000080005f0                usart_disable
 .text.usart_send_blocking
                0x00000000080005fa       0x18 ../../lib/libopencm3//lib/libopencm3_stm32f3.a(usart_common_all.o)
                0x00000000080005fa                usart_send_blocking
 .text.blocking_handler
                0x0000000008000612        0x2 ../../lib/libopencm3//lib/libopencm3_stm32f3.a(vector.o)
                0x0000000008000612                usb_lp_isr
                0x0000000008000612                i2c2_ev_exti24_isr
                0x0000000008000612                usb_hp_isr
                0x0000000008000612                hrtim_timb_isr
                0x0000000008000612                tim7_isr
                0x0000000008000612                adc1_2_isr
                0x0000000008000612                hrtim_timc_isr
                0x0000000008000612                reserved_13_isr
                0x0000000008000612                blocking_handler
                0x0000000008000612                rtc_wkup_isr
                0x0000000008000612                tim1_up_tim16_isr
                0x0000000008000612                spi1_isr
                0x0000000008000612                dma1_channel6_isr
                0x0000000008000612                reserved_5_isr
                0x0000000008000612                dma1_channel5_isr
                0x0000000008000612                dma2_channel5_isr
                0x0000000008000612                tamp_stamp_isr
                0x0000000008000612                can1_rx1_isr
                0x0000000008000612                hrtim_master_isr
                0x0000000008000612                hrtim_tima_isr
                0x0000000008000612                usage_fault_handler
                0x0000000008000612                tim8_trg_com_isr
                0x0000000008000612                i2c1_ev_exti23_isr
                0x0000000008000612                tim1_trg_com_tim17_isr
                0x0000000008000612                reserved_15_isr
                0x0000000008000612                usb_wkup_isr
                0x0000000008000612                can1_sce_isr
                0x0000000008000612                reserved_3_isr
                0x0000000008000612                tim1_cc_isr
                0x0000000008000612                eth_isr
                0x0000000008000612                reserved_14_isr
                0x0000000008000612                dma1_channel4_isr
                0x0000000008000612                tim8_brk_isr
                0x0000000008000612                dma2_channel4_isr
                0x0000000008000612                pvd_isr
                0x0000000008000612                comp123_isr
                0x0000000008000612                comp456_isr
                0x0000000008000612                rcc_isr
                0x0000000008000612                flash_isr
                0x0000000008000612                rtc_alarm_isr
                0x0000000008000612                reserved_2_isr
                0x0000000008000612                exti15_10_isr
                0x0000000008000612                hard_fault_handler
                0x0000000008000612                exti1_isr
                0x0000000008000612                dma2_channel1_isr
                0x0000000008000612                spi2_isr
                0x0000000008000612                nvic_wwdg_isr
                0x0000000008000612                tim8_up_isr
                0x0000000008000612                usart1_exti25_isr
                0x0000000008000612                dma2_channel2_isr
                0x0000000008000612                exti3_isr
                0x0000000008000612                adc3_isr
                0x0000000008000612                tim3_isr
                0x0000000008000612                i2c2_er_isr
                0x0000000008000612                reserved_1_isr
                0x0000000008000612                dma1_channel1_isr
                0x0000000008000612                exti4_isr
                0x0000000008000612                tim6_dac_isr
                0x0000000008000612                mem_manage_handler
                0x0000000008000612                exti9_5_isr
                0x0000000008000612                dma2_channel3_isr
                0x0000000008000612                usb_hp_can1_tx_isr
                0x0000000008000612                dma1_channel7_isr
                0x0000000008000612                usart3_exti28_isr
                0x0000000008000612                tim4_isr
                0x0000000008000612                usb_lp_can1_rx0_isr
                0x0000000008000612                hrtim_time_isr
                0x0000000008000612                hrtim_timd_isr
                0x0000000008000612                dma1_channel2_isr
                0x0000000008000612                i2c1_er_isr
                0x0000000008000612                tim8_cc_isr
                0x0000000008000612                comp7_isr
                0x0000000008000612                uart5_exti35_isr
                0x0000000008000612                reserved_4_isr
                0x0000000008000612                hrtim_flt_isr
                0x0000000008000612                bus_fault_handler
                0x0000000008000612                tim1_brk_tim15_isr
                0x0000000008000612                dma1_channel3_isr
                0x0000000008000612                uart4_exti34_isr
                0x0000000008000612                usart2_exti26_isr
                0x0000000008000612                spi3_isr
                0x0000000008000612                tim2_isr
                0x0000000008000612                reserved_16_isr
                0x0000000008000612                exti2_tsc_isr
                0x0000000008000612                usb_wkup_a_isr
                0x0000000008000612                exti0_isr
 .text.null_handler
                0x0000000008000614        0x2 ../../lib/libopencm3//lib/libopencm3_stm32f3.a(vector.o)
                0x0000000008000614                null_handler
                0x0000000008000614                sv_call_handler
                0x0000000008000614                pend_sv_handler
                0x0000000008000614                debug_monitor_handler
                0x0000000008000614                sys_tick_handler
                0x0000000008000614                nmi_handler
 *fill*         0x0000000008000616        0x2 
 .text.reset_handler
                0x0000000008000618       0xa0 ../../lib/libopencm3//lib/libopencm3_stm32f3.a(vector.o)
                0x0000000008000618                reset_handler
 .text.flash_set_ws
                0x00000000080006b8       0x14 ../../lib/libopencm3//lib/libopencm3_stm32f3.a(flash_common_all.o)
                0x00000000080006b8                flash_set_ws
                0x00000000080006cc                . = ALIGN (0x4)
 *(.rodata*)
 .rodata.main.str1.1
                0x00000000080006cc        0xd main.o
 *fill*         0x00000000080006d9        0x3 
 .rodata.rcc_hsi_configs
                0x00000000080006dc       0x30 ../../lib/libopencm3//lib/libopencm3_stm32f3.a(rcc.o)
                0x00000000080006dc                rcc_hsi_configs
                0x000000000800070c                . = ALIGN (0x4)

.glue_7         0x000000000800070c        0x0
 .glue_7        0x000000000800070c        0x0 linker stubs

.glue_7t        0x000000000800070c        0x0
 .glue_7t       0x000000000800070c        0x0 linker stubs

.vfp11_veneer   0x000000000800070c        0x0
 .vfp11_veneer  0x000000000800070c        0x0 linker stubs

.v4_bx          0x000000000800070c        0x0
 .v4_bx         0x000000000800070c        0x0 linker stubs

.iplt           0x000000000800070c        0x0
 .iplt          0x000000000800070c        0x0 main.o

.rel.dyn        0x000000000800070c        0x0
 .rel.iplt      0x000000000800070c        0x0 main.o

.preinit_array  0x000000000800070c        0x0
                0x000000000800070c                . = ALIGN (0x4)
                0x000000000800070c                __preinit_array_start = .
 *(.preinit_array)
                0x000000000800070c                __preinit_array_end = .

.init_array     0x000000000800070c        0x0
                0x000000000800070c                . = ALIGN (0x4)
                0x000000000800070c                __init_array_start = .
 *(SORT_BY_NAME(.init_array.*))
 *(.init_array)
                0x000000000800070c                __init_array_end = .

.fini_array     0x000000000800070c        0x0
                0x000000000800070c                . = ALIGN (0x4)
                0x000000000800070c                __fini_array_start = .
 *(.fini_array)
 *(SORT_BY_NAME(.fini_array.*))
                0x000000000800070c                __fini_array_end = .

.ARM.extab
 *(.ARM.extab*)

.ARM.exidx      0x000000000800070c        0x0
                0x000000000800070c                __exidx_start = .
 *(.ARM.exidx*)
                0x000000000800070c                __exidx_end = .
                0x000000000800070c                . = ALIGN (0x4)
                0x000000000800070c                _etext = .

.noinit
 *(.noinit*)
                0x000000000800070c                . = ALIGN (0x4)

.data           0x0000000020000000        0xc load address 0x000000000800070c
                0x0000000020000000                _data = .
 *(.data*)
 .data.rcc_ahb_frequency
                0x0000000020000000        0x4 ../../lib/libopencm3//lib/libopencm3_stm32f3.a(rcc.o)
                0x0000000020000000                rcc_ahb_frequency
 .data.rcc_apb1_frequency
                0x0000000020000004        0x4 ../../lib/libopencm3//lib/libopencm3_stm32f3.a(rcc.o)
                0x0000000020000004                rcc_apb1_frequency
 .data.rcc_apb2_frequency
                0x0000000020000008        0x4 ../../lib/libopencm3//lib/libopencm3_stm32f3.a(rcc.o)
                0x0000000020000008                rcc_apb2_frequency
 *(.ramtext*)
                0x000000002000000c                . = ALIGN (0x4)
                0x000000002000000c                _edata = .
                0x000000000800070c                _data_loadaddr = LOADADDR (.data)

.igot.plt       0x000000002000000c        0x0 load address 0x0000000008000718
 .igot.plt      0x000000002000000c        0x0 main.o

.bss            0x000000002000000c        0x0 load address 0x0000000008000718
 *(.bss*)
 *(COMMON)
                0x000000002000000c                . = ALIGN (0x4)
                0x000000002000000c                _ebss = .

/DISCARD/
 *(.eh_frame)
                0x000000002000000c                . = ALIGN (0x4)
                0x000000002000000c                end = .
                0x0000000020010000                PROVIDE (_stack = (ORIGIN (ram) + LENGTH (ram)))
OUTPUT(main.elf elf32-littlearm)
LOAD linker stubs

.debug_info     0x0000000000000000     0x2b8b
 .debug_info    0x0000000000000000      0x6e8 main.o
 .debug_info    0x00000000000006e8      0x266 ../../lib/libopencm3//lib/libopencm3_stm32f3.a(gpio_common_all.o)
 .debug_info    0x000000000000094e      0x233 ../../lib/libopencm3//lib/libopencm3_stm32f3.a(gpio_common_f0234.o)
 .debug_info    0x0000000000000b81      0xc13 ../../lib/libopencm3//lib/libopencm3_stm32f3.a(rcc.o)
 .debug_info    0x0000000000001794      0x690 ../../lib/libopencm3//lib/libopencm3_stm32f3.a(rcc_common_all.o)
 .debug_info    0x0000000000001e24      0x3ae ../../lib/libopencm3//lib/libopencm3_stm32f3.a(usart_common_v2.o)
 .debug_info    0x00000000000021d2      0x5cb ../../lib/libopencm3//lib/libopencm3_stm32f3.a(usart_common_all.o)
 .debug_info    0x000000000000279d      0x2f2 ../../lib/libopencm3//lib/libopencm3_stm32f3.a(vector.o)
 .debug_info    0x0000000000002a8f       0xfc ../../lib/libopencm3//lib/libopencm3_stm32f3.a(flash_common_all.o)

.debug_abbrev   0x0000000000000000      0xc73
 .debug_abbrev  0x0000000000000000      0x1a8 main.o
 .debug_abbrev  0x00000000000001a8      0x116 ../../lib/libopencm3//lib/libopencm3_stm32f3.a(gpio_common_all.o)
 .debug_abbrev  0x00000000000002be       0xbf ../../lib/libopencm3//lib/libopencm3_stm32f3.a(gpio_common_f0234.o)
 .debug_abbrev  0x000000000000037d      0x339 ../../lib/libopencm3//lib/libopencm3_stm32f3.a(rcc.o)
 .debug_abbrev  0x00000000000006b6      0x177 ../../lib/libopencm3//lib/libopencm3_stm32f3.a(rcc_common_all.o)
 .debug_abbrev  0x000000000000082d      0x128 ../../lib/libopencm3//lib/libopencm3_stm32f3.a(usart_common_v2.o)
 .debug_abbrev  0x0000000000000955      0x129 ../../lib/libopencm3//lib/libopencm3_stm32f3.a(usart_common_all.o)
 .debug_abbrev  0x0000000000000a7e      0x15b ../../lib/libopencm3//lib/libopencm3_stm32f3.a(vector.o)
 .debug_abbrev  0x0000000000000bd9       0x9a ../../lib/libopencm3//lib/libopencm3_stm32f3.a(flash_common_all.o)

.debug_loc      0x0000000000000000      0xfdb
 .debug_loc     0x0000000000000000       0xba main.o
 .debug_loc     0x00000000000000ba       0xbe ../../lib/libopencm3//lib/libopencm3_stm32f3.a(gpio_common_all.o)
 .debug_loc     0x0000000000000178      0x14f ../../lib/libopencm3//lib/libopencm3_stm32f3.a(gpio_common_f0234.o)
 .debug_loc     0x00000000000002c7      0x7c4 ../../lib/libopencm3//lib/libopencm3_stm32f3.a(rcc.o)
 .debug_loc     0x0000000000000a8b      0x120 ../../lib/libopencm3//lib/libopencm3_stm32f3.a(rcc_common_all.o)
 .debug_loc     0x0000000000000bab       0xe0 ../../lib/libopencm3//lib/libopencm3_stm32f3.a(usart_common_v2.o)
 .debug_loc     0x0000000000000c8b      0x1e1 ../../lib/libopencm3//lib/libopencm3_stm32f3.a(usart_common_all.o)
 .debug_loc     0x0000000000000e6c      0x128 ../../lib/libopencm3//lib/libopencm3_stm32f3.a(vector.o)
 .debug_loc     0x0000000000000f94       0x47 ../../lib/libopencm3//lib/libopencm3_stm32f3.a(flash_common_all.o)

.debug_aranges  0x0000000000000000      0x438
 .debug_aranges
                0x0000000000000000       0x30 main.o
 .debug_aranges
                0x0000000000000030       0x50 ../../lib/libopencm3//lib/libopencm3_stm32f3.a(gpio_common_all.o)
 .debug_aranges
                0x0000000000000080       0x30 ../../lib/libopencm3//lib/libopencm3_stm32f3.a(gpio_common_f0234.o)
 .debug_aranges
                0x00000000000000b0      0x140 ../../lib/libopencm3//lib/libopencm3_stm32f3.a(rcc.o)
 .debug_aranges
                0x00000000000001f0       0x60 ../../lib/libopencm3//lib/libopencm3_stm32f3.a(rcc_common_all.o)
 .debug_aranges
                0x0000000000000250       0xa8 ../../lib/libopencm3//lib/libopencm3_stm32f3.a(usart_common_v2.o)
 .debug_aranges
                0x00000000000002f8       0xd8 ../../lib/libopencm3//lib/libopencm3_stm32f3.a(usart_common_all.o)
 .debug_aranges
                0x00000000000003d0       0x30 ../../lib/libopencm3//lib/libopencm3_stm32f3.a(vector.o)
 .debug_aranges
                0x0000000000000400       0x38 ../../lib/libopencm3//lib/libopencm3_stm32f3.a(flash_common_all.o)

.debug_ranges   0x0000000000000000      0x3d8
 .debug_ranges  0x0000000000000000       0x20 main.o
 .debug_ranges  0x0000000000000020       0x40 ../../lib/libopencm3//lib/libopencm3_stm32f3.a(gpio_common_all.o)
 .debug_ranges  0x0000000000000060       0x20 ../../lib/libopencm3//lib/libopencm3_stm32f3.a(gpio_common_f0234.o)
 .debug_ranges  0x0000000000000080      0x160 ../../lib/libopencm3//lib/libopencm3_stm32f3.a(rcc.o)
 .debug_ranges  0x00000000000001e0       0x50 ../../lib/libopencm3//lib/libopencm3_stm32f3.a(rcc_common_all.o)
 .debug_ranges  0x0000000000000230       0x98 ../../lib/libopencm3//lib/libopencm3_stm32f3.a(usart_common_v2.o)
 .debug_ranges  0x00000000000002c8       0xc8 ../../lib/libopencm3//lib/libopencm3_stm32f3.a(usart_common_all.o)
 .debug_ranges  0x0000000000000390       0x20 ../../lib/libopencm3//lib/libopencm3_stm32f3.a(vector.o)
 .debug_ranges  0x00000000000003b0       0x28 ../../lib/libopencm3//lib/libopencm3_stm32f3.a(flash_common_all.o)

.debug_macro    0x0000000000000000     0x4da2
 .debug_macro   0x0000000000000000      0x1e8 main.o
 .debug_macro   0x00000000000001e8      0xa78 main.o
 .debug_macro   0x0000000000000c60       0x1c main.o
 .debug_macro   0x0000000000000c7c       0x22 main.o
 .debug_macro   0x0000000000000c9e       0x56 main.o
 .debug_macro   0x0000000000000cf4       0x51 main.o
 .debug_macro   0x0000000000000d45      0x103 main.o
 .debug_macro   0x0000000000000e48       0x6a main.o
 .debug_macro   0x0000000000000eb2      0x1df main.o
 .debug_macro   0x0000000000001091       0x22 main.o
 .debug_macro   0x00000000000010b3       0xe8 main.o
 .debug_macro   0x000000000000119b       0x76 main.o
 .debug_macro   0x0000000000001211      0x1b9 main.o
 .debug_macro   0x00000000000013ca      0x7ac main.o
 .debug_macro   0x0000000000001b76       0x76 main.o
 .debug_macro   0x0000000000001bec      0x37e main.o
 .debug_macro   0x0000000000001f6a       0x94 main.o
 .debug_macro   0x0000000000001ffe      0x55b main.o
 .debug_macro   0x0000000000002559       0x22 main.o
 .debug_macro   0x000000000000257b       0x64 main.o
 .debug_macro   0x00000000000025df       0x18 main.o
 .debug_macro   0x00000000000025f7       0x35 main.o
 .debug_macro   0x000000000000262c       0x34 main.o
 .debug_macro   0x0000000000002660       0x16 main.o
 .debug_macro   0x0000000000002676       0x97 main.o
 .debug_macro   0x000000000000270d      0x333 main.o
 .debug_macro   0x0000000000002a40       0xfd main.o
 .debug_macro   0x0000000000002b3d       0x10 main.o
 .debug_macro   0x0000000000002b4d       0x16 main.o
 .debug_macro   0x0000000000002b63       0x43 main.o
 .debug_macro   0x0000000000002ba6       0x34 main.o
 .debug_macro   0x0000000000002bda       0x10 main.o
 .debug_macro   0x0000000000002bea       0x58 main.o
 .debug_macro   0x0000000000002c42      0x182 main.o
 .debug_macro   0x0000000000002dc4       0xbe main.o
 .debug_macro   0x0000000000002e82       0x16 main.o
 .debug_macro   0x0000000000002e98      0x129 main.o
 .debug_macro   0x0000000000002fc1       0xc2 ../../lib/libopencm3//lib/libopencm3_stm32f3.a(gpio_common_all.o)
 .debug_macro   0x0000000000003083      0xa6c ../../lib/libopencm3//lib/libopencm3_stm32f3.a(gpio_common_all.o)
 .debug_macro   0x0000000000003aef       0x56 ../../lib/libopencm3//lib/libopencm3_stm32f3.a(gpio_common_all.o)
 .debug_macro   0x0000000000003b45       0xc2 ../../lib/libopencm3//lib/libopencm3_stm32f3.a(gpio_common_f0234.o)
 .debug_macro   0x0000000000003c07      0x104 ../../lib/libopencm3//lib/libopencm3_stm32f3.a(rcc.o)
 .debug_macro   0x0000000000003d0b       0x16 ../../lib/libopencm3//lib/libopencm3_stm32f3.a(rcc.o)
 .debug_macro   0x0000000000003d21       0xd6 ../../lib/libopencm3//lib/libopencm3_stm32f3.a(rcc.o)
 .debug_macro   0x0000000000003df7      0x16d ../../lib/libopencm3//lib/libopencm3_stm32f3.a(rcc.o)
 .debug_macro   0x0000000000003f64      0x39c ../../lib/libopencm3//lib/libopencm3_stm32f3.a(rcc.o)
 .debug_macro   0x0000000000004300       0xce ../../lib/libopencm3//lib/libopencm3_stm32f3.a(rcc_common_all.o)
 .debug_macro   0x00000000000043ce       0xc1 ../../lib/libopencm3//lib/libopencm3_stm32f3.a(usart_common_v2.o)
 .debug_macro   0x000000000000448f       0xd9 ../../lib/libopencm3//lib/libopencm3_stm32f3.a(usart_common_all.o)
 .debug_macro   0x0000000000004568       0xd3 ../../lib/libopencm3//lib/libopencm3_stm32f3.a(vector.o)
 .debug_macro   0x000000000000463b      0x452 ../../lib/libopencm3//lib/libopencm3_stm32f3.a(vector.o)
 .debug_macro   0x0000000000004a8d       0x6e ../../lib/libopencm3//lib/libopencm3_stm32f3.a(vector.o)
 .debug_macro   0x0000000000004afb      0x1f0 ../../lib/libopencm3//lib/libopencm3_stm32f3.a(vector.o)
 .debug_macro   0x0000000000004ceb       0xb7 ../../lib/libopencm3//lib/libopencm3_stm32f3.a(flash_common_all.o)

.debug_line     0x0000000000000000     0x30c5
 .debug_line    0x0000000000000000      0x510 main.o
 .debug_line    0x0000000000000510      0x3ef ../../lib/libopencm3//lib/libopencm3_stm32f3.a(gpio_common_all.o)
 .debug_line    0x00000000000008ff      0x4d7 ../../lib/libopencm3//lib/libopencm3_stm32f3.a(gpio_common_f0234.o)
 .debug_line    0x0000000000000dd6      0xb4c ../../lib/libopencm3//lib/libopencm3_stm32f3.a(rcc.o)
 .debug_line    0x0000000000001922      0x43e ../../lib/libopencm3//lib/libopencm3_stm32f3.a(rcc_common_all.o)
 .debug_line    0x0000000000001d60      0x527 ../../lib/libopencm3//lib/libopencm3_stm32f3.a(usart_common_v2.o)
 .debug_line    0x0000000000002287      0x64a ../../lib/libopencm3//lib/libopencm3_stm32f3.a(usart_common_all.o)
 .debug_line    0x00000000000028d1      0x480 ../../lib/libopencm3//lib/libopencm3_stm32f3.a(vector.o)
 .debug_line    0x0000000000002d51      0x374 ../../lib/libopencm3//lib/libopencm3_stm32f3.a(flash_common_all.o)

.debug_str      0x0000000000000000    0x11aef
 .debug_str     0x0000000000000000     0xcc3e main.o
                                       0xce8a (size before relaxing)
 .debug_str     0x000000000000cc3e      0x1a0 ../../lib/libopencm3//lib/libopencm3_stm32f3.a(gpio_common_all.o)
                                       0x5ce0 (size before relaxing)
 .debug_str     0x000000000000cdde       0x79 ../../lib/libopencm3//lib/libopencm3_stm32f3.a(gpio_common_f0234.o)
                                       0x5d02 (size before relaxing)
 .debug_str     0x000000000000ce57     0x190a ../../lib/libopencm3//lib/libopencm3_stm32f3.a(rcc.o)
                                       0x888f (size before relaxing)
 .debug_str     0x000000000000e761      0x3a9 ../../lib/libopencm3//lib/libopencm3_stm32f3.a(rcc_common_all.o)
                                       0x720e (size before relaxing)
 .debug_str     0x000000000000eb0a      0x1bc ../../lib/libopencm3//lib/libopencm3_stm32f3.a(usart_common_v2.o)
                                       0x6b2c (size before relaxing)
 .debug_str     0x000000000000ecc6      0x1b9 ../../lib/libopencm3//lib/libopencm3_stm32f3.a(usart_common_all.o)
                                       0x8b3d (size before relaxing)
 .debug_str     0x000000000000ee7f     0x2c22 ../../lib/libopencm3//lib/libopencm3_stm32f3.a(vector.o)
                                       0x6d44 (size before relaxing)
 .debug_str     0x0000000000011aa1       0x4e ../../lib/libopencm3//lib/libopencm3_stm32f3.a(flash_common_all.o)
                                       0x5173 (size before relaxing)

.comment        0x0000000000000000       0x4d
 .comment       0x0000000000000000       0x4d main.o
                                         0x4e (size before relaxing)
 .comment       0x000000000000004d       0x4e ../../lib/libopencm3//lib/libopencm3_stm32f3.a(gpio_common_all.o)
 .comment       0x000000000000004d       0x4e ../../lib/libopencm3//lib/libopencm3_stm32f3.a(gpio_common_f0234.o)
 .comment       0x000000000000004d       0x4e ../../lib/libopencm3//lib/libopencm3_stm32f3.a(rcc.o)
 .comment       0x000000000000004d       0x4e ../../lib/libopencm3//lib/libopencm3_stm32f3.a(rcc_common_all.o)
 .comment       0x000000000000004d       0x4e ../../lib/libopencm3//lib/libopencm3_stm32f3.a(usart_common_v2.o)
 .comment       0x000000000000004d       0x4e ../../lib/libopencm3//lib/libopencm3_stm32f3.a(usart_common_all.o)
 .comment       0x000000000000004d       0x4e ../../lib/libopencm3//lib/libopencm3_stm32f3.a(vector.o)
 .comment       0x000000000000004d       0x4e ../../lib/libopencm3//lib/libopencm3_stm32f3.a(flash_common_all.o)

.ARM.attributes
                0x0000000000000000       0x34
 .ARM.attributes
                0x0000000000000000       0x34 main.o
 .ARM.attributes
                0x0000000000000034       0x34 ../../lib/libopencm3//lib/libopencm3_stm32f3.a(gpio_common_all.o)
 .ARM.attributes
                0x0000000000000068       0x34 ../../lib/libopencm3//lib/libopencm3_stm32f3.a(gpio_common_f0234.o)
 .ARM.attributes
                0x000000000000009c       0x34 ../../lib/libopencm3//lib/libopencm3_stm32f3.a(rcc.o)
 .ARM.attributes
                0x00000000000000d0       0x34 ../../lib/libopencm3//lib/libopencm3_stm32f3.a(rcc_common_all.o)
 .ARM.attributes
                0x0000000000000104       0x34 ../../lib/libopencm3//lib/libopencm3_stm32f3.a(usart_common_v2.o)
 .ARM.attributes
                0x0000000000000138       0x34 ../../lib/libopencm3//lib/libopencm3_stm32f3.a(usart_common_all.o)
 .ARM.attributes
                0x000000000000016c       0x34 ../../lib/libopencm3//lib/libopencm3_stm32f3.a(vector.o)
 .ARM.attributes
                0x00000000000001a0       0x34 ../../lib/libopencm3//lib/libopencm3_stm32f3.a(flash_common_all.o)

.debug_frame    0x0000000000000000      0x844
 .debug_frame   0x0000000000000000       0x5c main.o
 .debug_frame   0x000000000000005c       0x80 ../../lib/libopencm3//lib/libopencm3_stm32f3.a(gpio_common_all.o)
 .debug_frame   0x00000000000000dc       0x70 ../../lib/libopencm3//lib/libopencm3_stm32f3.a(gpio_common_f0234.o)
 .debug_frame   0x000000000000014c      0x2a0 ../../lib/libopencm3//lib/libopencm3_stm32f3.a(rcc.o)
 .debug_frame   0x00000000000003ec       0xe0 ../../lib/libopencm3//lib/libopencm3_stm32f3.a(rcc_common_all.o)
 .debug_frame   0x00000000000004cc      0x130 ../../lib/libopencm3//lib/libopencm3_stm32f3.a(usart_common_v2.o)
 .debug_frame   0x00000000000005fc      0x1ac ../../lib/libopencm3//lib/libopencm3_stm32f3.a(usart_common_all.o)
 .debug_frame   0x00000000000007a8       0x4c ../../lib/libopencm3//lib/libopencm3_stm32f3.a(vector.o)
 .debug_frame   0x00000000000007f4       0x50 ../../lib/libopencm3//lib/libopencm3_stm32f3.a(flash_common_all.o)

Cross Reference Table

Symbol                                            File
__fini_array_end                                  ../../lib/libopencm3//lib/libopencm3_stm32f3.a(vector.o)
__fini_array_start                                ../../lib/libopencm3//lib/libopencm3_stm32f3.a(vector.o)
__init_array_end                                  ../../lib/libopencm3//lib/libopencm3_stm32f3.a(vector.o)
__init_array_start                                ../../lib/libopencm3//lib/libopencm3_stm32f3.a(vector.o)
__preinit_array_end                               ../../lib/libopencm3//lib/libopencm3_stm32f3.a(vector.o)
__preinit_array_start                             ../../lib/libopencm3//lib/libopencm3_stm32f3.a(vector.o)
_data                                             ../../lib/libopencm3//lib/libopencm3_stm32f3.a(vector.o)
_data_loadaddr                                    ../../lib/libopencm3//lib/libopencm3_stm32f3.a(vector.o)
_ebss                                             ../../lib/libopencm3//lib/libopencm3_stm32f3.a(vector.o)
_edata                                            ../../lib/libopencm3//lib/libopencm3_stm32f3.a(vector.o)
_stack                                            ../../lib/libopencm3//lib/libopencm3_stm32f3.a(vector.o)
adc1_2_isr                                        ../../lib/libopencm3//lib/libopencm3_stm32f3.a(vector.o)
adc3_isr                                          ../../lib/libopencm3//lib/libopencm3_stm32f3.a(vector.o)
blocking_handler                                  ../../lib/libopencm3//lib/libopencm3_stm32f3.a(vector.o)
bus_fault_handler                                 ../../lib/libopencm3//lib/libopencm3_stm32f3.a(vector.o)
can1_rx1_isr                                      ../../lib/libopencm3//lib/libopencm3_stm32f3.a(vector.o)
can1_sce_isr                                      ../../lib/libopencm3//lib/libopencm3_stm32f3.a(vector.o)
cm3_assert_failed                                 ../../lib/libopencm3//lib/libopencm3_stm32f3.a(assert.o)
                                                  ../../lib/libopencm3//lib/libopencm3_stm32f3.a(rcc.o)
cm3_assert_failed_verbose                         ../../lib/libopencm3//lib/libopencm3_stm32f3.a(assert.o)
comp123_isr                                       ../../lib/libopencm3//lib/libopencm3_stm32f3.a(vector.o)
comp456_isr                                       ../../lib/libopencm3//lib/libopencm3_stm32f3.a(vector.o)
comp7_isr                                         ../../lib/libopencm3//lib/libopencm3_stm32f3.a(vector.o)
console_putc                                      main.o
console_puts                                      main.o
debug_monitor_handler                             ../../lib/libopencm3//lib/libopencm3_stm32f3.a(vector.o)
dma1_channel1_isr                                 ../../lib/libopencm3//lib/libopencm3_stm32f3.a(vector.o)
dma1_channel2_isr                                 ../../lib/libopencm3//lib/libopencm3_stm32f3.a(vector.o)
dma1_channel3_isr                                 ../../lib/libopencm3//lib/libopencm3_stm32f3.a(vector.o)
dma1_channel4_isr                                 ../../lib/libopencm3//lib/libopencm3_stm32f3.a(vector.o)
dma1_channel5_isr                                 ../../lib/libopencm3//lib/libopencm3_stm32f3.a(vector.o)
dma1_channel6_isr                                 ../../lib/libopencm3//lib/libopencm3_stm32f3.a(vector.o)
dma1_channel7_isr                                 ../../lib/libopencm3//lib/libopencm3_stm32f3.a(vector.o)
dma2_channel1_isr                                 ../../lib/libopencm3//lib/libopencm3_stm32f3.a(vector.o)
dma2_channel2_isr                                 ../../lib/libopencm3//lib/libopencm3_stm32f3.a(vector.o)
dma2_channel3_isr                                 ../../lib/libopencm3//lib/libopencm3_stm32f3.a(vector.o)
dma2_channel4_isr                                 ../../lib/libopencm3//lib/libopencm3_stm32f3.a(vector.o)
dma2_channel5_isr                                 ../../lib/libopencm3//lib/libopencm3_stm32f3.a(vector.o)
eth_isr                                           ../../lib/libopencm3//lib/libopencm3_stm32f3.a(vector.o)
exti0_isr                                         ../../lib/libopencm3//lib/libopencm3_stm32f3.a(vector.o)
exti15_10_isr                                     ../../lib/libopencm3//lib/libopencm3_stm32f3.a(vector.o)
exti1_isr                                         ../../lib/libopencm3//lib/libopencm3_stm32f3.a(vector.o)
exti2_tsc_isr                                     ../../lib/libopencm3//lib/libopencm3_stm32f3.a(vector.o)
exti3_isr                                         ../../lib/libopencm3//lib/libopencm3_stm32f3.a(vector.o)
exti4_isr                                         ../../lib/libopencm3//lib/libopencm3_stm32f3.a(vector.o)
exti9_5_isr                                       ../../lib/libopencm3//lib/libopencm3_stm32f3.a(vector.o)
flash_isr                                         ../../lib/libopencm3//lib/libopencm3_stm32f3.a(vector.o)
flash_prefetch_disable                            ../../lib/libopencm3//lib/libopencm3_stm32f3.a(flash_common_all.o)
flash_prefetch_enable                             ../../lib/libopencm3//lib/libopencm3_stm32f3.a(flash_common_all.o)
                                                  ../../lib/libopencm3//lib/libopencm3_stm32f3.a(rcc.o)
flash_set_ws                                      ../../lib/libopencm3//lib/libopencm3_stm32f3.a(flash_common_all.o)
                                                  ../../lib/libopencm3//lib/libopencm3_stm32f3.a(rcc.o)
flash_unlock_option_bytes                         ../../lib/libopencm3//lib/libopencm3_stm32f3.a(flash_common_all.o)
gpio_clear                                        ../../lib/libopencm3//lib/libopencm3_stm32f3.a(gpio_common_all.o)
gpio_get                                          ../../lib/libopencm3//lib/libopencm3_stm32f3.a(gpio_common_all.o)
gpio_mode_setup                                   ../../lib/libopencm3//lib/libopencm3_stm32f3.a(gpio_common_f0234.o)
                                                  main.o
gpio_port_config_lock                             ../../lib/libopencm3//lib/libopencm3_stm32f3.a(gpio_common_all.o)
gpio_port_read                                    ../../lib/libopencm3//lib/libopencm3_stm32f3.a(gpio_common_all.o)
gpio_port_write                                   ../../lib/libopencm3//lib/libopencm3_stm32f3.a(gpio_common_all.o)
gpio_set                                          ../../lib/libopencm3//lib/libopencm3_stm32f3.a(gpio_common_all.o)
gpio_set_af                                       ../../lib/libopencm3//lib/libopencm3_stm32f3.a(gpio_common_f0234.o)
                                                  main.o
gpio_set_output_options                           ../../lib/libopencm3//lib/libopencm3_stm32f3.a(gpio_common_f0234.o)
gpio_toggle                                       ../../lib/libopencm3//lib/libopencm3_stm32f3.a(gpio_common_all.o)
                                                  main.o
hard_fault_handler                                ../../lib/libopencm3//lib/libopencm3_stm32f3.a(vector.o)
hrtim_flt_isr                                     ../../lib/libopencm3//lib/libopencm3_stm32f3.a(vector.o)
hrtim_master_isr                                  ../../lib/libopencm3//lib/libopencm3_stm32f3.a(vector.o)
hrtim_tima_isr                                    ../../lib/libopencm3//lib/libopencm3_stm32f3.a(vector.o)
hrtim_timb_isr                                    ../../lib/libopencm3//lib/libopencm3_stm32f3.a(vector.o)
hrtim_timc_isr                                    ../../lib/libopencm3//lib/libopencm3_stm32f3.a(vector.o)
hrtim_timd_isr                                    ../../lib/libopencm3//lib/libopencm3_stm32f3.a(vector.o)
hrtim_time_isr                                    ../../lib/libopencm3//lib/libopencm3_stm32f3.a(vector.o)
i2c1_er_isr                                       ../../lib/libopencm3//lib/libopencm3_stm32f3.a(vector.o)
i2c1_ev_exti23_isr                                ../../lib/libopencm3//lib/libopencm3_stm32f3.a(vector.o)
i2c2_er_isr                                       ../../lib/libopencm3//lib/libopencm3_stm32f3.a(vector.o)
i2c2_ev_exti24_isr                                ../../lib/libopencm3//lib/libopencm3_stm32f3.a(vector.o)
main                                              main.o
                                                  ../../lib/libopencm3//lib/libopencm3_stm32f3.a(vector.o)
mem_manage_handler                                ../../lib/libopencm3//lib/libopencm3_stm32f3.a(vector.o)
nmi_handler                                       ../../lib/libopencm3//lib/libopencm3_stm32f3.a(vector.o)
null_handler                                      ../../lib/libopencm3//lib/libopencm3_stm32f3.a(vector.o)
nvic_wwdg_isr                                     ../../lib/libopencm3//lib/libopencm3_stm32f3.a(vector.o)
pend_sv_handler                                   ../../lib/libopencm3//lib/libopencm3_stm32f3.a(vector.o)
pvd_isr                                           ../../lib/libopencm3//lib/libopencm3_stm32f3.a(vector.o)
rcc_adc_prescale                                  ../../lib/libopencm3//lib/libopencm3_stm32f3.a(rcc.o)
rcc_ahb_frequency                                 ../../lib/libopencm3//lib/libopencm3_stm32f3.a(rcc.o)
rcc_apb1_frequency                                ../../lib/libopencm3//lib/libopencm3_stm32f3.a(rcc.o)
                                                  ../../lib/libopencm3//lib/libopencm3_stm32f3.a(usart_common_all.o)
rcc_apb2_frequency                                ../../lib/libopencm3//lib/libopencm3_stm32f3.a(rcc.o)
                                                  ../../lib/libopencm3//lib/libopencm3_stm32f3.a(usart_common_all.o)
rcc_backupdomain_reset                            ../../lib/libopencm3//lib/libopencm3_stm32f3.a(rcc.o)
rcc_clock_setup_hsi                               ../../lib/libopencm3//lib/libopencm3_stm32f3.a(rcc.o)
                                                  main.o
rcc_clock_setup_pll                               ../../lib/libopencm3//lib/libopencm3_stm32f3.a(rcc.o)
rcc_css_disable                                   ../../lib/libopencm3//lib/libopencm3_stm32f3.a(rcc.o)
rcc_css_enable                                    ../../lib/libopencm3//lib/libopencm3_stm32f3.a(rcc.o)
rcc_css_int_clear                                 ../../lib/libopencm3//lib/libopencm3_stm32f3.a(rcc.o)
rcc_css_int_flag                                  ../../lib/libopencm3//lib/libopencm3_stm32f3.a(rcc.o)
rcc_get_div_from_hpre                             ../../lib/libopencm3//lib/libopencm3_stm32f3.a(rcc_common_all.o)
                                                  ../../lib/libopencm3//lib/libopencm3_stm32f3.a(rcc.o)
rcc_get_i2c_clk_freq                              ../../lib/libopencm3//lib/libopencm3_stm32f3.a(rcc.o)
rcc_get_i2c_clocks                                ../../lib/libopencm3//lib/libopencm3_stm32f3.a(rcc.o)
rcc_get_spi_clk_freq                              ../../lib/libopencm3//lib/libopencm3_stm32f3.a(rcc.o)
rcc_get_system_clock_source                       ../../lib/libopencm3//lib/libopencm3_stm32f3.a(rcc.o)
rcc_get_timer_clk_freq                            ../../lib/libopencm3//lib/libopencm3_stm32f3.a(rcc.o)
rcc_get_usart_clk_freq                            ../../lib/libopencm3//lib/libopencm3_stm32f3.a(rcc.o)
rcc_hse8mhz_configs                               ../../lib/libopencm3//lib/libopencm3_stm32f3.a(rcc.o)
rcc_hsi_configs                                   ../../lib/libopencm3//lib/libopencm3_stm32f3.a(rcc.o)
                                                  main.o
rcc_is_osc_ready                                  ../../lib/libopencm3//lib/libopencm3_stm32f3.a(rcc.o)
rcc_isr                                           ../../lib/libopencm3//lib/libopencm3_stm32f3.a(vector.o)
rcc_osc_bypass_disable                            ../../lib/libopencm3//lib/libopencm3_stm32f3.a(rcc_common_all.o)
rcc_osc_bypass_enable                             ../../lib/libopencm3//lib/libopencm3_stm32f3.a(rcc_common_all.o)
rcc_osc_off                                       ../../lib/libopencm3//lib/libopencm3_stm32f3.a(rcc.o)
rcc_osc_on                                        ../../lib/libopencm3//lib/libopencm3_stm32f3.a(rcc.o)
rcc_osc_ready_int_clear                           ../../lib/libopencm3//lib/libopencm3_stm32f3.a(rcc.o)
rcc_osc_ready_int_disable                         ../../lib/libopencm3//lib/libopencm3_stm32f3.a(rcc.o)
rcc_osc_ready_int_enable                          ../../lib/libopencm3//lib/libopencm3_stm32f3.a(rcc.o)
rcc_osc_ready_int_flag                            ../../lib/libopencm3//lib/libopencm3_stm32f3.a(rcc.o)
rcc_periph_clock_disable                          ../../lib/libopencm3//lib/libopencm3_stm32f3.a(rcc_common_all.o)
rcc_periph_clock_enable                           ../../lib/libopencm3//lib/libopencm3_stm32f3.a(rcc_common_all.o)
                                                  main.o
rcc_periph_reset_hold                             ../../lib/libopencm3//lib/libopencm3_stm32f3.a(rcc_common_all.o)
rcc_periph_reset_pulse                            ../../lib/libopencm3//lib/libopencm3_stm32f3.a(rcc_common_all.o)
rcc_periph_reset_release                          ../../lib/libopencm3//lib/libopencm3_stm32f3.a(rcc_common_all.o)
rcc_peripheral_clear_reset                        ../../lib/libopencm3//lib/libopencm3_stm32f3.a(rcc_common_all.o)
rcc_peripheral_disable_clock                      ../../lib/libopencm3//lib/libopencm3_stm32f3.a(rcc_common_all.o)
rcc_peripheral_enable_clock                       ../../lib/libopencm3//lib/libopencm3_stm32f3.a(rcc_common_all.o)
rcc_peripheral_reset                              ../../lib/libopencm3//lib/libopencm3_stm32f3.a(rcc_common_all.o)
rcc_set_hpre                                      ../../lib/libopencm3//lib/libopencm3_stm32f3.a(rcc.o)
rcc_set_i2c_clock_hsi                             ../../lib/libopencm3//lib/libopencm3_stm32f3.a(rcc.o)
rcc_set_i2c_clock_sysclk                          ../../lib/libopencm3//lib/libopencm3_stm32f3.a(rcc.o)
rcc_set_mco                                       ../../lib/libopencm3//lib/libopencm3_stm32f3.a(rcc_common_all.o)
rcc_set_pll_multiplier                            ../../lib/libopencm3//lib/libopencm3_stm32f3.a(rcc.o)
rcc_set_pll_source                                ../../lib/libopencm3//lib/libopencm3_stm32f3.a(rcc.o)
rcc_set_ppre1                                     ../../lib/libopencm3//lib/libopencm3_stm32f3.a(rcc.o)
rcc_set_ppre2                                     ../../lib/libopencm3//lib/libopencm3_stm32f3.a(rcc.o)
rcc_set_prediv                                    ../../lib/libopencm3//lib/libopencm3_stm32f3.a(rcc.o)
rcc_set_sysclk_source                             ../../lib/libopencm3//lib/libopencm3_stm32f3.a(rcc.o)
rcc_usb_prescale_1                                ../../lib/libopencm3//lib/libopencm3_stm32f3.a(rcc.o)
rcc_usb_prescale_1_5                              ../../lib/libopencm3//lib/libopencm3_stm32f3.a(rcc.o)
rcc_wait_for_osc_not_ready                        ../../lib/libopencm3//lib/libopencm3_stm32f3.a(rcc.o)
rcc_wait_for_osc_ready                            ../../lib/libopencm3//lib/libopencm3_stm32f3.a(rcc.o)
rcc_wait_for_sysclk_status                        ../../lib/libopencm3//lib/libopencm3_stm32f3.a(rcc.o)
reserved_13_isr                                   ../../lib/libopencm3//lib/libopencm3_stm32f3.a(vector.o)
reserved_14_isr                                   ../../lib/libopencm3//lib/libopencm3_stm32f3.a(vector.o)
reserved_15_isr                                   ../../lib/libopencm3//lib/libopencm3_stm32f3.a(vector.o)
reserved_16_isr                                   ../../lib/libopencm3//lib/libopencm3_stm32f3.a(vector.o)
reserved_1_isr                                    ../../lib/libopencm3//lib/libopencm3_stm32f3.a(vector.o)
reserved_2_isr                                    ../../lib/libopencm3//lib/libopencm3_stm32f3.a(vector.o)
reserved_3_isr                                    ../../lib/libopencm3//lib/libopencm3_stm32f3.a(vector.o)
reserved_4_isr                                    ../../lib/libopencm3//lib/libopencm3_stm32f3.a(vector.o)
reserved_5_isr                                    ../../lib/libopencm3//lib/libopencm3_stm32f3.a(vector.o)
reset_handler                                     ../../lib/libopencm3//lib/libopencm3_stm32f3.a(vector.o)
rtc_alarm_isr                                     ../../lib/libopencm3//lib/libopencm3_stm32f3.a(vector.o)
rtc_wkup_isr                                      ../../lib/libopencm3//lib/libopencm3_stm32f3.a(vector.o)
spi1_isr                                          ../../lib/libopencm3//lib/libopencm3_stm32f3.a(vector.o)
spi2_isr                                          ../../lib/libopencm3//lib/libopencm3_stm32f3.a(vector.o)
spi3_isr                                          ../../lib/libopencm3//lib/libopencm3_stm32f3.a(vector.o)
sv_call_handler                                   ../../lib/libopencm3//lib/libopencm3_stm32f3.a(vector.o)
sys_tick_handler                                  ../../lib/libopencm3//lib/libopencm3_stm32f3.a(vector.o)
tamp_stamp_isr                                    ../../lib/libopencm3//lib/libopencm3_stm32f3.a(vector.o)
tim1_brk_tim15_isr                                ../../lib/libopencm3//lib/libopencm3_stm32f3.a(vector.o)
tim1_cc_isr                                       ../../lib/libopencm3//lib/libopencm3_stm32f3.a(vector.o)
tim1_trg_com_tim17_isr                            ../../lib/libopencm3//lib/libopencm3_stm32f3.a(vector.o)
tim1_up_tim16_isr                                 ../../lib/libopencm3//lib/libopencm3_stm32f3.a(vector.o)
tim2_isr                                          ../../lib/libopencm3//lib/libopencm3_stm32f3.a(vector.o)
tim3_isr                                          ../../lib/libopencm3//lib/libopencm3_stm32f3.a(vector.o)
tim4_isr                                          ../../lib/libopencm3//lib/libopencm3_stm32f3.a(vector.o)
tim6_dac_isr                                      ../../lib/libopencm3//lib/libopencm3_stm32f3.a(vector.o)
tim7_isr                                          ../../lib/libopencm3//lib/libopencm3_stm32f3.a(vector.o)
tim8_brk_isr                                      ../../lib/libopencm3//lib/libopencm3_stm32f3.a(vector.o)
tim8_cc_isr                                       ../../lib/libopencm3//lib/libopencm3_stm32f3.a(vector.o)
tim8_trg_com_isr                                  ../../lib/libopencm3//lib/libopencm3_stm32f3.a(vector.o)
tim8_up_isr                                       ../../lib/libopencm3//lib/libopencm3_stm32f3.a(vector.o)
uart4_exti34_isr                                  ../../lib/libopencm3//lib/libopencm3_stm32f3.a(vector.o)
uart5_exti35_isr                                  ../../lib/libopencm3//lib/libopencm3_stm32f3.a(vector.o)
usage_fault_handler                               ../../lib/libopencm3//lib/libopencm3_stm32f3.a(vector.o)
usart1_exti25_isr                                 ../../lib/libopencm3//lib/libopencm3_stm32f3.a(vector.o)
usart2_exti26_isr                                 ../../lib/libopencm3//lib/libopencm3_stm32f3.a(vector.o)
usart3_exti28_isr                                 ../../lib/libopencm3//lib/libopencm3_stm32f3.a(vector.o)
usart_disable                                     ../../lib/libopencm3//lib/libopencm3_stm32f3.a(usart_common_all.o)
                                                  main.o
usart_disable_data_inversion                      ../../lib/libopencm3//lib/libopencm3_stm32f3.a(usart_common_v2.o)
usart_disable_error_interrupt                     ../../lib/libopencm3//lib/libopencm3_stm32f3.a(usart_common_all.o)
usart_disable_halfduplex                          ../../lib/libopencm3//lib/libopencm3_stm32f3.a(usart_common_v2.o)
usart_disable_idle_interrupt                      ../../lib/libopencm3//lib/libopencm3_stm32f3.a(usart_common_all.o)
usart_disable_rx_dma                              ../../lib/libopencm3//lib/libopencm3_stm32f3.a(usart_common_all.o)
usart_disable_rx_interrupt                        ../../lib/libopencm3//lib/libopencm3_stm32f3.a(usart_common_all.o)
usart_disable_rx_inversion                        ../../lib/libopencm3//lib/libopencm3_stm32f3.a(usart_common_v2.o)
usart_disable_rx_timeout                          ../../lib/libopencm3//lib/libopencm3_stm32f3.a(usart_common_v2.o)
usart_disable_rx_timeout_interrupt                ../../lib/libopencm3//lib/libopencm3_stm32f3.a(usart_common_v2.o)
usart_disable_tx_complete_interrupt               ../../lib/libopencm3//lib/libopencm3_stm32f3.a(usart_common_all.o)
usart_disable_tx_dma                              ../../lib/libopencm3//lib/libopencm3_stm32f3.a(usart_common_all.o)
usart_disable_tx_interrupt                        ../../lib/libopencm3//lib/libopencm3_stm32f3.a(usart_common_all.o)
usart_disable_tx_inversion                        ../../lib/libopencm3//lib/libopencm3_stm32f3.a(usart_common_v2.o)
usart_enable                                      ../../lib/libopencm3//lib/libopencm3_stm32f3.a(usart_common_all.o)
                                                  main.o
usart_enable_data_inversion                       ../../lib/libopencm3//lib/libopencm3_stm32f3.a(usart_common_v2.o)
usart_enable_error_interrupt                      ../../lib/libopencm3//lib/libopencm3_stm32f3.a(usart_common_all.o)
usart_enable_halfduplex                           ../../lib/libopencm3//lib/libopencm3_stm32f3.a(usart_common_v2.o)
usart_enable_idle_interrupt                       ../../lib/libopencm3//lib/libopencm3_stm32f3.a(usart_common_all.o)
usart_enable_rx_dma                               ../../lib/libopencm3//lib/libopencm3_stm32f3.a(usart_common_all.o)
usart_enable_rx_interrupt                         ../../lib/libopencm3//lib/libopencm3_stm32f3.a(usart_common_all.o)
usart_enable_rx_inversion                         ../../lib/libopencm3//lib/libopencm3_stm32f3.a(usart_common_v2.o)
usart_enable_rx_timeout                           ../../lib/libopencm3//lib/libopencm3_stm32f3.a(usart_common_v2.o)
usart_enable_rx_timeout_interrupt                 ../../lib/libopencm3//lib/libopencm3_stm32f3.a(usart_common_v2.o)
usart_enable_tx_complete_interrupt                ../../lib/libopencm3//lib/libopencm3_stm32f3.a(usart_common_all.o)
usart_enable_tx_dma                               ../../lib/libopencm3//lib/libopencm3_stm32f3.a(usart_common_all.o)
usart_enable_tx_interrupt                         ../../lib/libopencm3//lib/libopencm3_stm32f3.a(usart_common_all.o)
usart_enable_tx_inversion                         ../../lib/libopencm3//lib/libopencm3_stm32f3.a(usart_common_v2.o)
usart_get_flag                                    ../../lib/libopencm3//lib/libopencm3_stm32f3.a(usart_common_v2.o)
usart_recv                                        ../../lib/libopencm3//lib/libopencm3_stm32f3.a(usart_common_v2.o)
                                                  ../../lib/libopencm3//lib/libopencm3_stm32f3.a(usart_common_all.o)
usart_recv_blocking                               ../../lib/libopencm3//lib/libopencm3_stm32f3.a(usart_common_all.o)
usart_send                                        ../../lib/libopencm3//lib/libopencm3_stm32f3.a(usart_common_v2.o)
                                                  ../../lib/libopencm3//lib/libopencm3_stm32f3.a(usart_common_all.o)
usart_send_blocking                               ../../lib/libopencm3//lib/libopencm3_stm32f3.a(usart_common_all.o)
                                                  main.o
usart_set_baudrate                                ../../lib/libopencm3//lib/libopencm3_stm32f3.a(usart_common_all.o)
                                                  main.o
usart_set_databits                                ../../lib/libopencm3//lib/libopencm3_stm32f3.a(usart_common_all.o)
                                                  main.o
usart_set_flow_control                            ../../lib/libopencm3//lib/libopencm3_stm32f3.a(usart_common_all.o)
                                                  main.o
usart_set_mode                                    ../../lib/libopencm3//lib/libopencm3_stm32f3.a(usart_common_all.o)
                                                  main.o
usart_set_parity                                  ../../lib/libopencm3//lib/libopencm3_stm32f3.a(usart_common_all.o)
                                                  main.o
usart_set_rx_timeout_value                        ../../lib/libopencm3//lib/libopencm3_stm32f3.a(usart_common_v2.o)
usart_set_stopbits                                ../../lib/libopencm3//lib/libopencm3_stm32f3.a(usart_common_all.o)
                                                  main.o
usart_wait_recv_ready                             ../../lib/libopencm3//lib/libopencm3_stm32f3.a(usart_common_v2.o)
                                                  ../../lib/libopencm3//lib/libopencm3_stm32f3.a(usart_common_all.o)
usart_wait_send_ready                             ../../lib/libopencm3//lib/libopencm3_stm32f3.a(usart_common_v2.o)
                                                  ../../lib/libopencm3//lib/libopencm3_stm32f3.a(usart_common_all.o)
                                                  main.o
usb_hp_can1_tx_isr                                ../../lib/libopencm3//lib/libopencm3_stm32f3.a(vector.o)
usb_hp_isr                                        ../../lib/libopencm3//lib/libopencm3_stm32f3.a(vector.o)
usb_lp_can1_rx0_isr                               ../../lib/libopencm3//lib/libopencm3_stm32f3.a(vector.o)
usb_lp_isr                                        ../../lib/libopencm3//lib/libopencm3_stm32f3.a(vector.o)
usb_wkup_a_isr                                    ../../lib/libopencm3//lib/libopencm3_stm32f3.a(vector.o)
usb_wkup_isr                                      ../../lib/libopencm3//lib/libopencm3_stm32f3.a(vector.o)
vector_table                                      ../../lib/libopencm3//lib/libopencm3_stm32f3.a(vector.o)
