Archive member included to satisfy reference by file (symbol)

../../lib/libopencm3//lib/libopencm3_stm32f3.a(gpio_common_f0234.o)
                              main.o (gpio_mode_setup)
../../lib/libopencm3//lib/libopencm3_stm32f3.a(i2c_common_v2.o)
                              main.o (i2c_reset)
../../lib/libopencm3//lib/libopencm3_stm32f3.a(rcc.o)
                              main.o (rcc_clock_setup_hsi)
../../lib/libopencm3//lib/libopencm3_stm32f3.a(rcc_common_all.o)
                              main.o (rcc_periph_clock_enable)
../../lib/libopencm3//lib/libopencm3_stm32f3.a(usart_common_all.o)
                              main.o (usart_set_baudrate)
../../lib/libopencm3//lib/libopencm3_stm32f3.a(vector.o)
                              (reset_handler)
../../lib/libopencm3//lib/libopencm3_stm32f3.a(assert.o)
                              ../../lib/libopencm3//lib/libopencm3_stm32f3.a(rcc.o) (cm3_assert_failed)
../../lib/libopencm3//lib/libopencm3_stm32f3.a(flash_common_all.o)
                              ../../lib/libopencm3//lib/libopencm3_stm32f3.a(rcc.o) (flash_prefetch_enable)
../../lib/libopencm3//lib/libopencm3_stm32f3.a(usart_common_v2.o)
                              ../../lib/libopencm3//lib/libopencm3_stm32f3.a(usart_common_all.o) (usart_send)
/usr/share/gcc-arm-none-eabi-10-2020-q4-major/bin/../lib/gcc/arm-none-eabi/10.2.1/../../../../arm-none-eabi/lib/thumb/v7e-m+fp/hard/libc_nano.a(lib_a-errno.o)
                              main.o (__errno)
/usr/share/gcc-arm-none-eabi-10-2020-q4-major/bin/../lib/gcc/arm-none-eabi/10.2.1/../../../../arm-none-eabi/lib/thumb/v7e-m+fp/hard/libc_nano.a(lib_a-impure.o)
                              /usr/share/gcc-arm-none-eabi-10-2020-q4-major/bin/../lib/gcc/arm-none-eabi/10.2.1/../../../../arm-none-eabi/lib/thumb/v7e-m+fp/hard/libc_nano.a(lib_a-errno.o) (_impure_ptr)
/usr/share/gcc-arm-none-eabi-10-2020-q4-major/bin/../lib/gcc/arm-none-eabi/10.2.1/../../../../arm-none-eabi/lib/thumb/v7e-m+fp/hard/libc_nano.a(lib_a-printf.o)
                              main.o (printf)
/usr/share/gcc-arm-none-eabi-10-2020-q4-major/bin/../lib/gcc/arm-none-eabi/10.2.1/../../../../arm-none-eabi/lib/thumb/v7e-m+fp/hard/libc_nano.a(lib_a-puts.o)
                              main.o (puts)
/usr/share/gcc-arm-none-eabi-10-2020-q4-major/bin/../lib/gcc/arm-none-eabi/10.2.1/../../../../arm-none-eabi/lib/thumb/v7e-m+fp/hard/libc_nano.a(lib_a-wbuf.o)
                              /usr/share/gcc-arm-none-eabi-10-2020-q4-major/bin/../lib/gcc/arm-none-eabi/10.2.1/../../../../arm-none-eabi/lib/thumb/v7e-m+fp/hard/libc_nano.a(lib_a-puts.o) (__swbuf_r)
/usr/share/gcc-arm-none-eabi-10-2020-q4-major/bin/../lib/gcc/arm-none-eabi/10.2.1/../../../../arm-none-eabi/lib/thumb/v7e-m+fp/hard/libc_nano.a(lib_a-wsetup.o)
                              /usr/share/gcc-arm-none-eabi-10-2020-q4-major/bin/../lib/gcc/arm-none-eabi/10.2.1/../../../../arm-none-eabi/lib/thumb/v7e-m+fp/hard/libc_nano.a(lib_a-puts.o) (__swsetup_r)
/usr/share/gcc-arm-none-eabi-10-2020-q4-major/bin/../lib/gcc/arm-none-eabi/10.2.1/../../../../arm-none-eabi/lib/thumb/v7e-m+fp/hard/libc_nano.a(lib_a-fflush.o)
                              /usr/share/gcc-arm-none-eabi-10-2020-q4-major/bin/../lib/gcc/arm-none-eabi/10.2.1/../../../../arm-none-eabi/lib/thumb/v7e-m+fp/hard/libc_nano.a(lib_a-wbuf.o) (_fflush_r)
/usr/share/gcc-arm-none-eabi-10-2020-q4-major/bin/../lib/gcc/arm-none-eabi/10.2.1/../../../../arm-none-eabi/lib/thumb/v7e-m+fp/hard/libc_nano.a(lib_a-findfp.o)
                              /usr/share/gcc-arm-none-eabi-10-2020-q4-major/bin/../lib/gcc/arm-none-eabi/10.2.1/../../../../arm-none-eabi/lib/thumb/v7e-m+fp/hard/libc_nano.a(lib_a-printf.o) (__sinit)
/usr/share/gcc-arm-none-eabi-10-2020-q4-major/bin/../lib/gcc/arm-none-eabi/10.2.1/../../../../arm-none-eabi/lib/thumb/v7e-m+fp/hard/libc_nano.a(lib_a-fwalk.o)
                              /usr/share/gcc-arm-none-eabi-10-2020-q4-major/bin/../lib/gcc/arm-none-eabi/10.2.1/../../../../arm-none-eabi/lib/thumb/v7e-m+fp/hard/libc_nano.a(lib_a-findfp.o) (_fwalk)
/usr/share/gcc-arm-none-eabi-10-2020-q4-major/bin/../lib/gcc/arm-none-eabi/10.2.1/../../../../arm-none-eabi/lib/thumb/v7e-m+fp/hard/libc_nano.a(lib_a-lock.o)
                              /usr/share/gcc-arm-none-eabi-10-2020-q4-major/bin/../lib/gcc/arm-none-eabi/10.2.1/../../../../arm-none-eabi/lib/thumb/v7e-m+fp/hard/libc_nano.a(lib_a-findfp.o) (__retarget_lock_init_recursive)
/usr/share/gcc-arm-none-eabi-10-2020-q4-major/bin/../lib/gcc/arm-none-eabi/10.2.1/../../../../arm-none-eabi/lib/thumb/v7e-m+fp/hard/libc_nano.a(lib_a-makebuf.o)
                              /usr/share/gcc-arm-none-eabi-10-2020-q4-major/bin/../lib/gcc/arm-none-eabi/10.2.1/../../../../arm-none-eabi/lib/thumb/v7e-m+fp/hard/libc_nano.a(lib_a-wsetup.o) (__smakebuf_r)
/usr/share/gcc-arm-none-eabi-10-2020-q4-major/bin/../lib/gcc/arm-none-eabi/10.2.1/../../../../arm-none-eabi/lib/thumb/v7e-m+fp/hard/libc_nano.a(lib_a-memset.o)
[...]
Memory Configuration

Name             Origin             Length             Attributes
ram              0x0000000020000000 0x0000000000010000 xrw
rom              0x0000000008000000 0x0000000000080000 xr
ccm              0x0000000010000000 0x0000000000004000 xrw
*default*        0x0000000000000000 0xffffffffffffffff

Linker script and memory map

LOAD main.o
LOAD ../../lib/libopencm3//lib/libopencm3_stm32f3.a
START GROUP
LOAD /usr/share/gcc-arm-none-eabi-10-2020-q4-major/bin/../lib/gcc/arm-none-eabi/10.2.1/../../../../arm-none-eabi/lib/thumb/v7e-m+fp/hard/libc_nano.a
LOAD /usr/share/gcc-arm-none-eabi-10-2020-q4-major/bin/../lib/gcc/arm-none-eabi/10.2.1/thumb/v7e-m+fp/hard/libgcc.a
LOAD /usr/share/gcc-arm-none-eabi-10-2020-q4-major/bin/../lib/gcc/arm-none-eabi/10.2.1/../../../../arm-none-eabi/lib/thumb/v7e-m+fp/hard/libnosys.a
END GROUP
START GROUP
LOAD /usr/share/gcc-arm-none-eabi-10-2020-q4-major/bin/../lib/gcc/arm-none-eabi/10.2.1/thumb/v7e-m+fp/hard/libgcc.a
LOAD /usr/share/gcc-arm-none-eabi-10-2020-q4-major/bin/../lib/gcc/arm-none-eabi/10.2.1/../../../../arm-none-eabi/lib/thumb/v7e-m+fp/hard/libg_nano.a
LOAD /usr/share/gcc-arm-none-eabi-10-2020-q4-major/bin/../lib/gcc/arm-none-eabi/10.2.1/../../../../arm-none-eabi/lib/thumb/v7e-m+fp/hard/libc_nano.a
END GROUP
START GROUP
LOAD /usr/share/gcc-arm-none-eabi-10-2020-q4-major/bin/../lib/gcc/arm-none-eabi/10.2.1/thumb/v7e-m+fp/hard/libgcc.a
LOAD /usr/share/gcc-arm-none-eabi-10-2020-q4-major/bin/../lib/gcc/arm-none-eabi/10.2.1/../../../../arm-none-eabi/lib/thumb/v7e-m+fp/hard/libc_nano.a
END GROUP

.text           0x0000000008000000     0x1dd0
 *(.vectors)
 .vectors       0x0000000008000000      0x184 ../../lib/libopencm3//lib/libopencm3_stm32f3.a(vector.o)
                0x0000000008000000                vector_table
 *(.text*)
 .text.i2c_read.constprop.0
                0x0000000008000184       0x24 main.o
 .text.mpu_init
                0x00000000080001a8       0x50 main.o
                0x00000000080001a8                mpu_init
 .text.mpu_read_wai_register
                0x00000000080001f8       0x26 main.o
                0x00000000080001f8                mpu_read_wai_register
 .text.mpu_read_accelerometer
                0x000000000800021e       0x2c main.o
                0x000000000800021e                mpu_read_accelerometer
 .text.mpu_read_gyroscope
                0x000000000800024a       0x2c main.o
                0x000000000800024a                mpu_read_gyroscope
 .text.mpu_read_thermometer
                0x0000000008000276       0x1a main.o
                0x0000000008000276                mpu_read_thermometer
 .text.mpu_read_ext_data
                0x0000000008000290       0x2e main.o
                0x0000000008000290                mpu_read_ext_data
 .text.mpu_read_sensors
                0x00000000080002be       0x22 main.o
                0x00000000080002be                mpu_read_sensors
 .text._write   0x00000000080002e0       0x48 main.o
                0x00000000080002e0                _write
 .text.startup.main
                0x0000000008000328      0x184 main.o
                0x0000000008000328                main
 .text.gpio_mode_setup
                0x00000000080004ac       0x40 ../../lib/libopencm3//lib/libopencm3_stm32f3.a(gpio_common_f0234.o)
                0x00000000080004ac                gpio_mode_setup
 .text.gpio_set_af
                0x00000000080004ec       0x58 ../../lib/libopencm3//lib/libopencm3_stm32f3.a(gpio_common_f0234.o)
                0x00000000080004ec                gpio_set_af
 .text.i2c_reset
                0x0000000008000544       0x30 ../../lib/libopencm3//lib/libopencm3_stm32f3.a(i2c_common_v2.o)
                0x0000000008000544                i2c_reset
 .text.i2c_peripheral_enable
                0x0000000008000574        0xa ../../lib/libopencm3//lib/libopencm3_stm32f3.a(i2c_common_v2.o)
                0x0000000008000574                i2c_peripheral_enable
 .text.i2c_peripheral_disable
                0x000000000800057e        0xa ../../lib/libopencm3//lib/libopencm3_stm32f3.a(i2c_common_v2.o)
                0x000000000800057e                i2c_peripheral_disable
 .text.i2c_send_start
                0x0000000008000588        0xa ../../lib/libopencm3//lib/libopencm3_stm32f3.a(i2c_common_v2.o)
                0x0000000008000588                i2c_send_start
 .text.i2c_enable_analog_filter
                0x0000000008000592        0xa ../../lib/libopencm3//lib/libopencm3_stm32f3.a(i2c_common_v2.o)
                0x0000000008000592                i2c_enable_analog_filter
 .text.i2c_set_digital_filter
                0x000000000800059c        0xe ../../lib/libopencm3//lib/libopencm3_stm32f3.a(i2c_common_v2.o)
                0x000000000800059c                i2c_set_digital_filter
 .text.i2c_set_prescaler
                0x00000000080005aa        0xe ../../lib/libopencm3//lib/libopencm3_stm32f3.a(i2c_common_v2.o)
                0x00000000080005aa                i2c_set_prescaler
 .text.i2c_set_data_setup_time
                0x00000000080005b8        0xe ../../lib/libopencm3//lib/libopencm3_stm32f3.a(i2c_common_v2.o)
                0x00000000080005b8                i2c_set_data_setup_time
 .text.i2c_set_data_hold_time
                0x00000000080005c6        0xe ../../lib/libopencm3//lib/libopencm3_stm32f3.a(i2c_common_v2.o)
                0x00000000080005c6                i2c_set_data_hold_time
 .text.i2c_set_scl_high_period
                0x00000000080005d4        0xe ../../lib/libopencm3//lib/libopencm3_stm32f3.a(i2c_common_v2.o)
                0x00000000080005d4                i2c_set_scl_high_period
 .text.i2c_set_scl_low_period
                0x00000000080005e2        0xc ../../lib/libopencm3//lib/libopencm3_stm32f3.a(i2c_common_v2.o)
                0x00000000080005e2                i2c_set_scl_low_period
 .text.i2c_enable_stretching
                0x00000000080005ee        0xa ../../lib/libopencm3//lib/libopencm3_stm32f3.a(i2c_common_v2.o)
                0x00000000080005ee                i2c_enable_stretching
 .text.i2c_set_7bit_addr_mode
                0x00000000080005f8        0xa ../../lib/libopencm3//lib/libopencm3_stm32f3.a(i2c_common_v2.o)
                0x00000000080005f8                i2c_set_7bit_addr_mode
 .text.i2c_set_7bit_address
                0x0000000008000602       0x10 ../../lib/libopencm3//lib/libopencm3_stm32f3.a(i2c_common_v2.o)
                0x0000000008000602                i2c_set_7bit_address
 .text.i2c_set_write_transfer_dir
                0x0000000008000612        0xa ../../lib/libopencm3//lib/libopencm3_stm32f3.a(i2c_common_v2.o)
                0x0000000008000612                i2c_set_write_transfer_dir
 .text.i2c_set_read_transfer_dir
                0x000000000800061c        0xa ../../lib/libopencm3//lib/libopencm3_stm32f3.a(i2c_common_v2.o)
                0x000000000800061c                i2c_set_read_transfer_dir
 .text.i2c_set_bytes_to_transfer
                0x0000000008000626        0xe ../../lib/libopencm3//lib/libopencm3_stm32f3.a(i2c_common_v2.o)
                0x0000000008000626                i2c_set_bytes_to_transfer
 .text.i2c_enable_autoend
                0x0000000008000634        0xa ../../lib/libopencm3//lib/libopencm3_stm32f3.a(i2c_common_v2.o)
                0x0000000008000634                i2c_enable_autoend
 .text.i2c_disable_autoend
                0x000000000800063e        0xa ../../lib/libopencm3//lib/libopencm3_stm32f3.a(i2c_common_v2.o)
                0x000000000800063e                i2c_disable_autoend
 .text.i2c_nack
                0x0000000008000648        0x8 ../../lib/libopencm3//lib/libopencm3_stm32f3.a(i2c_common_v2.o)
                0x0000000008000648                i2c_nack
 .text.i2c_transmit_int_status
                0x0000000008000650        0x8 ../../lib/libopencm3//lib/libopencm3_stm32f3.a(i2c_common_v2.o)
                0x0000000008000650                i2c_transmit_int_status
 .text.i2c_transfer_complete
                0x0000000008000658        0x8 ../../lib/libopencm3//lib/libopencm3_stm32f3.a(i2c_common_v2.o)
                0x0000000008000658                i2c_transfer_complete
 .text.i2c_received_data
                0x0000000008000660        0x8 ../../lib/libopencm3//lib/libopencm3_stm32f3.a(i2c_common_v2.o)
                0x0000000008000660                i2c_received_data
 .text.i2c_transfer7
                0x0000000008000668       0x9c ../../lib/libopencm3//lib/libopencm3_stm32f3.a(i2c_common_v2.o)
                0x0000000008000668                i2c_transfer7
 .text.i2c_set_speed
                0x0000000008000704       0x52 ../../lib/libopencm3//lib/libopencm3_stm32f3.a(i2c_common_v2.o)
                0x0000000008000704                i2c_set_speed
 *fill*         0x0000000008000756        0x2 
 .text.rcc_wait_for_sysclk_status.part.0
                0x0000000008000758       0x14 ../../lib/libopencm3//lib/libopencm3_stm32f3.a(rcc.o)
 .text.rcc_is_osc_ready
                0x000000000800076c       0x40 ../../lib/libopencm3//lib/libopencm3_stm32f3.a(rcc.o)
                0x000000000800076c                rcc_is_osc_ready
 .text.rcc_wait_for_osc_ready
                0x00000000080007ac       0x10 ../../lib/libopencm3//lib/libopencm3_stm32f3.a(rcc.o)
                0x00000000080007ac                rcc_wait_for_osc_ready
 .text.rcc_wait_for_osc_not_ready
                0x00000000080007bc       0x10 ../../lib/libopencm3//lib/libopencm3_stm32f3.a(rcc.o)
                0x00000000080007bc                rcc_wait_for_osc_not_ready
 .text.rcc_wait_for_sysclk_status
                0x00000000080007cc       0x30 ../../lib/libopencm3//lib/libopencm3_stm32f3.a(rcc.o)
                0x00000000080007cc                rcc_wait_for_sysclk_status
 .text.rcc_osc_on
                0x00000000080007fc       0x4c ../../lib/libopencm3//lib/libopencm3_stm32f3.a(rcc.o)
                0x00000000080007fc                rcc_osc_on
 .text.rcc_osc_off
                0x0000000008000848       0x4c ../../lib/libopencm3//lib/libopencm3_stm32f3.a(rcc.o)
                0x0000000008000848                rcc_osc_off
 .text.rcc_set_sysclk_source
                0x0000000008000894       0x14 ../../lib/libopencm3//lib/libopencm3_stm32f3.a(rcc.o)
                0x0000000008000894                rcc_set_sysclk_source
 .text.rcc_set_pll_source
                0x00000000080008a8       0x14 ../../lib/libopencm3//lib/libopencm3_stm32f3.a(rcc.o)
                0x00000000080008a8                rcc_set_pll_source
 .text.rcc_set_ppre2
                0x00000000080008bc       0x14 ../../lib/libopencm3//lib/libopencm3_stm32f3.a(rcc.o)
                0x00000000080008bc                rcc_set_ppre2
 .text.rcc_set_ppre1
                0x00000000080008d0       0x14 ../../lib/libopencm3//lib/libopencm3_stm32f3.a(rcc.o)
                0x00000000080008d0                rcc_set_ppre1
 .text.rcc_set_hpre
                0x00000000080008e4       0x14 ../../lib/libopencm3//lib/libopencm3_stm32f3.a(rcc.o)
                0x00000000080008e4                rcc_set_hpre
 .text.rcc_set_pll_multiplier
                0x00000000080008f8       0x14 ../../lib/libopencm3//lib/libopencm3_stm32f3.a(rcc.o)
                0x00000000080008f8                rcc_set_pll_multiplier
 .text.rcc_clock_setup_hsi
                0x000000000800090c       0x7c ../../lib/libopencm3//lib/libopencm3_stm32f3.a(rcc.o)
                0x000000000800090c                rcc_clock_setup_hsi
 .text.rcc_set_i2c_clock_hsi
                0x0000000008000988       0x30 ../../lib/libopencm3//lib/libopencm3_stm32f3.a(rcc.o)
                0x0000000008000988                rcc_set_i2c_clock_hsi
 .text.rcc_periph_clock_enable
                0x00000000080009b8       0x1c ../../lib/libopencm3//lib/libopencm3_stm32f3.a(rcc_common_all.o)
                0x00000000080009b8                rcc_periph_clock_enable
 .text.rcc_periph_reset_pulse
                0x00000000080009d4       0x24 ../../lib/libopencm3//lib/libopencm3_stm32f3.a(rcc_common_all.o)
                0x00000000080009d4                rcc_periph_reset_pulse
 .text.usart_set_baudrate
                0x00000000080009f8       0x28 ../../lib/libopencm3//lib/libopencm3_stm32f3.a(usart_common_all.o)
                0x00000000080009f8                usart_set_baudrate
 .text.usart_set_databits
                0x0000000008000a20       0x12 ../../lib/libopencm3//lib/libopencm3_stm32f3.a(usart_common_all.o)
                0x0000000008000a20                usart_set_databits
 .text.usart_set_stopbits
                0x0000000008000a32        0xc ../../lib/libopencm3//lib/libopencm3_stm32f3.a(usart_common_all.o)
                0x0000000008000a32                usart_set_stopbits
 .text.usart_set_parity
                0x0000000008000a3e        0xc ../../lib/libopencm3//lib/libopencm3_stm32f3.a(usart_common_all.o)
                0x0000000008000a3e                usart_set_parity
 .text.usart_set_mode
                0x0000000008000a4a        0xc ../../lib/libopencm3//lib/libopencm3_stm32f3.a(usart_common_all.o)
                0x0000000008000a4a                usart_set_mode
 .text.usart_set_flow_control
                0x0000000008000a56        0xc ../../lib/libopencm3//lib/libopencm3_stm32f3.a(usart_common_all.o)
                0x0000000008000a56                usart_set_flow_control
 .text.usart_enable
                0x0000000008000a62        0xa ../../lib/libopencm3//lib/libopencm3_stm32f3.a(usart_common_all.o)
                0x0000000008000a62                usart_enable
 .text.usart_send_blocking
                0x0000000008000a6c       0x18 ../../lib/libopencm3//lib/libopencm3_stm32f3.a(usart_common_all.o)
                0x0000000008000a6c                usart_send_blocking
 .text.blocking_handler
                0x0000000008000a84        0x2 ../../lib/libopencm3//lib/libopencm3_stm32f3.a(vector.o)
                0x0000000008000a84                usb_lp_isr
                0x0000000008000a84                i2c2_ev_exti24_isr
                0x0000000008000a84                usb_hp_isr
                0x0000000008000a84                hrtim_timb_isr
                0x0000000008000a84                tim7_isr
                0x0000000008000a84                adc1_2_isr
                0x0000000008000a84                hrtim_timc_isr
                0x0000000008000a84                reserved_13_isr
                0x0000000008000a84                blocking_handler
                0x0000000008000a84                rtc_wkup_isr
                0x0000000008000a84                tim1_up_tim16_isr
                0x0000000008000a84                spi1_isr
                0x0000000008000a84                dma1_channel6_isr
                0x0000000008000a84                reserved_5_isr
                0x0000000008000a84                dma1_channel5_isr
                0x0000000008000a84                dma2_channel5_isr
                0x0000000008000a84                tamp_stamp_isr
                0x0000000008000a84                can1_rx1_isr
                0x0000000008000a84                hrtim_master_isr
                0x0000000008000a84                hrtim_tima_isr
                0x0000000008000a84                usage_fault_handler
                0x0000000008000a84                tim8_trg_com_isr
                0x0000000008000a84                i2c1_ev_exti23_isr
                0x0000000008000a84                tim1_trg_com_tim17_isr
                0x0000000008000a84                reserved_15_isr
                0x0000000008000a84                usb_wkup_isr
                0x0000000008000a84                can1_sce_isr
                0x0000000008000a84                reserved_3_isr
                0x0000000008000a84                tim1_cc_isr
                0x0000000008000a84                eth_isr
                0x0000000008000a84                reserved_14_isr
                0x0000000008000a84                dma1_channel4_isr
                0x0000000008000a84                tim8_brk_isr
                0x0000000008000a84                dma2_channel4_isr
                0x0000000008000a84                pvd_isr
                0x0000000008000a84                comp123_isr
                0x0000000008000a84                comp456_isr
                0x0000000008000a84                rcc_isr
                0x0000000008000a84                flash_isr
                0x0000000008000a84                rtc_alarm_isr
                0x0000000008000a84                reserved_2_isr
                0x0000000008000a84                exti15_10_isr
                0x0000000008000a84                hard_fault_handler
                0x0000000008000a84                exti1_isr
                0x0000000008000a84                dma2_channel1_isr
                0x0000000008000a84                spi2_isr
                0x0000000008000a84                nvic_wwdg_isr
                0x0000000008000a84                tim8_up_isr
                0x0000000008000a84                usart1_exti25_isr
                0x0000000008000a84                dma2_channel2_isr
                0x0000000008000a84                exti3_isr
                0x0000000008000a84                adc3_isr
                0x0000000008000a84                tim3_isr
                0x0000000008000a84                i2c2_er_isr
                0x0000000008000a84                reserved_1_isr
                0x0000000008000a84                dma1_channel1_isr
                0x0000000008000a84                exti4_isr
                0x0000000008000a84                tim6_dac_isr
                0x0000000008000a84                mem_manage_handler
                0x0000000008000a84                exti9_5_isr
                0x0000000008000a84                dma2_channel3_isr
                0x0000000008000a84                usb_hp_can1_tx_isr
                0x0000000008000a84                dma1_channel7_isr
                0x0000000008000a84                usart3_exti28_isr
                0x0000000008000a84                tim4_isr
                0x0000000008000a84                usb_lp_can1_rx0_isr
                0x0000000008000a84                hrtim_time_isr
                0x0000000008000a84                hrtim_timd_isr
                0x0000000008000a84                dma1_channel2_isr
                0x0000000008000a84                i2c1_er_isr
                0x0000000008000a84                tim8_cc_isr
                0x0000000008000a84                comp7_isr
                0x0000000008000a84                uart5_exti35_isr
                0x0000000008000a84                reserved_4_isr
                0x0000000008000a84                hrtim_flt_isr
                0x0000000008000a84                bus_fault_handler
                0x0000000008000a84                tim1_brk_tim15_isr
                0x0000000008000a84                dma1_channel3_isr
                0x0000000008000a84                uart4_exti34_isr
                0x0000000008000a84                usart2_exti26_isr
                0x0000000008000a84                spi3_isr
                0x0000000008000a84                tim2_isr
                0x0000000008000a84                reserved_16_isr
                0x0000000008000a84                exti2_tsc_isr
                0x0000000008000a84                usb_wkup_a_isr
                0x0000000008000a84                exti0_isr
 .text.null_handler
                0x0000000008000a86        0x2 ../../lib/libopencm3//lib/libopencm3_stm32f3.a(vector.o)
                0x0000000008000a86                null_handler
                0x0000000008000a86                sv_call_handler
                0x0000000008000a86                pend_sv_handler
                0x0000000008000a86                debug_monitor_handler
                0x0000000008000a86                sys_tick_handler
                0x0000000008000a86                nmi_handler
 .text.reset_handler
                0x0000000008000a88       0xa0 ../../lib/libopencm3//lib/libopencm3_stm32f3.a(vector.o)
                0x0000000008000a88                reset_handler
 .text.flash_set_ws
                0x0000000008000b28       0x14 ../../lib/libopencm3//lib/libopencm3_stm32f3.a(flash_common_all.o)
                0x0000000008000b28                flash_set_ws
 .text.usart_send
                0x0000000008000b3c        0x8 ../../lib/libopencm3//lib/libopencm3_stm32f3.a(usart_common_v2.o)
                0x0000000008000b3c                usart_send
 .text.usart_wait_send_ready
                0x0000000008000b44        0x8 ../../lib/libopencm3//lib/libopencm3_stm32f3.a(usart_common_v2.o)
                0x0000000008000b44                usart_wait_send_ready
 .text.__errno  0x0000000008000b4c        0xc /usr/share/gcc-arm-none-eabi-10-2020-q4-major/bin/../lib/gcc/arm-none-eabi/10.2.1/../../../../arm-none-eabi/lib/thumb/v7e-m+fp/hard/libc_nano.a(lib_a-errno.o)
                0x0000000008000b4c                __errno
 .text.printf   0x0000000008000b58       0x30 /usr/share/gcc-arm-none-eabi-10-2020-q4-major/bin/../lib/gcc/arm-none-eabi/10.2.1/../../../../arm-none-eabi/lib/thumb/v7e-m+fp/hard/libc_nano.a(lib_a-printf.o)
                0x0000000008000b58                printf
                0x0000000008000b58                iprintf
 .text._puts_r  0x0000000008000b88       0xdc /usr/share/gcc-arm-none-eabi-10-2020-q4-major/bin/../lib/gcc/arm-none-eabi/10.2.1/../../../../arm-none-eabi/lib/thumb/v7e-m+fp/hard/libc_nano.a(lib_a-puts.o)
                0x0000000008000b88                _puts_r
 .text.puts     0x0000000008000c64       0x10 /usr/share/gcc-arm-none-eabi-10-2020-q4-major/bin/../lib/gcc/arm-none-eabi/10.2.1/../../../../arm-none-eabi/lib/thumb/v7e-m+fp/hard/libc_nano.a(lib_a-puts.o)
                0x0000000008000c64                puts
 .text.__swbuf_r
                0x0000000008000c74       0xa4 /usr/share/gcc-arm-none-eabi-10-2020-q4-major/bin/../lib/gcc/arm-none-eabi/10.2.1/../../../../arm-none-eabi/lib/thumb/v7e-m+fp/hard/libc_nano.a(lib_a-wbuf.o)
                0x0000000008000c74                __swbuf_r
 .text.__swsetup_r
                0x0000000008000d18       0xdc /usr/share/gcc-arm-none-eabi-10-2020-q4-major/bin/../lib/gcc/arm-none-eabi/10.2.1/../../../../arm-none-eabi/lib/thumb/v7e-m+fp/hard/libc_nano.a(lib_a-wsetup.o)
                0x0000000008000d18                __swsetup_r
 .text.__sflush_r
                0x0000000008000df4      0x10c /usr/share/gcc-arm-none-eabi-10-2020-q4-major/bin/../lib/gcc/arm-none-eabi/10.2.1/../../../../arm-none-eabi/lib/thumb/v7e-m+fp/hard/libc_nano.a(lib_a-fflush.o)
                0x0000000008000df4                __sflush_r
 .text._fflush_r
                0x0000000008000f00       0x78 /usr/share/gcc-arm-none-eabi-10-2020-q4-major/bin/../lib/gcc/arm-none-eabi/10.2.1/../../../../arm-none-eabi/lib/thumb/v7e-m+fp/hard/libc_nano.a(lib_a-fflush.o)
                0x0000000008000f00                _fflush_r
 .text.std      0x0000000008000f78       0x48 /usr/share/gcc-arm-none-eabi-10-2020-q4-major/bin/../lib/gcc/arm-none-eabi/10.2.1/../../../../arm-none-eabi/lib/thumb/v7e-m+fp/hard/libc_nano.a(lib_a-findfp.o)
 .text._cleanup_r
                0x0000000008000fc0        0xc /usr/share/gcc-arm-none-eabi-10-2020-q4-major/bin/../lib/gcc/arm-none-eabi/10.2.1/../../../../arm-none-eabi/lib/thumb/v7e-m+fp/hard/libc_nano.a(lib_a-findfp.o)
                0x0000000008000fc0                _cleanup_r
 .text.__sfmoreglue
                0x0000000008000fcc       0x2c /usr/share/gcc-arm-none-eabi-10-2020-q4-major/bin/../lib/gcc/arm-none-eabi/10.2.1/../../../../arm-none-eabi/lib/thumb/v7e-m+fp/hard/libc_nano.a(lib_a-findfp.o)
                0x0000000008000fcc                __sfmoreglue
 .text.__sfp_lock_acquire
                0x0000000008000ff8        0xc /usr/share/gcc-arm-none-eabi-10-2020-q4-major/bin/../lib/gcc/arm-none-eabi/10.2.1/../../../../arm-none-eabi/lib/thumb/v7e-m+fp/hard/libc_nano.a(lib_a-findfp.o)
                0x0000000008000ff8                __sfp_lock_acquire
 .text.__sfp_lock_release
                0x0000000008001004        0xc /usr/share/gcc-arm-none-eabi-10-2020-q4-major/bin/../lib/gcc/arm-none-eabi/10.2.1/../../../../arm-none-eabi/lib/thumb/v7e-m+fp/hard/libc_nano.a(lib_a-findfp.o)
                0x0000000008001004                __sfp_lock_release
 .text.__sinit_lock_acquire
                0x0000000008001010        0xc /usr/share/gcc-arm-none-eabi-10-2020-q4-major/bin/../lib/gcc/arm-none-eabi/10.2.1/../../../../arm-none-eabi/lib/thumb/v7e-m+fp/hard/libc_nano.a(lib_a-findfp.o)
                0x0000000008001010                __sinit_lock_acquire
 .text.__sinit_lock_release
                0x000000000800101c        0xc /usr/share/gcc-arm-none-eabi-10-2020-q4-major/bin/../lib/gcc/arm-none-eabi/10.2.1/../../../../arm-none-eabi/lib/thumb/v7e-m+fp/hard/libc_nano.a(lib_a-findfp.o)
                0x000000000800101c                __sinit_lock_release
 .text.__sinit  0x0000000008001028       0x70 /usr/share/gcc-arm-none-eabi-10-2020-q4-major/bin/../lib/gcc/arm-none-eabi/10.2.1/../../../../arm-none-eabi/lib/thumb/v7e-m+fp/hard/libc_nano.a(lib_a-findfp.o)
                0x0000000008001028                __sinit
 .text.__sfp    0x0000000008001098       0x8c /usr/share/gcc-arm-none-eabi-10-2020-q4-major/bin/../lib/gcc/arm-none-eabi/10.2.1/../../../../arm-none-eabi/lib/thumb/v7e-m+fp/hard/libc_nano.a(lib_a-findfp.o)
                0x0000000008001098                __sfp
 .text._fwalk_reent
                0x0000000008001124       0x3e /usr/share/gcc-arm-none-eabi-10-2020-q4-major/bin/../lib/gcc/arm-none-eabi/10.2.1/../../../../arm-none-eabi/lib/thumb/v7e-m+fp/hard/libc_nano.a(lib_a-fwalk.o)
                0x0000000008001124                _fwalk_reent
 .text.__retarget_lock_init_recursive
                0x0000000008001162        0x2 /usr/share/gcc-arm-none-eabi-10-2020-q4-major/bin/../lib/gcc/arm-none-eabi/10.2.1/../../../../arm-none-eabi/lib/thumb/v7e-m+fp/hard/libc_nano.a(lib_a-lock.o)
                0x0000000008001162                __retarget_lock_init_recursive
 .text.__retarget_lock_acquire_recursive
                0x0000000008001164        0x2 /usr/share/gcc-arm-none-eabi-10-2020-q4-major/bin/../lib/gcc/arm-none-eabi/10.2.1/../../../../arm-none-eabi/lib/thumb/v7e-m+fp/hard/libc_nano.a(lib_a-lock.o)
                0x0000000008001164                __retarget_lock_acquire_recursive
 .text.__retarget_lock_release_recursive
                0x0000000008001166        0x2 /usr/share/gcc-arm-none-eabi-10-2020-q4-major/bin/../lib/gcc/arm-none-eabi/10.2.1/../../../../arm-none-eabi/lib/thumb/v7e-m+fp/hard/libc_nano.a(lib_a-lock.o)
                0x0000000008001166                __retarget_lock_release_recursive
 .text.__swhatbuf_r
                0x0000000008001168       0x4a /usr/share/gcc-arm-none-eabi-10-2020-q4-major/bin/../lib/gcc/arm-none-eabi/10.2.1/../../../../arm-none-eabi/lib/thumb/v7e-m+fp/hard/libc_nano.a(lib_a-makebuf.o)
                0x0000000008001168                __swhatbuf_r
 *fill*         0x00000000080011b2        0x2 
 .text.__smakebuf_r
                0x00000000080011b4       0x80 /usr/share/gcc-arm-none-eabi-10-2020-q4-major/bin/../lib/gcc/arm-none-eabi/10.2.1/../../../../arm-none-eabi/lib/thumb/v7e-m+fp/hard/libc_nano.a(lib_a-makebuf.o)
                0x00000000080011b4                __smakebuf_r
 .text.memset   0x0000000008001234       0x10 /usr/share/gcc-arm-none-eabi-10-2020-q4-major/bin/../lib/gcc/arm-none-eabi/10.2.1/../../../../arm-none-eabi/lib/thumb/v7e-m+fp/hard/libc_nano.a(lib_a-memset.o)
                0x0000000008001234                memset
 .text._free_r  0x0000000008001244       0x98 /usr/share/gcc-arm-none-eabi-10-2020-q4-major/bin/../lib/gcc/arm-none-eabi/10.2.1/../../../../arm-none-eabi/lib/thumb/v7e-m+fp/hard/libc_nano.a(lib_a-nano-freer.o)
                0x0000000008001244                _free_r
 .text._malloc_r
                0x00000000080012dc       0xb4 /usr/share/gcc-arm-none-eabi-10-2020-q4-major/bin/../lib/gcc/arm-none-eabi/10.2.1/../../../../arm-none-eabi/lib/thumb/v7e-m+fp/hard/libc_nano.a(lib_a-nano-mallocr.o)
                0x00000000080012dc                _malloc_r
 .text.__sfputc_r
                0x0000000008001390       0x2e /usr/share/gcc-arm-none-eabi-10-2020-q4-major/bin/../lib/gcc/arm-none-eabi/10.2.1/../../../../arm-none-eabi/lib/thumb/v7e-m+fp/hard/libc_nano.a(lib_a-nano-vfprintf.o)
 .text.__sfputs_r
                0x00000000080013be       0x24 /usr/share/gcc-arm-none-eabi-10-2020-q4-major/bin/../lib/gcc/arm-none-eabi/10.2.1/../../../../arm-none-eabi/lib/thumb/v7e-m+fp/hard/libc_nano.a(lib_a-nano-vfprintf.o)
                0x00000000080013be                __sfputs_r
 *fill*         0x00000000080013e2        0x2 
 .text._vfprintf_r
                0x00000000080013e4      0x260 /usr/share/gcc-arm-none-eabi-10-2020-q4-major/bin/../lib/gcc/arm-none-eabi/10.2.1/../../../../arm-none-eabi/lib/thumb/v7e-m+fp/hard/libc_nano.a(lib_a-nano-vfprintf.o)
                0x00000000080013e4                _vfiprintf_r
                0x00000000080013e4                _vfprintf_r
 .text._printf_common
                0x0000000008001644       0xda /usr/share/gcc-arm-none-eabi-10-2020-q4-major/bin/../lib/gcc/arm-none-eabi/10.2.1/../../../../arm-none-eabi/lib/thumb/v7e-m+fp/hard/libc_nano.a(lib_a-nano-vfprintf_i.o)
                0x0000000008001644                _printf_common
 *fill*         0x000000000800171e        0x2 
 .text._printf_i
                0x0000000008001720      0x24c /usr/share/gcc-arm-none-eabi-10-2020-q4-major/bin/../lib/gcc/arm-none-eabi/10.2.1/../../../../arm-none-eabi/lib/thumb/v7e-m+fp/hard/libc_nano.a(lib_a-nano-vfprintf_i.o)
                0x0000000008001720                _printf_i
 .text._sbrk_r  0x000000000800196c       0x20 /usr/share/gcc-arm-none-eabi-10-2020-q4-major/bin/../lib/gcc/arm-none-eabi/10.2.1/../../../../arm-none-eabi/lib/thumb/v7e-m+fp/hard/libc_nano.a(lib_a-sbrkr.o)
                0x000000000800196c                _sbrk_r
 .text.__sread  0x000000000800198c       0x22 /usr/share/gcc-arm-none-eabi-10-2020-q4-major/bin/../lib/gcc/arm-none-eabi/10.2.1/../../../../arm-none-eabi/lib/thumb/v7e-m+fp/hard/libc_nano.a(lib_a-stdio.o)
                0x000000000800198c                __sread
 .text.__swrite
                0x00000000080019ae       0x38 /usr/share/gcc-arm-none-eabi-10-2020-q4-major/bin/../lib/gcc/arm-none-eabi/10.2.1/../../../../arm-none-eabi/lib/thumb/v7e-m+fp/hard/libc_nano.a(lib_a-stdio.o)
                0x00000000080019ae                __swrite
 .text.__sseek  0x00000000080019e6       0x24 /usr/share/gcc-arm-none-eabi-10-2020-q4-major/bin/../lib/gcc/arm-none-eabi/10.2.1/../../../../arm-none-eabi/lib/thumb/v7e-m+fp/hard/libc_nano.a(lib_a-stdio.o)
                0x00000000080019e6                __sseek
 .text.__sclose
                0x0000000008001a0a        0x8 /usr/share/gcc-arm-none-eabi-10-2020-q4-major/bin/../lib/gcc/arm-none-eabi/10.2.1/../../../../arm-none-eabi/lib/thumb/v7e-m+fp/hard/libc_nano.a(lib_a-stdio.o)
                0x0000000008001a0a                __sclose
 *fill*         0x0000000008001a12        0x2 
 .text._write_r
                0x0000000008001a14       0x24 /usr/share/gcc-arm-none-eabi-10-2020-q4-major/bin/../lib/gcc/arm-none-eabi/10.2.1/../../../../arm-none-eabi/lib/thumb/v7e-m+fp/hard/libc_nano.a(lib_a-writer.o)
                0x0000000008001a14                _write_r
 .text._close_r
                0x0000000008001a38       0x20 /usr/share/gcc-arm-none-eabi-10-2020-q4-major/bin/../lib/gcc/arm-none-eabi/10.2.1/../../../../arm-none-eabi/lib/thumb/v7e-m+fp/hard/libc_nano.a(lib_a-closer.o)
                0x0000000008001a38                _close_r
 .text._fstat_r
                0x0000000008001a58       0x24 /usr/share/gcc-arm-none-eabi-10-2020-q4-major/bin/../lib/gcc/arm-none-eabi/10.2.1/../../../../arm-none-eabi/lib/thumb/v7e-m+fp/hard/libc_nano.a(lib_a-fstatr.o)
                0x0000000008001a58                _fstat_r
 .text._isatty_r
                0x0000000008001a7c       0x20 /usr/share/gcc-arm-none-eabi-10-2020-q4-major/bin/../lib/gcc/arm-none-eabi/10.2.1/../../../../arm-none-eabi/lib/thumb/v7e-m+fp/hard/libc_nano.a(lib_a-isattyr.o)
                0x0000000008001a7c                _isatty_r
 .text._lseek_r
                0x0000000008001a9c       0x24 /usr/share/gcc-arm-none-eabi-10-2020-q4-major/bin/../lib/gcc/arm-none-eabi/10.2.1/../../../../arm-none-eabi/lib/thumb/v7e-m+fp/hard/libc_nano.a(lib_a-lseekr.o)
                0x0000000008001a9c                _lseek_r
 .text          0x0000000008001ac0       0xa0 /usr/share/gcc-arm-none-eabi-10-2020-q4-major/bin/../lib/gcc/arm-none-eabi/10.2.1/../../../../arm-none-eabi/lib/thumb/v7e-m+fp/hard/libc_nano.a(lib_a-memchr.o)
                0x0000000008001ac0                memchr
 .text.__malloc_lock
                0x0000000008001b60        0xc /usr/share/gcc-arm-none-eabi-10-2020-q4-major/bin/../lib/gcc/arm-none-eabi/10.2.1/../../../../arm-none-eabi/lib/thumb/v7e-m+fp/hard/libc_nano.a(lib_a-mlock.o)
                0x0000000008001b60                __malloc_lock
 .text.__malloc_unlock
                0x0000000008001b6c        0xc /usr/share/gcc-arm-none-eabi-10-2020-q4-major/bin/../lib/gcc/arm-none-eabi/10.2.1/../../../../arm-none-eabi/lib/thumb/v7e-m+fp/hard/libc_nano.a(lib_a-mlock.o)
                0x0000000008001b6c                __malloc_unlock
 .text._read_r  0x0000000008001b78       0x24 /usr/share/gcc-arm-none-eabi-10-2020-q4-major/bin/../lib/gcc/arm-none-eabi/10.2.1/../../../../arm-none-eabi/lib/thumb/v7e-m+fp/hard/libc_nano.a(lib_a-readr.o)
                0x0000000008001b78                _read_r
 .text._close   0x0000000008001b9c       0x10 /usr/share/gcc-arm-none-eabi-10-2020-q4-major/bin/../lib/gcc/arm-none-eabi/10.2.1/../../../../arm-none-eabi/lib/thumb/v7e-m+fp/hard/libnosys.a(close.o)
                0x0000000008001b9c                _close
 .text._fstat   0x0000000008001bac       0x10 /usr/share/gcc-arm-none-eabi-10-2020-q4-major/bin/../lib/gcc/arm-none-eabi/10.2.1/../../../../arm-none-eabi/lib/thumb/v7e-m+fp/hard/libnosys.a(fstat.o)
                0x0000000008001bac                _fstat
 .text._isatty  0x0000000008001bbc       0x10 /usr/share/gcc-arm-none-eabi-10-2020-q4-major/bin/../lib/gcc/arm-none-eabi/10.2.1/../../../../arm-none-eabi/lib/thumb/v7e-m+fp/hard/libnosys.a(isatty.o)
                0x0000000008001bbc                _isatty
 .text._lseek   0x0000000008001bcc       0x10 /usr/share/gcc-arm-none-eabi-10-2020-q4-major/bin/../lib/gcc/arm-none-eabi/10.2.1/../../../../arm-none-eabi/lib/thumb/v7e-m+fp/hard/libnosys.a(lseek.o)
                0x0000000008001bcc                _lseek
 .text._read    0x0000000008001bdc       0x10 /usr/share/gcc-arm-none-eabi-10-2020-q4-major/bin/../lib/gcc/arm-none-eabi/10.2.1/../../../../arm-none-eabi/lib/thumb/v7e-m+fp/hard/libnosys.a(read.o)
                0x0000000008001bdc                _read
 .text._sbrk    0x0000000008001bec       0x1c /usr/share/gcc-arm-none-eabi-10-2020-q4-major/bin/../lib/gcc/arm-none-eabi/10.2.1/../../../../arm-none-eabi/lib/thumb/v7e-m+fp/hard/libnosys.a(sbrk.o)
                0x0000000008001bec                _sbrk
                0x0000000008001c08                . = ALIGN (0x4)
 *(.rodata*)
 .rodata.mpu_init.str1.1
                0x0000000008001c08       0x1f main.o
 .rodata.main.str1.1
                0x0000000008001c27       0xde main.o
 *fill*         0x0000000008001d05        0x3 
 .rodata.rcc_hsi_configs
                0x0000000008001d08       0x30 ../../lib/libopencm3//lib/libopencm3_stm32f3.a(rcc.o)
                0x0000000008001d08                rcc_hsi_configs
 .rodata._global_impure_ptr
                0x0000000008001d38        0x4 /usr/share/gcc-arm-none-eabi-10-2020-q4-major/bin/../lib/gcc/arm-none-eabi/10.2.1/../../../../arm-none-eabi/lib/thumb/v7e-m+fp/hard/libc_nano.a(lib_a-impure.o)
                0x0000000008001d38                _global_impure_ptr
 .rodata.__sf_fake_stderr
                0x0000000008001d3c       0x20 /usr/share/gcc-arm-none-eabi-10-2020-q4-major/bin/../lib/gcc/arm-none-eabi/10.2.1/../../../../arm-none-eabi/lib/thumb/v7e-m+fp/hard/libc_nano.a(lib_a-findfp.o)
                0x0000000008001d3c                __sf_fake_stderr
 .rodata.__sf_fake_stdin
                0x0000000008001d5c       0x20 /usr/share/gcc-arm-none-eabi-10-2020-q4-major/bin/../lib/gcc/arm-none-eabi/10.2.1/../../../../arm-none-eabi/lib/thumb/v7e-m+fp/hard/libc_nano.a(lib_a-findfp.o)
                0x0000000008001d5c                __sf_fake_stdin
 .rodata.__sf_fake_stdout
                0x0000000008001d7c       0x20 /usr/share/gcc-arm-none-eabi-10-2020-q4-major/bin/../lib/gcc/arm-none-eabi/10.2.1/../../../../arm-none-eabi/lib/thumb/v7e-m+fp/hard/libc_nano.a(lib_a-findfp.o)
                0x0000000008001d7c                __sf_fake_stdout
 .rodata._vfprintf_r.str1.1
                0x0000000008001d9c       0x11 /usr/share/gcc-arm-none-eabi-10-2020-q4-major/bin/../lib/gcc/arm-none-eabi/10.2.1/../../../../arm-none-eabi/lib/thumb/v7e-m+fp/hard/libc_nano.a(lib_a-nano-vfprintf.o)
 .rodata._printf_i.str1.1
                0x0000000008001dad       0x22 /usr/share/gcc-arm-none-eabi-10-2020-q4-major/bin/../lib/gcc/arm-none-eabi/10.2.1/../../../../arm-none-eabi/lib/thumb/v7e-m+fp/hard/libc_nano.a(lib_a-nano-vfprintf_i.o)
                0x0000000008001dd0                . = ALIGN (0x4)
 *fill*         0x0000000008001dcf        0x1 

.glue_7         0x0000000008001dd0        0x0
 .glue_7        0x0000000008001dd0        0x0 linker stubs

.glue_7t        0x0000000008001dd0        0x0
 .glue_7t       0x0000000008001dd0        0x0 linker stubs

.vfp11_veneer   0x0000000008001dd0        0x0
 .vfp11_veneer  0x0000000008001dd0        0x0 linker stubs

.v4_bx          0x0000000008001dd0        0x0
 .v4_bx         0x0000000008001dd0        0x0 linker stubs

.iplt           0x0000000008001dd0        0x0
 .iplt          0x0000000008001dd0        0x0 main.o

.rel.dyn        0x0000000008001dd0        0x0
 .rel.iplt      0x0000000008001dd0        0x0 main.o

.preinit_array  0x0000000008001dd0        0x0
                0x0000000008001dd0                . = ALIGN (0x4)
                0x0000000008001dd0                __preinit_array_start = .
 *(.preinit_array)
                0x0000000008001dd0                __preinit_array_end = .

.init_array     0x0000000008001dd0        0x0
                0x0000000008001dd0                . = ALIGN (0x4)
                0x0000000008001dd0                __init_array_start = .
 *(SORT_BY_NAME(.init_array.*))
 *(.init_array)
                0x0000000008001dd0                __init_array_end = .

.fini_array     0x0000000008001dd0        0x0
                0x0000000008001dd0                . = ALIGN (0x4)
                0x0000000008001dd0                __fini_array_start = .
 *(.fini_array)
 *(SORT_BY_NAME(.fini_array.*))
                0x0000000008001dd0                __fini_array_end = .

.ARM.extab
 *(.ARM.extab*)

.ARM.exidx      0x0000000008001dd0        0x0
                0x0000000008001dd0                __exidx_start = .
 *(.ARM.exidx*)
                0x0000000008001dd0                __exidx_end = .
                0x0000000008001dd0                . = ALIGN (0x4)
                0x0000000008001dd0                _etext = .

.noinit
 *(.noinit*)
                0x0000000008001dd0                . = ALIGN (0x4)

.data           0x0000000020000000       0x70 load address 0x0000000008001dd0
                0x0000000020000000                _data = .
 *(.data*)
 .data.rcc_ahb_frequency
                0x0000000020000000        0x4 ../../lib/libopencm3//lib/libopencm3_stm32f3.a(rcc.o)
                0x0000000020000000                rcc_ahb_frequency
 .data.rcc_apb1_frequency
                0x0000000020000004        0x4 ../../lib/libopencm3//lib/libopencm3_stm32f3.a(rcc.o)
                0x0000000020000004                rcc_apb1_frequency
 .data.rcc_apb2_frequency
                0x0000000020000008        0x4 ../../lib/libopencm3//lib/libopencm3_stm32f3.a(rcc.o)
                0x0000000020000008                rcc_apb2_frequency
 .data._impure_ptr
                0x000000002000000c        0x4 /usr/share/gcc-arm-none-eabi-10-2020-q4-major/bin/../lib/gcc/arm-none-eabi/10.2.1/../../../../arm-none-eabi/lib/thumb/v7e-m+fp/hard/libc_nano.a(lib_a-impure.o)
                0x000000002000000c                _impure_ptr
 .data.impure_data
                0x0000000020000010       0x60 /usr/share/gcc-arm-none-eabi-10-2020-q4-major/bin/../lib/gcc/arm-none-eabi/10.2.1/../../../../arm-none-eabi/lib/thumb/v7e-m+fp/hard/libc_nano.a(lib_a-impure.o)
 *(.ramtext*)
                0x0000000020000070                . = ALIGN (0x4)
                0x0000000020000070                _edata = .
                0x0000000008001dd0                _data_loadaddr = LOADADDR (.data)

.igot.plt       0x0000000020000070        0x0 load address 0x0000000008001e40
 .igot.plt      0x0000000020000070        0x0 main.o

.bss            0x0000000020000070       0x14 load address 0x0000000008001e40
 *(.bss*)
 .bss.__lock___malloc_recursive_mutex
                0x0000000020000070        0x1 /usr/share/gcc-arm-none-eabi-10-2020-q4-major/bin/../lib/gcc/arm-none-eabi/10.2.1/../../../../arm-none-eabi/lib/thumb/v7e-m+fp/hard/libc_nano.a(lib_a-lock.o)
                0x0000000020000070                __lock___malloc_recursive_mutex
 .bss.__lock___sfp_recursive_mutex
                0x0000000020000071        0x1 /usr/share/gcc-arm-none-eabi-10-2020-q4-major/bin/../lib/gcc/arm-none-eabi/10.2.1/../../../../arm-none-eabi/lib/thumb/v7e-m+fp/hard/libc_nano.a(lib_a-lock.o)
                0x0000000020000071                __lock___sfp_recursive_mutex
 .bss.__lock___sinit_recursive_mutex
                0x0000000020000072        0x1 /usr/share/gcc-arm-none-eabi-10-2020-q4-major/bin/../lib/gcc/arm-none-eabi/10.2.1/../../../../arm-none-eabi/lib/thumb/v7e-m+fp/hard/libc_nano.a(lib_a-lock.o)
                0x0000000020000072                __lock___sinit_recursive_mutex
 *fill*         0x0000000020000073        0x1 
 .bss.__malloc_free_list
                0x0000000020000074        0x4 /usr/share/gcc-arm-none-eabi-10-2020-q4-major/bin/../lib/gcc/arm-none-eabi/10.2.1/../../../../arm-none-eabi/lib/thumb/v7e-m+fp/hard/libc_nano.a(lib_a-nano-mallocr.o)
                0x0000000020000074                __malloc_free_list
 .bss.__malloc_sbrk_start
                0x0000000020000078        0x4 /usr/share/gcc-arm-none-eabi-10-2020-q4-major/bin/../lib/gcc/arm-none-eabi/10.2.1/../../../../arm-none-eabi/lib/thumb/v7e-m+fp/hard/libc_nano.a(lib_a-nano-mallocr.o)
                0x0000000020000078                __malloc_sbrk_start
 .bss.errno     0x000000002000007c        0x4 /usr/share/gcc-arm-none-eabi-10-2020-q4-major/bin/../lib/gcc/arm-none-eabi/10.2.1/../../../../arm-none-eabi/lib/thumb/v7e-m+fp/hard/libc_nano.a(lib_a-reent.o)
                0x000000002000007c                errno
 .bss.heap_end.0
                0x0000000020000080        0x4 /usr/share/gcc-arm-none-eabi-10-2020-q4-major/bin/../lib/gcc/arm-none-eabi/10.2.1/../../../../arm-none-eabi/lib/thumb/v7e-m+fp/hard/libnosys.a(sbrk.o)
 *(COMMON)
                0x0000000020000084                . = ALIGN (0x4)
                0x0000000020000084                _ebss = .

.ccm            0x0000000010000000        0x0
 *(.ccmram*)
                0x0000000010000000                . = ALIGN (0x4)

/DISCARD/
 *(.eh_frame)
                0x0000000010000000                . = ALIGN (0x4)
                0x0000000010000000                end = .
                0x0000000020010000                PROVIDE (_stack = (ORIGIN (ram) + LENGTH (ram)))
OUTPUT(main.elf elf32-littlearm)
LOAD linker stubs

.debug_info     0x0000000000000000     0x3f83
 .debug_info    0x0000000000000000      0xf6f main.o
 .debug_info    0x0000000000000f6f      0x233 ../../lib/libopencm3//lib/libopencm3_stm32f3.a(gpio_common_f0234.o)
 .debug_info    0x00000000000011a2      0xdd7 ../../lib/libopencm3//lib/libopencm3_stm32f3.a(i2c_common_v2.o)
 .debug_info    0x0000000000001f79      0xc13 ../../lib/libopencm3//lib/libopencm3_stm32f3.a(rcc.o)
 .debug_info    0x0000000000002b8c      0x690 ../../lib/libopencm3//lib/libopencm3_stm32f3.a(rcc_common_all.o)
 .debug_info    0x000000000000321c      0x5cb ../../lib/libopencm3//lib/libopencm3_stm32f3.a(usart_common_all.o)
 .debug_info    0x00000000000037e7      0x2f2 ../../lib/libopencm3//lib/libopencm3_stm32f3.a(vector.o)
 .debug_info    0x0000000000003ad9       0xfc ../../lib/libopencm3//lib/libopencm3_stm32f3.a(flash_common_all.o)
 .debug_info    0x0000000000003bd5      0x3ae ../../lib/libopencm3//lib/libopencm3_stm32f3.a(usart_common_v2.o)

.debug_abbrev   0x0000000000000000      0xedf
 .debug_abbrev  0x0000000000000000      0x2e3 main.o
 .debug_abbrev  0x00000000000002e3       0xbf ../../lib/libopencm3//lib/libopencm3_stm32f3.a(gpio_common_f0234.o)
 .debug_abbrev  0x00000000000003a2      0x247 ../../lib/libopencm3//lib/libopencm3_stm32f3.a(i2c_common_v2.o)
 .debug_abbrev  0x00000000000005e9      0x339 ../../lib/libopencm3//lib/libopencm3_stm32f3.a(rcc.o)
 .debug_abbrev  0x0000000000000922      0x177 ../../lib/libopencm3//lib/libopencm3_stm32f3.a(rcc_common_all.o)
 .debug_abbrev  0x0000000000000a99      0x129 ../../lib/libopencm3//lib/libopencm3_stm32f3.a(usart_common_all.o)
 .debug_abbrev  0x0000000000000bc2      0x15b ../../lib/libopencm3//lib/libopencm3_stm32f3.a(vector.o)
 .debug_abbrev  0x0000000000000d1d       0x9a ../../lib/libopencm3//lib/libopencm3_stm32f3.a(flash_common_all.o)
 .debug_abbrev  0x0000000000000db7      0x128 ../../lib/libopencm3//lib/libopencm3_stm32f3.a(usart_common_v2.o)

.debug_loc      0x0000000000000000     0x18bf
 .debug_loc     0x0000000000000000      0x3fe main.o
 .debug_loc     0x00000000000003fe      0x14f ../../lib/libopencm3//lib/libopencm3_stm32f3.a(gpio_common_f0234.o)
 .debug_loc     0x000000000000054d      0x65e ../../lib/libopencm3//lib/libopencm3_stm32f3.a(i2c_common_v2.o)
 .debug_loc     0x0000000000000bab      0x7c4 ../../lib/libopencm3//lib/libopencm3_stm32f3.a(rcc.o)
 .debug_loc     0x000000000000136f      0x120 ../../lib/libopencm3//lib/libopencm3_stm32f3.a(rcc_common_all.o)
 .debug_loc     0x000000000000148f      0x1e1 ../../lib/libopencm3//lib/libopencm3_stm32f3.a(usart_common_all.o)
 .debug_loc     0x0000000000001670      0x128 ../../lib/libopencm3//lib/libopencm3_stm32f3.a(vector.o)
 .debug_loc     0x0000000000001798       0x47 ../../lib/libopencm3//lib/libopencm3_stm32f3.a(flash_common_all.o)
 .debug_loc     0x00000000000017df       0xe0 ../../lib/libopencm3//lib/libopencm3_stm32f3.a(usart_common_v2.o)

.debug_aranges  0x0000000000000000      0x590
 .debug_aranges
                0x0000000000000000       0x68 main.o
 .debug_aranges
                0x0000000000000068       0x30 ../../lib/libopencm3//lib/libopencm3_stm32f3.a(gpio_common_f0234.o)
 .debug_aranges
                0x0000000000000098      0x170 ../../lib/libopencm3//lib/libopencm3_stm32f3.a(i2c_common_v2.o)
 .debug_aranges
                0x0000000000000208      0x140 ../../lib/libopencm3//lib/libopencm3_stm32f3.a(rcc.o)
 .debug_aranges
                0x0000000000000348       0x60 ../../lib/libopencm3//lib/libopencm3_stm32f3.a(rcc_common_all.o)
 .debug_aranges
                0x00000000000003a8       0xd8 ../../lib/libopencm3//lib/libopencm3_stm32f3.a(usart_common_all.o)
 .debug_aranges
                0x0000000000000480       0x30 ../../lib/libopencm3//lib/libopencm3_stm32f3.a(vector.o)
 .debug_aranges
                0x00000000000004b0       0x38 ../../lib/libopencm3//lib/libopencm3_stm32f3.a(flash_common_all.o)
 .debug_aranges
                0x00000000000004e8       0xa8 ../../lib/libopencm3//lib/libopencm3_stm32f3.a(usart_common_v2.o)

.debug_ranges   0x0000000000000000      0x598
 .debug_ranges  0x0000000000000000       0xc0 main.o
 .debug_ranges  0x00000000000000c0       0x20 ../../lib/libopencm3//lib/libopencm3_stm32f3.a(gpio_common_f0234.o)
 .debug_ranges  0x00000000000000e0      0x160 ../../lib/libopencm3//lib/libopencm3_stm32f3.a(i2c_common_v2.o)
 .debug_ranges  0x0000000000000240      0x160 ../../lib/libopencm3//lib/libopencm3_stm32f3.a(rcc.o)
 .debug_ranges  0x00000000000003a0       0x50 ../../lib/libopencm3//lib/libopencm3_stm32f3.a(rcc_common_all.o)
 .debug_ranges  0x00000000000003f0       0xc8 ../../lib/libopencm3//lib/libopencm3_stm32f3.a(usart_common_all.o)
 .debug_ranges  0x00000000000004b8       0x20 ../../lib/libopencm3//lib/libopencm3_stm32f3.a(vector.o)
 .debug_ranges  0x00000000000004d8       0x28 ../../lib/libopencm3//lib/libopencm3_stm32f3.a(flash_common_all.o)
 .debug_ranges  0x0000000000000500       0x98 ../../lib/libopencm3//lib/libopencm3_stm32f3.a(usart_common_v2.o)

.debug_macro    0x0000000000000000     0x524a
 .debug_macro   0x0000000000000000      0x2aa main.o
 .debug_macro   0x00000000000002aa      0xa8a main.o
 .debug_macro   0x0000000000000d34       0x22 main.o
 .debug_macro   0x0000000000000d56       0x4c main.o
 .debug_macro   0x0000000000000da2       0x18 main.o
 .debug_macro   0x0000000000000dba       0x5c main.o
 .debug_macro   0x0000000000000e16       0x3c main.o
 .debug_macro   0x0000000000000e52       0x34 main.o
 .debug_macro   0x0000000000000e86       0x16 main.o
 .debug_macro   0x0000000000000e9c       0x57 main.o
 .debug_macro   0x0000000000000ef3       0x97 main.o
 .debug_macro   0x0000000000000f8a      0x333 main.o
 .debug_macro   0x00000000000012bd       0xfd main.o
 .debug_macro   0x00000000000013ba       0x10 main.o
 .debug_macro   0x00000000000013ca       0x16 main.o
 .debug_macro   0x00000000000013e0       0x43 main.o
 .debug_macro   0x0000000000001423       0x34 main.o
 .debug_macro   0x0000000000001457       0x10 main.o
 .debug_macro   0x0000000000001467       0x58 main.o
 .debug_macro   0x00000000000014bf       0x71 main.o
 .debug_macro   0x0000000000001530       0x1c main.o
 .debug_macro   0x000000000000154c      0x12a main.o
 .debug_macro   0x0000000000001676       0x10 main.o
 .debug_macro   0x0000000000001686       0x6a main.o
 .debug_macro   0x00000000000016f0       0xb2 main.o
 .debug_macro   0x00000000000017a2       0x16 main.o
 .debug_macro   0x00000000000017b8      0x114 main.o
 .debug_macro   0x00000000000018cc       0x10 main.o
 .debug_macro   0x00000000000018dc      0x241 main.o
 .debug_macro   0x0000000000001b1d       0x1c main.o
 .debug_macro   0x0000000000001b39      0x103 main.o
 .debug_macro   0x0000000000001c3c      0x1df main.o
 .debug_macro   0x0000000000001e1b       0x22 main.o
 .debug_macro   0x0000000000001e3d       0xe8 main.o
 .debug_macro   0x0000000000001f25       0x76 main.o
 .debug_macro   0x0000000000001f9b      0x1b9 main.o
 .debug_macro   0x0000000000002154       0x76 main.o
 .debug_macro   0x00000000000021ca      0x37e main.o
 .debug_macro   0x0000000000002548      0x7ac main.o
 .debug_macro   0x0000000000002cf4       0x94 main.o
 .debug_macro   0x0000000000002d88      0x55b main.o
 .debug_macro   0x00000000000032e3       0x22 main.o
 .debug_macro   0x0000000000003305       0x10 main.o
 .debug_macro   0x0000000000003315       0x16 main.o
 .debug_macro   0x000000000000332b       0x35 main.o
 .debug_macro   0x0000000000003360      0x39c main.o
 .debug_macro   0x00000000000036fc       0x10 main.o
 .debug_macro   0x000000000000370c       0x58 main.o
 .debug_macro   0x0000000000003764       0x16 main.o
 .debug_macro   0x000000000000377a       0x22 main.o
 .debug_macro   0x000000000000379c       0xc2 ../../lib/libopencm3//lib/libopencm3_stm32f3.a(gpio_common_f0234.o)
 .debug_macro   0x000000000000385e      0xa6c ../../lib/libopencm3//lib/libopencm3_stm32f3.a(gpio_common_f0234.o)
 .debug_macro   0x00000000000042ca       0x56 ../../lib/libopencm3//lib/libopencm3_stm32f3.a(gpio_common_f0234.o)
 .debug_macro   0x0000000000004320       0x51 ../../lib/libopencm3//lib/libopencm3_stm32f3.a(gpio_common_f0234.o)
 .debug_macro   0x0000000000004371       0xda ../../lib/libopencm3//lib/libopencm3_stm32f3.a(i2c_common_v2.o)
 .debug_macro   0x000000000000444b      0x16d ../../lib/libopencm3//lib/libopencm3_stm32f3.a(i2c_common_v2.o)
 .debug_macro   0x00000000000045b8      0x104 ../../lib/libopencm3//lib/libopencm3_stm32f3.a(rcc.o)
 .debug_macro   0x00000000000046bc       0x16 ../../lib/libopencm3//lib/libopencm3_stm32f3.a(rcc.o)
 .debug_macro   0x00000000000046d2       0xd6 ../../lib/libopencm3//lib/libopencm3_stm32f3.a(rcc.o)
 .debug_macro   0x00000000000047a8       0xce ../../lib/libopencm3//lib/libopencm3_stm32f3.a(rcc_common_all.o)
 .debug_macro   0x0000000000004876       0xd9 ../../lib/libopencm3//lib/libopencm3_stm32f3.a(usart_common_all.o)
 .debug_macro   0x000000000000494f       0xd3 ../../lib/libopencm3//lib/libopencm3_stm32f3.a(vector.o)
 .debug_macro   0x0000000000004a22      0x452 ../../lib/libopencm3//lib/libopencm3_stm32f3.a(vector.o)
 .debug_macro   0x0000000000004e74       0x6e ../../lib/libopencm3//lib/libopencm3_stm32f3.a(vector.o)
 .debug_macro   0x0000000000004ee2      0x1f0 ../../lib/libopencm3//lib/libopencm3_stm32f3.a(vector.o)
 .debug_macro   0x00000000000050d2       0xb7 ../../lib/libopencm3//lib/libopencm3_stm32f3.a(flash_common_all.o)
 .debug_macro   0x0000000000005189       0xc1 ../../lib/libopencm3//lib/libopencm3_stm32f3.a(usart_common_v2.o)

.debug_line     0x0000000000000000     0x3952
 .debug_line    0x0000000000000000      0x811 main.o
 .debug_line    0x0000000000000811      0x4d7 ../../lib/libopencm3//lib/libopencm3_stm32f3.a(gpio_common_f0234.o)
 .debug_line    0x0000000000000ce8      0x97b ../../lib/libopencm3//lib/libopencm3_stm32f3.a(i2c_common_v2.o)
 .debug_line    0x0000000000001663      0xb4c ../../lib/libopencm3//lib/libopencm3_stm32f3.a(rcc.o)
 .debug_line    0x00000000000021af      0x43e ../../lib/libopencm3//lib/libopencm3_stm32f3.a(rcc_common_all.o)
 .debug_line    0x00000000000025ed      0x64a ../../lib/libopencm3//lib/libopencm3_stm32f3.a(usart_common_all.o)
 .debug_line    0x0000000000002c37      0x480 ../../lib/libopencm3//lib/libopencm3_stm32f3.a(vector.o)
 .debug_line    0x00000000000030b7      0x374 ../../lib/libopencm3//lib/libopencm3_stm32f3.a(flash_common_all.o)
 .debug_line    0x000000000000342b      0x527 ../../lib/libopencm3//lib/libopencm3_stm32f3.a(usart_common_v2.o)

.debug_str      0x0000000000000000    0x12ce7
 .debug_str     0x0000000000000000     0xeb2b main.o
                                       0xedad (size before relaxing)
 .debug_str     0x000000000000eb2b      0x194 ../../lib/libopencm3//lib/libopencm3_stm32f3.a(gpio_common_f0234.o)
                                       0x5d02 (size before relaxing)
 .debug_str     0x000000000000ecbf      0x53b ../../lib/libopencm3//lib/libopencm3_stm32f3.a(i2c_common_v2.o)
                                       0x849c (size before relaxing)
 .debug_str     0x000000000000f1fa      0x97a ../../lib/libopencm3//lib/libopencm3_stm32f3.a(rcc.o)
                                       0x888f (size before relaxing)
 .debug_str     0x000000000000fb74      0x170 ../../lib/libopencm3//lib/libopencm3_stm32f3.a(rcc_common_all.o)
                                       0x720e (size before relaxing)
 .debug_str     0x000000000000fce4      0x209 ../../lib/libopencm3//lib/libopencm3_stm32f3.a(usart_common_all.o)
                                       0x8b3d (size before relaxing)
 .debug_str     0x000000000000feed     0x2c1c ../../lib/libopencm3//lib/libopencm3_stm32f3.a(vector.o)
                                       0x6d44 (size before relaxing)
 .debug_str     0x0000000000012b09       0x4e ../../lib/libopencm3//lib/libopencm3_stm32f3.a(flash_common_all.o)
                                       0x5173 (size before relaxing)
 .debug_str     0x0000000000012b57      0x190 ../../lib/libopencm3//lib/libopencm3_stm32f3.a(usart_common_v2.o)
                                       0x6b2c (size before relaxing)

.comment        0x0000000000000000       0x4d
 .comment       0x0000000000000000       0x4d main.o
                                         0x4e (size before relaxing)
 .comment       0x000000000000004d       0x4e ../../lib/libopencm3//lib/libopencm3_stm32f3.a(gpio_common_f0234.o)
 .comment       0x000000000000004d       0x4e ../../lib/libopencm3//lib/libopencm3_stm32f3.a(i2c_common_v2.o)
 .comment       0x000000000000004d       0x4e ../../lib/libopencm3//lib/libopencm3_stm32f3.a(rcc.o)
 .comment       0x000000000000004d       0x4e ../../lib/libopencm3//lib/libopencm3_stm32f3.a(rcc_common_all.o)
 .comment       0x000000000000004d       0x4e ../../lib/libopencm3//lib/libopencm3_stm32f3.a(usart_common_all.o)
 .comment       0x000000000000004d       0x4e ../../lib/libopencm3//lib/libopencm3_stm32f3.a(vector.o)
 .comment       0x000000000000004d       0x4e ../../lib/libopencm3//lib/libopencm3_stm32f3.a(flash_common_all.o)
 .comment       0x000000000000004d       0x4e ../../lib/libopencm3//lib/libopencm3_stm32f3.a(usart_common_v2.o)

.ARM.attributes
                0x0000000000000000       0x32
 .ARM.attributes
                0x0000000000000000       0x34 main.o
 .ARM.attributes
                0x0000000000000034       0x34 ../../lib/libopencm3//lib/libopencm3_stm32f3.a(gpio_common_f0234.o)
 .ARM.attributes
                0x0000000000000068       0x34 ../../lib/libopencm3//lib/libopencm3_stm32f3.a(i2c_common_v2.o)
 .ARM.attributes
                0x000000000000009c       0x34 ../../lib/libopencm3//lib/libopencm3_stm32f3.a(rcc.o)
 .ARM.attributes
                0x00000000000000d0       0x34 ../../lib/libopencm3//lib/libopencm3_stm32f3.a(rcc_common_all.o)
 .ARM.attributes
                0x0000000000000104       0x34 ../../lib/libopencm3//lib/libopencm3_stm32f3.a(usart_common_all.o)
 .ARM.attributes
                0x0000000000000138       0x34 ../../lib/libopencm3//lib/libopencm3_stm32f3.a(vector.o)
 .ARM.attributes
                0x000000000000016c       0x34 ../../lib/libopencm3//lib/libopencm3_stm32f3.a(flash_common_all.o)
 .ARM.attributes
                0x00000000000001a0       0x34 ../../lib/libopencm3//lib/libopencm3_stm32f3.a(usart_common_v2.o)
 .ARM.attributes
                0x00000000000001d4       0x34 /usr/share/gcc-arm-none-eabi-10-2020-q4-major/bin/../lib/gcc/arm-none-eabi/10.2.1/../../../../arm-none-eabi/lib/thumb/v7e-m+fp/hard/libc_nano.a(lib_a-errno.o)
 .ARM.attributes
                0x0000000000000208       0x32 /usr/share/gcc-arm-none-eabi-10-2020-q4-major/bin/../lib/gcc/arm-none-eabi/10.2.1/../../../../arm-none-eabi/lib/thumb/v7e-m+fp/hard/libc_nano.a(lib_a-impure.o)
 .ARM.attributes
                0x000000000000023a       0x34 /usr/share/gcc-arm-none-eabi-10-2020-q4-major/bin/../lib/gcc/arm-none-eabi/10.2.1/../../../../arm-none-eabi/lib/thumb/v7e-m+fp/hard/libc_nano.a(lib_a-printf.o)
 .ARM.attributes
                0x000000000000026e       0x34 /usr/share/gcc-arm-none-eabi-10-2020-q4-major/bin/../lib/gcc/arm-none-eabi/10.2.1/../../../../arm-none-eabi/lib/thumb/v7e-m+fp/hard/libc_nano.a(lib_a-puts.o)
 .ARM.attributes
                0x00000000000002a2       0x34 /usr/share/gcc-arm-none-eabi-10-2020-q4-major/bin/../lib/gcc/arm-none-eabi/10.2.1/../../../../arm-none-eabi/lib/thumb/v7e-m+fp/hard/libc_nano.a(lib_a-wbuf.o)
 .ARM.attributes
                0x00000000000002d6       0x34 /usr/share/gcc-arm-none-eabi-10-2020-q4-major/bin/../lib/gcc/arm-none-eabi/10.2.1/../../../../arm-none-eabi/lib/thumb/v7e-m+fp/hard/libc_nano.a(lib_a-wsetup.o)
 .ARM.attributes
                0x000000000000030a       0x34 /usr/share/gcc-arm-none-eabi-10-2020-q4-major/bin/../lib/gcc/arm-none-eabi/10.2.1/../../../../arm-none-eabi/lib/thumb/v7e-m+fp/hard/libc_nano.a(lib_a-fflush.o)
 .ARM.attributes
                0x000000000000033e       0x34 /usr/share/gcc-arm-none-eabi-10-2020-q4-major/bin/../lib/gcc/arm-none-eabi/10.2.1/../../../../arm-none-eabi/lib/thumb/v7e-m+fp/hard/libc_nano.a(lib_a-findfp.o)
 .ARM.attributes
                0x0000000000000372       0x34 /usr/share/gcc-arm-none-eabi-10-2020-q4-major/bin/../lib/gcc/arm-none-eabi/10.2.1/../../../../arm-none-eabi/lib/thumb/v7e-m+fp/hard/libc_nano.a(lib_a-fwalk.o)
 .ARM.attributes
                0x00000000000003a6       0x34 /usr/share/gcc-arm-none-eabi-10-2020-q4-major/bin/../lib/gcc/arm-none-eabi/10.2.1/../../../../arm-none-eabi/lib/thumb/v7e-m+fp/hard/libc_nano.a(lib_a-lock.o)
 .ARM.attributes
                0x00000000000003da       0x34 /usr/share/gcc-arm-none-eabi-10-2020-q4-major/bin/../lib/gcc/arm-none-eabi/10.2.1/../../../../arm-none-eabi/lib/thumb/v7e-m+fp/hard/libc_nano.a(lib_a-makebuf.o)
 .ARM.attributes
                0x000000000000040e       0x34 /usr/share/gcc-arm-none-eabi-10-2020-q4-major/bin/../lib/gcc/arm-none-eabi/10.2.1/../../../../arm-none-eabi/lib/thumb/v7e-m+fp/hard/libc_nano.a(lib_a-memset.o)
 .ARM.attributes
                0x0000000000000442       0x34 /usr/share/gcc-arm-none-eabi-10-2020-q4-major/bin/../lib/gcc/arm-none-eabi/10.2.1/../../../../arm-none-eabi/lib/thumb/v7e-m+fp/hard/libc_nano.a(lib_a-nano-freer.o)
 .ARM.attributes
                0x0000000000000476       0x34 /usr/share/gcc-arm-none-eabi-10-2020-q4-major/bin/../lib/gcc/arm-none-eabi/10.2.1/../../../../arm-none-eabi/lib/thumb/v7e-m+fp/hard/libc_nano.a(lib_a-nano-mallocr.o)
 .ARM.attributes
                0x00000000000004aa       0x34 /usr/share/gcc-arm-none-eabi-10-2020-q4-major/bin/../lib/gcc/arm-none-eabi/10.2.1/../../../../arm-none-eabi/lib/thumb/v7e-m+fp/hard/libc_nano.a(lib_a-nano-vfprintf.o)
 .ARM.attributes
                0x00000000000004de       0x34 /usr/share/gcc-arm-none-eabi-10-2020-q4-major/bin/../lib/gcc/arm-none-eabi/10.2.1/../../../../arm-none-eabi/lib/thumb/v7e-m+fp/hard/libc_nano.a(lib_a-nano-vfprintf_i.o)
 .ARM.attributes
                0x0000000000000512       0x34 /usr/share/gcc-arm-none-eabi-10-2020-q4-major/bin/../lib/gcc/arm-none-eabi/10.2.1/../../../../arm-none-eabi/lib/thumb/v7e-m+fp/hard/libc_nano.a(lib_a-sbrkr.o)
 .ARM.attributes
                0x0000000000000546       0x34 /usr/share/gcc-arm-none-eabi-10-2020-q4-major/bin/../lib/gcc/arm-none-eabi/10.2.1/../../../../arm-none-eabi/lib/thumb/v7e-m+fp/hard/libc_nano.a(lib_a-stdio.o)
 .ARM.attributes
                0x000000000000057a       0x34 /usr/share/gcc-arm-none-eabi-10-2020-q4-major/bin/../lib/gcc/arm-none-eabi/10.2.1/../../../../arm-none-eabi/lib/thumb/v7e-m+fp/hard/libc_nano.a(lib_a-writer.o)
 .ARM.attributes
                0x00000000000005ae       0x34 /usr/share/gcc-arm-none-eabi-10-2020-q4-major/bin/../lib/gcc/arm-none-eabi/10.2.1/../../../../arm-none-eabi/lib/thumb/v7e-m+fp/hard/libc_nano.a(lib_a-closer.o)
 .ARM.attributes
                0x00000000000005e2       0x34 /usr/share/gcc-arm-none-eabi-10-2020-q4-major/bin/../lib/gcc/arm-none-eabi/10.2.1/../../../../arm-none-eabi/lib/thumb/v7e-m+fp/hard/libc_nano.a(lib_a-fstatr.o)
 .ARM.attributes
                0x0000000000000616       0x34 /usr/share/gcc-arm-none-eabi-10-2020-q4-major/bin/../lib/gcc/arm-none-eabi/10.2.1/../../../../arm-none-eabi/lib/thumb/v7e-m+fp/hard/libc_nano.a(lib_a-isattyr.o)
 .ARM.attributes
                0x000000000000064a       0x34 /usr/share/gcc-arm-none-eabi-10-2020-q4-major/bin/../lib/gcc/arm-none-eabi/10.2.1/../../../../arm-none-eabi/lib/thumb/v7e-m+fp/hard/libc_nano.a(lib_a-lseekr.o)
 .ARM.attributes
                0x000000000000067e       0x1c /usr/share/gcc-arm-none-eabi-10-2020-q4-major/bin/../lib/gcc/arm-none-eabi/10.2.1/../../../../arm-none-eabi/lib/thumb/v7e-m+fp/hard/libc_nano.a(lib_a-memchr.o)
 .ARM.attributes
                0x000000000000069a       0x34 /usr/share/gcc-arm-none-eabi-10-2020-q4-major/bin/../lib/gcc/arm-none-eabi/10.2.1/../../../../arm-none-eabi/lib/thumb/v7e-m+fp/hard/libc_nano.a(lib_a-mlock.o)
 .ARM.attributes
                0x00000000000006ce       0x34 /usr/share/gcc-arm-none-eabi-10-2020-q4-major/bin/../lib/gcc/arm-none-eabi/10.2.1/../../../../arm-none-eabi/lib/thumb/v7e-m+fp/hard/libc_nano.a(lib_a-readr.o)
 .ARM.attributes
                0x0000000000000702       0x34 /usr/share/gcc-arm-none-eabi-10-2020-q4-major/bin/../lib/gcc/arm-none-eabi/10.2.1/../../../../arm-none-eabi/lib/thumb/v7e-m+fp/hard/libc_nano.a(lib_a-reent.o)
 .ARM.attributes
                0x0000000000000736       0x34 /usr/share/gcc-arm-none-eabi-10-2020-q4-major/bin/../lib/gcc/arm-none-eabi/10.2.1/../../../../arm-none-eabi/lib/thumb/v7e-m+fp/hard/libnosys.a(close.o)
 .ARM.attributes
                0x000000000000076a       0x34 /usr/share/gcc-arm-none-eabi-10-2020-q4-major/bin/../lib/gcc/arm-none-eabi/10.2.1/../../../../arm-none-eabi/lib/thumb/v7e-m+fp/hard/libnosys.a(fstat.o)
 .ARM.attributes
                0x000000000000079e       0x34 /usr/share/gcc-arm-none-eabi-10-2020-q4-major/bin/../lib/gcc/arm-none-eabi/10.2.1/../../../../arm-none-eabi/lib/thumb/v7e-m+fp/hard/libnosys.a(isatty.o)
 .ARM.attributes
                0x00000000000007d2       0x34 /usr/share/gcc-arm-none-eabi-10-2020-q4-major/bin/../lib/gcc/arm-none-eabi/10.2.1/../../../../arm-none-eabi/lib/thumb/v7e-m+fp/hard/libnosys.a(lseek.o)
 .ARM.attributes
                0x0000000000000806       0x34 /usr/share/gcc-arm-none-eabi-10-2020-q4-major/bin/../lib/gcc/arm-none-eabi/10.2.1/../../../../arm-none-eabi/lib/thumb/v7e-m+fp/hard/libnosys.a(read.o)
 .ARM.attributes
                0x000000000000083a       0x34 /usr/share/gcc-arm-none-eabi-10-2020-q4-major/bin/../lib/gcc/arm-none-eabi/10.2.1/../../../../arm-none-eabi/lib/thumb/v7e-m+fp/hard/libnosys.a(sbrk.o)

.debug_frame    0x0000000000000000     0x1454
 .debug_frame   0x0000000000000000      0x130 main.o
 .debug_frame   0x0000000000000130       0x70 ../../lib/libopencm3//lib/libopencm3_stm32f3.a(gpio_common_f0234.o)
 .debug_frame   0x00000000000001a0      0x2e0 ../../lib/libopencm3//lib/libopencm3_stm32f3.a(i2c_common_v2.o)
 .debug_frame   0x0000000000000480      0x2a0 ../../lib/libopencm3//lib/libopencm3_stm32f3.a(rcc.o)
 .debug_frame   0x0000000000000720       0xe0 ../../lib/libopencm3//lib/libopencm3_stm32f3.a(rcc_common_all.o)
 .debug_frame   0x0000000000000800      0x1ac ../../lib/libopencm3//lib/libopencm3_stm32f3.a(usart_common_all.o)
 .debug_frame   0x00000000000009ac       0x4c ../../lib/libopencm3//lib/libopencm3_stm32f3.a(vector.o)
 .debug_frame   0x00000000000009f8       0x50 ../../lib/libopencm3//lib/libopencm3_stm32f3.a(flash_common_all.o)
 .debug_frame   0x0000000000000a48      0x130 ../../lib/libopencm3//lib/libopencm3_stm32f3.a(usart_common_v2.o)
 .debug_frame   0x0000000000000b78       0x20 /usr/share/gcc-arm-none-eabi-10-2020-q4-major/bin/../lib/gcc/arm-none-eabi/10.2.1/../../../../arm-none-eabi/lib/thumb/v7e-m+fp/hard/libc_nano.a(lib_a-errno.o)
 .debug_frame   0x0000000000000b98       0x74 /usr/share/gcc-arm-none-eabi-10-2020-q4-major/bin/../lib/gcc/arm-none-eabi/10.2.1/../../../../arm-none-eabi/lib/thumb/v7e-m+fp/hard/libc_nano.a(lib_a-printf.o)
 .debug_frame   0x0000000000000c0c       0x3c /usr/share/gcc-arm-none-eabi-10-2020-q4-major/bin/../lib/gcc/arm-none-eabi/10.2.1/../../../../arm-none-eabi/lib/thumb/v7e-m+fp/hard/libc_nano.a(lib_a-puts.o)
 .debug_frame   0x0000000000000c48       0x40 /usr/share/gcc-arm-none-eabi-10-2020-q4-major/bin/../lib/gcc/arm-none-eabi/10.2.1/../../../../arm-none-eabi/lib/thumb/v7e-m+fp/hard/libc_nano.a(lib_a-wbuf.o)
 .debug_frame   0x0000000000000c88       0x2c /usr/share/gcc-arm-none-eabi-10-2020-q4-major/bin/../lib/gcc/arm-none-eabi/10.2.1/../../../../arm-none-eabi/lib/thumb/v7e-m+fp/hard/libc_nano.a(lib_a-wsetup.o)
 .debug_frame   0x0000000000000cb4       0x5c /usr/share/gcc-arm-none-eabi-10-2020-q4-major/bin/../lib/gcc/arm-none-eabi/10.2.1/../../../../arm-none-eabi/lib/thumb/v7e-m+fp/hard/libc_nano.a(lib_a-fflush.o)
 .debug_frame   0x0000000000000d10      0x14c /usr/share/gcc-arm-none-eabi-10-2020-q4-major/bin/../lib/gcc/arm-none-eabi/10.2.1/../../../../arm-none-eabi/lib/thumb/v7e-m+fp/hard/libc_nano.a(lib_a-findfp.o)
 .debug_frame   0x0000000000000e5c       0x54 /usr/share/gcc-arm-none-eabi-10-2020-q4-major/bin/../lib/gcc/arm-none-eabi/10.2.1/../../../../arm-none-eabi/lib/thumb/v7e-m+fp/hard/libc_nano.a(lib_a-fwalk.o)
 .debug_frame   0x0000000000000eb0       0xb0 /usr/share/gcc-arm-none-eabi-10-2020-q4-major/bin/../lib/gcc/arm-none-eabi/10.2.1/../../../../arm-none-eabi/lib/thumb/v7e-m+fp/hard/libc_nano.a(lib_a-lock.o)
 .debug_frame   0x0000000000000f60       0x58 /usr/share/gcc-arm-none-eabi-10-2020-q4-major/bin/../lib/gcc/arm-none-eabi/10.2.1/../../../../arm-none-eabi/lib/thumb/v7e-m+fp/hard/libc_nano.a(lib_a-makebuf.o)
 .debug_frame   0x0000000000000fb8       0x20 /usr/share/gcc-arm-none-eabi-10-2020-q4-major/bin/../lib/gcc/arm-none-eabi/10.2.1/../../../../arm-none-eabi/lib/thumb/v7e-m+fp/hard/libc_nano.a(lib_a-memset.o)
 .debug_frame   0x0000000000000fd8       0x38 /usr/share/gcc-arm-none-eabi-10-2020-q4-major/bin/../lib/gcc/arm-none-eabi/10.2.1/../../../../arm-none-eabi/lib/thumb/v7e-m+fp/hard/libc_nano.a(lib_a-nano-freer.o)
 .debug_frame   0x0000000000001010       0x30 /usr/share/gcc-arm-none-eabi-10-2020-q4-major/bin/../lib/gcc/arm-none-eabi/10.2.1/../../../../arm-none-eabi/lib/thumb/v7e-m+fp/hard/libc_nano.a(lib_a-nano-mallocr.o)
 .debug_frame   0x0000000000001040       0xac /usr/share/gcc-arm-none-eabi-10-2020-q4-major/bin/../lib/gcc/arm-none-eabi/10.2.1/../../../../arm-none-eabi/lib/thumb/v7e-m+fp/hard/libc_nano.a(lib_a-nano-vfprintf.o)
 .debug_frame   0x00000000000010ec       0x60 /usr/share/gcc-arm-none-eabi-10-2020-q4-major/bin/../lib/gcc/arm-none-eabi/10.2.1/../../../../arm-none-eabi/lib/thumb/v7e-m+fp/hard/libc_nano.a(lib_a-nano-vfprintf_i.o)
 .debug_frame   0x000000000000114c       0x2c /usr/share/gcc-arm-none-eabi-10-2020-q4-major/bin/../lib/gcc/arm-none-eabi/10.2.1/../../../../arm-none-eabi/lib/thumb/v7e-m+fp/hard/libc_nano.a(lib_a-sbrkr.o)
 .debug_frame   0x0000000000001178       0x88 /usr/share/gcc-arm-none-eabi-10-2020-q4-major/bin/../lib/gcc/arm-none-eabi/10.2.1/../../../../arm-none-eabi/lib/thumb/v7e-m+fp/hard/libc_nano.a(lib_a-stdio.o)
 .debug_frame   0x0000000000001200       0x2c /usr/share/gcc-arm-none-eabi-10-2020-q4-major/bin/../lib/gcc/arm-none-eabi/10.2.1/../../../../arm-none-eabi/lib/thumb/v7e-m+fp/hard/libc_nano.a(lib_a-writer.o)
 .debug_frame   0x000000000000122c       0x2c /usr/share/gcc-arm-none-eabi-10-2020-q4-major/bin/../lib/gcc/arm-none-eabi/10.2.1/../../../../arm-none-eabi/lib/thumb/v7e-m+fp/hard/libc_nano.a(lib_a-closer.o)
 .debug_frame   0x0000000000001258       0x2c /usr/share/gcc-arm-none-eabi-10-2020-q4-major/bin/../lib/gcc/arm-none-eabi/10.2.1/../../../../arm-none-eabi/lib/thumb/v7e-m+fp/hard/libc_nano.a(lib_a-fstatr.o)
 .debug_frame   0x0000000000001284       0x2c /usr/share/gcc-arm-none-eabi-10-2020-q4-major/bin/../lib/gcc/arm-none-eabi/10.2.1/../../../../arm-none-eabi/lib/thumb/v7e-m+fp/hard/libc_nano.a(lib_a-isattyr.o)
 .debug_frame   0x00000000000012b0       0x2c /usr/share/gcc-arm-none-eabi-10-2020-q4-major/bin/../lib/gcc/arm-none-eabi/10.2.1/../../../../arm-none-eabi/lib/thumb/v7e-m+fp/hard/libc_nano.a(lib_a-lseekr.o)
 .debug_frame   0x00000000000012dc       0x30 /usr/share/gcc-arm-none-eabi-10-2020-q4-major/bin/../lib/gcc/arm-none-eabi/10.2.1/../../../../arm-none-eabi/lib/thumb/v7e-m+fp/hard/libc_nano.a(lib_a-mlock.o)
 .debug_frame   0x000000000000130c       0x2c /usr/share/gcc-arm-none-eabi-10-2020-q4-major/bin/../lib/gcc/arm-none-eabi/10.2.1/../../../../arm-none-eabi/lib/thumb/v7e-m+fp/hard/libc_nano.a(lib_a-readr.o)
 .debug_frame   0x0000000000001338       0x5c /usr/share/gcc-arm-none-eabi-10-2020-q4-major/bin/../lib/gcc/arm-none-eabi/10.2.1/../../../../arm-none-eabi/lib/thumb/v7e-m+fp/hard/libc_nano.a(lib_a-reent.o)
 .debug_frame   0x0000000000001394       0x20 /usr/share/gcc-arm-none-eabi-10-2020-q4-major/bin/../lib/gcc/arm-none-eabi/10.2.1/../../../../arm-none-eabi/lib/thumb/v7e-m+fp/hard/libnosys.a(close.o)
 .debug_frame   0x00000000000013b4       0x20 /usr/share/gcc-arm-none-eabi-10-2020-q4-major/bin/../lib/gcc/arm-none-eabi/10.2.1/../../../../arm-none-eabi/lib/thumb/v7e-m+fp/hard/libnosys.a(fstat.o)
 .debug_frame   0x00000000000013d4       0x20 /usr/share/gcc-arm-none-eabi-10-2020-q4-major/bin/../lib/gcc/arm-none-eabi/10.2.1/../../../../arm-none-eabi/lib/thumb/v7e-m+fp/hard/libnosys.a(isatty.o)
 .debug_frame   0x00000000000013f4       0x20 /usr/share/gcc-arm-none-eabi-10-2020-q4-major/bin/../lib/gcc/arm-none-eabi/10.2.1/../../../../arm-none-eabi/lib/thumb/v7e-m+fp/hard/libnosys.a(lseek.o)
 .debug_frame   0x0000000000001414       0x20 /usr/share/gcc-arm-none-eabi-10-2020-q4-major/bin/../lib/gcc/arm-none-eabi/10.2.1/../../../../arm-none-eabi/lib/thumb/v7e-m+fp/hard/libnosys.a(read.o)
 .debug_frame   0x0000000000001434       0x20 /usr/share/gcc-arm-none-eabi-10-2020-q4-major/bin/../lib/gcc/arm-none-eabi/10.2.1/../../../../arm-none-eabi/lib/thumb/v7e-m+fp/hard/libnosys.a(sbrk.o)

.stab           0x0000000000000000       0x84
 .stab          0x0000000000000000       0x24 /usr/share/gcc-arm-none-eabi-10-2020-q4-major/bin/../lib/gcc/arm-none-eabi/10.2.1/../../../../arm-none-eabi/lib/thumb/v7e-m+fp/hard/libnosys.a(close.o)
 .stab          0x0000000000000024       0x18 /usr/share/gcc-arm-none-eabi-10-2020-q4-major/bin/../lib/gcc/arm-none-eabi/10.2.1/../../../../arm-none-eabi/lib/thumb/v7e-m+fp/hard/libnosys.a(fstat.o)
                                         0x24 (size before relaxing)
 .stab          0x000000000000003c       0x18 /usr/share/gcc-arm-none-eabi-10-2020-q4-major/bin/../lib/gcc/arm-none-eabi/10.2.1/../../../../arm-none-eabi/lib/thumb/v7e-m+fp/hard/libnosys.a(isatty.o)
                                         0x24 (size before relaxing)
 .stab          0x0000000000000054       0x18 /usr/share/gcc-arm-none-eabi-10-2020-q4-major/bin/../lib/gcc/arm-none-eabi/10.2.1/../../../../arm-none-eabi/lib/thumb/v7e-m+fp/hard/libnosys.a(lseek.o)
                                         0x24 (size before relaxing)
 .stab          0x000000000000006c       0x18 /usr/share/gcc-arm-none-eabi-10-2020-q4-major/bin/../lib/gcc/arm-none-eabi/10.2.1/../../../../arm-none-eabi/lib/thumb/v7e-m+fp/hard/libnosys.a(read.o)
                                         0x24 (size before relaxing)

.stabstr        0x0000000000000000      0x117
 .stabstr       0x0000000000000000      0x117 /usr/share/gcc-arm-none-eabi-10-2020-q4-major/bin/../lib/gcc/arm-none-eabi/10.2.1/../../../../arm-none-eabi/lib/thumb/v7e-m+fp/hard/libnosys.a(close.o)

Cross Reference Table

Symbol                                            File
__errno                                           /usr/share/gcc-arm-none-eabi-10-2020-q4-major/bin/../lib/gcc/arm-none-eabi/10.2.1/../../../../arm-none-eabi/lib/thumb/v7e-m+fp/hard/libc_nano.a(lib_a-errno.o)
                                                  main.o
__fini_array_end                                  ../../lib/libopencm3//lib/libopencm3_stm32f3.a(vector.o)
__fini_array_start                                ../../lib/libopencm3//lib/libopencm3_stm32f3.a(vector.o)
__fp_lock_all                                     /usr/share/gcc-arm-none-eabi-10-2020-q4-major/bin/../lib/gcc/arm-none-eabi/10.2.1/../../../../arm-none-eabi/lib/thumb/v7e-m+fp/hard/libc_nano.a(lib_a-findfp.o)
__fp_unlock_all                                   /usr/share/gcc-arm-none-eabi-10-2020-q4-major/bin/../lib/gcc/arm-none-eabi/10.2.1/../../../../arm-none-eabi/lib/thumb/v7e-m+fp/hard/libc_nano.a(lib_a-findfp.o)
__init_array_end                                  ../../lib/libopencm3//lib/libopencm3_stm32f3.a(vector.o)
__init_array_start                                ../../lib/libopencm3//lib/libopencm3_stm32f3.a(vector.o)
__lock___arc4random_mutex                         /usr/share/gcc-arm-none-eabi-10-2020-q4-major/bin/../lib/gcc/arm-none-eabi/10.2.1/../../../../arm-none-eabi/lib/thumb/v7e-m+fp/hard/libc_nano.a(lib_a-lock.o)
__lock___at_quick_exit_mutex                      /usr/share/gcc-arm-none-eabi-10-2020-q4-major/bin/../lib/gcc/arm-none-eabi/10.2.1/../../../../arm-none-eabi/lib/thumb/v7e-m+fp/hard/libc_nano.a(lib_a-lock.o)
__lock___atexit_recursive_mutex                   /usr/share/gcc-arm-none-eabi-10-2020-q4-major/bin/../lib/gcc/arm-none-eabi/10.2.1/../../../../arm-none-eabi/lib/thumb/v7e-m+fp/hard/libc_nano.a(lib_a-lock.o)
__lock___dd_hash_mutex                            /usr/share/gcc-arm-none-eabi-10-2020-q4-major/bin/../lib/gcc/arm-none-eabi/10.2.1/../../../../arm-none-eabi/lib/thumb/v7e-m+fp/hard/libc_nano.a(lib_a-lock.o)
__lock___env_recursive_mutex                      /usr/share/gcc-arm-none-eabi-10-2020-q4-major/bin/../lib/gcc/arm-none-eabi/10.2.1/../../../../arm-none-eabi/lib/thumb/v7e-m+fp/hard/libc_nano.a(lib_a-lock.o)
__lock___malloc_recursive_mutex                   /usr/share/gcc-arm-none-eabi-10-2020-q4-major/bin/../lib/gcc/arm-none-eabi/10.2.1/../../../../arm-none-eabi/lib/thumb/v7e-m+fp/hard/libc_nano.a(lib_a-lock.o)
                                                  /usr/share/gcc-arm-none-eabi-10-2020-q4-major/bin/../lib/gcc/arm-none-eabi/10.2.1/../../../../arm-none-eabi/lib/thumb/v7e-m+fp/hard/libc_nano.a(lib_a-mlock.o)
__lock___sfp_recursive_mutex                      /usr/share/gcc-arm-none-eabi-10-2020-q4-major/bin/../lib/gcc/arm-none-eabi/10.2.1/../../../../arm-none-eabi/lib/thumb/v7e-m+fp/hard/libc_nano.a(lib_a-lock.o)
                                                  /usr/share/gcc-arm-none-eabi-10-2020-q4-major/bin/../lib/gcc/arm-none-eabi/10.2.1/../../../../arm-none-eabi/lib/thumb/v7e-m+fp/hard/libc_nano.a(lib_a-findfp.o)
__lock___sinit_recursive_mutex                    /usr/share/gcc-arm-none-eabi-10-2020-q4-major/bin/../lib/gcc/arm-none-eabi/10.2.1/../../../../arm-none-eabi/lib/thumb/v7e-m+fp/hard/libc_nano.a(lib_a-lock.o)
                                                  /usr/share/gcc-arm-none-eabi-10-2020-q4-major/bin/../lib/gcc/arm-none-eabi/10.2.1/../../../../arm-none-eabi/lib/thumb/v7e-m+fp/hard/libc_nano.a(lib_a-findfp.o)
__lock___tz_mutex                                 /usr/share/gcc-arm-none-eabi-10-2020-q4-major/bin/../lib/gcc/arm-none-eabi/10.2.1/../../../../arm-none-eabi/lib/thumb/v7e-m+fp/hard/libc_nano.a(lib_a-lock.o)
__malloc_free_list                                /usr/share/gcc-arm-none-eabi-10-2020-q4-major/bin/../lib/gcc/arm-none-eabi/10.2.1/../../../../arm-none-eabi/lib/thumb/v7e-m+fp/hard/libc_nano.a(lib_a-nano-mallocr.o)
                                                  /usr/share/gcc-arm-none-eabi-10-2020-q4-major/bin/../lib/gcc/arm-none-eabi/10.2.1/../../../../arm-none-eabi/lib/thumb/v7e-m+fp/hard/libc_nano.a(lib_a-nano-freer.o)
__malloc_lock                                     /usr/share/gcc-arm-none-eabi-10-2020-q4-major/bin/../lib/gcc/arm-none-eabi/10.2.1/../../../../arm-none-eabi/lib/thumb/v7e-m+fp/hard/libc_nano.a(lib_a-mlock.o)
                                                  /usr/share/gcc-arm-none-eabi-10-2020-q4-major/bin/../lib/gcc/arm-none-eabi/10.2.1/../../../../arm-none-eabi/lib/thumb/v7e-m+fp/hard/libc_nano.a(lib_a-nano-mallocr.o)
                                                  /usr/share/gcc-arm-none-eabi-10-2020-q4-major/bin/../lib/gcc/arm-none-eabi/10.2.1/../../../../arm-none-eabi/lib/thumb/v7e-m+fp/hard/libc_nano.a(lib_a-nano-freer.o)
__malloc_sbrk_start                               /usr/share/gcc-arm-none-eabi-10-2020-q4-major/bin/../lib/gcc/arm-none-eabi/10.2.1/../../../../arm-none-eabi/lib/thumb/v7e-m+fp/hard/libc_nano.a(lib_a-nano-mallocr.o)
__malloc_unlock                                   /usr/share/gcc-arm-none-eabi-10-2020-q4-major/bin/../lib/gcc/arm-none-eabi/10.2.1/../../../../arm-none-eabi/lib/thumb/v7e-m+fp/hard/libc_nano.a(lib_a-mlock.o)
                                                  /usr/share/gcc-arm-none-eabi-10-2020-q4-major/bin/../lib/gcc/arm-none-eabi/10.2.1/../../../../arm-none-eabi/lib/thumb/v7e-m+fp/hard/libc_nano.a(lib_a-nano-mallocr.o)
                                                  /usr/share/gcc-arm-none-eabi-10-2020-q4-major/bin/../lib/gcc/arm-none-eabi/10.2.1/../../../../arm-none-eabi/lib/thumb/v7e-m+fp/hard/libc_nano.a(lib_a-nano-freer.o)
__preinit_array_end                               ../../lib/libopencm3//lib/libopencm3_stm32f3.a(vector.o)
__preinit_array_start                             ../../lib/libopencm3//lib/libopencm3_stm32f3.a(vector.o)
__retarget_lock_acquire                           /usr/share/gcc-arm-none-eabi-10-2020-q4-major/bin/../lib/gcc/arm-none-eabi/10.2.1/../../../../arm-none-eabi/lib/thumb/v7e-m+fp/hard/libc_nano.a(lib_a-lock.o)
__retarget_lock_acquire_recursive                 /usr/share/gcc-arm-none-eabi-10-2020-q4-major/bin/../lib/gcc/arm-none-eabi/10.2.1/../../../../arm-none-eabi/lib/thumb/v7e-m+fp/hard/libc_nano.a(lib_a-lock.o)
                                                  /usr/share/gcc-arm-none-eabi-10-2020-q4-major/bin/../lib/gcc/arm-none-eabi/10.2.1/../../../../arm-none-eabi/lib/thumb/v7e-m+fp/hard/libc_nano.a(lib_a-mlock.o)
                                                  /usr/share/gcc-arm-none-eabi-10-2020-q4-major/bin/../lib/gcc/arm-none-eabi/10.2.1/../../../../arm-none-eabi/lib/thumb/v7e-m+fp/hard/libc_nano.a(lib_a-nano-vfprintf.o)
                                                  /usr/share/gcc-arm-none-eabi-10-2020-q4-major/bin/../lib/gcc/arm-none-eabi/10.2.1/../../../../arm-none-eabi/lib/thumb/v7e-m+fp/hard/libc_nano.a(lib_a-findfp.o)
                                                  /usr/share/gcc-arm-none-eabi-10-2020-q4-major/bin/../lib/gcc/arm-none-eabi/10.2.1/../../../../arm-none-eabi/lib/thumb/v7e-m+fp/hard/libc_nano.a(lib_a-fflush.o)
                                                  /usr/share/gcc-arm-none-eabi-10-2020-q4-major/bin/../lib/gcc/arm-none-eabi/10.2.1/../../../../arm-none-eabi/lib/thumb/v7e-m+fp/hard/libc_nano.a(lib_a-puts.o)
__retarget_lock_close                             /usr/share/gcc-arm-none-eabi-10-2020-q4-major/bin/../lib/gcc/arm-none-eabi/10.2.1/../../../../arm-none-eabi/lib/thumb/v7e-m+fp/hard/libc_nano.a(lib_a-lock.o)
__retarget_lock_close_recursive                   /usr/share/gcc-arm-none-eabi-10-2020-q4-major/bin/../lib/gcc/arm-none-eabi/10.2.1/../../../../arm-none-eabi/lib/thumb/v7e-m+fp/hard/libc_nano.a(lib_a-lock.o)
__retarget_lock_init                              /usr/share/gcc-arm-none-eabi-10-2020-q4-major/bin/../lib/gcc/arm-none-eabi/10.2.1/../../../../arm-none-eabi/lib/thumb/v7e-m+fp/hard/libc_nano.a(lib_a-lock.o)
__retarget_lock_init_recursive                    /usr/share/gcc-arm-none-eabi-10-2020-q4-major/bin/../lib/gcc/arm-none-eabi/10.2.1/../../../../arm-none-eabi/lib/thumb/v7e-m+fp/hard/libc_nano.a(lib_a-lock.o)
                                                  /usr/share/gcc-arm-none-eabi-10-2020-q4-major/bin/../lib/gcc/arm-none-eabi/10.2.1/../../../../arm-none-eabi/lib/thumb/v7e-m+fp/hard/libc_nano.a(lib_a-findfp.o)
__retarget_lock_release                           /usr/share/gcc-arm-none-eabi-10-2020-q4-major/bin/../lib/gcc/arm-none-eabi/10.2.1/../../../../arm-none-eabi/lib/thumb/v7e-m+fp/hard/libc_nano.a(lib_a-lock.o)
__retarget_lock_release_recursive                 /usr/share/gcc-arm-none-eabi-10-2020-q4-major/bin/../lib/gcc/arm-none-eabi/10.2.1/../../../../arm-none-eabi/lib/thumb/v7e-m+fp/hard/libc_nano.a(lib_a-lock.o)
                                                  /usr/share/gcc-arm-none-eabi-10-2020-q4-major/bin/../lib/gcc/arm-none-eabi/10.2.1/../../../../arm-none-eabi/lib/thumb/v7e-m+fp/hard/libc_nano.a(lib_a-mlock.o)
                                                  /usr/share/gcc-arm-none-eabi-10-2020-q4-major/bin/../lib/gcc/arm-none-eabi/10.2.1/../../../../arm-none-eabi/lib/thumb/v7e-m+fp/hard/libc_nano.a(lib_a-nano-vfprintf.o)
                                                  /usr/share/gcc-arm-none-eabi-10-2020-q4-major/bin/../lib/gcc/arm-none-eabi/10.2.1/../../../../arm-none-eabi/lib/thumb/v7e-m+fp/hard/libc_nano.a(lib_a-findfp.o)
                                                  /usr/share/gcc-arm-none-eabi-10-2020-q4-major/bin/../lib/gcc/arm-none-eabi/10.2.1/../../../../arm-none-eabi/lib/thumb/v7e-m+fp/hard/libc_nano.a(lib_a-fflush.o)
                                                  /usr/share/gcc-arm-none-eabi-10-2020-q4-major/bin/../lib/gcc/arm-none-eabi/10.2.1/../../../../arm-none-eabi/lib/thumb/v7e-m+fp/hard/libc_nano.a(lib_a-puts.o)
__retarget_lock_try_acquire                       /usr/share/gcc-arm-none-eabi-10-2020-q4-major/bin/../lib/gcc/arm-none-eabi/10.2.1/../../../../arm-none-eabi/lib/thumb/v7e-m+fp/hard/libc_nano.a(lib_a-lock.o)
__retarget_lock_try_acquire_recursive             /usr/share/gcc-arm-none-eabi-10-2020-q4-major/bin/../lib/gcc/arm-none-eabi/10.2.1/../../../../arm-none-eabi/lib/thumb/v7e-m+fp/hard/libc_nano.a(lib_a-lock.o)
__sclose                                          /usr/share/gcc-arm-none-eabi-10-2020-q4-major/bin/../lib/gcc/arm-none-eabi/10.2.1/../../../../arm-none-eabi/lib/thumb/v7e-m+fp/hard/libc_nano.a(lib_a-stdio.o)
                                                  /usr/share/gcc-arm-none-eabi-10-2020-q4-major/bin/../lib/gcc/arm-none-eabi/10.2.1/../../../../arm-none-eabi/lib/thumb/v7e-m+fp/hard/libc_nano.a(lib_a-findfp.o)
__seofread                                        /usr/share/gcc-arm-none-eabi-10-2020-q4-major/bin/../lib/gcc/arm-none-eabi/10.2.1/../../../../arm-none-eabi/lib/thumb/v7e-m+fp/hard/libc_nano.a(lib_a-stdio.o)
__sf_fake_stderr                                  /usr/share/gcc-arm-none-eabi-10-2020-q4-major/bin/../lib/gcc/arm-none-eabi/10.2.1/../../../../arm-none-eabi/lib/thumb/v7e-m+fp/hard/libc_nano.a(lib_a-findfp.o)
                                                  /usr/share/gcc-arm-none-eabi-10-2020-q4-major/bin/../lib/gcc/arm-none-eabi/10.2.1/../../../../arm-none-eabi/lib/thumb/v7e-m+fp/hard/libc_nano.a(lib_a-nano-vfprintf.o)
                                                  /usr/share/gcc-arm-none-eabi-10-2020-q4-major/bin/../lib/gcc/arm-none-eabi/10.2.1/../../../../arm-none-eabi/lib/thumb/v7e-m+fp/hard/libc_nano.a(lib_a-fflush.o)
                                                  /usr/share/gcc-arm-none-eabi-10-2020-q4-major/bin/../lib/gcc/arm-none-eabi/10.2.1/../../../../arm-none-eabi/lib/thumb/v7e-m+fp/hard/libc_nano.a(lib_a-wsetup.o)
                                                  /usr/share/gcc-arm-none-eabi-10-2020-q4-major/bin/../lib/gcc/arm-none-eabi/10.2.1/../../../../arm-none-eabi/lib/thumb/v7e-m+fp/hard/libc_nano.a(lib_a-wbuf.o)
                                                  /usr/share/gcc-arm-none-eabi-10-2020-q4-major/bin/../lib/gcc/arm-none-eabi/10.2.1/../../../../arm-none-eabi/lib/thumb/v7e-m+fp/hard/libc_nano.a(lib_a-puts.o)
                                                  /usr/share/gcc-arm-none-eabi-10-2020-q4-major/bin/../lib/gcc/arm-none-eabi/10.2.1/../../../../arm-none-eabi/lib/thumb/v7e-m+fp/hard/libc_nano.a(lib_a-impure.o)
__sf_fake_stdin                                   /usr/share/gcc-arm-none-eabi-10-2020-q4-major/bin/../lib/gcc/arm-none-eabi/10.2.1/../../../../arm-none-eabi/lib/thumb/v7e-m+fp/hard/libc_nano.a(lib_a-findfp.o)
                                                  /usr/share/gcc-arm-none-eabi-10-2020-q4-major/bin/../lib/gcc/arm-none-eabi/10.2.1/../../../../arm-none-eabi/lib/thumb/v7e-m+fp/hard/libc_nano.a(lib_a-nano-vfprintf.o)
                                                  /usr/share/gcc-arm-none-eabi-10-2020-q4-major/bin/../lib/gcc/arm-none-eabi/10.2.1/../../../../arm-none-eabi/lib/thumb/v7e-m+fp/hard/libc_nano.a(lib_a-fflush.o)
                                                  /usr/share/gcc-arm-none-eabi-10-2020-q4-major/bin/../lib/gcc/arm-none-eabi/10.2.1/../../../../arm-none-eabi/lib/thumb/v7e-m+fp/hard/libc_nano.a(lib_a-wsetup.o)
                                                  /usr/share/gcc-arm-none-eabi-10-2020-q4-major/bin/../lib/gcc/arm-none-eabi/10.2.1/../../../../arm-none-eabi/lib/thumb/v7e-m+fp/hard/libc_nano.a(lib_a-wbuf.o)
                                                  /usr/share/gcc-arm-none-eabi-10-2020-q4-major/bin/../lib/gcc/arm-none-eabi/10.2.1/../../../../arm-none-eabi/lib/thumb/v7e-m+fp/hard/libc_nano.a(lib_a-puts.o)
                                                  /usr/share/gcc-arm-none-eabi-10-2020-q4-major/bin/../lib/gcc/arm-none-eabi/10.2.1/../../../../arm-none-eabi/lib/thumb/v7e-m+fp/hard/libc_nano.a(lib_a-impure.o)
__sf_fake_stdout                                  /usr/share/gcc-arm-none-eabi-10-2020-q4-major/bin/../lib/gcc/arm-none-eabi/10.2.1/../../../../arm-none-eabi/lib/thumb/v7e-m+fp/hard/libc_nano.a(lib_a-findfp.o)
                                                  /usr/share/gcc-arm-none-eabi-10-2020-q4-major/bin/../lib/gcc/arm-none-eabi/10.2.1/../../../../arm-none-eabi/lib/thumb/v7e-m+fp/hard/libc_nano.a(lib_a-nano-vfprintf.o)
                                                  /usr/share/gcc-arm-none-eabi-10-2020-q4-major/bin/../lib/gcc/arm-none-eabi/10.2.1/../../../../arm-none-eabi/lib/thumb/v7e-m+fp/hard/libc_nano.a(lib_a-fflush.o)
                                                  /usr/share/gcc-arm-none-eabi-10-2020-q4-major/bin/../lib/gcc/arm-none-eabi/10.2.1/../../../../arm-none-eabi/lib/thumb/v7e-m+fp/hard/libc_nano.a(lib_a-wsetup.o)
                                                  /usr/share/gcc-arm-none-eabi-10-2020-q4-major/bin/../lib/gcc/arm-none-eabi/10.2.1/../../../../arm-none-eabi/lib/thumb/v7e-m+fp/hard/libc_nano.a(lib_a-wbuf.o)
                                                  /usr/share/gcc-arm-none-eabi-10-2020-q4-major/bin/../lib/gcc/arm-none-eabi/10.2.1/../../../../arm-none-eabi/lib/thumb/v7e-m+fp/hard/libc_nano.a(lib_a-puts.o)
                                                  /usr/share/gcc-arm-none-eabi-10-2020-q4-major/bin/../lib/gcc/arm-none-eabi/10.2.1/../../../../arm-none-eabi/lib/thumb/v7e-m+fp/hard/libc_nano.a(lib_a-impure.o)
__sflush_r                                        /usr/share/gcc-arm-none-eabi-10-2020-q4-major/bin/../lib/gcc/arm-none-eabi/10.2.1/../../../../arm-none-eabi/lib/thumb/v7e-m+fp/hard/libc_nano.a(lib_a-fflush.o)
__sfmoreglue                                      /usr/share/gcc-arm-none-eabi-10-2020-q4-major/bin/../lib/gcc/arm-none-eabi/10.2.1/../../../../arm-none-eabi/lib/thumb/v7e-m+fp/hard/libc_nano.a(lib_a-findfp.o)
__sfp                                             /usr/share/gcc-arm-none-eabi-10-2020-q4-major/bin/../lib/gcc/arm-none-eabi/10.2.1/../../../../arm-none-eabi/lib/thumb/v7e-m+fp/hard/libc_nano.a(lib_a-findfp.o)
__sfp_lock_acquire                                /usr/share/gcc-arm-none-eabi-10-2020-q4-major/bin/../lib/gcc/arm-none-eabi/10.2.1/../../../../arm-none-eabi/lib/thumb/v7e-m+fp/hard/libc_nano.a(lib_a-findfp.o)
__sfp_lock_release                                /usr/share/gcc-arm-none-eabi-10-2020-q4-major/bin/../lib/gcc/arm-none-eabi/10.2.1/../../../../arm-none-eabi/lib/thumb/v7e-m+fp/hard/libc_nano.a(lib_a-findfp.o)
__sfputs_r                                        /usr/share/gcc-arm-none-eabi-10-2020-q4-major/bin/../lib/gcc/arm-none-eabi/10.2.1/../../../../arm-none-eabi/lib/thumb/v7e-m+fp/hard/libc_nano.a(lib_a-nano-vfprintf.o)
__sfvwrite_r                                      /usr/share/gcc-arm-none-eabi-10-2020-q4-major/bin/../lib/gcc/arm-none-eabi/10.2.1/../../../../arm-none-eabi/lib/thumb/v7e-m+fp/hard/libc_nano.a(lib_a-fvwrite.o)
                                                  /usr/share/gcc-arm-none-eabi-10-2020-q4-major/bin/../lib/gcc/arm-none-eabi/10.2.1/../../../../arm-none-eabi/lib/thumb/v7e-m+fp/hard/libc_nano.a(lib_a-nano-vfprintf.o)
__sinit                                           /usr/share/gcc-arm-none-eabi-10-2020-q4-major/bin/../lib/gcc/arm-none-eabi/10.2.1/../../../../arm-none-eabi/lib/thumb/v7e-m+fp/hard/libc_nano.a(lib_a-findfp.o)
                                                  /usr/share/gcc-arm-none-eabi-10-2020-q4-major/bin/../lib/gcc/arm-none-eabi/10.2.1/../../../../arm-none-eabi/lib/thumb/v7e-m+fp/hard/libc_nano.a(lib_a-nano-vfprintf.o)
                                                  /usr/share/gcc-arm-none-eabi-10-2020-q4-major/bin/../lib/gcc/arm-none-eabi/10.2.1/../../../../arm-none-eabi/lib/thumb/v7e-m+fp/hard/libc_nano.a(lib_a-fflush.o)
                                                  /usr/share/gcc-arm-none-eabi-10-2020-q4-major/bin/../lib/gcc/arm-none-eabi/10.2.1/../../../../arm-none-eabi/lib/thumb/v7e-m+fp/hard/libc_nano.a(lib_a-wsetup.o)
                                                  /usr/share/gcc-arm-none-eabi-10-2020-q4-major/bin/../lib/gcc/arm-none-eabi/10.2.1/../../../../arm-none-eabi/lib/thumb/v7e-m+fp/hard/libc_nano.a(lib_a-wbuf.o)
                                                  /usr/share/gcc-arm-none-eabi-10-2020-q4-major/bin/../lib/gcc/arm-none-eabi/10.2.1/../../../../arm-none-eabi/lib/thumb/v7e-m+fp/hard/libc_nano.a(lib_a-puts.o)
                                                  /usr/share/gcc-arm-none-eabi-10-2020-q4-major/bin/../lib/gcc/arm-none-eabi/10.2.1/../../../../arm-none-eabi/lib/thumb/v7e-m+fp/hard/libc_nano.a(lib_a-printf.o)
__sinit_lock_acquire                              /usr/share/gcc-arm-none-eabi-10-2020-q4-major/bin/../lib/gcc/arm-none-eabi/10.2.1/../../../../arm-none-eabi/lib/thumb/v7e-m+fp/hard/libc_nano.a(lib_a-findfp.o)
__sinit_lock_release                              /usr/share/gcc-arm-none-eabi-10-2020-q4-major/bin/../lib/gcc/arm-none-eabi/10.2.1/../../../../arm-none-eabi/lib/thumb/v7e-m+fp/hard/libc_nano.a(lib_a-findfp.o)
__smakebuf_r                                      /usr/share/gcc-arm-none-eabi-10-2020-q4-major/bin/../lib/gcc/arm-none-eabi/10.2.1/../../../../arm-none-eabi/lib/thumb/v7e-m+fp/hard/libc_nano.a(lib_a-makebuf.o)
                                                  /usr/share/gcc-arm-none-eabi-10-2020-q4-major/bin/../lib/gcc/arm-none-eabi/10.2.1/../../../../arm-none-eabi/lib/thumb/v7e-m+fp/hard/libc_nano.a(lib_a-wsetup.o)
__sprint_r                                        /usr/share/gcc-arm-none-eabi-10-2020-q4-major/bin/../lib/gcc/arm-none-eabi/10.2.1/../../../../arm-none-eabi/lib/thumb/v7e-m+fp/hard/libc_nano.a(lib_a-nano-vfprintf.o)
__sread                                           /usr/share/gcc-arm-none-eabi-10-2020-q4-major/bin/../lib/gcc/arm-none-eabi/10.2.1/../../../../arm-none-eabi/lib/thumb/v7e-m+fp/hard/libc_nano.a(lib_a-stdio.o)
                                                  /usr/share/gcc-arm-none-eabi-10-2020-q4-major/bin/../lib/gcc/arm-none-eabi/10.2.1/../../../../arm-none-eabi/lib/thumb/v7e-m+fp/hard/libc_nano.a(lib_a-findfp.o)
__sseek                                           /usr/share/gcc-arm-none-eabi-10-2020-q4-major/bin/../lib/gcc/arm-none-eabi/10.2.1/../../../../arm-none-eabi/lib/thumb/v7e-m+fp/hard/libc_nano.a(lib_a-stdio.o)
                                                  /usr/share/gcc-arm-none-eabi-10-2020-q4-major/bin/../lib/gcc/arm-none-eabi/10.2.1/../../../../arm-none-eabi/lib/thumb/v7e-m+fp/hard/libc_nano.a(lib_a-findfp.o)
__swbuf                                           /usr/share/gcc-arm-none-eabi-10-2020-q4-major/bin/../lib/gcc/arm-none-eabi/10.2.1/../../../../arm-none-eabi/lib/thumb/v7e-m+fp/hard/libc_nano.a(lib_a-wbuf.o)