Archive member included to satisfy reference by file (symbol)

../../lib/libopencm3//lib/libopencm3_stm32f3.a(gpio_common_f0234.o)
                              main.o (gpio_mode_setup)
../../lib/libopencm3//lib/libopencm3_stm32f3.a(i2c_common_v2.o)
                              main.o (i2c_reset)
../../lib/libopencm3//lib/libopencm3_stm32f3.a(rcc.o)
                              main.o (rcc_clock_setup_hsi)
../../lib/libopencm3//lib/libopencm3_stm32f3.a(rcc_common_all.o)
                              main.o (rcc_periph_clock_enable)
../../lib/libopencm3//lib/libopencm3_stm32f3.a(usart_common_all.o)
                              main.o (usart_set_baudrate)
../../lib/libopencm3//lib/libopencm3_stm32f3.a(vector.o)
                              (reset_handler)
../../lib/libopencm3//lib/libopencm3_stm32f3.a(assert.o)
                              ../../lib/libopencm3//lib/libopencm3_stm32f3.a(rcc.o) (cm3_assert_failed)
../../lib/libopencm3//lib/libopencm3_stm32f3.a(flash_common_all.o)
                              ../../lib/libopencm3//lib/libopencm3_stm32f3.a(rcc.o) (flash_prefetch_enable)
../../lib/libopencm3//lib/libopencm3_stm32f3.a(usart_common_v2.o)
                              ../../lib/libopencm3//lib/libopencm3_stm32f3.a(usart_common_all.o) (usart_send)
/usr/share/gcc-arm-none-eabi-10-2020-q4-major/bin/../lib/gcc/arm-none-eabi/10.2.1/../../../../arm-none-eabi/lib/thumb/v7e-m+fp/hard/libc_nano.a(lib_a-errno.o)
                              main.o (__errno)
/usr/share/gcc-arm-none-eabi-10-2020-q4-major/bin/../lib/gcc/arm-none-eabi/10.2.1/../../../../arm-none-eabi/lib/thumb/v7e-m+fp/hard/libc_nano.a(lib_a-impure.o)
                              /usr/share/gcc-arm-none-eabi-10-2020-q4-major/bin/../lib/gcc/arm-none-eabi/10.2.1/../../../../arm-none-eabi/lib/thumb/v7e-m+fp/hard/libc_nano.a(lib_a-errno.o) (_impure_ptr)
/usr/share/gcc-arm-none-eabi-10-2020-q4-major/bin/../lib/gcc/arm-none-eabi/10.2.1/../../../../arm-none-eabi/lib/thumb/v7e-m+fp/hard/libc_nano.a(lib_a-printf.o)
                              main.o (printf)
/usr/share/gcc-arm-none-eabi-10-2020-q4-major/bin/../lib/gcc/arm-none-eabi/10.2.1/../../../../arm-none-eabi/lib/thumb/v7e-m+fp/hard/libc_nano.a(lib_a-puts.o)
                              main.o (puts)
/usr/share/gcc-arm-none-eabi-10-2020-q4-major/bin/../lib/gcc/arm-none-eabi/10.2.1/../../../../arm-none-eabi/lib/thumb/v7e-m+fp/hard/libc_nano.a(lib_a-wbuf.o)
                              /usr/share/gcc-arm-none-eabi-10-2020-q4-major/bin/../lib/gcc/arm-none-eabi/10.2.1/../../../../arm-none-eabi/lib/thumb/v7e-m+fp/hard/libc_nano.a(lib_a-puts.o) (__swbuf_r)
/usr/share/gcc-arm-none-eabi-10-2020-q4-major/bin/../lib/gcc/arm-none-eabi/10.2.1/../../../../arm-none-eabi/lib/thumb/v7e-m+fp/hard/libc_nano.a(lib_a-wsetup.o)
                              /usr/share/gcc-arm-none-eabi-10-2020-q4-major/bin/../lib/gcc/arm-none-eabi/10.2.1/../../../../arm-none-eabi/lib/thumb/v7e-m+fp/hard/libc_nano.a(lib_a-puts.o) (__swsetup_r)
/usr/share/gcc-arm-none-eabi-10-2020-q4-major/bin/../lib/gcc/arm-none-eabi/10.2.1/../../../../arm-none-eabi/lib/thumb/v7e-m+fp/hard/libc_nano.a(lib_a-fflush.o)
                              /usr/share/gcc-arm-none-eabi-10-2020-q4-major/bin/../lib/gcc/arm-none-eabi/10.2.1/../../../../arm-none-eabi/lib/thumb/v7e-m+fp/hard/libc_nano.a(lib_a-wbuf.o) (_fflush_r)
/usr/share/gcc-arm-none-eabi-10-2020-q4-major/bin/../lib/gcc/arm-none-eabi/10.2.1/../../../../arm-none-eabi/lib/thumb/v7e-m+fp/hard/libc_nano.a(lib_a-findfp.o)
                              /usr/share/gcc-arm-none-eabi-10-2020-q4-major/bin/../lib/gcc/arm-none-eabi/10.2.1/../../../../arm-none-eabi/lib/thumb/v7e-m+fp/hard/libc_nano.a(lib_a-printf.o) (__sinit)
/usr/share/gcc-arm-none-eabi-10-2020-q4-major/bin/../lib/gcc/arm-none-eabi/10.2.1/../../../../arm-none-eabi/lib/thumb/v7e-m+fp/hard/libc_nano.a(lib_a-fwalk.o)
                              /usr/share/gcc-arm-none-eabi-10-2020-q4-major/bin/../lib/gcc/arm-none-eabi/10.2.1/../../../../arm-none-eabi/lib/thumb/v7e-m+fp/hard/libc_nano.a(lib_a-findfp.o) (_fwalk)
/usr/share/gcc-arm-none-eabi-10-2020-q4-major/bin/../lib/gcc/arm-none-eabi/10.2.1/../../../../arm-none-eabi/lib/thumb/v7e-m+fp/hard/libc_nano.a(lib_a-lock.o)
                              /usr/share/gcc-arm-none-eabi-10-2020-q4-major/bin/../lib/gcc/arm-none-eabi/10.2.1/../../../../arm-none-eabi/lib/thumb/v7e-m+fp/hard/libc_nano.a(lib_a-findfp.o) (__retarget_lock_init_recursive)
/usr/share/gcc-arm-none-eabi-10-2020-q4-major/bin/../lib/gcc/arm-none-eabi/10.2.1/../../../../arm-none-eabi/lib/thumb/v7e-m+fp/hard/libc_nano.a(lib_a-makebuf.o)
                              /usr/share/gcc-arm-none-eabi-10-2020-q4-major/bin/../lib/gcc/arm-none-eabi/10.2.1/../../../../arm-none-eabi/lib/thumb/v7e-m+fp/hard/libc_nano.a(lib_a-wsetup.o) (__smakebuf_r)
/usr/share/gcc-arm-none-eabi-10-2020-q4-major/bin/../lib/gcc/arm-none-eabi/10.2.1/../../../../arm-none-eabi/lib/thumb/v7e-m+fp/hard/libc_nano.a(lib_a-memset.o)
[...]
Memory Configuration

Name             Origin             Length             Attributes
rom              0x0000000008000000 0x0000000000080000 xr
ram              0x0000000020000000 0x0000000000010000 xrw
*default*        0x0000000000000000 0xffffffffffffffff

Linker script and memory map

LOAD main.o
LOAD ../../lib/libopencm3//lib/libopencm3_stm32f3.a
START GROUP
LOAD /usr/share/gcc-arm-none-eabi-10-2020-q4-major/bin/../lib/gcc/arm-none-eabi/10.2.1/../../../../arm-none-eabi/lib/thumb/v7e-m+fp/hard/libc_nano.a
LOAD /usr/share/gcc-arm-none-eabi-10-2020-q4-major/bin/../lib/gcc/arm-none-eabi/10.2.1/thumb/v7e-m+fp/hard/libgcc.a
LOAD /usr/share/gcc-arm-none-eabi-10-2020-q4-major/bin/../lib/gcc/arm-none-eabi/10.2.1/../../../../arm-none-eabi/lib/thumb/v7e-m+fp/hard/libnosys.a
END GROUP
START GROUP
LOAD /usr/share/gcc-arm-none-eabi-10-2020-q4-major/bin/../lib/gcc/arm-none-eabi/10.2.1/thumb/v7e-m+fp/hard/libgcc.a
LOAD /usr/share/gcc-arm-none-eabi-10-2020-q4-major/bin/../lib/gcc/arm-none-eabi/10.2.1/../../../../arm-none-eabi/lib/thumb/v7e-m+fp/hard/libg_nano.a
LOAD /usr/share/gcc-arm-none-eabi-10-2020-q4-major/bin/../lib/gcc/arm-none-eabi/10.2.1/../../../../arm-none-eabi/lib/thumb/v7e-m+fp/hard/libc_nano.a
END GROUP
START GROUP
LOAD /usr/share/gcc-arm-none-eabi-10-2020-q4-major/bin/../lib/gcc/arm-none-eabi/10.2.1/thumb/v7e-m+fp/hard/libgcc.a
LOAD /usr/share/gcc-arm-none-eabi-10-2020-q4-major/bin/../lib/gcc/arm-none-eabi/10.2.1/../../../../arm-none-eabi/lib/thumb/v7e-m+fp/hard/libc_nano.a
END GROUP

.text           0x0000000008000000     0x1b68
 *(.vectors)
 .vectors       0x0000000008000000      0x184 ../../lib/libopencm3//lib/libopencm3_stm32f3.a(vector.o)
                0x0000000008000000                vector_table
 *(.text*)
 .text._write   0x0000000008000184       0x48 main.o
                0x0000000008000184                _write
 .text.startup.main
                0x00000000080001cc      0x124 main.o
                0x00000000080001cc                main
 .text.gpio_mode_setup
                0x00000000080002f0       0x40 ../../lib/libopencm3//lib/libopencm3_stm32f3.a(gpio_common_f0234.o)
                0x00000000080002f0                gpio_mode_setup
 .text.gpio_set_af
                0x0000000008000330       0x58 ../../lib/libopencm3//lib/libopencm3_stm32f3.a(gpio_common_f0234.o)
                0x0000000008000330                gpio_set_af
 .text.i2c_reset
                0x0000000008000388       0x30 ../../lib/libopencm3//lib/libopencm3_stm32f3.a(i2c_common_v2.o)
                0x0000000008000388                i2c_reset
 .text.i2c_peripheral_enable
                0x00000000080003b8        0xa ../../lib/libopencm3//lib/libopencm3_stm32f3.a(i2c_common_v2.o)
                0x00000000080003b8                i2c_peripheral_enable
 .text.i2c_peripheral_disable
                0x00000000080003c2        0xa ../../lib/libopencm3//lib/libopencm3_stm32f3.a(i2c_common_v2.o)
                0x00000000080003c2                i2c_peripheral_disable
 .text.i2c_send_start
                0x00000000080003cc        0xa ../../lib/libopencm3//lib/libopencm3_stm32f3.a(i2c_common_v2.o)
                0x00000000080003cc                i2c_send_start
 .text.i2c_enable_analog_filter
                0x00000000080003d6        0xa ../../lib/libopencm3//lib/libopencm3_stm32f3.a(i2c_common_v2.o)
                0x00000000080003d6                i2c_enable_analog_filter
 .text.i2c_set_digital_filter
                0x00000000080003e0        0xe ../../lib/libopencm3//lib/libopencm3_stm32f3.a(i2c_common_v2.o)
                0x00000000080003e0                i2c_set_digital_filter
 .text.i2c_set_prescaler
                0x00000000080003ee        0xe ../../lib/libopencm3//lib/libopencm3_stm32f3.a(i2c_common_v2.o)
                0x00000000080003ee                i2c_set_prescaler
 .text.i2c_set_data_setup_time
                0x00000000080003fc        0xe ../../lib/libopencm3//lib/libopencm3_stm32f3.a(i2c_common_v2.o)
                0x00000000080003fc                i2c_set_data_setup_time
 .text.i2c_set_data_hold_time
                0x000000000800040a        0xe ../../lib/libopencm3//lib/libopencm3_stm32f3.a(i2c_common_v2.o)
                0x000000000800040a                i2c_set_data_hold_time
 .text.i2c_set_scl_high_period
                0x0000000008000418        0xe ../../lib/libopencm3//lib/libopencm3_stm32f3.a(i2c_common_v2.o)
                0x0000000008000418                i2c_set_scl_high_period
 .text.i2c_set_scl_low_period
                0x0000000008000426        0xc ../../lib/libopencm3//lib/libopencm3_stm32f3.a(i2c_common_v2.o)
                0x0000000008000426                i2c_set_scl_low_period
 .text.i2c_enable_stretching
                0x0000000008000432        0xa ../../lib/libopencm3//lib/libopencm3_stm32f3.a(i2c_common_v2.o)
                0x0000000008000432                i2c_enable_stretching
 .text.i2c_set_7bit_addr_mode
                0x000000000800043c        0xa ../../lib/libopencm3//lib/libopencm3_stm32f3.a(i2c_common_v2.o)
                0x000000000800043c                i2c_set_7bit_addr_mode
 .text.i2c_set_7bit_address
                0x0000000008000446       0x10 ../../lib/libopencm3//lib/libopencm3_stm32f3.a(i2c_common_v2.o)
                0x0000000008000446                i2c_set_7bit_address
 .text.i2c_set_write_transfer_dir
                0x0000000008000456        0xa ../../lib/libopencm3//lib/libopencm3_stm32f3.a(i2c_common_v2.o)
                0x0000000008000456                i2c_set_write_transfer_dir
 .text.i2c_set_read_transfer_dir
                0x0000000008000460        0xa ../../lib/libopencm3//lib/libopencm3_stm32f3.a(i2c_common_v2.o)
                0x0000000008000460                i2c_set_read_transfer_dir
 .text.i2c_set_bytes_to_transfer
                0x000000000800046a        0xe ../../lib/libopencm3//lib/libopencm3_stm32f3.a(i2c_common_v2.o)
                0x000000000800046a                i2c_set_bytes_to_transfer
 .text.i2c_enable_autoend
                0x0000000008000478        0xa ../../lib/libopencm3//lib/libopencm3_stm32f3.a(i2c_common_v2.o)
                0x0000000008000478                i2c_enable_autoend
 .text.i2c_disable_autoend
                0x0000000008000482        0xa ../../lib/libopencm3//lib/libopencm3_stm32f3.a(i2c_common_v2.o)
                0x0000000008000482                i2c_disable_autoend
 .text.i2c_nack
                0x000000000800048c        0x8 ../../lib/libopencm3//lib/libopencm3_stm32f3.a(i2c_common_v2.o)
                0x000000000800048c                i2c_nack
 .text.i2c_transmit_int_status
                0x0000000008000494        0x8 ../../lib/libopencm3//lib/libopencm3_stm32f3.a(i2c_common_v2.o)
                0x0000000008000494                i2c_transmit_int_status
 .text.i2c_transfer_complete
                0x000000000800049c        0x8 ../../lib/libopencm3//lib/libopencm3_stm32f3.a(i2c_common_v2.o)
                0x000000000800049c                i2c_transfer_complete
 .text.i2c_received_data
                0x00000000080004a4        0x8 ../../lib/libopencm3//lib/libopencm3_stm32f3.a(i2c_common_v2.o)
                0x00000000080004a4                i2c_received_data
 .text.i2c_transfer7
                0x00000000080004ac       0x9c ../../lib/libopencm3//lib/libopencm3_stm32f3.a(i2c_common_v2.o)
                0x00000000080004ac                i2c_transfer7
 .text.i2c_set_speed
                0x0000000008000548       0x52 ../../lib/libopencm3//lib/libopencm3_stm32f3.a(i2c_common_v2.o)
                0x0000000008000548                i2c_set_speed
 *fill*         0x000000000800059a        0x2 
 .text.rcc_wait_for_sysclk_status.part.0
                0x000000000800059c       0x14 ../../lib/libopencm3//lib/libopencm3_stm32f3.a(rcc.o)
 .text.rcc_is_osc_ready
                0x00000000080005b0       0x40 ../../lib/libopencm3//lib/libopencm3_stm32f3.a(rcc.o)
                0x00000000080005b0                rcc_is_osc_ready
 .text.rcc_wait_for_osc_ready
                0x00000000080005f0       0x10 ../../lib/libopencm3//lib/libopencm3_stm32f3.a(rcc.o)
                0x00000000080005f0                rcc_wait_for_osc_ready
 .text.rcc_wait_for_osc_not_ready
                0x0000000008000600       0x10 ../../lib/libopencm3//lib/libopencm3_stm32f3.a(rcc.o)
                0x0000000008000600                rcc_wait_for_osc_not_ready
 .text.rcc_wait_for_sysclk_status
                0x0000000008000610       0x30 ../../lib/libopencm3//lib/libopencm3_stm32f3.a(rcc.o)
                0x0000000008000610                rcc_wait_for_sysclk_status
 .text.rcc_osc_on
                0x0000000008000640       0x4c ../../lib/libopencm3//lib/libopencm3_stm32f3.a(rcc.o)
                0x0000000008000640                rcc_osc_on
 .text.rcc_osc_off
                0x000000000800068c       0x4c ../../lib/libopencm3//lib/libopencm3_stm32f3.a(rcc.o)
                0x000000000800068c                rcc_osc_off
 .text.rcc_set_sysclk_source
                0x00000000080006d8       0x14 ../../lib/libopencm3//lib/libopencm3_stm32f3.a(rcc.o)
                0x00000000080006d8                rcc_set_sysclk_source
 .text.rcc_set_pll_source
                0x00000000080006ec       0x14 ../../lib/libopencm3//lib/libopencm3_stm32f3.a(rcc.o)
                0x00000000080006ec                rcc_set_pll_source
 .text.rcc_set_ppre2
                0x0000000008000700       0x14 ../../lib/libopencm3//lib/libopencm3_stm32f3.a(rcc.o)
                0x0000000008000700                rcc_set_ppre2
 .text.rcc_set_ppre1
                0x0000000008000714       0x14 ../../lib/libopencm3//lib/libopencm3_stm32f3.a(rcc.o)
                0x0000000008000714                rcc_set_ppre1
 .text.rcc_set_hpre
                0x0000000008000728       0x14 ../../lib/libopencm3//lib/libopencm3_stm32f3.a(rcc.o)
                0x0000000008000728                rcc_set_hpre
 .text.rcc_set_pll_multiplier
                0x000000000800073c       0x14 ../../lib/libopencm3//lib/libopencm3_stm32f3.a(rcc.o)
                0x000000000800073c                rcc_set_pll_multiplier
 .text.rcc_clock_setup_hsi
                0x0000000008000750       0x7c ../../lib/libopencm3//lib/libopencm3_stm32f3.a(rcc.o)
                0x0000000008000750                rcc_clock_setup_hsi
 .text.rcc_set_i2c_clock_hsi
                0x00000000080007cc       0x30 ../../lib/libopencm3//lib/libopencm3_stm32f3.a(rcc.o)
                0x00000000080007cc                rcc_set_i2c_clock_hsi
 .text.rcc_periph_clock_enable
                0x00000000080007fc       0x1c ../../lib/libopencm3//lib/libopencm3_stm32f3.a(rcc_common_all.o)
                0x00000000080007fc                rcc_periph_clock_enable
 .text.rcc_periph_reset_pulse
                0x0000000008000818       0x24 ../../lib/libopencm3//lib/libopencm3_stm32f3.a(rcc_common_all.o)
                0x0000000008000818                rcc_periph_reset_pulse
 .text.usart_set_baudrate
                0x000000000800083c       0x28 ../../lib/libopencm3//lib/libopencm3_stm32f3.a(usart_common_all.o)
                0x000000000800083c                usart_set_baudrate
 .text.usart_set_databits
                0x0000000008000864       0x12 ../../lib/libopencm3//lib/libopencm3_stm32f3.a(usart_common_all.o)
                0x0000000008000864                usart_set_databits
 .text.usart_set_stopbits
                0x0000000008000876        0xc ../../lib/libopencm3//lib/libopencm3_stm32f3.a(usart_common_all.o)
                0x0000000008000876                usart_set_stopbits
 .text.usart_set_parity
                0x0000000008000882        0xc ../../lib/libopencm3//lib/libopencm3_stm32f3.a(usart_common_all.o)
                0x0000000008000882                usart_set_parity
 .text.usart_set_mode
                0x000000000800088e        0xc ../../lib/libopencm3//lib/libopencm3_stm32f3.a(usart_common_all.o)
                0x000000000800088e                usart_set_mode
 .text.usart_set_flow_control
                0x000000000800089a        0xc ../../lib/libopencm3//lib/libopencm3_stm32f3.a(usart_common_all.o)
                0x000000000800089a                usart_set_flow_control
 .text.usart_enable
                0x00000000080008a6        0xa ../../lib/libopencm3//lib/libopencm3_stm32f3.a(usart_common_all.o)
                0x00000000080008a6                usart_enable
 .text.usart_send_blocking
                0x00000000080008b0       0x18 ../../lib/libopencm3//lib/libopencm3_stm32f3.a(usart_common_all.o)
                0x00000000080008b0                usart_send_blocking
 .text.blocking_handler
                0x00000000080008c8        0x2 ../../lib/libopencm3//lib/libopencm3_stm32f3.a(vector.o)
                0x00000000080008c8                usb_lp_isr
                0x00000000080008c8                i2c2_ev_exti24_isr
                0x00000000080008c8                usb_hp_isr
                0x00000000080008c8                hrtim_timb_isr
                0x00000000080008c8                tim7_isr
                0x00000000080008c8                adc1_2_isr
                0x00000000080008c8                hrtim_timc_isr
                0x00000000080008c8                reserved_13_isr
                0x00000000080008c8                blocking_handler
                0x00000000080008c8                rtc_wkup_isr
                0x00000000080008c8                tim1_up_tim16_isr
                0x00000000080008c8                spi1_isr
                0x00000000080008c8                dma1_channel6_isr
                0x00000000080008c8                reserved_5_isr
                0x00000000080008c8                dma1_channel5_isr
                0x00000000080008c8                dma2_channel5_isr
                0x00000000080008c8                tamp_stamp_isr
                0x00000000080008c8                can1_rx1_isr
                0x00000000080008c8                hrtim_master_isr
                0x00000000080008c8                hrtim_tima_isr
                0x00000000080008c8                usage_fault_handler
                0x00000000080008c8                tim8_trg_com_isr
                0x00000000080008c8                i2c1_ev_exti23_isr
                0x00000000080008c8                tim1_trg_com_tim17_isr
                0x00000000080008c8                reserved_15_isr
                0x00000000080008c8                usb_wkup_isr
                0x00000000080008c8                can1_sce_isr
                0x00000000080008c8                reserved_3_isr
                0x00000000080008c8                tim1_cc_isr
                0x00000000080008c8                eth_isr
                0x00000000080008c8                reserved_14_isr
                0x00000000080008c8                dma1_channel4_isr
                0x00000000080008c8                tim8_brk_isr
                0x00000000080008c8                dma2_channel4_isr
                0x00000000080008c8                pvd_isr
                0x00000000080008c8                comp123_isr
                0x00000000080008c8                comp456_isr
                0x00000000080008c8                rcc_isr
                0x00000000080008c8                flash_isr
                0x00000000080008c8                rtc_alarm_isr
                0x00000000080008c8                reserved_2_isr
                0x00000000080008c8                exti15_10_isr
                0x00000000080008c8                hard_fault_handler
                0x00000000080008c8                exti1_isr
                0x00000000080008c8                dma2_channel1_isr
                0x00000000080008c8                spi2_isr
                0x00000000080008c8                nvic_wwdg_isr
                0x00000000080008c8                tim8_up_isr
                0x00000000080008c8                usart1_exti25_isr
                0x00000000080008c8                dma2_channel2_isr
                0x00000000080008c8                exti3_isr
                0x00000000080008c8                adc3_isr
                0x00000000080008c8                tim3_isr
                0x00000000080008c8                i2c2_er_isr
                0x00000000080008c8                reserved_1_isr
                0x00000000080008c8                dma1_channel1_isr
                0x00000000080008c8                exti4_isr
                0x00000000080008c8                tim6_dac_isr
                0x00000000080008c8                mem_manage_handler
                0x00000000080008c8                exti9_5_isr
                0x00000000080008c8                dma2_channel3_isr
                0x00000000080008c8                usb_hp_can1_tx_isr
                0x00000000080008c8                dma1_channel7_isr
                0x00000000080008c8                usart3_exti28_isr
                0x00000000080008c8                tim4_isr
                0x00000000080008c8                usb_lp_can1_rx0_isr
                0x00000000080008c8                hrtim_time_isr
                0x00000000080008c8                hrtim_timd_isr
                0x00000000080008c8                dma1_channel2_isr
                0x00000000080008c8                i2c1_er_isr
                0x00000000080008c8                tim8_cc_isr
                0x00000000080008c8                comp7_isr
                0x00000000080008c8                uart5_exti35_isr
                0x00000000080008c8                reserved_4_isr
                0x00000000080008c8                hrtim_flt_isr
                0x00000000080008c8                bus_fault_handler
                0x00000000080008c8                tim1_brk_tim15_isr
                0x00000000080008c8                dma1_channel3_isr
                0x00000000080008c8                uart4_exti34_isr
                0x00000000080008c8                usart2_exti26_isr
                0x00000000080008c8                spi3_isr
                0x00000000080008c8                tim2_isr
                0x00000000080008c8                reserved_16_isr
                0x00000000080008c8                exti2_tsc_isr
                0x00000000080008c8                usb_wkup_a_isr
                0x00000000080008c8                exti0_isr
 .text.null_handler
                0x00000000080008ca        0x2 ../../lib/libopencm3//lib/libopencm3_stm32f3.a(vector.o)
                0x00000000080008ca                null_handler
                0x00000000080008ca                sv_call_handler
                0x00000000080008ca                pend_sv_handler
                0x00000000080008ca                debug_monitor_handler
                0x00000000080008ca                sys_tick_handler
                0x00000000080008ca                nmi_handler
 .text.reset_handler
                0x00000000080008cc       0xa0 ../../lib/libopencm3//lib/libopencm3_stm32f3.a(vector.o)
                0x00000000080008cc                reset_handler
 .text.flash_set_ws
                0x000000000800096c       0x14 ../../lib/libopencm3//lib/libopencm3_stm32f3.a(flash_common_all.o)
                0x000000000800096c                flash_set_ws
 .text.usart_send
                0x0000000008000980        0x8 ../../lib/libopencm3//lib/libopencm3_stm32f3.a(usart_common_v2.o)
                0x0000000008000980                usart_send
 .text.usart_wait_send_ready
                0x0000000008000988        0x8 ../../lib/libopencm3//lib/libopencm3_stm32f3.a(usart_common_v2.o)
                0x0000000008000988                usart_wait_send_ready
 .text.__errno  0x0000000008000990        0xc /usr/share/gcc-arm-none-eabi-10-2020-q4-major/bin/../lib/gcc/arm-none-eabi/10.2.1/../../../../arm-none-eabi/lib/thumb/v7e-m+fp/hard/libc_nano.a(lib_a-errno.o)
                0x0000000008000990                __errno
 .text.printf   0x000000000800099c       0x30 /usr/share/gcc-arm-none-eabi-10-2020-q4-major/bin/../lib/gcc/arm-none-eabi/10.2.1/../../../../arm-none-eabi/lib/thumb/v7e-m+fp/hard/libc_nano.a(lib_a-printf.o)
                0x000000000800099c                printf
                0x000000000800099c                iprintf
 .text._puts_r  0x00000000080009cc       0xdc /usr/share/gcc-arm-none-eabi-10-2020-q4-major/bin/../lib/gcc/arm-none-eabi/10.2.1/../../../../arm-none-eabi/lib/thumb/v7e-m+fp/hard/libc_nano.a(lib_a-puts.o)
                0x00000000080009cc                _puts_r
 .text.puts     0x0000000008000aa8       0x10 /usr/share/gcc-arm-none-eabi-10-2020-q4-major/bin/../lib/gcc/arm-none-eabi/10.2.1/../../../../arm-none-eabi/lib/thumb/v7e-m+fp/hard/libc_nano.a(lib_a-puts.o)
                0x0000000008000aa8                puts
 .text.__swbuf_r
                0x0000000008000ab8       0xa4 /usr/share/gcc-arm-none-eabi-10-2020-q4-major/bin/../lib/gcc/arm-none-eabi/10.2.1/../../../../arm-none-eabi/lib/thumb/v7e-m+fp/hard/libc_nano.a(lib_a-wbuf.o)
                0x0000000008000ab8                __swbuf_r
 .text.__swsetup_r
                0x0000000008000b5c       0xdc /usr/share/gcc-arm-none-eabi-10-2020-q4-major/bin/../lib/gcc/arm-none-eabi/10.2.1/../../../../arm-none-eabi/lib/thumb/v7e-m+fp/hard/libc_nano.a(lib_a-wsetup.o)
                0x0000000008000b5c                __swsetup_r
 .text.__sflush_r
                0x0000000008000c38      0x10c /usr/share/gcc-arm-none-eabi-10-2020-q4-major/bin/../lib/gcc/arm-none-eabi/10.2.1/../../../../arm-none-eabi/lib/thumb/v7e-m+fp/hard/libc_nano.a(lib_a-fflush.o)
                0x0000000008000c38                __sflush_r
 .text._fflush_r
                0x0000000008000d44       0x78 /usr/share/gcc-arm-none-eabi-10-2020-q4-major/bin/../lib/gcc/arm-none-eabi/10.2.1/../../../../arm-none-eabi/lib/thumb/v7e-m+fp/hard/libc_nano.a(lib_a-fflush.o)
                0x0000000008000d44                _fflush_r
 .text.std      0x0000000008000dbc       0x48 /usr/share/gcc-arm-none-eabi-10-2020-q4-major/bin/../lib/gcc/arm-none-eabi/10.2.1/../../../../arm-none-eabi/lib/thumb/v7e-m+fp/hard/libc_nano.a(lib_a-findfp.o)
 .text._cleanup_r
                0x0000000008000e04        0xc /usr/share/gcc-arm-none-eabi-10-2020-q4-major/bin/../lib/gcc/arm-none-eabi/10.2.1/../../../../arm-none-eabi/lib/thumb/v7e-m+fp/hard/libc_nano.a(lib_a-findfp.o)
                0x0000000008000e04                _cleanup_r
 .text.__sfmoreglue
                0x0000000008000e10       0x2c /usr/share/gcc-arm-none-eabi-10-2020-q4-major/bin/../lib/gcc/arm-none-eabi/10.2.1/../../../../arm-none-eabi/lib/thumb/v7e-m+fp/hard/libc_nano.a(lib_a-findfp.o)
                0x0000000008000e10                __sfmoreglue
 .text.__sfp_lock_acquire
                0x0000000008000e3c        0xc /usr/share/gcc-arm-none-eabi-10-2020-q4-major/bin/../lib/gcc/arm-none-eabi/10.2.1/../../../../arm-none-eabi/lib/thumb/v7e-m+fp/hard/libc_nano.a(lib_a-findfp.o)
                0x0000000008000e3c                __sfp_lock_acquire
 .text.__sfp_lock_release
                0x0000000008000e48        0xc /usr/share/gcc-arm-none-eabi-10-2020-q4-major/bin/../lib/gcc/arm-none-eabi/10.2.1/../../../../arm-none-eabi/lib/thumb/v7e-m+fp/hard/libc_nano.a(lib_a-findfp.o)
                0x0000000008000e48                __sfp_lock_release
 .text.__sinit_lock_acquire
                0x0000000008000e54        0xc /usr/share/gcc-arm-none-eabi-10-2020-q4-major/bin/../lib/gcc/arm-none-eabi/10.2.1/../../../../arm-none-eabi/lib/thumb/v7e-m+fp/hard/libc_nano.a(lib_a-findfp.o)
                0x0000000008000e54                __sinit_lock_acquire
 .text.__sinit_lock_release
                0x0000000008000e60        0xc /usr/share/gcc-arm-none-eabi-10-2020-q4-major/bin/../lib/gcc/arm-none-eabi/10.2.1/../../../../arm-none-eabi/lib/thumb/v7e-m+fp/hard/libc_nano.a(lib_a-findfp.o)
                0x0000000008000e60                __sinit_lock_release
 .text.__sinit  0x0000000008000e6c       0x70 /usr/share/gcc-arm-none-eabi-10-2020-q4-major/bin/../lib/gcc/arm-none-eabi/10.2.1/../../../../arm-none-eabi/lib/thumb/v7e-m+fp/hard/libc_nano.a(lib_a-findfp.o)
                0x0000000008000e6c                __sinit
 .text.__sfp    0x0000000008000edc       0x8c /usr/share/gcc-arm-none-eabi-10-2020-q4-major/bin/../lib/gcc/arm-none-eabi/10.2.1/../../../../arm-none-eabi/lib/thumb/v7e-m+fp/hard/libc_nano.a(lib_a-findfp.o)
                0x0000000008000edc                __sfp
 .text._fwalk_reent
                0x0000000008000f68       0x3e /usr/share/gcc-arm-none-eabi-10-2020-q4-major/bin/../lib/gcc/arm-none-eabi/10.2.1/../../../../arm-none-eabi/lib/thumb/v7e-m+fp/hard/libc_nano.a(lib_a-fwalk.o)
                0x0000000008000f68                _fwalk_reent
 .text.__retarget_lock_init_recursive
                0x0000000008000fa6        0x2 /usr/share/gcc-arm-none-eabi-10-2020-q4-major/bin/../lib/gcc/arm-none-eabi/10.2.1/../../../../arm-none-eabi/lib/thumb/v7e-m+fp/hard/libc_nano.a(lib_a-lock.o)
                0x0000000008000fa6                __retarget_lock_init_recursive
 .text.__retarget_lock_acquire_recursive
                0x0000000008000fa8        0x2 /usr/share/gcc-arm-none-eabi-10-2020-q4-major/bin/../lib/gcc/arm-none-eabi/10.2.1/../../../../arm-none-eabi/lib/thumb/v7e-m+fp/hard/libc_nano.a(lib_a-lock.o)
                0x0000000008000fa8                __retarget_lock_acquire_recursive
 .text.__retarget_lock_release_recursive
                0x0000000008000faa        0x2 /usr/share/gcc-arm-none-eabi-10-2020-q4-major/bin/../lib/gcc/arm-none-eabi/10.2.1/../../../../arm-none-eabi/lib/thumb/v7e-m+fp/hard/libc_nano.a(lib_a-lock.o)
                0x0000000008000faa                __retarget_lock_release_recursive
 .text.__swhatbuf_r
                0x0000000008000fac       0x4a /usr/share/gcc-arm-none-eabi-10-2020-q4-major/bin/../lib/gcc/arm-none-eabi/10.2.1/../../../../arm-none-eabi/lib/thumb/v7e-m+fp/hard/libc_nano.a(lib_a-makebuf.o)
                0x0000000008000fac                __swhatbuf_r
 *fill*         0x0000000008000ff6        0x2 
 .text.__smakebuf_r
                0x0000000008000ff8       0x80 /usr/share/gcc-arm-none-eabi-10-2020-q4-major/bin/../lib/gcc/arm-none-eabi/10.2.1/../../../../arm-none-eabi/lib/thumb/v7e-m+fp/hard/libc_nano.a(lib_a-makebuf.o)
                0x0000000008000ff8                __smakebuf_r
 .text.memset   0x0000000008001078       0x10 /usr/share/gcc-arm-none-eabi-10-2020-q4-major/bin/../lib/gcc/arm-none-eabi/10.2.1/../../../../arm-none-eabi/lib/thumb/v7e-m+fp/hard/libc_nano.a(lib_a-memset.o)
                0x0000000008001078                memset
 .text._free_r  0x0000000008001088       0x98 /usr/share/gcc-arm-none-eabi-10-2020-q4-major/bin/../lib/gcc/arm-none-eabi/10.2.1/../../../../arm-none-eabi/lib/thumb/v7e-m+fp/hard/libc_nano.a(lib_a-nano-freer.o)
                0x0000000008001088                _free_r
 .text._malloc_r
                0x0000000008001120       0xb4 /usr/share/gcc-arm-none-eabi-10-2020-q4-major/bin/../lib/gcc/arm-none-eabi/10.2.1/../../../../arm-none-eabi/lib/thumb/v7e-m+fp/hard/libc_nano.a(lib_a-nano-mallocr.o)
                0x0000000008001120                _malloc_r
 .text.__sfputc_r
                0x00000000080011d4       0x2e /usr/share/gcc-arm-none-eabi-10-2020-q4-major/bin/../lib/gcc/arm-none-eabi/10.2.1/../../../../arm-none-eabi/lib/thumb/v7e-m+fp/hard/libc_nano.a(lib_a-nano-vfprintf.o)
 .text.__sfputs_r
                0x0000000008001202       0x24 /usr/share/gcc-arm-none-eabi-10-2020-q4-major/bin/../lib/gcc/arm-none-eabi/10.2.1/../../../../arm-none-eabi/lib/thumb/v7e-m+fp/hard/libc_nano.a(lib_a-nano-vfprintf.o)
                0x0000000008001202                __sfputs_r
 *fill*         0x0000000008001226        0x2 
 .text._vfprintf_r
                0x0000000008001228      0x260 /usr/share/gcc-arm-none-eabi-10-2020-q4-major/bin/../lib/gcc/arm-none-eabi/10.2.1/../../../../arm-none-eabi/lib/thumb/v7e-m+fp/hard/libc_nano.a(lib_a-nano-vfprintf.o)
                0x0000000008001228                _vfiprintf_r
                0x0000000008001228                _vfprintf_r
 .text._printf_common
                0x0000000008001488       0xda /usr/share/gcc-arm-none-eabi-10-2020-q4-major/bin/../lib/gcc/arm-none-eabi/10.2.1/../../../../arm-none-eabi/lib/thumb/v7e-m+fp/hard/libc_nano.a(lib_a-nano-vfprintf_i.o)
                0x0000000008001488                _printf_common
 *fill*         0x0000000008001562        0x2 
 .text._printf_i
                0x0000000008001564      0x24c /usr/share/gcc-arm-none-eabi-10-2020-q4-major/bin/../lib/gcc/arm-none-eabi/10.2.1/../../../../arm-none-eabi/lib/thumb/v7e-m+fp/hard/libc_nano.a(lib_a-nano-vfprintf_i.o)
                0x0000000008001564                _printf_i
 .text._sbrk_r  0x00000000080017b0       0x20 /usr/share/gcc-arm-none-eabi-10-2020-q4-major/bin/../lib/gcc/arm-none-eabi/10.2.1/../../../../arm-none-eabi/lib/thumb/v7e-m+fp/hard/libc_nano.a(lib_a-sbrkr.o)
                0x00000000080017b0                _sbrk_r
 .text.__sread  0x00000000080017d0       0x22 /usr/share/gcc-arm-none-eabi-10-2020-q4-major/bin/../lib/gcc/arm-none-eabi/10.2.1/../../../../arm-none-eabi/lib/thumb/v7e-m+fp/hard/libc_nano.a(lib_a-stdio.o)
                0x00000000080017d0                __sread
 .text.__swrite
                0x00000000080017f2       0x38 /usr/share/gcc-arm-none-eabi-10-2020-q4-major/bin/../lib/gcc/arm-none-eabi/10.2.1/../../../../arm-none-eabi/lib/thumb/v7e-m+fp/hard/libc_nano.a(lib_a-stdio.o)
                0x00000000080017f2                __swrite
 .text.__sseek  0x000000000800182a       0x24 /usr/share/gcc-arm-none-eabi-10-2020-q4-major/bin/../lib/gcc/arm-none-eabi/10.2.1/../../../../arm-none-eabi/lib/thumb/v7e-m+fp/hard/libc_nano.a(lib_a-stdio.o)
                0x000000000800182a                __sseek
 .text.__sclose
                0x000000000800184e        0x8 /usr/share/gcc-arm-none-eabi-10-2020-q4-major/bin/../lib/gcc/arm-none-eabi/10.2.1/../../../../arm-none-eabi/lib/thumb/v7e-m+fp/hard/libc_nano.a(lib_a-stdio.o)
                0x000000000800184e                __sclose
 *fill*         0x0000000008001856        0x2 
 .text._write_r
                0x0000000008001858       0x24 /usr/share/gcc-arm-none-eabi-10-2020-q4-major/bin/../lib/gcc/arm-none-eabi/10.2.1/../../../../arm-none-eabi/lib/thumb/v7e-m+fp/hard/libc_nano.a(lib_a-writer.o)
                0x0000000008001858                _write_r
 .text._close_r
                0x000000000800187c       0x20 /usr/share/gcc-arm-none-eabi-10-2020-q4-major/bin/../lib/gcc/arm-none-eabi/10.2.1/../../../../arm-none-eabi/lib/thumb/v7e-m+fp/hard/libc_nano.a(lib_a-closer.o)
                0x000000000800187c                _close_r
 .text._fstat_r
                0x000000000800189c       0x24 /usr/share/gcc-arm-none-eabi-10-2020-q4-major/bin/../lib/gcc/arm-none-eabi/10.2.1/../../../../arm-none-eabi/lib/thumb/v7e-m+fp/hard/libc_nano.a(lib_a-fstatr.o)
                0x000000000800189c                _fstat_r
 .text._isatty_r
                0x00000000080018c0       0x20 /usr/share/gcc-arm-none-eabi-10-2020-q4-major/bin/../lib/gcc/arm-none-eabi/10.2.1/../../../../arm-none-eabi/lib/thumb/v7e-m+fp/hard/libc_nano.a(lib_a-isattyr.o)
                0x00000000080018c0                _isatty_r
 .text._lseek_r
                0x00000000080018e0       0x24 /usr/share/gcc-arm-none-eabi-10-2020-q4-major/bin/../lib/gcc/arm-none-eabi/10.2.1/../../../../arm-none-eabi/lib/thumb/v7e-m+fp/hard/libc_nano.a(lib_a-lseekr.o)
                0x00000000080018e0                _lseek_r
 *fill*         0x0000000008001904        0xc 
 .text          0x0000000008001910       0xa0 /usr/share/gcc-arm-none-eabi-10-2020-q4-major/bin/../lib/gcc/arm-none-eabi/10.2.1/../../../../arm-none-eabi/lib/thumb/v7e-m+fp/hard/libc_nano.a(lib_a-memchr.o)
                0x0000000008001910                memchr
 .text.__malloc_lock
                0x00000000080019b0        0xc /usr/share/gcc-arm-none-eabi-10-2020-q4-major/bin/../lib/gcc/arm-none-eabi/10.2.1/../../../../arm-none-eabi/lib/thumb/v7e-m+fp/hard/libc_nano.a(lib_a-mlock.o)
                0x00000000080019b0                __malloc_lock
 .text.__malloc_unlock
                0x00000000080019bc        0xc /usr/share/gcc-arm-none-eabi-10-2020-q4-major/bin/../lib/gcc/arm-none-eabi/10.2.1/../../../../arm-none-eabi/lib/thumb/v7e-m+fp/hard/libc_nano.a(lib_a-mlock.o)
                0x00000000080019bc                __malloc_unlock
 .text._read_r  0x00000000080019c8       0x24 /usr/share/gcc-arm-none-eabi-10-2020-q4-major/bin/../lib/gcc/arm-none-eabi/10.2.1/../../../../arm-none-eabi/lib/thumb/v7e-m+fp/hard/libc_nano.a(lib_a-readr.o)
                0x00000000080019c8                _read_r
 .text._close   0x00000000080019ec       0x10 /usr/share/gcc-arm-none-eabi-10-2020-q4-major/bin/../lib/gcc/arm-none-eabi/10.2.1/../../../../arm-none-eabi/lib/thumb/v7e-m+fp/hard/libnosys.a(close.o)
                0x00000000080019ec                _close
 .text._fstat   0x00000000080019fc       0x10 /usr/share/gcc-arm-none-eabi-10-2020-q4-major/bin/../lib/gcc/arm-none-eabi/10.2.1/../../../../arm-none-eabi/lib/thumb/v7e-m+fp/hard/libnosys.a(fstat.o)
                0x00000000080019fc                _fstat
 .text._isatty  0x0000000008001a0c       0x10 /usr/share/gcc-arm-none-eabi-10-2020-q4-major/bin/../lib/gcc/arm-none-eabi/10.2.1/../../../../arm-none-eabi/lib/thumb/v7e-m+fp/hard/libnosys.a(isatty.o)
                0x0000000008001a0c                _isatty
 .text._lseek   0x0000000008001a1c       0x10 /usr/share/gcc-arm-none-eabi-10-2020-q4-major/bin/../lib/gcc/arm-none-eabi/10.2.1/../../../../arm-none-eabi/lib/thumb/v7e-m+fp/hard/libnosys.a(lseek.o)
                0x0000000008001a1c                _lseek
 .text._read    0x0000000008001a2c       0x10 /usr/share/gcc-arm-none-eabi-10-2020-q4-major/bin/../lib/gcc/arm-none-eabi/10.2.1/../../../../arm-none-eabi/lib/thumb/v7e-m+fp/hard/libnosys.a(read.o)
                0x0000000008001a2c                _read
 .text._sbrk    0x0000000008001a3c       0x1c /usr/share/gcc-arm-none-eabi-10-2020-q4-major/bin/../lib/gcc/arm-none-eabi/10.2.1/../../../../arm-none-eabi/lib/thumb/v7e-m+fp/hard/libnosys.a(sbrk.o)
                0x0000000008001a3c                _sbrk
                0x0000000008001a58                . = ALIGN (0x4)
 *(.rodata*)
 .rodata.main.str1.1
                0x0000000008001a58       0x48 main.o
 .rodata.rcc_hsi_configs
                0x0000000008001aa0       0x30 ../../lib/libopencm3//lib/libopencm3_stm32f3.a(rcc.o)
                0x0000000008001aa0                rcc_hsi_configs
 .rodata._global_impure_ptr
                0x0000000008001ad0        0x4 /usr/share/gcc-arm-none-eabi-10-2020-q4-major/bin/../lib/gcc/arm-none-eabi/10.2.1/../../../../arm-none-eabi/lib/thumb/v7e-m+fp/hard/libc_nano.a(lib_a-impure.o)
                0x0000000008001ad0                _global_impure_ptr
 .rodata.__sf_fake_stderr
                0x0000000008001ad4       0x20 /usr/share/gcc-arm-none-eabi-10-2020-q4-major/bin/../lib/gcc/arm-none-eabi/10.2.1/../../../../arm-none-eabi/lib/thumb/v7e-m+fp/hard/libc_nano.a(lib_a-findfp.o)
                0x0000000008001ad4                __sf_fake_stderr
 .rodata.__sf_fake_stdin
                0x0000000008001af4       0x20 /usr/share/gcc-arm-none-eabi-10-2020-q4-major/bin/../lib/gcc/arm-none-eabi/10.2.1/../../../../arm-none-eabi/lib/thumb/v7e-m+fp/hard/libc_nano.a(lib_a-findfp.o)
                0x0000000008001af4                __sf_fake_stdin
 .rodata.__sf_fake_stdout
                0x0000000008001b14       0x20 /usr/share/gcc-arm-none-eabi-10-2020-q4-major/bin/../lib/gcc/arm-none-eabi/10.2.1/../../../../arm-none-eabi/lib/thumb/v7e-m+fp/hard/libc_nano.a(lib_a-findfp.o)
                0x0000000008001b14                __sf_fake_stdout
 .rodata._vfprintf_r.str1.1
                0x0000000008001b34       0x11 /usr/share/gcc-arm-none-eabi-10-2020-q4-major/bin/../lib/gcc/arm-none-eabi/10.2.1/../../../../arm-none-eabi/lib/thumb/v7e-m+fp/hard/libc_nano.a(lib_a-nano-vfprintf.o)
 .rodata._printf_i.str1.1
                0x0000000008001b45       0x22 /usr/share/gcc-arm-none-eabi-10-2020-q4-major/bin/../lib/gcc/arm-none-eabi/10.2.1/../../../../arm-none-eabi/lib/thumb/v7e-m+fp/hard/libc_nano.a(lib_a-nano-vfprintf_i.o)
                0x0000000008001b68                . = ALIGN (0x4)
 *fill*         0x0000000008001b67        0x1 

.glue_7         0x0000000008001b68        0x0
 .glue_7        0x0000000008001b68        0x0 linker stubs

.glue_7t        0x0000000008001b68        0x0
 .glue_7t       0x0000000008001b68        0x0 linker stubs

.vfp11_veneer   0x0000000008001b68        0x0
 .vfp11_veneer  0x0000000008001b68        0x0 linker stubs

.v4_bx          0x0000000008001b68        0x0
 .v4_bx         0x0000000008001b68        0x0 linker stubs

.iplt           0x0000000008001b68        0x0
 .iplt          0x0000000008001b68        0x0 main.o

.rel.dyn        0x0000000008001b68        0x0
 .rel.iplt      0x0000000008001b68        0x0 main.o

.preinit_array  0x0000000008001b68        0x0
                0x0000000008001b68                . = ALIGN (0x4)
                0x0000000008001b68                __preinit_array_start = .
 *(.preinit_array)
                0x0000000008001b68                __preinit_array_end = .

.init_array     0x0000000008001b68        0x0
                0x0000000008001b68                . = ALIGN (0x4)
                0x0000000008001b68                __init_array_start = .
 *(SORT_BY_NAME(.init_array.*))
 *(.init_array)
                0x0000000008001b68                __init_array_end = .

.fini_array     0x0000000008001b68        0x0
                0x0000000008001b68                . = ALIGN (0x4)
                0x0000000008001b68                __fini_array_start = .
 *(.fini_array)
 *(SORT_BY_NAME(.fini_array.*))
                0x0000000008001b68                __fini_array_end = .

.ARM.extab
 *(.ARM.extab*)

.ARM.exidx      0x0000000008001b68        0x0
                0x0000000008001b68                __exidx_start = .
 *(.ARM.exidx*)
                0x0000000008001b68                __exidx_end = .
                0x0000000008001b68                . = ALIGN (0x4)
                0x0000000008001b68                _etext = .

.noinit
 *(.noinit*)
                0x0000000008001b68                . = ALIGN (0x4)

.data           0x0000000020000000       0x70 load address 0x0000000008001b68
                0x0000000020000000                _data = .
 *(.data*)
 .data.rcc_ahb_frequency
                0x0000000020000000        0x4 ../../lib/libopencm3//lib/libopencm3_stm32f3.a(rcc.o)
                0x0000000020000000                rcc_ahb_frequency
 .data.rcc_apb1_frequency
                0x0000000020000004        0x4 ../../lib/libopencm3//lib/libopencm3_stm32f3.a(rcc.o)
                0x0000000020000004                rcc_apb1_frequency
 .data.rcc_apb2_frequency
                0x0000000020000008        0x4 ../../lib/libopencm3//lib/libopencm3_stm32f3.a(rcc.o)
                0x0000000020000008                rcc_apb2_frequency
 .data._impure_ptr
                0x000000002000000c        0x4 /usr/share/gcc-arm-none-eabi-10-2020-q4-major/bin/../lib/gcc/arm-none-eabi/10.2.1/../../../../arm-none-eabi/lib/thumb/v7e-m+fp/hard/libc_nano.a(lib_a-impure.o)
                0x000000002000000c                _impure_ptr
 .data.impure_data
                0x0000000020000010       0x60 /usr/share/gcc-arm-none-eabi-10-2020-q4-major/bin/../lib/gcc/arm-none-eabi/10.2.1/../../../../arm-none-eabi/lib/thumb/v7e-m+fp/hard/libc_nano.a(lib_a-impure.o)
 *(.ramtext*)
                0x0000000020000070                . = ALIGN (0x4)
                0x0000000020000070                _edata = .
                0x0000000008001b68                _data_loadaddr = LOADADDR (.data)

.igot.plt       0x0000000020000070        0x0 load address 0x0000000008001bd8
 .igot.plt      0x0000000020000070        0x0 main.o

.bss            0x0000000020000070       0x14 load address 0x0000000008001bd8
 *(.bss*)
 .bss.__lock___malloc_recursive_mutex
                0x0000000020000070        0x1 /usr/share/gcc-arm-none-eabi-10-2020-q4-major/bin/../lib/gcc/arm-none-eabi/10.2.1/../../../../arm-none-eabi/lib/thumb/v7e-m+fp/hard/libc_nano.a(lib_a-lock.o)
                0x0000000020000070                __lock___malloc_recursive_mutex
 .bss.__lock___sfp_recursive_mutex
                0x0000000020000071        0x1 /usr/share/gcc-arm-none-eabi-10-2020-q4-major/bin/../lib/gcc/arm-none-eabi/10.2.1/../../../../arm-none-eabi/lib/thumb/v7e-m+fp/hard/libc_nano.a(lib_a-lock.o)
                0x0000000020000071                __lock___sfp_recursive_mutex
 .bss.__lock___sinit_recursive_mutex
                0x0000000020000072        0x1 /usr/share/gcc-arm-none-eabi-10-2020-q4-major/bin/../lib/gcc/arm-none-eabi/10.2.1/../../../../arm-none-eabi/lib/thumb/v7e-m+fp/hard/libc_nano.a(lib_a-lock.o)
                0x0000000020000072                __lock___sinit_recursive_mutex
 *fill*         0x0000000020000073        0x1 
 .bss.__malloc_free_list
                0x0000000020000074        0x4 /usr/share/gcc-arm-none-eabi-10-2020-q4-major/bin/../lib/gcc/arm-none-eabi/10.2.1/../../../../arm-none-eabi/lib/thumb/v7e-m+fp/hard/libc_nano.a(lib_a-nano-mallocr.o)
                0x0000000020000074                __malloc_free_list
 .bss.__malloc_sbrk_start
                0x0000000020000078        0x4 /usr/share/gcc-arm-none-eabi-10-2020-q4-major/bin/../lib/gcc/arm-none-eabi/10.2.1/../../../../arm-none-eabi/lib/thumb/v7e-m+fp/hard/libc_nano.a(lib_a-nano-mallocr.o)
                0x0000000020000078                __malloc_sbrk_start
 .bss.errno     0x000000002000007c        0x4 /usr/share/gcc-arm-none-eabi-10-2020-q4-major/bin/../lib/gcc/arm-none-eabi/10.2.1/../../../../arm-none-eabi/lib/thumb/v7e-m+fp/hard/libc_nano.a(lib_a-reent.o)
                0x000000002000007c                errno
 .bss.heap_end.0
                0x0000000020000080        0x4 /usr/share/gcc-arm-none-eabi-10-2020-q4-major/bin/../lib/gcc/arm-none-eabi/10.2.1/../../../../arm-none-eabi/lib/thumb/v7e-m+fp/hard/libnosys.a(sbrk.o)
 *(COMMON)
                0x0000000020000084                . = ALIGN (0x4)
                0x0000000020000084                _ebss = .

/DISCARD/
 *(.eh_frame)
                0x0000000020000084                . = ALIGN (0x4)
                0x0000000020000084                end = .
                0x0000000020010000                PROVIDE (_stack = (ORIGIN (ram) + LENGTH (ram)))
OUTPUT(main.elf elf32-littlearm)
LOAD linker stubs

.debug_info     0x0000000000000000     0x3972
 .debug_info    0x0000000000000000      0x95e main.o
 .debug_info    0x000000000000095e      0x233 ../../lib/libopencm3//lib/libopencm3_stm32f3.a(gpio_common_f0234.o)
 .debug_info    0x0000000000000b91      0xdd7 ../../lib/libopencm3//lib/libopencm3_stm32f3.a(i2c_common_v2.o)
 .debug_info    0x0000000000001968      0xc13 ../../lib/libopencm3//lib/libopencm3_stm32f3.a(rcc.o)
 .debug_info    0x000000000000257b      0x690 ../../lib/libopencm3//lib/libopencm3_stm32f3.a(rcc_common_all.o)
 .debug_info    0x0000000000002c0b      0x5cb ../../lib/libopencm3//lib/libopencm3_stm32f3.a(usart_common_all.o)
 .debug_info    0x00000000000031d6      0x2f2 ../../lib/libopencm3//lib/libopencm3_stm32f3.a(vector.o)
 .debug_info    0x00000000000034c8       0xfc ../../lib/libopencm3//lib/libopencm3_stm32f3.a(flash_common_all.o)
 .debug_info    0x00000000000035c4      0x3ae ../../lib/libopencm3//lib/libopencm3_stm32f3.a(usart_common_v2.o)

.debug_abbrev   0x0000000000000000      0xde0
 .debug_abbrev  0x0000000000000000      0x1e4 main.o
 .debug_abbrev  0x00000000000001e4       0xbf ../../lib/libopencm3//lib/libopencm3_stm32f3.a(gpio_common_f0234.o)
 .debug_abbrev  0x00000000000002a3      0x247 ../../lib/libopencm3//lib/libopencm3_stm32f3.a(i2c_common_v2.o)
 .debug_abbrev  0x00000000000004ea      0x339 ../../lib/libopencm3//lib/libopencm3_stm32f3.a(rcc.o)
 .debug_abbrev  0x0000000000000823      0x177 ../../lib/libopencm3//lib/libopencm3_stm32f3.a(rcc_common_all.o)
 .debug_abbrev  0x000000000000099a      0x129 ../../lib/libopencm3//lib/libopencm3_stm32f3.a(usart_common_all.o)
 .debug_abbrev  0x0000000000000ac3      0x15b ../../lib/libopencm3//lib/libopencm3_stm32f3.a(vector.o)
 .debug_abbrev  0x0000000000000c1e       0x9a ../../lib/libopencm3//lib/libopencm3_stm32f3.a(flash_common_all.o)
 .debug_abbrev  0x0000000000000cb8      0x128 ../../lib/libopencm3//lib/libopencm3_stm32f3.a(usart_common_v2.o)

.debug_loc      0x0000000000000000     0x15e8
 .debug_loc     0x0000000000000000      0x127 main.o
 .debug_loc     0x0000000000000127      0x14f ../../lib/libopencm3//lib/libopencm3_stm32f3.a(gpio_common_f0234.o)
 .debug_loc     0x0000000000000276      0x65e ../../lib/libopencm3//lib/libopencm3_stm32f3.a(i2c_common_v2.o)
 .debug_loc     0x00000000000008d4      0x7c4 ../../lib/libopencm3//lib/libopencm3_stm32f3.a(rcc.o)
 .debug_loc     0x0000000000001098      0x120 ../../lib/libopencm3//lib/libopencm3_stm32f3.a(rcc_common_all.o)
 .debug_loc     0x00000000000011b8      0x1e1 ../../lib/libopencm3//lib/libopencm3_stm32f3.a(usart_common_all.o)
 .debug_loc     0x0000000000001399      0x128 ../../lib/libopencm3//lib/libopencm3_stm32f3.a(vector.o)
 .debug_loc     0x00000000000014c1       0x47 ../../lib/libopencm3//lib/libopencm3_stm32f3.a(flash_common_all.o)
 .debug_loc     0x0000000000001508       0xe0 ../../lib/libopencm3//lib/libopencm3_stm32f3.a(usart_common_v2.o)

.debug_aranges  0x0000000000000000      0x550
 .debug_aranges
                0x0000000000000000       0x28 main.o
 .debug_aranges
                0x0000000000000028       0x30 ../../lib/libopencm3//lib/libopencm3_stm32f3.a(gpio_common_f0234.o)
 .debug_aranges
                0x0000000000000058      0x170 ../../lib/libopencm3//lib/libopencm3_stm32f3.a(i2c_common_v2.o)
 .debug_aranges
                0x00000000000001c8      0x140 ../../lib/libopencm3//lib/libopencm3_stm32f3.a(rcc.o)
 .debug_aranges
                0x0000000000000308       0x60 ../../lib/libopencm3//lib/libopencm3_stm32f3.a(rcc_common_all.o)
 .debug_aranges
                0x0000000000000368       0xd8 ../../lib/libopencm3//lib/libopencm3_stm32f3.a(usart_common_all.o)
 .debug_aranges
                0x0000000000000440       0x30 ../../lib/libopencm3//lib/libopencm3_stm32f3.a(vector.o)
 .debug_aranges
                0x0000000000000470       0x38 ../../lib/libopencm3//lib/libopencm3_stm32f3.a(flash_common_all.o)
 .debug_aranges
                0x00000000000004a8       0xa8 ../../lib/libopencm3//lib/libopencm3_stm32f3.a(usart_common_v2.o)

.debug_ranges   0x0000000000000000      0x548
 .debug_ranges  0x0000000000000000       0x70 main.o
 .debug_ranges  0x0000000000000070       0x20 ../../lib/libopencm3//lib/libopencm3_stm32f3.a(gpio_common_f0234.o)
 .debug_ranges  0x0000000000000090      0x160 ../../lib/libopencm3//lib/libopencm3_stm32f3.a(i2c_common_v2.o)
 .debug_ranges  0x00000000000001f0      0x160 ../../lib/libopencm3//lib/libopencm3_stm32f3.a(rcc.o)
 .debug_ranges  0x0000000000000350       0x50 ../../lib/libopencm3//lib/libopencm3_stm32f3.a(rcc_common_all.o)
 .debug_ranges  0x00000000000003a0       0xc8 ../../lib/libopencm3//lib/libopencm3_stm32f3.a(usart_common_all.o)
 .debug_ranges  0x0000000000000468       0x20 ../../lib/libopencm3//lib/libopencm3_stm32f3.a(vector.o)
 .debug_ranges  0x0000000000000488       0x28 ../../lib/libopencm3//lib/libopencm3_stm32f3.a(flash_common_all.o)
 .debug_ranges  0x00000000000004b0       0x98 ../../lib/libopencm3//lib/libopencm3_stm32f3.a(usart_common_v2.o)

.debug_macro    0x0000000000000000     0x5195
 .debug_macro   0x0000000000000000      0x27f main.o
 .debug_macro   0x000000000000027f      0xa78 main.o
 .debug_macro   0x0000000000000cf7       0x22 main.o
 .debug_macro   0x0000000000000d19       0x4c main.o
 .debug_macro   0x0000000000000d65       0x18 main.o
 .debug_macro   0x0000000000000d7d       0x5c main.o
 .debug_macro   0x0000000000000dd9       0x3c main.o
 .debug_macro   0x0000000000000e15       0x34 main.o
 .debug_macro   0x0000000000000e49       0x16 main.o
 .debug_macro   0x0000000000000e5f       0x57 main.o
 .debug_macro   0x0000000000000eb6       0x97 main.o
 .debug_macro   0x0000000000000f4d      0x333 main.o
 .debug_macro   0x0000000000001280       0xfd main.o
 .debug_macro   0x000000000000137d       0x10 main.o
 .debug_macro   0x000000000000138d       0x16 main.o
 .debug_macro   0x00000000000013a3       0x43 main.o
 .debug_macro   0x00000000000013e6       0x34 main.o
 .debug_macro   0x000000000000141a       0x10 main.o
 .debug_macro   0x000000000000142a       0x58 main.o
 .debug_macro   0x0000000000001482       0x71 main.o
 .debug_macro   0x00000000000014f3       0x1c main.o
 .debug_macro   0x000000000000150f      0x12a main.o
 .debug_macro   0x0000000000001639       0x10 main.o
 .debug_macro   0x0000000000001649       0x6a main.o
 .debug_macro   0x00000000000016b3       0xb2 main.o
 .debug_macro   0x0000000000001765       0x16 main.o
 .debug_macro   0x000000000000177b      0x114 main.o
 .debug_macro   0x000000000000188f       0x10 main.o
 .debug_macro   0x000000000000189f      0x241 main.o
 .debug_macro   0x0000000000001ae0       0x1c main.o
 .debug_macro   0x0000000000001afc      0x103 main.o
 .debug_macro   0x0000000000001bff      0x1df main.o
 .debug_macro   0x0000000000001dde       0x22 main.o
 .debug_macro   0x0000000000001e00       0xe8 main.o
 .debug_macro   0x0000000000001ee8       0x76 main.o
 .debug_macro   0x0000000000001f5e      0x1b9 main.o
 .debug_macro   0x0000000000002117       0x76 main.o
 .debug_macro   0x000000000000218d      0x37e main.o
 .debug_macro   0x000000000000250b      0x7ac main.o
 .debug_macro   0x0000000000002cb7       0x94 main.o
 .debug_macro   0x0000000000002d4b      0x55b main.o
 .debug_macro   0x00000000000032a6       0x22 main.o
 .debug_macro   0x00000000000032c8      0x39c main.o
 .debug_macro   0x0000000000003664       0x16 main.o
 .debug_macro   0x000000000000367a       0x16 main.o
 .debug_macro   0x0000000000003690       0x35 main.o
 .debug_macro   0x00000000000036c5       0x22 main.o
 .debug_macro   0x00000000000036e7       0xc2 ../../lib/libopencm3//lib/libopencm3_stm32f3.a(gpio_common_f0234.o)
 .debug_macro   0x00000000000037a9      0xa6c ../../lib/libopencm3//lib/libopencm3_stm32f3.a(gpio_common_f0234.o)
 .debug_macro   0x0000000000004215       0x56 ../../lib/libopencm3//lib/libopencm3_stm32f3.a(gpio_common_f0234.o)
 .debug_macro   0x000000000000426b       0x51 ../../lib/libopencm3//lib/libopencm3_stm32f3.a(gpio_common_f0234.o)
 .debug_macro   0x00000000000042bc       0xda ../../lib/libopencm3//lib/libopencm3_stm32f3.a(i2c_common_v2.o)
 .debug_macro   0x0000000000004396      0x16d ../../lib/libopencm3//lib/libopencm3_stm32f3.a(i2c_common_v2.o)
 .debug_macro   0x0000000000004503      0x104 ../../lib/libopencm3//lib/libopencm3_stm32f3.a(rcc.o)
 .debug_macro   0x0000000000004607       0x16 ../../lib/libopencm3//lib/libopencm3_stm32f3.a(rcc.o)
 .debug_macro   0x000000000000461d       0xd6 ../../lib/libopencm3//lib/libopencm3_stm32f3.a(rcc.o)
 .debug_macro   0x00000000000046f3       0xce ../../lib/libopencm3//lib/libopencm3_stm32f3.a(rcc_common_all.o)
 .debug_macro   0x00000000000047c1       0xd9 ../../lib/libopencm3//lib/libopencm3_stm32f3.a(usart_common_all.o)
 .debug_macro   0x000000000000489a       0xd3 ../../lib/libopencm3//lib/libopencm3_stm32f3.a(vector.o)
 .debug_macro   0x000000000000496d      0x452 ../../lib/libopencm3//lib/libopencm3_stm32f3.a(vector.o)
 .debug_macro   0x0000000000004dbf       0x6e ../../lib/libopencm3//lib/libopencm3_stm32f3.a(vector.o)
 .debug_macro   0x0000000000004e2d      0x1f0 ../../lib/libopencm3//lib/libopencm3_stm32f3.a(vector.o)
 .debug_macro   0x000000000000501d       0xb7 ../../lib/libopencm3//lib/libopencm3_stm32f3.a(flash_common_all.o)
 .debug_macro   0x00000000000050d4       0xc1 ../../lib/libopencm3//lib/libopencm3_stm32f3.a(usart_common_v2.o)

.debug_line     0x0000000000000000     0x374f
 .debug_line    0x0000000000000000      0x60e main.o
 .debug_line    0x000000000000060e      0x4d7 ../../lib/libopencm3//lib/libopencm3_stm32f3.a(gpio_common_f0234.o)
 .debug_line    0x0000000000000ae5      0x97b ../../lib/libopencm3//lib/libopencm3_stm32f3.a(i2c_common_v2.o)
 .debug_line    0x0000000000001460      0xb4c ../../lib/libopencm3//lib/libopencm3_stm32f3.a(rcc.o)
 .debug_line    0x0000000000001fac      0x43e ../../lib/libopencm3//lib/libopencm3_stm32f3.a(rcc_common_all.o)
 .debug_line    0x00000000000023ea      0x64a ../../lib/libopencm3//lib/libopencm3_stm32f3.a(usart_common_all.o)
 .debug_line    0x0000000000002a34      0x480 ../../lib/libopencm3//lib/libopencm3_stm32f3.a(vector.o)
 .debug_line    0x0000000000002eb4      0x374 ../../lib/libopencm3//lib/libopencm3_stm32f3.a(flash_common_all.o)
 .debug_line    0x0000000000003228      0x527 ../../lib/libopencm3//lib/libopencm3_stm32f3.a(usart_common_v2.o)

.debug_str      0x0000000000000000    0x1299a
 .debug_str     0x0000000000000000     0xe7d3 main.o
                                       0xea3d (size before relaxing)
 .debug_str     0x000000000000e7d3      0x19f ../../lib/libopencm3//lib/libopencm3_stm32f3.a(gpio_common_f0234.o)
                                       0x5d02 (size before relaxing)
 .debug_str     0x000000000000e972      0x53b ../../lib/libopencm3//lib/libopencm3_stm32f3.a(i2c_common_v2.o)
                                       0x849c (size before relaxing)
 .debug_str     0x000000000000eead      0x97a ../../lib/libopencm3//lib/libopencm3_stm32f3.a(rcc.o)
                                       0x888f (size before relaxing)
 .debug_str     0x000000000000f827      0x170 ../../lib/libopencm3//lib/libopencm3_stm32f3.a(rcc_common_all.o)
                                       0x720e (size before relaxing)
 .debug_str     0x000000000000f997      0x209 ../../lib/libopencm3//lib/libopencm3_stm32f3.a(usart_common_all.o)
                                       0x8b3d (size before relaxing)
 .debug_str     0x000000000000fba0     0x2c1c ../../lib/libopencm3//lib/libopencm3_stm32f3.a(vector.o)
                                       0x6d44 (size before relaxing)
 .debug_str     0x00000000000127bc       0x4e ../../lib/libopencm3//lib/libopencm3_stm32f3.a(flash_common_all.o)
                                       0x5173 (size before relaxing)
 .debug_str     0x000000000001280a      0x190 ../../lib/libopencm3//lib/libopencm3_stm32f3.a(usart_common_v2.o)
                                       0x6b2c (size before relaxing)

.comment        0x0000000000000000       0x4d
 .comment       0x0000000000000000       0x4d main.o
                                         0x4e (size before relaxing)
 .comment       0x000000000000004d       0x4e ../../lib/libopencm3//lib/libopencm3_stm32f3.a(gpio_common_f0234.o)
 .comment       0x000000000000004d       0x4e ../../lib/libopencm3//lib/libopencm3_stm32f3.a(i2c_common_v2.o)
 .comment       0x000000000000004d       0x4e ../../lib/libopencm3//lib/libopencm3_stm32f3.a(rcc.o)
 .comment       0x000000000000004d       0x4e ../../lib/libopencm3//lib/libopencm3_stm32f3.a(rcc_common_all.o)
 .comment       0x000000000000004d       0x4e ../../lib/libopencm3//lib/libopencm3_stm32f3.a(usart_common_all.o)
 .comment       0x000000000000004d       0x4e ../../lib/libopencm3//lib/libopencm3_stm32f3.a(vector.o)
 .comment       0x000000000000004d       0x4e ../../lib/libopencm3//lib/libopencm3_stm32f3.a(flash_common_all.o)
 .comment       0x000000000000004d       0x4e ../../lib/libopencm3//lib/libopencm3_stm32f3.a(usart_common_v2.o)

.ARM.attributes
                0x0000000000000000       0x32
 .ARM.attributes
                0x0000000000000000       0x34 main.o
 .ARM.attributes
                0x0000000000000034       0x34 ../../lib/libopencm3//lib/libopencm3_stm32f3.a(gpio_common_f0234.o)
 .ARM.attributes
                0x0000000000000068       0x34 ../../lib/libopencm3//lib/libopencm3_stm32f3.a(i2c_common_v2.o)
 .ARM.attributes
                0x000000000000009c       0x34 ../../lib/libopencm3//lib/libopencm3_stm32f3.a(rcc.o)
 .ARM.attributes
                0x00000000000000d0       0x34 ../../lib/libopencm3//lib/libopencm3_stm32f3.a(rcc_common_all.o)
 .ARM.attributes
                0x0000000000000104       0x34 ../../lib/libopencm3//lib/libopencm3_stm32f3.a(usart_common_all.o)
 .ARM.attributes
                0x0000000000000138       0x34 ../../lib/libopencm3//lib/libopencm3_stm32f3.a(vector.o)
 .ARM.attributes
                0x000000000000016c       0x34 ../../lib/libopencm3//lib/libopencm3_stm32f3.a(flash_common_all.o)
 .ARM.attributes
                0x00000000000001a0       0x34 ../../lib/libopencm3//lib/libopencm3_stm32f3.a(usart_common_v2.o)
 .ARM.attributes
                0x00000000000001d4       0x34 /usr/share/gcc-arm-none-eabi-10-2020-q4-major/bin/../lib/gcc/arm-none-eabi/10.2.1/../../../../arm-none-eabi/lib/thumb/v7e-m+fp/hard/libc_nano.a(lib_a-errno.o)
 .ARM.attributes
                0x0000000000000208       0x32 /usr/share/gcc-arm-none-eabi-10-2020-q4-major/bin/../lib/gcc/arm-none-eabi/10.2.1/../../../../arm-none-eabi/lib/thumb/v7e-m+fp/hard/libc_nano.a(lib_a-impure.o)
 .ARM.attributes
                0x000000000000023a       0x34 /usr/share/gcc-arm-none-eabi-10-2020-q4-major/bin/../lib/gcc/arm-none-eabi/10.2.1/../../../../arm-none-eabi/lib/thumb/v7e-m+fp/hard/libc_nano.a(lib_a-printf.o)
 .ARM.attributes
                0x000000000000026e       0x34 /usr/share/gcc-arm-none-eabi-10-2020-q4-major/bin/../lib/gcc/arm-none-eabi/10.2.1/../../../../arm-none-eabi/lib/thumb/v7e-m+fp/hard/libc_nano.a(lib_a-puts.o)
 .ARM.attributes
                0x00000000000002a2       0x34 /usr/share/gcc-arm-none-eabi-10-2020-q4-major/bin/../lib/gcc/arm-none-eabi/10.2.1/../../../../arm-none-eabi/lib/thumb/v7e-m+fp/hard/libc_nano.a(lib_a-wbuf.o)
 .ARM.attributes
                0x00000000000002d6       0x34 /usr/share/gcc-arm-none-eabi-10-2020-q4-major/bin/../lib/gcc/arm-none-eabi/10.2.1/../../../../arm-none-eabi/lib/thumb/v7e-m+fp/hard/libc_nano.a(lib_a-wsetup.o)
 .ARM.attributes
                0x000000000000030a       0x34 /usr/share/gcc-arm-none-eabi-10-2020-q4-major/bin/../lib/gcc/arm-none-eabi/10.2.1/../../../../arm-none-eabi/lib/thumb/v7e-m+fp/hard/libc_nano.a(lib_a-fflush.o)
 .ARM.attributes
                0x000000000000033e       0x34 /usr/share/gcc-arm-none-eabi-10-2020-q4-major/bin/../lib/gcc/arm-none-eabi/10.2.1/../../../../arm-none-eabi/lib/thumb/v7e-m+fp/hard/libc_nano.a(lib_a-findfp.o)
 .ARM.attributes
                0x0000000000000372       0x34 /usr/share/gcc-arm-none-eabi-10-2020-q4-major/bin/../lib/gcc/arm-none-eabi/10.2.1/../../../../arm-none-eabi/lib/thumb/v7e-m+fp/hard/libc_nano.a(lib_a-fwalk.o)
 .ARM.attributes
                0x00000000000003a6       0x34 /usr/share/gcc-arm-none-eabi-10-2020-q4-major/bin/../lib/gcc/arm-none-eabi/10.2.1/../../../../arm-none-eabi/lib/thumb/v7e-m+fp/hard/libc_nano.a(lib_a-lock.o)
 .ARM.attributes
                0x00000000000003da       0x34 /usr/share/gcc-arm-none-eabi-10-2020-q4-major/bin/../lib/gcc/arm-none-eabi/10.2.1/../../../../arm-none-eabi/lib/thumb/v7e-m+fp/hard/libc_nano.a(lib_a-makebuf.o)
 .ARM.attributes
                0x000000000000040e       0x34 /usr/share/gcc-arm-none-eabi-10-2020-q4-major/bin/../lib/gcc/arm-none-eabi/10.2.1/../../../../arm-none-eabi/lib/thumb/v7e-m+fp/hard/libc_nano.a(lib_a-memset.o)
 .ARM.attributes
                0x0000000000000442       0x34 /usr/share/gcc-arm-none-eabi-10-2020-q4-major/bin/../lib/gcc/arm-none-eabi/10.2.1/../../../../arm-none-eabi/lib/thumb/v7e-m+fp/hard/libc_nano.a(lib_a-nano-freer.o)
 .ARM.attributes
                0x0000000000000476       0x34 /usr/share/gcc-arm-none-eabi-10-2020-q4-major/bin/../lib/gcc/arm-none-eabi/10.2.1/../../../../arm-none-eabi/lib/thumb/v7e-m+fp/hard/libc_nano.a(lib_a-nano-mallocr.o)
 .ARM.attributes
                0x00000000000004aa       0x34 /usr/share/gcc-arm-none-eabi-10-2020-q4-major/bin/../lib/gcc/arm-none-eabi/10.2.1/../../../../arm-none-eabi/lib/thumb/v7e-m+fp/hard/libc_nano.a(lib_a-nano-vfprintf.o)
 .ARM.attributes
                0x00000000000004de       0x34 /usr/share/gcc-arm-none-eabi-10-2020-q4-major/bin/../lib/gcc/arm-none-eabi/10.2.1/../../../../arm-none-eabi/lib/thumb/v7e-m+fp/hard/libc_nano.a(lib_a-nano-vfprintf_i.o)
 .ARM.attributes
                0x0000000000000512       0x34 /usr/share/gcc-arm-none-eabi-10-2020-q4-major/bin/../lib/gcc/arm-none-eabi/10.2.1/../../../../arm-none-eabi/lib/thumb/v7e-m+fp/hard/libc_nano.a(lib_a-sbrkr.o)
 .ARM.attributes
                0x0000000000000546       0x34 /usr/share/gcc-arm-none-eabi-10-2020-q4-major/bin/../lib/gcc/arm-none-eabi/10.2.1/../../../../arm-none-eabi/lib/thumb/v7e-m+fp/hard/libc_nano.a(lib_a-stdio.o)
 .ARM.attributes
                0x000000000000057a       0x34 /usr/share/gcc-arm-none-eabi-10-2020-q4-major/bin/../lib/gcc/arm-none-eabi/10.2.1/../../../../arm-none-eabi/lib/thumb/v7e-m+fp/hard/libc_nano.a(lib_a-writer.o)
 .ARM.attributes
                0x00000000000005ae       0x34 /usr/share/gcc-arm-none-eabi-10-2020-q4-major/bin/../lib/gcc/arm-none-eabi/10.2.1/../../../../arm-none-eabi/lib/thumb/v7e-m+fp/hard/libc_nano.a(lib_a-closer.o)
 .ARM.attributes
                0x00000000000005e2       0x34 /usr/share/gcc-arm-none-eabi-10-2020-q4-major/bin/../lib/gcc/arm-none-eabi/10.2.1/../../../../arm-none-eabi/lib/thumb/v7e-m+fp/hard/libc_nano.a(lib_a-fstatr.o)
 .ARM.attributes
                0x0000000000000616       0x34 /usr/share/gcc-arm-none-eabi-10-2020-q4-major/bin/../lib/gcc/arm-none-eabi/10.2.1/../../../../arm-none-eabi/lib/thumb/v7e-m+fp/hard/libc_nano.a(lib_a-isattyr.o)
 .ARM.attributes
                0x000000000000064a       0x34 /usr/share/gcc-arm-none-eabi-10-2020-q4-major/bin/../lib/gcc/arm-none-eabi/10.2.1/../../../../arm-none-eabi/lib/thumb/v7e-m+fp/hard/libc_nano.a(lib_a-lseekr.o)
 .ARM.attributes
                0x000000000000067e       0x1c /usr/share/gcc-arm-none-eabi-10-2020-q4-major/bin/../lib/gcc/arm-none-eabi/10.2.1/../../../../arm-none-eabi/lib/thumb/v7e-m+fp/hard/libc_nano.a(lib_a-memchr.o)
 .ARM.attributes
                0x000000000000069a       0x34 /usr/share/gcc-arm-none-eabi-10-2020-q4-major/bin/../lib/gcc/arm-none-eabi/10.2.1/../../../../arm-none-eabi/lib/thumb/v7e-m+fp/hard/libc_nano.a(lib_a-mlock.o)
 .ARM.attributes
                0x00000000000006ce       0x34 /usr/share/gcc-arm-none-eabi-10-2020-q4-major/bin/../lib/gcc/arm-none-eabi/10.2.1/../../../../arm-none-eabi/lib/thumb/v7e-m+fp/hard/libc_nano.a(lib_a-readr.o)
 .ARM.attributes
                0x0000000000000702       0x34 /usr/share/gcc-arm-none-eabi-10-2020-q4-major/bin/../lib/gcc/arm-none-eabi/10.2.1/../../../../arm-none-eabi/lib/thumb/v7e-m+fp/hard/libc_nano.a(lib_a-reent.o)
 .ARM.attributes
                0x0000000000000736       0x34 /usr/share/gcc-arm-none-eabi-10-2020-q4-major/bin/../lib/gcc/arm-none-eabi/10.2.1/../../../../arm-none-eabi/lib/thumb/v7e-m+fp/hard/libnosys.a(close.o)
 .ARM.attributes
                0x000000000000076a       0x34 /usr/share/gcc-arm-none-eabi-10-2020-q4-major/bin/../lib/gcc/arm-none-eabi/10.2.1/../../../../arm-none-eabi/lib/thumb/v7e-m+fp/hard/libnosys.a(fstat.o)
 .ARM.attributes
                0x000000000000079e       0x34 /usr/share/gcc-arm-none-eabi-10-2020-q4-major/bin/../lib/gcc/arm-none-eabi/10.2.1/../../../../arm-none-eabi/lib/thumb/v7e-m+fp/hard/libnosys.a(isatty.o)
 .ARM.attributes
                0x00000000000007d2       0x34 /usr/share/gcc-arm-none-eabi-10-2020-q4-major/bin/../lib/gcc/arm-none-eabi/10.2.1/../../../../arm-none-eabi/lib/thumb/v7e-m+fp/hard/libnosys.a(lseek.o)
 .ARM.attributes
                0x0000000000000806       0x34 /usr/share/gcc-arm-none-eabi-10-2020-q4-major/bin/../lib/gcc/arm-none-eabi/10.2.1/../../../../arm-none-eabi/lib/thumb/v7e-m+fp/hard/libnosys.a(read.o)
 .ARM.attributes
                0x000000000000083a       0x34 /usr/share/gcc-arm-none-eabi-10-2020-q4-major/bin/../lib/gcc/arm-none-eabi/10.2.1/../../../../arm-none-eabi/lib/thumb/v7e-m+fp/hard/libnosys.a(sbrk.o)

.debug_frame    0x0000000000000000     0x1374
 .debug_frame   0x0000000000000000       0x50 main.o
 .debug_frame   0x0000000000000050       0x70 ../../lib/libopencm3//lib/libopencm3_stm32f3.a(gpio_common_f0234.o)
 .debug_frame   0x00000000000000c0      0x2e0 ../../lib/libopencm3//lib/libopencm3_stm32f3.a(i2c_common_v2.o)
 .debug_frame   0x00000000000003a0      0x2a0 ../../lib/libopencm3//lib/libopencm3_stm32f3.a(rcc.o)
 .debug_frame   0x0000000000000640       0xe0 ../../lib/libopencm3//lib/libopencm3_stm32f3.a(rcc_common_all.o)
 .debug_frame   0x0000000000000720      0x1ac ../../lib/libopencm3//lib/libopencm3_stm32f3.a(usart_common_all.o)
 .debug_frame   0x00000000000008cc       0x4c ../../lib/libopencm3//lib/libopencm3_stm32f3.a(vector.o)
 .debug_frame   0x0000000000000918       0x50 ../../lib/libopencm3//lib/libopencm3_stm32f3.a(flash_common_all.o)
 .debug_frame   0x0000000000000968      0x130 ../../lib/libopencm3//lib/libopencm3_stm32f3.a(usart_common_v2.o)
 .debug_frame   0x0000000000000a98       0x20 /usr/share/gcc-arm-none-eabi-10-2020-q4-major/bin/../lib/gcc/arm-none-eabi/10.2.1/../../../../arm-none-eabi/lib/thumb/v7e-m+fp/hard/libc_nano.a(lib_a-errno.o)
 .debug_frame   0x0000000000000ab8       0x74 /usr/share/gcc-arm-none-eabi-10-2020-q4-major/bin/../lib/gcc/arm-none-eabi/10.2.1/../../../../arm-none-eabi/lib/thumb/v7e-m+fp/hard/libc_nano.a(lib_a-printf.o)
 .debug_frame   0x0000000000000b2c       0x3c /usr/share/gcc-arm-none-eabi-10-2020-q4-major/bin/../lib/gcc/arm-none-eabi/10.2.1/../../../../arm-none-eabi/lib/thumb/v7e-m+fp/hard/libc_nano.a(lib_a-puts.o)
 .debug_frame   0x0000000000000b68       0x40 /usr/share/gcc-arm-none-eabi-10-2020-q4-major/bin/../lib/gcc/arm-none-eabi/10.2.1/../../../../arm-none-eabi/lib/thumb/v7e-m+fp/hard/libc_nano.a(lib_a-wbuf.o)
 .debug_frame   0x0000000000000ba8       0x2c /usr/share/gcc-arm-none-eabi-10-2020-q4-major/bin/../lib/gcc/arm-none-eabi/10.2.1/../../../../arm-none-eabi/lib/thumb/v7e-m+fp/hard/libc_nano.a(lib_a-wsetup.o)
 .debug_frame   0x0000000000000bd4       0x5c /usr/share/gcc-arm-none-eabi-10-2020-q4-major/bin/../lib/gcc/arm-none-eabi/10.2.1/../../../../arm-none-eabi/lib/thumb/v7e-m+fp/hard/libc_nano.a(lib_a-fflush.o)
 .debug_frame   0x0000000000000c30      0x14c /usr/share/gcc-arm-none-eabi-10-2020-q4-major/bin/../lib/gcc/arm-none-eabi/10.2.1/../../../../arm-none-eabi/lib/thumb/v7e-m+fp/hard/libc_nano.a(lib_a-findfp.o)
 .debug_frame   0x0000000000000d7c       0x54 /usr/share/gcc-arm-none-eabi-10-2020-q4-major/bin/../lib/gcc/arm-none-eabi/10.2.1/../../../../arm-none-eabi/lib/thumb/v7e-m+fp/hard/libc_nano.a(lib_a-fwalk.o)
 .debug_frame   0x0000000000000dd0       0xb0 /usr/share/gcc-arm-none-eabi-10-2020-q4-major/bin/../lib/gcc/arm-none-eabi/10.2.1/../../../../arm-none-eabi/lib/thumb/v7e-m+fp/hard/libc_nano.a(lib_a-lock.o)
 .debug_frame   0x0000000000000e80       0x58 /usr/share/gcc-arm-none-eabi-10-2020-q4-major/bin/../lib/gcc/arm-none-eabi/10.2.1/../../../../arm-none-eabi/lib/thumb/v7e-m+fp/hard/libc_nano.a(lib_a-makebuf.o)
 .debug_frame   0x0000000000000ed8       0x20 /usr/share/gcc-arm-none-eabi-10-2020-q4-major/bin/../lib/gcc/arm-none-eabi/10.2.1/../../../../arm-none-eabi/lib/thumb/v7e-m+fp/hard/libc_nano.a(lib_a-memset.o)
 .debug_frame   0x0000000000000ef8       0x38 /usr/share/gcc-arm-none-eabi-10-2020-q4-major/bin/../lib/gcc/arm-none-eabi/10.2.1/../../../../arm-none-eabi/lib/thumb/v7e-m+fp/hard/libc_nano.a(lib_a-nano-freer.o)
 .debug_frame   0x0000000000000f30       0x30 /usr/share/gcc-arm-none-eabi-10-2020-q4-major/bin/../lib/gcc/arm-none-eabi/10.2.1/../../../../arm-none-eabi/lib/thumb/v7e-m+fp/hard/libc_nano.a(lib_a-nano-mallocr.o)
 .debug_frame   0x0000000000000f60       0xac /usr/share/gcc-arm-none-eabi-10-2020-q4-major/bin/../lib/gcc/arm-none-eabi/10.2.1/../../../../arm-none-eabi/lib/thumb/v7e-m+fp/hard/libc_nano.a(lib_a-nano-vfprintf.o)
 .debug_frame   0x000000000000100c       0x60 /usr/share/gcc-arm-none-eabi-10-2020-q4-major/bin/../lib/gcc/arm-none-eabi/10.2.1/../../../../arm-none-eabi/lib/thumb/v7e-m+fp/hard/libc_nano.a(lib_a-nano-vfprintf_i.o)
 .debug_frame   0x000000000000106c       0x2c /usr/share/gcc-arm-none-eabi-10-2020-q4-major/bin/../lib/gcc/arm-none-eabi/10.2.1/../../../../arm-none-eabi/lib/thumb/v7e-m+fp/hard/libc_nano.a(lib_a-sbrkr.o)
 .debug_frame   0x0000000000001098       0x88 /usr/share/gcc-arm-none-eabi-10-2020-q4-major/bin/../lib/gcc/arm-none-eabi/10.2.1/../../../../arm-none-eabi/lib/thumb/v7e-m+fp/hard/libc_nano.a(lib_a-stdio.o)
 .debug_frame   0x0000000000001120       0x2c /usr/share/gcc-arm-none-eabi-10-2020-q4-major/bin/../lib/gcc/arm-none-eabi/10.2.1/../../../../arm-none-eabi/lib/thumb/v7e-m+fp/hard/libc_nano.a(lib_a-writer.o)
 .debug_frame   0x000000000000114c       0x2c /usr/share/gcc-arm-none-eabi-10-2020-q4-major/bin/../lib/gcc/arm-none-eabi/10.2.1/../../../../arm-none-eabi/lib/thumb/v7e-m+fp/hard/libc_nano.a(lib_a-closer.o)
 .debug_frame   0x0000000000001178       0x2c /usr/share/gcc-arm-none-eabi-10-2020-q4-major/bin/../lib/gcc/arm-none-eabi/10.2.1/../../../../arm-none-eabi/lib/thumb/v7e-m+fp/hard/libc_nano.a(lib_a-fstatr.o)
 .debug_frame   0x00000000000011a4       0x2c /usr/share/gcc-arm-none-eabi-10-2020-q4-major/bin/../lib/gcc/arm-none-eabi/10.2.1/../../../../arm-none-eabi/lib/thumb/v7e-m+fp/hard/libc_nano.a(lib_a-isattyr.o)
 .debug_frame   0x00000000000011d0       0x2c /usr/share/gcc-arm-none-eabi-10-2020-q4-major/bin/../lib/gcc/arm-none-eabi/10.2.1/../../../../arm-none-eabi/lib/thumb/v7e-m+fp/hard/libc_nano.a(lib_a-lseekr.o)
 .debug_frame   0x00000000000011fc       0x30 /usr/share/gcc-arm-none-eabi-10-2020-q4-major/bin/../lib/gcc/arm-none-eabi/10.2.1/../../../../arm-none-eabi/lib/thumb/v7e-m+fp/hard/libc_nano.a(lib_a-mlock.o)
 .debug_frame   0x000000000000122c       0x2c /usr/share/gcc-arm-none-eabi-10-2020-q4-major/bin/../lib/gcc/arm-none-eabi/10.2.1/../../../../arm-none-eabi/lib/thumb/v7e-m+fp/hard/libc_nano.a(lib_a-readr.o)
 .debug_frame   0x0000000000001258       0x5c /usr/share/gcc-arm-none-eabi-10-2020-q4-major/bin/../lib/gcc/arm-none-eabi/10.2.1/../../../../arm-none-eabi/lib/thumb/v7e-m+fp/hard/libc_nano.a(lib_a-reent.o)
 .debug_frame   0x00000000000012b4       0x20 /usr/share/gcc-arm-none-eabi-10-2020-q4-major/bin/../lib/gcc/arm-none-eabi/10.2.1/../../../../arm-none-eabi/lib/thumb/v7e-m+fp/hard/libnosys.a(close.o)
 .debug_frame   0x00000000000012d4       0x20 /usr/share/gcc-arm-none-eabi-10-2020-q4-major/bin/../lib/gcc/arm-none-eabi/10.2.1/../../../../arm-none-eabi/lib/thumb/v7e-m+fp/hard/libnosys.a(fstat.o)
 .debug_frame   0x00000000000012f4       0x20 /usr/share/gcc-arm-none-eabi-10-2020-q4-major/bin/../lib/gcc/arm-none-eabi/10.2.1/../../../../arm-none-eabi/lib/thumb/v7e-m+fp/hard/libnosys.a(isatty.o)
 .debug_frame   0x0000000000001314       0x20 /usr/share/gcc-arm-none-eabi-10-2020-q4-major/bin/../lib/gcc/arm-none-eabi/10.2.1/../../../../arm-none-eabi/lib/thumb/v7e-m+fp/hard/libnosys.a(lseek.o)
 .debug_frame   0x0000000000001334       0x20 /usr/share/gcc-arm-none-eabi-10-2020-q4-major/bin/../lib/gcc/arm-none-eabi/10.2.1/../../../../arm-none-eabi/lib/thumb/v7e-m+fp/hard/libnosys.a(read.o)
 .debug_frame   0x0000000000001354       0x20 /usr/share/gcc-arm-none-eabi-10-2020-q4-major/bin/../lib/gcc/arm-none-eabi/10.2.1/../../../../arm-none-eabi/lib/thumb/v7e-m+fp/hard/libnosys.a(sbrk.o)

.stab           0x0000000000000000       0x84
 .stab          0x0000000000000000       0x24 /usr/share/gcc-arm-none-eabi-10-2020-q4-major/bin/../lib/gcc/arm-none-eabi/10.2.1/../../../../arm-none-eabi/lib/thumb/v7e-m+fp/hard/libnosys.a(close.o)
 .stab          0x0000000000000024       0x18 /usr/share/gcc-arm-none-eabi-10-2020-q4-major/bin/../lib/gcc/arm-none-eabi/10.2.1/../../../../arm-none-eabi/lib/thumb/v7e-m+fp/hard/libnosys.a(fstat.o)
                                         0x24 (size before relaxing)
 .stab          0x000000000000003c       0x18 /usr/share/gcc-arm-none-eabi-10-2020-q4-major/bin/../lib/gcc/arm-none-eabi/10.2.1/../../../../arm-none-eabi/lib/thumb/v7e-m+fp/hard/libnosys.a(isatty.o)
                                         0x24 (size before relaxing)
 .stab          0x0000000000000054       0x18 /usr/share/gcc-arm-none-eabi-10-2020-q4-major/bin/../lib/gcc/arm-none-eabi/10.2.1/../../../../arm-none-eabi/lib/thumb/v7e-m+fp/hard/libnosys.a(lseek.o)
                                         0x24 (size before relaxing)
 .stab          0x000000000000006c       0x18 /usr/share/gcc-arm-none-eabi-10-2020-q4-major/bin/../lib/gcc/arm-none-eabi/10.2.1/../../../../arm-none-eabi/lib/thumb/v7e-m+fp/hard/libnosys.a(read.o)
                                         0x24 (size before relaxing)

.stabstr        0x0000000000000000      0x117
 .stabstr       0x0000000000000000      0x117 /usr/share/gcc-arm-none-eabi-10-2020-q4-major/bin/../lib/gcc/arm-none-eabi/10.2.1/../../../../arm-none-eabi/lib/thumb/v7e-m+fp/hard/libnosys.a(close.o)

Cross Reference Table

Symbol                                            File
__errno                                           /usr/share/gcc-arm-none-eabi-10-2020-q4-major/bin/../lib/gcc/arm-none-eabi/10.2.1/../../../../arm-none-eabi/lib/thumb/v7e-m+fp/hard/libc_nano.a(lib_a-errno.o)
                                                  main.o
__fini_array_end                                  ../../lib/libopencm3//lib/libopencm3_stm32f3.a(vector.o)
__fini_array_start                                ../../lib/libopencm3//lib/libopencm3_stm32f3.a(vector.o)
__fp_lock_all                                     /usr/share/gcc-arm-none-eabi-10-2020-q4-major/bin/../lib/gcc/arm-none-eabi/10.2.1/../../../../arm-none-eabi/lib/thumb/v7e-m+fp/hard/libc_nano.a(lib_a-findfp.o)
__fp_unlock_all                                   /usr/share/gcc-arm-none-eabi-10-2020-q4-major/bin/../lib/gcc/arm-none-eabi/10.2.1/../../../../arm-none-eabi/lib/thumb/v7e-m+fp/hard/libc_nano.a(lib_a-findfp.o)
__init_array_end                                  ../../lib/libopencm3//lib/libopencm3_stm32f3.a(vector.o)
__init_array_start                                ../../lib/libopencm3//lib/libopencm3_stm32f3.a(vector.o)
__lock___arc4random_mutex                         /usr/share/gcc-arm-none-eabi-10-2020-q4-major/bin/../lib/gcc/arm-none-eabi/10.2.1/../../../../arm-none-eabi/lib/thumb/v7e-m+fp/hard/libc_nano.a(lib_a-lock.o)
__lock___at_quick_exit_mutex                      /usr/share/gcc-arm-none-eabi-10-2020-q4-major/bin/../lib/gcc/arm-none-eabi/10.2.1/../../../../arm-none-eabi/lib/thumb/v7e-m+fp/hard/libc_nano.a(lib_a-lock.o)
__lock___atexit_recursive_mutex                   /usr/share/gcc-arm-none-eabi-10-2020-q4-major/bin/../lib/gcc/arm-none-eabi/10.2.1/../../../../arm-none-eabi/lib/thumb/v7e-m+fp/hard/libc_nano.a(lib_a-lock.o)
__lock___dd_hash_mutex                            /usr/share/gcc-arm-none-eabi-10-2020-q4-major/bin/../lib/gcc/arm-none-eabi/10.2.1/../../../../arm-none-eabi/lib/thumb/v7e-m+fp/hard/libc_nano.a(lib_a-lock.o)
__lock___env_recursive_mutex                      /usr/share/gcc-arm-none-eabi-10-2020-q4-major/bin/../lib/gcc/arm-none-eabi/10.2.1/../../../../arm-none-eabi/lib/thumb/v7e-m+fp/hard/libc_nano.a(lib_a-lock.o)
__lock___malloc_recursive_mutex                   /usr/share/gcc-arm-none-eabi-10-2020-q4-major/bin/../lib/gcc/arm-none-eabi/10.2.1/../../../../arm-none-eabi/lib/thumb/v7e-m+fp/hard/libc_nano.a(lib_a-lock.o)
                                                  /usr/share/gcc-arm-none-eabi-10-2020-q4-major/bin/../lib/gcc/arm-none-eabi/10.2.1/../../../../arm-none-eabi/lib/thumb/v7e-m+fp/hard/libc_nano.a(lib_a-mlock.o)
__lock___sfp_recursive_mutex                      /usr/share/gcc-arm-none-eabi-10-2020-q4-major/bin/../lib/gcc/arm-none-eabi/10.2.1/../../../../arm-none-eabi/lib/thumb/v7e-m+fp/hard/libc_nano.a(lib_a-lock.o)
                                                  /usr/share/gcc-arm-none-eabi-10-2020-q4-major/bin/../lib/gcc/arm-none-eabi/10.2.1/../../../../arm-none-eabi/lib/thumb/v7e-m+fp/hard/libc_nano.a(lib_a-findfp.o)
__lock___sinit_recursive_mutex                    /usr/share/gcc-arm-none-eabi-10-2020-q4-major/bin/../lib/gcc/arm-none-eabi/10.2.1/../../../../arm-none-eabi/lib/thumb/v7e-m+fp/hard/libc_nano.a(lib_a-lock.o)
                                                  /usr/share/gcc-arm-none-eabi-10-2020-q4-major/bin/../lib/gcc/arm-none-eabi/10.2.1/../../../../arm-none-eabi/lib/thumb/v7e-m+fp/hard/libc_nano.a(lib_a-findfp.o)
__lock___tz_mutex                                 /usr/share/gcc-arm-none-eabi-10-2020-q4-major/bin/../lib/gcc/arm-none-eabi/10.2.1/../../../../arm-none-eabi/lib/thumb/v7e-m+fp/hard/libc_nano.a(lib_a-lock.o)
__malloc_free_list                                /usr/share/gcc-arm-none-eabi-10-2020-q4-major/bin/../lib/gcc/arm-none-eabi/10.2.1/../../../../arm-none-eabi/lib/thumb/v7e-m+fp/hard/libc_nano.a(lib_a-nano-mallocr.o)
                                                  /usr/share/gcc-arm-none-eabi-10-2020-q4-major/bin/../lib/gcc/arm-none-eabi/10.2.1/../../../../arm-none-eabi/lib/thumb/v7e-m+fp/hard/libc_nano.a(lib_a-nano-freer.o)
__malloc_lock                                     /usr/share/gcc-arm-none-eabi-10-2020-q4-major/bin/../lib/gcc/arm-none-eabi/10.2.1/../../../../arm-none-eabi/lib/thumb/v7e-m+fp/hard/libc_nano.a(lib_a-mlock.o)
                                                  /usr/share/gcc-arm-none-eabi-10-2020-q4-major/bin/../lib/gcc/arm-none-eabi/10.2.1/../../../../arm-none-eabi/lib/thumb/v7e-m+fp/hard/libc_nano.a(lib_a-nano-mallocr.o)
                                                  /usr/share/gcc-arm-none-eabi-10-2020-q4-major/bin/../lib/gcc/arm-none-eabi/10.2.1/../../../../arm-none-eabi/lib/thumb/v7e-m+fp/hard/libc_nano.a(lib_a-nano-freer.o)
__malloc_sbrk_start                               /usr/share/gcc-arm-none-eabi-10-2020-q4-major/bin/../lib/gcc/arm-none-eabi/10.2.1/../../../../arm-none-eabi/lib/thumb/v7e-m+fp/hard/libc_nano.a(lib_a-nano-mallocr.o)
__malloc_unlock                                   /usr/share/gcc-arm-none-eabi-10-2020-q4-major/bin/../lib/gcc/arm-none-eabi/10.2.1/../../../../arm-none-eabi/lib/thumb/v7e-m+fp/hard/libc_nano.a(lib_a-mlock.o)
                                                  /usr/share/gcc-arm-none-eabi-10-2020-q4-major/bin/../lib/gcc/arm-none-eabi/10.2.1/../../../../arm-none-eabi/lib/thumb/v7e-m+fp/hard/libc_nano.a(lib_a-nano-mallocr.o)
                                                  /usr/share/gcc-arm-none-eabi-10-2020-q4-major/bin/../lib/gcc/arm-none-eabi/10.2.1/../../../../arm-none-eabi/lib/thumb/v7e-m+fp/hard/libc_nano.a(lib_a-nano-freer.o)
__preinit_array_end                               ../../lib/libopencm3//lib/libopencm3_stm32f3.a(vector.o)
__preinit_array_start                             ../../lib/libopencm3//lib/libopencm3_stm32f3.a(vector.o)
__retarget_lock_acquire                           /usr/share/gcc-arm-none-eabi-10-2020-q4-major/bin/../lib/gcc/arm-none-eabi/10.2.1/../../../../arm-none-eabi/lib/thumb/v7e-m+fp/hard/libc_nano.a(lib_a-lock.o)
__retarget_lock_acquire_recursive                 /usr/share/gcc-arm-none-eabi-10-2020-q4-major/bin/../lib/gcc/arm-none-eabi/10.2.1/../../../../arm-none-eabi/lib/thumb/v7e-m+fp/hard/libc_nano.a(lib_a-lock.o)
                                                  /usr/share/gcc-arm-none-eabi-10-2020-q4-major/bin/../lib/gcc/arm-none-eabi/10.2.1/../../../../arm-none-eabi/lib/thumb/v7e-m+fp/hard/libc_nano.a(lib_a-mlock.o)
                                                  /usr/share/gcc-arm-none-eabi-10-2020-q4-major/bin/../lib/gcc/arm-none-eabi/10.2.1/../../../../arm-none-eabi/lib/thumb/v7e-m+fp/hard/libc_nano.a(lib_a-nano-vfprintf.o)
                                                  /usr/share/gcc-arm-none-eabi-10-2020-q4-major/bin/../lib/gcc/arm-none-eabi/10.2.1/../../../../arm-none-eabi/lib/thumb/v7e-m+fp/hard/libc_nano.a(lib_a-findfp.o)
                                                  /usr/share/gcc-arm-none-eabi-10-2020-q4-major/bin/../lib/gcc/arm-none-eabi/10.2.1/../../../../arm-none-eabi/lib/thumb/v7e-m+fp/hard/libc_nano.a(lib_a-fflush.o)
                                                  /usr/share/gcc-arm-none-eabi-10-2020-q4-major/bin/../lib/gcc/arm-none-eabi/10.2.1/../../../../arm-none-eabi/lib/thumb/v7e-m+fp/hard/libc_nano.a(lib_a-puts.o)
__retarget_lock_close                             /usr/share/gcc-arm-none-eabi-10-2020-q4-major/bin/../lib/gcc/arm-none-eabi/10.2.1/../../../../arm-none-eabi/lib/thumb/v7e-m+fp/hard/libc_nano.a(lib_a-lock.o)
__retarget_lock_close_recursive                   /usr/share/gcc-arm-none-eabi-10-2020-q4-major/bin/../lib/gcc/arm-none-eabi/10.2.1/../../../../arm-none-eabi/lib/thumb/v7e-m+fp/hard/libc_nano.a(lib_a-lock.o)
__retarget_lock_init                              /usr/share/gcc-arm-none-eabi-10-2020-q4-major/bin/../lib/gcc/arm-none-eabi/10.2.1/../../../../arm-none-eabi/lib/thumb/v7e-m+fp/hard/libc_nano.a(lib_a-lock.o)
__retarget_lock_init_recursive                    /usr/share/gcc-arm-none-eabi-10-2020-q4-major/bin/../lib/gcc/arm-none-eabi/10.2.1/../../../../arm-none-eabi/lib/thumb/v7e-m+fp/hard/libc_nano.a(lib_a-lock.o)
                                                  /usr/share/gcc-arm-none-eabi-10-2020-q4-major/bin/../lib/gcc/arm-none-eabi/10.2.1/../../../../arm-none-eabi/lib/thumb/v7e-m+fp/hard/libc_nano.a(lib_a-findfp.o)
__retarget_lock_release                           /usr/share/gcc-arm-none-eabi-10-2020-q4-major/bin/../lib/gcc/arm-none-eabi/10.2.1/../../../../arm-none-eabi/lib/thumb/v7e-m+fp/hard/libc_nano.a(lib_a-lock.o)
__retarget_lock_release_recursive                 /usr/share/gcc-arm-none-eabi-10-2020-q4-major/bin/../lib/gcc/arm-none-eabi/10.2.1/../../../../arm-none-eabi/lib/thumb/v7e-m+fp/hard/libc_nano.a(lib_a-lock.o)
                                                  /usr/share/gcc-arm-none-eabi-10-2020-q4-major/bin/../lib/gcc/arm-none-eabi/10.2.1/../../../../arm-none-eabi/lib/thumb/v7e-m+fp/hard/libc_nano.a(lib_a-mlock.o)
                                                  /usr/share/gcc-arm-none-eabi-10-2020-q4-major/bin/../lib/gcc/arm-none-eabi/10.2.1/../../../../arm-none-eabi/lib/thumb/v7e-m+fp/hard/libc_nano.a(lib_a-nano-vfprintf.o)
                                                  /usr/share/gcc-arm-none-eabi-10-2020-q4-major/bin/../lib/gcc/arm-none-eabi/10.2.1/../../../../arm-none-eabi/lib/thumb/v7e-m+fp/hard/libc_nano.a(lib_a-findfp.o)
                                                  /usr/share/gcc-arm-none-eabi-10-2020-q4-major/bin/../lib/gcc/arm-none-eabi/10.2.1/../../../../arm-none-eabi/lib/thumb/v7e-m+fp/hard/libc_nano.a(lib_a-fflush.o)
                                                  /usr/share/gcc-arm-none-eabi-10-2020-q4-major/bin/../lib/gcc/arm-none-eabi/10.2.1/../../../../arm-none-eabi/lib/thumb/v7e-m+fp/hard/libc_nano.a(lib_a-puts.o)
__retarget_lock_try_acquire                       /usr/share/gcc-arm-none-eabi-10-2020-q4-major/bin/../lib/gcc/arm-none-eabi/10.2.1/../../../../arm-none-eabi/lib/thumb/v7e-m+fp/hard/libc_nano.a(lib_a-lock.o)
__retarget_lock_try_acquire_recursive             /usr/share/gcc-arm-none-eabi-10-2020-q4-major/bin/../lib/gcc/arm-none-eabi/10.2.1/../../../../arm-none-eabi/lib/thumb/v7e-m+fp/hard/libc_nano.a(lib_a-lock.o)
__sclose                                          /usr/share/gcc-arm-none-eabi-10-2020-q4-major/bin/../lib/gcc/arm-none-eabi/10.2.1/../../../../arm-none-eabi/lib/thumb/v7e-m+fp/hard/libc_nano.a(lib_a-stdio.o)
                                                  /usr/share/gcc-arm-none-eabi-10-2020-q4-major/bin/../lib/gcc/arm-none-eabi/10.2.1/../../../../arm-none-eabi/lib/thumb/v7e-m+fp/hard/libc_nano.a(lib_a-findfp.o)
__seofread                                        /usr/share/gcc-arm-none-eabi-10-2020-q4-major/bin/../lib/gcc/arm-none-eabi/10.2.1/../../../../arm-none-eabi/lib/thumb/v7e-m+fp/hard/libc_nano.a(lib_a-stdio.o)
__sf_fake_stderr                                  /usr/share/gcc-arm-none-eabi-10-2020-q4-major/bin/../lib/gcc/arm-none-eabi/10.2.1/../../../../arm-none-eabi/lib/thumb/v7e-m+fp/hard/libc_nano.a(lib_a-findfp.o)
                                                  /usr/share/gcc-arm-none-eabi-10-2020-q4-major/bin/../lib/gcc/arm-none-eabi/10.2.1/../../../../arm-none-eabi/lib/thumb/v7e-m+fp/hard/libc_nano.a(lib_a-nano-vfprintf.o)
                                                  /usr/share/gcc-arm-none-eabi-10-2020-q4-major/bin/../lib/gcc/arm-none-eabi/10.2.1/../../../../arm-none-eabi/lib/thumb/v7e-m+fp/hard/libc_nano.a(lib_a-fflush.o)
                                                  /usr/share/gcc-arm-none-eabi-10-2020-q4-major/bin/../lib/gcc/arm-none-eabi/10.2.1/../../../../arm-none-eabi/lib/thumb/v7e-m+fp/hard/libc_nano.a(lib_a-wsetup.o)
                                                  /usr/share/gcc-arm-none-eabi-10-2020-q4-major/bin/../lib/gcc/arm-none-eabi/10.2.1/../../../../arm-none-eabi/lib/thumb/v7e-m+fp/hard/libc_nano.a(lib_a-wbuf.o)
                                                  /usr/share/gcc-arm-none-eabi-10-2020-q4-major/bin/../lib/gcc/arm-none-eabi/10.2.1/../../../../arm-none-eabi/lib/thumb/v7e-m+fp/hard/libc_nano.a(lib_a-puts.o)
                                                  /usr/share/gcc-arm-none-eabi-10-2020-q4-major/bin/../lib/gcc/arm-none-eabi/10.2.1/../../../../arm-none-eabi/lib/thumb/v7e-m+fp/hard/libc_nano.a(lib_a-impure.o)
__sf_fake_stdin                                   /usr/share/gcc-arm-none-eabi-10-2020-q4-major/bin/../lib/gcc/arm-none-eabi/10.2.1/../../../../arm-none-eabi/lib/thumb/v7e-m+fp/hard/libc_nano.a(lib_a-findfp.o)
                                                  /usr/share/gcc-arm-none-eabi-10-2020-q4-major/bin/../lib/gcc/arm-none-eabi/10.2.1/../../../../arm-none-eabi/lib/thumb/v7e-m+fp/hard/libc_nano.a(lib_a-nano-vfprintf.o)
                                                  /usr/share/gcc-arm-none-eabi-10-2020-q4-major/bin/../lib/gcc/arm-none-eabi/10.2.1/../../../../arm-none-eabi/lib/thumb/v7e-m+fp/hard/libc_nano.a(lib_a-fflush.o)
                                                  /usr/share/gcc-arm-none-eabi-10-2020-q4-major/bin/../lib/gcc/arm-none-eabi/10.2.1/../../../../arm-none-eabi/lib/thumb/v7e-m+fp/hard/libc_nano.a(lib_a-wsetup.o)
                                                  /usr/share/gcc-arm-none-eabi-10-2020-q4-major/bin/../lib/gcc/arm-none-eabi/10.2.1/../../../../arm-none-eabi/lib/thumb/v7e-m+fp/hard/libc_nano.a(lib_a-wbuf.o)
                                                  /usr/share/gcc-arm-none-eabi-10-2020-q4-major/bin/../lib/gcc/arm-none-eabi/10.2.1/../../../../arm-none-eabi/lib/thumb/v7e-m+fp/hard/libc_nano.a(lib_a-puts.o)
                                                  /usr/share/gcc-arm-none-eabi-10-2020-q4-major/bin/../lib/gcc/arm-none-eabi/10.2.1/../../../../arm-none-eabi/lib/thumb/v7e-m+fp/hard/libc_nano.a(lib_a-impure.o)
__sf_fake_stdout                                  /usr/share/gcc-arm-none-eabi-10-2020-q4-major/bin/../lib/gcc/arm-none-eabi/10.2.1/../../../../arm-none-eabi/lib/thumb/v7e-m+fp/hard/libc_nano.a(lib_a-findfp.o)
                                                  /usr/share/gcc-arm-none-eabi-10-2020-q4-major/bin/../lib/gcc/arm-none-eabi/10.2.1/../../../../arm-none-eabi/lib/thumb/v7e-m+fp/hard/libc_nano.a(lib_a-nano-vfprintf.o)
                                                  /usr/share/gcc-arm-none-eabi-10-2020-q4-major/bin/../lib/gcc/arm-none-eabi/10.2.1/../../../../arm-none-eabi/lib/thumb/v7e-m+fp/hard/libc_nano.a(lib_a-fflush.o)
                                                  /usr/share/gcc-arm-none-eabi-10-2020-q4-major/bin/../lib/gcc/arm-none-eabi/10.2.1/../../../../arm-none-eabi/lib/thumb/v7e-m+fp/hard/libc_nano.a(lib_a-wsetup.o)
                                                  /usr/share/gcc-arm-none-eabi-10-2020-q4-major/bin/../lib/gcc/arm-none-eabi/10.2.1/../../../../arm-none-eabi/lib/thumb/v7e-m+fp/hard/libc_nano.a(lib_a-wbuf.o)
                                                  /usr/share/gcc-arm-none-eabi-10-2020-q4-major/bin/../lib/gcc/arm-none-eabi/10.2.1/../../../../arm-none-eabi/lib/thumb/v7e-m+fp/hard/libc_nano.a(lib_a-puts.o)
                                                  /usr/share/gcc-arm-none-eabi-10-2020-q4-major/bin/../lib/gcc/arm-none-eabi/10.2.1/../../../../arm-none-eabi/lib/thumb/v7e-m+fp/hard/libc_nano.a(lib_a-impure.o)
__sflush_r                                        /usr/share/gcc-arm-none-eabi-10-2020-q4-major/bin/../lib/gcc/arm-none-eabi/10.2.1/../../../../arm-none-eabi/lib/thumb/v7e-m+fp/hard/libc_nano.a(lib_a-fflush.o)
__sfmoreglue                                      /usr/share/gcc-arm-none-eabi-10-2020-q4-major/bin/../lib/gcc/arm-none-eabi/10.2.1/../../../../arm-none-eabi/lib/thumb/v7e-m+fp/hard/libc_nano.a(lib_a-findfp.o)
__sfp                                             /usr/share/gcc-arm-none-eabi-10-2020-q4-major/bin/../lib/gcc/arm-none-eabi/10.2.1/../../../../arm-none-eabi/lib/thumb/v7e-m+fp/hard/libc_nano.a(lib_a-findfp.o)
__sfp_lock_acquire                                /usr/share/gcc-arm-none-eabi-10-2020-q4-major/bin/../lib/gcc/arm-none-eabi/10.2.1/../../../../arm-none-eabi/lib/thumb/v7e-m+fp/hard/libc_nano.a(lib_a-findfp.o)
__sfp_lock_release                                /usr/share/gcc-arm-none-eabi-10-2020-q4-major/bin/../lib/gcc/arm-none-eabi/10.2.1/../../../../arm-none-eabi/lib/thumb/v7e-m+fp/hard/libc_nano.a(lib_a-findfp.o)
__sfputs_r                                        /usr/share/gcc-arm-none-eabi-10-2020-q4-major/bin/../lib/gcc/arm-none-eabi/10.2.1/../../../../arm-none-eabi/lib/thumb/v7e-m+fp/hard/libc_nano.a(lib_a-nano-vfprintf.o)
__sfvwrite_r                                      /usr/share/gcc-arm-none-eabi-10-2020-q4-major/bin/../lib/gcc/arm-none-eabi/10.2.1/../../../../arm-none-eabi/lib/thumb/v7e-m+fp/hard/libc_nano.a(lib_a-fvwrite.o)
                                                  /usr/share/gcc-arm-none-eabi-10-2020-q4-major/bin/../lib/gcc/arm-none-eabi/10.2.1/../../../../arm-none-eabi/lib/thumb/v7e-m+fp/hard/libc_nano.a(lib_a-nano-vfprintf.o)
__sinit                                           /usr/share/gcc-arm-none-eabi-10-2020-q4-major/bin/../lib/gcc/arm-none-eabi/10.2.1/../../../../arm-none-eabi/lib/thumb/v7e-m+fp/hard/libc_nano.a(lib_a-findfp.o)
                                                  /usr/share/gcc-arm-none-eabi-10-2020-q4-major/bin/../lib/gcc/arm-none-eabi/10.2.1/../../../../arm-none-eabi/lib/thumb/v7e-m+fp/hard/libc_nano.a(lib_a-nano-vfprintf.o)
                                                  /usr/share/gcc-arm-none-eabi-10-2020-q4-major/bin/../lib/gcc/arm-none-eabi/10.2.1/../../../../arm-none-eabi/lib/thumb/v7e-m+fp/hard/libc_nano.a(lib_a-fflush.o)
                                                  /usr/share/gcc-arm-none-eabi-10-2020-q4-major/bin/../lib/gcc/arm-none-eabi/10.2.1/../../../../arm-none-eabi/lib/thumb/v7e-m+fp/hard/libc_nano.a(lib_a-wsetup.o)
                                                  /usr/share/gcc-arm-none-eabi-10-2020-q4-major/bin/../lib/gcc/arm-none-eabi/10.2.1/../../../../arm-none-eabi/lib/thumb/v7e-m+fp/hard/libc_nano.a(lib_a-wbuf.o)
                                                  /usr/share/gcc-arm-none-eabi-10-2020-q4-major/bin/../lib/gcc/arm-none-eabi/10.2.1/../../../../arm-none-eabi/lib/thumb/v7e-m+fp/hard/libc_nano.a(lib_a-puts.o)
                                                  /usr/share/gcc-arm-none-eabi-10-2020-q4-major/bin/../lib/gcc/arm-none-eabi/10.2.1/../../../../arm-none-eabi/lib/thumb/v7e-m+fp/hard/libc_nano.a(lib_a-printf.o)
__sinit_lock_acquire                              /usr/share/gcc-arm-none-eabi-10-2020-q4-major/bin/../lib/gcc/arm-none-eabi/10.2.1/../../../../arm-none-eabi/lib/thumb/v7e-m+fp/hard/libc_nano.a(lib_a-findfp.o)
__sinit_lock_release                              /usr/share/gcc-arm-none-eabi-10-2020-q4-major/bin/../lib/gcc/arm-none-eabi/10.2.1/../../../../arm-none-eabi/lib/thumb/v7e-m+fp/hard/libc_nano.a(lib_a-findfp.o)
__smakebuf_r                                      /usr/share/gcc-arm-none-eabi-10-2020-q4-major/bin/../lib/gcc/arm-none-eabi/10.2.1/../../../../arm-none-eabi/lib/thumb/v7e-m+fp/hard/libc_nano.a(lib_a-makebuf.o)
                                                  /usr/share/gcc-arm-none-eabi-10-2020-q4-major/bin/../lib/gcc/arm-none-eabi/10.2.1/../../../../arm-none-eabi/lib/thumb/v7e-m+fp/hard/libc_nano.a(lib_a-wsetup.o)
__sprint_r                                        /usr/share/gcc-arm-none-eabi-10-2020-q4-major/bin/../lib/gcc/arm-none-eabi/10.2.1/../../../../arm-none-eabi/lib/thumb/v7e-m+fp/hard/libc_nano.a(lib_a-nano-vfprintf.o)
__sread                                           /usr/share/gcc-arm-none-eabi-10-2020-q4-major/bin/../lib/gcc/arm-none-eabi/10.2.1/../../../../arm-none-eabi/lib/thumb/v7e-m+fp/hard/libc_nano.a(lib_a-stdio.o)
                                                  /usr/share/gcc-arm-none-eabi-10-2020-q4-major/bin/../lib/gcc/arm-none-eabi/10.2.1/../../../../arm-none-eabi/lib/thumb/v7e-m+fp/hard/libc_nano.a(lib_a-findfp.o)
__sseek                                           /usr/share/gcc-arm-none-eabi-10-2020-q4-major/bin/../lib/gcc/arm-none-eabi/10.2.1/../../../../arm-none-eabi/lib/thumb/v7e-m+fp/hard/libc_nano.a(lib_a-stdio.o)
                                                  /usr/share/gcc-arm-none-eabi-10-2020-q4-major/bin/../lib/gcc/arm-none-eabi/10.2.1/../../../../arm-none-eabi/lib/thumb/v7e-m+fp/hard/libc_nano.a(lib_a-findfp.o)
__swbuf                                           /usr/share/gcc-arm-none-eabi-10-2020-q4-major/bin/../lib/gcc/arm-none-eabi/10.2.1/../../../../arm-none-eabi/lib/thumb/v7e-m+fp/hard/libc_nano.a(lib_a-wbuf.o)
__swbuf_r                                         /usr/share/gcc-arm-none-eabi-10-2020-q4-major/bin/../lib/gcc/arm-none-eabi/10.2.1/../../../../arm-none-eabi/lib/thumb/v7e-m+fp/hard/libc_nano.a(lib_a-wbuf.o)
                                                  /usr/share/gcc-arm-none-eabi-10-2020-q4-major/bin/../lib/gcc/arm-none-eabi/10.2.1/../../../../arm-none-eabi/lib/thumb/v7e-m+fp/hard/libc_nano.a(lib_a-nano-vfprintf.o)
                                                  /usr/share/gcc-arm-none-eabi-10-2020-q4-major/bin/../lib/gcc/arm-none-eabi/10.2.1/../../../../arm-none-eabi/lib/thumb/v7e-m+fp/hard/libc_nano.a(lib_a-puts.o)
__swhatbuf_r                                      /usr/share/gcc-arm-none-eabi-10-2020-q4-major/bin/../lib/gcc/arm-none-eabi/10.2.1/../../../../arm-none-eabi/lib/thumb/v7e-m+fp/hard/libc_nano.a(lib_a-makebuf.o)
__swrite                                          /usr/share/gcc-arm-none-eabi-10-2020-q4-major/bin/../lib/gcc/arm-none-eabi/10.2.1/../../../../arm-none-eabi/lib/thumb/v7e-m+fp/hard/libc_nano.a(lib_a-stdio.o)
                                                  /usr/share/gcc-arm-none-eabi-10-2020-q4-major/bin/../lib/gcc/arm-none-eabi/10.2.1/../../../../arm-none-eabi/lib/thumb/v7e-m+fp/hard/libc_nano.a(lib_a-findfp.o)
__swsetup_r                                       /usr/share/gcc-arm-none-eabi-10-2020-q4-major/bin/../lib/gcc/arm-none-eabi/10.2.1/../../../../arm-none-eabi/lib/thumb/v7e-m+fp/hard/libc_nano.a(lib_a-wsetup.o)