Archive member included to satisfy reference by file (symbol)

../../lib/libopencm3//lib/libopencm3_stm32f3.a(gpio_common_f0234.o)
                              main.o (gpio_mode_setup)
../../lib/libopencm3//lib/libopencm3_stm32f3.a(rcc_common_all.o)
                              main.o (rcc_periph_clock_enable)
../../lib/libopencm3//lib/libopencm3_stm32f3.a(usart_common_all.o)
                              main.o (usart_set_baudrate)
../../lib/libopencm3//lib/libopencm3_stm32f3.a(vector.o)
                              (reset_handler)
../../lib/libopencm3//lib/libopencm3_stm32f3.a(rcc.o)
                              ../../lib/libopencm3//lib/libopencm3_stm32f3.a(usart_common_all.o) (rcc_apb2_frequency)
../../lib/libopencm3//lib/libopencm3_stm32f3.a(usart_common_v2.o)
                              ../../lib/libopencm3//lib/libopencm3_stm32f3.a(usart_common_all.o) (usart_send)
../../lib/libopencm3//lib/libopencm3_stm32f3.a(assert.o)
                              ../../lib/libopencm3//lib/libopencm3_stm32f3.a(rcc.o) (cm3_assert_failed)
../../lib/libopencm3//lib/libopencm3_stm32f3.a(flash_common_all.o)
                              ../../lib/libopencm3//lib/libopencm3_stm32f3.a(rcc.o) (flash_prefetch_enable)
/usr/share/gcc-arm-none-eabi-10-2020-q4-major/bin/../lib/gcc/arm-none-eabi/10.2.1/../../../../arm-none-eabi/lib/thumb/v7e-m+fp/hard/libc_nano.a(lib_a-errno.o)
                              main.o (__errno)
/usr/share/gcc-arm-none-eabi-10-2020-q4-major/bin/../lib/gcc/arm-none-eabi/10.2.1/../../../../arm-none-eabi/lib/thumb/v7e-m+fp/hard/libc_nano.a(lib_a-impure.o)
                              /usr/share/gcc-arm-none-eabi-10-2020-q4-major/bin/../lib/gcc/arm-none-eabi/10.2.1/../../../../arm-none-eabi/lib/thumb/v7e-m+fp/hard/libc_nano.a(lib_a-errno.o) (_impure_ptr)
/usr/share/gcc-arm-none-eabi-10-2020-q4-major/bin/../lib/gcc/arm-none-eabi/10.2.1/../../../../arm-none-eabi/lib/thumb/v7e-m+fp/hard/libc_nano.a(lib_a-puts.o)
                              main.o (puts)
/usr/share/gcc-arm-none-eabi-10-2020-q4-major/bin/../lib/gcc/arm-none-eabi/10.2.1/../../../../arm-none-eabi/lib/thumb/v7e-m+fp/hard/libc_nano.a(lib_a-wbuf.o)
                              /usr/share/gcc-arm-none-eabi-10-2020-q4-major/bin/../lib/gcc/arm-none-eabi/10.2.1/../../../../arm-none-eabi/lib/thumb/v7e-m+fp/hard/libc_nano.a(lib_a-puts.o) (__swbuf_r)
/usr/share/gcc-arm-none-eabi-10-2020-q4-major/bin/../lib/gcc/arm-none-eabi/10.2.1/../../../../arm-none-eabi/lib/thumb/v7e-m+fp/hard/libc_nano.a(lib_a-wsetup.o)
                              /usr/share/gcc-arm-none-eabi-10-2020-q4-major/bin/../lib/gcc/arm-none-eabi/10.2.1/../../../../arm-none-eabi/lib/thumb/v7e-m+fp/hard/libc_nano.a(lib_a-puts.o) (__swsetup_r)
/usr/share/gcc-arm-none-eabi-10-2020-q4-major/bin/../lib/gcc/arm-none-eabi/10.2.1/../../../../arm-none-eabi/lib/thumb/v7e-m+fp/hard/libc_nano.a(lib_a-fflush.o)
                              /usr/share/gcc-arm-none-eabi-10-2020-q4-major/bin/../lib/gcc/arm-none-eabi/10.2.1/../../../../arm-none-eabi/lib/thumb/v7e-m+fp/hard/libc_nano.a(lib_a-wbuf.o) (_fflush_r)
/usr/share/gcc-arm-none-eabi-10-2020-q4-major/bin/../lib/gcc/arm-none-eabi/10.2.1/../../../../arm-none-eabi/lib/thumb/v7e-m+fp/hard/libc_nano.a(lib_a-findfp.o)
                              /usr/share/gcc-arm-none-eabi-10-2020-q4-major/bin/../lib/gcc/arm-none-eabi/10.2.1/../../../../arm-none-eabi/lib/thumb/v7e-m+fp/hard/libc_nano.a(lib_a-puts.o) (__sinit)
/usr/share/gcc-arm-none-eabi-10-2020-q4-major/bin/../lib/gcc/arm-none-eabi/10.2.1/../../../../arm-none-eabi/lib/thumb/v7e-m+fp/hard/libc_nano.a(lib_a-fwalk.o)
                              /usr/share/gcc-arm-none-eabi-10-2020-q4-major/bin/../lib/gcc/arm-none-eabi/10.2.1/../../../../arm-none-eabi/lib/thumb/v7e-m+fp/hard/libc_nano.a(lib_a-findfp.o) (_fwalk)
/usr/share/gcc-arm-none-eabi-10-2020-q4-major/bin/../lib/gcc/arm-none-eabi/10.2.1/../../../../arm-none-eabi/lib/thumb/v7e-m+fp/hard/libc_nano.a(lib_a-lock.o)
                              /usr/share/gcc-arm-none-eabi-10-2020-q4-major/bin/../lib/gcc/arm-none-eabi/10.2.1/../../../../arm-none-eabi/lib/thumb/v7e-m+fp/hard/libc_nano.a(lib_a-findfp.o) (__retarget_lock_init_recursive)
/usr/share/gcc-arm-none-eabi-10-2020-q4-major/bin/../lib/gcc/arm-none-eabi/10.2.1/../../../../arm-none-eabi/lib/thumb/v7e-m+fp/hard/libc_nano.a(lib_a-makebuf.o)
                              /usr/share/gcc-arm-none-eabi-10-2020-q4-major/bin/../lib/gcc/arm-none-eabi/10.2.1/../../../../arm-none-eabi/lib/thumb/v7e-m+fp/hard/libc_nano.a(lib_a-wsetup.o) (__smakebuf_r)
/usr/share/gcc-arm-none-eabi-10-2020-q4-major/bin/../lib/gcc/arm-none-eabi/10.2.1/../../../../arm-none-eabi/lib/thumb/v7e-m+fp/hard/libc_nano.a(lib_a-memset.o)
                              /usr/share/gcc-arm-none-eabi-10-2020-q4-major/bin/../lib/gcc/arm-none-eabi/10.2.1/../../../../arm-none-eabi/lib/thumb/v7e-m+fp/hard/libc_nano.a(lib_a-findfp.o) (memset)
[...]
Memory Configuration

Name             Origin             Length             Attributes
rom              0x0000000008000000 0x0000000000080000 xr
ram              0x0000000020000000 0x0000000000010000 xrw
*default*        0x0000000000000000 0xffffffffffffffff

Linker script and memory map

LOAD main.o
LOAD ../../lib/libopencm3//lib/libopencm3_stm32f3.a
START GROUP
LOAD /usr/share/gcc-arm-none-eabi-10-2020-q4-major/bin/../lib/gcc/arm-none-eabi/10.2.1/../../../../arm-none-eabi/lib/thumb/v7e-m+fp/hard/libc_nano.a
LOAD /usr/share/gcc-arm-none-eabi-10-2020-q4-major/bin/../lib/gcc/arm-none-eabi/10.2.1/thumb/v7e-m+fp/hard/libgcc.a
LOAD /usr/share/gcc-arm-none-eabi-10-2020-q4-major/bin/../lib/gcc/arm-none-eabi/10.2.1/../../../../arm-none-eabi/lib/thumb/v7e-m+fp/hard/libnosys.a
END GROUP
START GROUP
LOAD /usr/share/gcc-arm-none-eabi-10-2020-q4-major/bin/../lib/gcc/arm-none-eabi/10.2.1/thumb/v7e-m+fp/hard/libgcc.a
LOAD /usr/share/gcc-arm-none-eabi-10-2020-q4-major/bin/../lib/gcc/arm-none-eabi/10.2.1/../../../../arm-none-eabi/lib/thumb/v7e-m+fp/hard/libg_nano.a
LOAD /usr/share/gcc-arm-none-eabi-10-2020-q4-major/bin/../lib/gcc/arm-none-eabi/10.2.1/../../../../arm-none-eabi/lib/thumb/v7e-m+fp/hard/libc_nano.a
END GROUP
START GROUP
LOAD /usr/share/gcc-arm-none-eabi-10-2020-q4-major/bin/../lib/gcc/arm-none-eabi/10.2.1/thumb/v7e-m+fp/hard/libgcc.a
LOAD /usr/share/gcc-arm-none-eabi-10-2020-q4-major/bin/../lib/gcc/arm-none-eabi/10.2.1/../../../../arm-none-eabi/lib/thumb/v7e-m+fp/hard/libc_nano.a
END GROUP

.text           0x0000000008000000      0xec4
 *(.vectors)
 .vectors       0x0000000008000000      0x184 ../../lib/libopencm3//lib/libopencm3_stm32f3.a(vector.o)
                0x0000000008000000                vector_table
 *(.text*)
 .text._write   0x0000000008000184       0x48 main.o
                0x0000000008000184                _write
 .text.startup.main
                0x00000000080001cc       0x78 main.o
                0x00000000080001cc                main
 .text.gpio_mode_setup
                0x0000000008000244       0x40 ../../lib/libopencm3//lib/libopencm3_stm32f3.a(gpio_common_f0234.o)
                0x0000000008000244                gpio_mode_setup
 .text.gpio_set_af
                0x0000000008000284       0x58 ../../lib/libopencm3//lib/libopencm3_stm32f3.a(gpio_common_f0234.o)
                0x0000000008000284                gpio_set_af
 .text.rcc_periph_clock_enable
                0x00000000080002dc       0x1c ../../lib/libopencm3//lib/libopencm3_stm32f3.a(rcc_common_all.o)
                0x00000000080002dc                rcc_periph_clock_enable
 .text.usart_set_baudrate
                0x00000000080002f8       0x28 ../../lib/libopencm3//lib/libopencm3_stm32f3.a(usart_common_all.o)
                0x00000000080002f8                usart_set_baudrate
 .text.usart_set_databits
                0x0000000008000320       0x12 ../../lib/libopencm3//lib/libopencm3_stm32f3.a(usart_common_all.o)
                0x0000000008000320                usart_set_databits
 .text.usart_set_stopbits
                0x0000000008000332        0xc ../../lib/libopencm3//lib/libopencm3_stm32f3.a(usart_common_all.o)
                0x0000000008000332                usart_set_stopbits
 .text.usart_set_parity
                0x000000000800033e        0xc ../../lib/libopencm3//lib/libopencm3_stm32f3.a(usart_common_all.o)
                0x000000000800033e                usart_set_parity
 .text.usart_set_mode
                0x000000000800034a        0xc ../../lib/libopencm3//lib/libopencm3_stm32f3.a(usart_common_all.o)
                0x000000000800034a                usart_set_mode
 .text.usart_set_flow_control
                0x0000000008000356        0xc ../../lib/libopencm3//lib/libopencm3_stm32f3.a(usart_common_all.o)
                0x0000000008000356                usart_set_flow_control
 .text.usart_enable
                0x0000000008000362        0xa ../../lib/libopencm3//lib/libopencm3_stm32f3.a(usart_common_all.o)
                0x0000000008000362                usart_enable
 .text.usart_send_blocking
                0x000000000800036c       0x18 ../../lib/libopencm3//lib/libopencm3_stm32f3.a(usart_common_all.o)
                0x000000000800036c                usart_send_blocking
 .text.blocking_handler
                0x0000000008000384        0x2 ../../lib/libopencm3//lib/libopencm3_stm32f3.a(vector.o)
                0x0000000008000384                usb_lp_isr
                0x0000000008000384                i2c2_ev_exti24_isr
                0x0000000008000384                usb_hp_isr
                0x0000000008000384                hrtim_timb_isr
                0x0000000008000384                tim7_isr
                0x0000000008000384                adc1_2_isr
                0x0000000008000384                hrtim_timc_isr
                0x0000000008000384                reserved_13_isr
                0x0000000008000384                blocking_handler
                0x0000000008000384                rtc_wkup_isr
                0x0000000008000384                tim1_up_tim16_isr
                0x0000000008000384                spi1_isr
                0x0000000008000384                dma1_channel6_isr
                0x0000000008000384                reserved_5_isr
                0x0000000008000384                dma1_channel5_isr
                0x0000000008000384                dma2_channel5_isr
                0x0000000008000384                tamp_stamp_isr
                0x0000000008000384                can1_rx1_isr
                0x0000000008000384                hrtim_master_isr
                0x0000000008000384                hrtim_tima_isr
                0x0000000008000384                usage_fault_handler
                0x0000000008000384                tim8_trg_com_isr
                0x0000000008000384                i2c1_ev_exti23_isr
                0x0000000008000384                tim1_trg_com_tim17_isr
                0x0000000008000384                reserved_15_isr
                0x0000000008000384                usb_wkup_isr
                0x0000000008000384                can1_sce_isr
                0x0000000008000384                reserved_3_isr
                0x0000000008000384                tim1_cc_isr
                0x0000000008000384                eth_isr
                0x0000000008000384                reserved_14_isr
                0x0000000008000384                dma1_channel4_isr
                0x0000000008000384                tim8_brk_isr
                0x0000000008000384                dma2_channel4_isr
                0x0000000008000384                pvd_isr
                0x0000000008000384                comp123_isr
                0x0000000008000384                comp456_isr
                0x0000000008000384                rcc_isr
                0x0000000008000384                flash_isr
                0x0000000008000384                rtc_alarm_isr
                0x0000000008000384                reserved_2_isr
                0x0000000008000384                exti15_10_isr
                0x0000000008000384                hard_fault_handler
                0x0000000008000384                exti1_isr
                0x0000000008000384                dma2_channel1_isr
                0x0000000008000384                spi2_isr
                0x0000000008000384                nvic_wwdg_isr
                0x0000000008000384                tim8_up_isr
                0x0000000008000384                usart1_exti25_isr
                0x0000000008000384                dma2_channel2_isr
                0x0000000008000384                exti3_isr
                0x0000000008000384                adc3_isr
                0x0000000008000384                tim3_isr
                0x0000000008000384                i2c2_er_isr
                0x0000000008000384                reserved_1_isr
                0x0000000008000384                dma1_channel1_isr
                0x0000000008000384                exti4_isr
                0x0000000008000384                tim6_dac_isr
                0x0000000008000384                mem_manage_handler
                0x0000000008000384                exti9_5_isr
                0x0000000008000384                dma2_channel3_isr
                0x0000000008000384                usb_hp_can1_tx_isr
                0x0000000008000384                dma1_channel7_isr
                0x0000000008000384                usart3_exti28_isr
                0x0000000008000384                tim4_isr
                0x0000000008000384                usb_lp_can1_rx0_isr
                0x0000000008000384                hrtim_time_isr
                0x0000000008000384                hrtim_timd_isr
                0x0000000008000384                dma1_channel2_isr
                0x0000000008000384                i2c1_er_isr
                0x0000000008000384                tim8_cc_isr
                0x0000000008000384                comp7_isr
                0x0000000008000384                uart5_exti35_isr
                0x0000000008000384                reserved_4_isr
                0x0000000008000384                hrtim_flt_isr
                0x0000000008000384                bus_fault_handler
                0x0000000008000384                tim1_brk_tim15_isr
                0x0000000008000384                dma1_channel3_isr
                0x0000000008000384                uart4_exti34_isr
                0x0000000008000384                usart2_exti26_isr
                0x0000000008000384                spi3_isr
                0x0000000008000384                tim2_isr
                0x0000000008000384                reserved_16_isr
                0x0000000008000384                exti2_tsc_isr
                0x0000000008000384                usb_wkup_a_isr
                0x0000000008000384                exti0_isr
 .text.null_handler
                0x0000000008000386        0x2 ../../lib/libopencm3//lib/libopencm3_stm32f3.a(vector.o)
                0x0000000008000386                null_handler
                0x0000000008000386                sv_call_handler
                0x0000000008000386                pend_sv_handler
                0x0000000008000386                debug_monitor_handler
                0x0000000008000386                sys_tick_handler
                0x0000000008000386                nmi_handler
 .text.reset_handler
                0x0000000008000388       0xa0 ../../lib/libopencm3//lib/libopencm3_stm32f3.a(vector.o)
                0x0000000008000388                reset_handler
 .text.usart_send
                0x0000000008000428        0x8 ../../lib/libopencm3//lib/libopencm3_stm32f3.a(usart_common_v2.o)
                0x0000000008000428                usart_send
 .text.usart_wait_send_ready
                0x0000000008000430        0x8 ../../lib/libopencm3//lib/libopencm3_stm32f3.a(usart_common_v2.o)
                0x0000000008000430                usart_wait_send_ready
 .text.__errno  0x0000000008000438        0xc /usr/share/gcc-arm-none-eabi-10-2020-q4-major/bin/../lib/gcc/arm-none-eabi/10.2.1/../../../../arm-none-eabi/lib/thumb/v7e-m+fp/hard/libc_nano.a(lib_a-errno.o)
                0x0000000008000438                __errno
 .text._puts_r  0x0000000008000444       0xdc /usr/share/gcc-arm-none-eabi-10-2020-q4-major/bin/../lib/gcc/arm-none-eabi/10.2.1/../../../../arm-none-eabi/lib/thumb/v7e-m+fp/hard/libc_nano.a(lib_a-puts.o)
                0x0000000008000444                _puts_r
 .text.puts     0x0000000008000520       0x10 /usr/share/gcc-arm-none-eabi-10-2020-q4-major/bin/../lib/gcc/arm-none-eabi/10.2.1/../../../../arm-none-eabi/lib/thumb/v7e-m+fp/hard/libc_nano.a(lib_a-puts.o)
                0x0000000008000520                puts
 .text.__swbuf_r
                0x0000000008000530       0xa4 /usr/share/gcc-arm-none-eabi-10-2020-q4-major/bin/../lib/gcc/arm-none-eabi/10.2.1/../../../../arm-none-eabi/lib/thumb/v7e-m+fp/hard/libc_nano.a(lib_a-wbuf.o)
                0x0000000008000530                __swbuf_r
 .text.__swsetup_r
                0x00000000080005d4       0xdc /usr/share/gcc-arm-none-eabi-10-2020-q4-major/bin/../lib/gcc/arm-none-eabi/10.2.1/../../../../arm-none-eabi/lib/thumb/v7e-m+fp/hard/libc_nano.a(lib_a-wsetup.o)
                0x00000000080005d4                __swsetup_r
 .text.__sflush_r
                0x00000000080006b0      0x10c /usr/share/gcc-arm-none-eabi-10-2020-q4-major/bin/../lib/gcc/arm-none-eabi/10.2.1/../../../../arm-none-eabi/lib/thumb/v7e-m+fp/hard/libc_nano.a(lib_a-fflush.o)
                0x00000000080006b0                __sflush_r
 .text._fflush_r
                0x00000000080007bc       0x78 /usr/share/gcc-arm-none-eabi-10-2020-q4-major/bin/../lib/gcc/arm-none-eabi/10.2.1/../../../../arm-none-eabi/lib/thumb/v7e-m+fp/hard/libc_nano.a(lib_a-fflush.o)
                0x00000000080007bc                _fflush_r
 .text.std      0x0000000008000834       0x48 /usr/share/gcc-arm-none-eabi-10-2020-q4-major/bin/../lib/gcc/arm-none-eabi/10.2.1/../../../../arm-none-eabi/lib/thumb/v7e-m+fp/hard/libc_nano.a(lib_a-findfp.o)
 .text._cleanup_r
                0x000000000800087c        0xc /usr/share/gcc-arm-none-eabi-10-2020-q4-major/bin/../lib/gcc/arm-none-eabi/10.2.1/../../../../arm-none-eabi/lib/thumb/v7e-m+fp/hard/libc_nano.a(lib_a-findfp.o)
                0x000000000800087c                _cleanup_r
 .text.__sfmoreglue
                0x0000000008000888       0x2c /usr/share/gcc-arm-none-eabi-10-2020-q4-major/bin/../lib/gcc/arm-none-eabi/10.2.1/../../../../arm-none-eabi/lib/thumb/v7e-m+fp/hard/libc_nano.a(lib_a-findfp.o)
                0x0000000008000888                __sfmoreglue
 .text.__sfp_lock_acquire
                0x00000000080008b4        0xc /usr/share/gcc-arm-none-eabi-10-2020-q4-major/bin/../lib/gcc/arm-none-eabi/10.2.1/../../../../arm-none-eabi/lib/thumb/v7e-m+fp/hard/libc_nano.a(lib_a-findfp.o)
                0x00000000080008b4                __sfp_lock_acquire
 .text.__sfp_lock_release
                0x00000000080008c0        0xc /usr/share/gcc-arm-none-eabi-10-2020-q4-major/bin/../lib/gcc/arm-none-eabi/10.2.1/../../../../arm-none-eabi/lib/thumb/v7e-m+fp/hard/libc_nano.a(lib_a-findfp.o)
                0x00000000080008c0                __sfp_lock_release
 .text.__sinit_lock_acquire
                0x00000000080008cc        0xc /usr/share/gcc-arm-none-eabi-10-2020-q4-major/bin/../lib/gcc/arm-none-eabi/10.2.1/../../../../arm-none-eabi/lib/thumb/v7e-m+fp/hard/libc_nano.a(lib_a-findfp.o)
                0x00000000080008cc                __sinit_lock_acquire
 .text.__sinit_lock_release
                0x00000000080008d8        0xc /usr/share/gcc-arm-none-eabi-10-2020-q4-major/bin/../lib/gcc/arm-none-eabi/10.2.1/../../../../arm-none-eabi/lib/thumb/v7e-m+fp/hard/libc_nano.a(lib_a-findfp.o)
                0x00000000080008d8                __sinit_lock_release
 .text.__sinit  0x00000000080008e4       0x70 /usr/share/gcc-arm-none-eabi-10-2020-q4-major/bin/../lib/gcc/arm-none-eabi/10.2.1/../../../../arm-none-eabi/lib/thumb/v7e-m+fp/hard/libc_nano.a(lib_a-findfp.o)
                0x00000000080008e4                __sinit
 .text.__sfp    0x0000000008000954       0x8c /usr/share/gcc-arm-none-eabi-10-2020-q4-major/bin/../lib/gcc/arm-none-eabi/10.2.1/../../../../arm-none-eabi/lib/thumb/v7e-m+fp/hard/libc_nano.a(lib_a-findfp.o)
                0x0000000008000954                __sfp
 .text._fwalk_reent
                0x00000000080009e0       0x3e /usr/share/gcc-arm-none-eabi-10-2020-q4-major/bin/../lib/gcc/arm-none-eabi/10.2.1/../../../../arm-none-eabi/lib/thumb/v7e-m+fp/hard/libc_nano.a(lib_a-fwalk.o)
                0x00000000080009e0                _fwalk_reent
 .text.__retarget_lock_init_recursive
                0x0000000008000a1e        0x2 /usr/share/gcc-arm-none-eabi-10-2020-q4-major/bin/../lib/gcc/arm-none-eabi/10.2.1/../../../../arm-none-eabi/lib/thumb/v7e-m+fp/hard/libc_nano.a(lib_a-lock.o)
                0x0000000008000a1e                __retarget_lock_init_recursive
 .text.__retarget_lock_acquire_recursive
                0x0000000008000a20        0x2 /usr/share/gcc-arm-none-eabi-10-2020-q4-major/bin/../lib/gcc/arm-none-eabi/10.2.1/../../../../arm-none-eabi/lib/thumb/v7e-m+fp/hard/libc_nano.a(lib_a-lock.o)
                0x0000000008000a20                __retarget_lock_acquire_recursive
 .text.__retarget_lock_release_recursive
                0x0000000008000a22        0x2 /usr/share/gcc-arm-none-eabi-10-2020-q4-major/bin/../lib/gcc/arm-none-eabi/10.2.1/../../../../arm-none-eabi/lib/thumb/v7e-m+fp/hard/libc_nano.a(lib_a-lock.o)
                0x0000000008000a22                __retarget_lock_release_recursive
 .text.__swhatbuf_r
                0x0000000008000a24       0x4a /usr/share/gcc-arm-none-eabi-10-2020-q4-major/bin/../lib/gcc/arm-none-eabi/10.2.1/../../../../arm-none-eabi/lib/thumb/v7e-m+fp/hard/libc_nano.a(lib_a-makebuf.o)
                0x0000000008000a24                __swhatbuf_r
 *fill*         0x0000000008000a6e        0x2 
 .text.__smakebuf_r
                0x0000000008000a70       0x80 /usr/share/gcc-arm-none-eabi-10-2020-q4-major/bin/../lib/gcc/arm-none-eabi/10.2.1/../../../../arm-none-eabi/lib/thumb/v7e-m+fp/hard/libc_nano.a(lib_a-makebuf.o)
                0x0000000008000a70                __smakebuf_r
 .text.memset   0x0000000008000af0       0x10 /usr/share/gcc-arm-none-eabi-10-2020-q4-major/bin/../lib/gcc/arm-none-eabi/10.2.1/../../../../arm-none-eabi/lib/thumb/v7e-m+fp/hard/libc_nano.a(lib_a-memset.o)
                0x0000000008000af0                memset
 .text._free_r  0x0000000008000b00       0x98 /usr/share/gcc-arm-none-eabi-10-2020-q4-major/bin/../lib/gcc/arm-none-eabi/10.2.1/../../../../arm-none-eabi/lib/thumb/v7e-m+fp/hard/libc_nano.a(lib_a-nano-freer.o)
                0x0000000008000b00                _free_r
 .text._malloc_r
                0x0000000008000b98       0xb4 /usr/share/gcc-arm-none-eabi-10-2020-q4-major/bin/../lib/gcc/arm-none-eabi/10.2.1/../../../../arm-none-eabi/lib/thumb/v7e-m+fp/hard/libc_nano.a(lib_a-nano-mallocr.o)
                0x0000000008000b98                _malloc_r
 .text._sbrk_r  0x0000000008000c4c       0x20 /usr/share/gcc-arm-none-eabi-10-2020-q4-major/bin/../lib/gcc/arm-none-eabi/10.2.1/../../../../arm-none-eabi/lib/thumb/v7e-m+fp/hard/libc_nano.a(lib_a-sbrkr.o)
                0x0000000008000c4c                _sbrk_r
 .text.__sread  0x0000000008000c6c       0x22 /usr/share/gcc-arm-none-eabi-10-2020-q4-major/bin/../lib/gcc/arm-none-eabi/10.2.1/../../../../arm-none-eabi/lib/thumb/v7e-m+fp/hard/libc_nano.a(lib_a-stdio.o)
                0x0000000008000c6c                __sread
 .text.__swrite
                0x0000000008000c8e       0x38 /usr/share/gcc-arm-none-eabi-10-2020-q4-major/bin/../lib/gcc/arm-none-eabi/10.2.1/../../../../arm-none-eabi/lib/thumb/v7e-m+fp/hard/libc_nano.a(lib_a-stdio.o)
                0x0000000008000c8e                __swrite
 .text.__sseek  0x0000000008000cc6       0x24 /usr/share/gcc-arm-none-eabi-10-2020-q4-major/bin/../lib/gcc/arm-none-eabi/10.2.1/../../../../arm-none-eabi/lib/thumb/v7e-m+fp/hard/libc_nano.a(lib_a-stdio.o)
                0x0000000008000cc6                __sseek
 .text.__sclose
                0x0000000008000cea        0x8 /usr/share/gcc-arm-none-eabi-10-2020-q4-major/bin/../lib/gcc/arm-none-eabi/10.2.1/../../../../arm-none-eabi/lib/thumb/v7e-m+fp/hard/libc_nano.a(lib_a-stdio.o)
                0x0000000008000cea                __sclose
 *fill*         0x0000000008000cf2        0x2 
 .text._write_r
                0x0000000008000cf4       0x24 /usr/share/gcc-arm-none-eabi-10-2020-q4-major/bin/../lib/gcc/arm-none-eabi/10.2.1/../../../../arm-none-eabi/lib/thumb/v7e-m+fp/hard/libc_nano.a(lib_a-writer.o)
                0x0000000008000cf4                _write_r
 .text._close_r
                0x0000000008000d18       0x20 /usr/share/gcc-arm-none-eabi-10-2020-q4-major/bin/../lib/gcc/arm-none-eabi/10.2.1/../../../../arm-none-eabi/lib/thumb/v7e-m+fp/hard/libc_nano.a(lib_a-closer.o)
                0x0000000008000d18                _close_r
 .text._fstat_r
                0x0000000008000d38       0x24 /usr/share/gcc-arm-none-eabi-10-2020-q4-major/bin/../lib/gcc/arm-none-eabi/10.2.1/../../../../arm-none-eabi/lib/thumb/v7e-m+fp/hard/libc_nano.a(lib_a-fstatr.o)
                0x0000000008000d38                _fstat_r
 .text._isatty_r
                0x0000000008000d5c       0x20 /usr/share/gcc-arm-none-eabi-10-2020-q4-major/bin/../lib/gcc/arm-none-eabi/10.2.1/../../../../arm-none-eabi/lib/thumb/v7e-m+fp/hard/libc_nano.a(lib_a-isattyr.o)
                0x0000000008000d5c                _isatty_r
 .text._lseek_r
                0x0000000008000d7c       0x24 /usr/share/gcc-arm-none-eabi-10-2020-q4-major/bin/../lib/gcc/arm-none-eabi/10.2.1/../../../../arm-none-eabi/lib/thumb/v7e-m+fp/hard/libc_nano.a(lib_a-lseekr.o)
                0x0000000008000d7c                _lseek_r
 .text.__malloc_lock
                0x0000000008000da0        0xc /usr/share/gcc-arm-none-eabi-10-2020-q4-major/bin/../lib/gcc/arm-none-eabi/10.2.1/../../../../arm-none-eabi/lib/thumb/v7e-m+fp/hard/libc_nano.a(lib_a-mlock.o)
                0x0000000008000da0                __malloc_lock
 .text.__malloc_unlock
                0x0000000008000dac        0xc /usr/share/gcc-arm-none-eabi-10-2020-q4-major/bin/../lib/gcc/arm-none-eabi/10.2.1/../../../../arm-none-eabi/lib/thumb/v7e-m+fp/hard/libc_nano.a(lib_a-mlock.o)
                0x0000000008000dac                __malloc_unlock
 .text._read_r  0x0000000008000db8       0x24 /usr/share/gcc-arm-none-eabi-10-2020-q4-major/bin/../lib/gcc/arm-none-eabi/10.2.1/../../../../arm-none-eabi/lib/thumb/v7e-m+fp/hard/libc_nano.a(lib_a-readr.o)
                0x0000000008000db8                _read_r
 .text._close   0x0000000008000ddc       0x10 /usr/share/gcc-arm-none-eabi-10-2020-q4-major/bin/../lib/gcc/arm-none-eabi/10.2.1/../../../../arm-none-eabi/lib/thumb/v7e-m+fp/hard/libnosys.a(close.o)
                0x0000000008000ddc                _close
 .text._fstat   0x0000000008000dec       0x10 /usr/share/gcc-arm-none-eabi-10-2020-q4-major/bin/../lib/gcc/arm-none-eabi/10.2.1/../../../../arm-none-eabi/lib/thumb/v7e-m+fp/hard/libnosys.a(fstat.o)
                0x0000000008000dec                _fstat
 .text._isatty  0x0000000008000dfc       0x10 /usr/share/gcc-arm-none-eabi-10-2020-q4-major/bin/../lib/gcc/arm-none-eabi/10.2.1/../../../../arm-none-eabi/lib/thumb/v7e-m+fp/hard/libnosys.a(isatty.o)
                0x0000000008000dfc                _isatty
 .text._lseek   0x0000000008000e0c       0x10 /usr/share/gcc-arm-none-eabi-10-2020-q4-major/bin/../lib/gcc/arm-none-eabi/10.2.1/../../../../arm-none-eabi/lib/thumb/v7e-m+fp/hard/libnosys.a(lseek.o)
                0x0000000008000e0c                _lseek
 .text._read    0x0000000008000e1c       0x10 /usr/share/gcc-arm-none-eabi-10-2020-q4-major/bin/../lib/gcc/arm-none-eabi/10.2.1/../../../../arm-none-eabi/lib/thumb/v7e-m+fp/hard/libnosys.a(read.o)
                0x0000000008000e1c                _read
 .text._sbrk    0x0000000008000e2c       0x1c /usr/share/gcc-arm-none-eabi-10-2020-q4-major/bin/../lib/gcc/arm-none-eabi/10.2.1/../../../../arm-none-eabi/lib/thumb/v7e-m+fp/hard/libnosys.a(sbrk.o)
                0x0000000008000e2c                _sbrk
                0x0000000008000e48                . = ALIGN (0x4)
 *(.rodata*)
 .rodata.main.str1.1
                0x0000000008000e48       0x15 main.o
 *fill*         0x0000000008000e5d        0x3 
 .rodata._global_impure_ptr
                0x0000000008000e60        0x4 /usr/share/gcc-arm-none-eabi-10-2020-q4-major/bin/../lib/gcc/arm-none-eabi/10.2.1/../../../../arm-none-eabi/lib/thumb/v7e-m+fp/hard/libc_nano.a(lib_a-impure.o)
                0x0000000008000e60                _global_impure_ptr
 .rodata.__sf_fake_stderr
                0x0000000008000e64       0x20 /usr/share/gcc-arm-none-eabi-10-2020-q4-major/bin/../lib/gcc/arm-none-eabi/10.2.1/../../../../arm-none-eabi/lib/thumb/v7e-m+fp/hard/libc_nano.a(lib_a-findfp.o)
                0x0000000008000e64                __sf_fake_stderr
 .rodata.__sf_fake_stdin
                0x0000000008000e84       0x20 /usr/share/gcc-arm-none-eabi-10-2020-q4-major/bin/../lib/gcc/arm-none-eabi/10.2.1/../../../../arm-none-eabi/lib/thumb/v7e-m+fp/hard/libc_nano.a(lib_a-findfp.o)
                0x0000000008000e84                __sf_fake_stdin
 .rodata.__sf_fake_stdout
                0x0000000008000ea4       0x20 /usr/share/gcc-arm-none-eabi-10-2020-q4-major/bin/../lib/gcc/arm-none-eabi/10.2.1/../../../../arm-none-eabi/lib/thumb/v7e-m+fp/hard/libc_nano.a(lib_a-findfp.o)
                0x0000000008000ea4                __sf_fake_stdout
                0x0000000008000ec4                . = ALIGN (0x4)

.glue_7         0x0000000008000ec4        0x0
 .glue_7        0x0000000008000ec4        0x0 linker stubs

.glue_7t        0x0000000008000ec4        0x0
 .glue_7t       0x0000000008000ec4        0x0 linker stubs

.vfp11_veneer   0x0000000008000ec4        0x0
 .vfp11_veneer  0x0000000008000ec4        0x0 linker stubs

.v4_bx          0x0000000008000ec4        0x0
 .v4_bx         0x0000000008000ec4        0x0 linker stubs

.iplt           0x0000000008000ec4        0x0
 .iplt          0x0000000008000ec4        0x0 main.o

.rel.dyn        0x0000000008000ec4        0x0
 .rel.iplt      0x0000000008000ec4        0x0 main.o

.preinit_array  0x0000000008000ec4        0x0
                0x0000000008000ec4                . = ALIGN (0x4)
                0x0000000008000ec4                __preinit_array_start = .
 *(.preinit_array)
                0x0000000008000ec4                __preinit_array_end = .

.init_array     0x0000000008000ec4        0x0
                0x0000000008000ec4                . = ALIGN (0x4)
                0x0000000008000ec4                __init_array_start = .
 *(SORT_BY_NAME(.init_array.*))
 *(.init_array)
                0x0000000008000ec4                __init_array_end = .

.fini_array     0x0000000008000ec4        0x0
                0x0000000008000ec4                . = ALIGN (0x4)
                0x0000000008000ec4                __fini_array_start = .
 *(.fini_array)
 *(SORT_BY_NAME(.fini_array.*))
                0x0000000008000ec4                __fini_array_end = .

.ARM.extab
 *(.ARM.extab*)

.ARM.exidx      0x0000000008000ec4        0x0
                0x0000000008000ec4                __exidx_start = .
 *(.ARM.exidx*)
                0x0000000008000ec4                __exidx_end = .
                0x0000000008000ec4                . = ALIGN (0x4)
                0x0000000008000ec4                _etext = .

.noinit
 *(.noinit*)
                0x0000000008000ec4                . = ALIGN (0x4)

.data           0x0000000020000000       0x6c load address 0x0000000008000ec4
                0x0000000020000000                _data = .
 *(.data*)
 .data.rcc_apb1_frequency
                0x0000000020000000        0x4 ../../lib/libopencm3//lib/libopencm3_stm32f3.a(rcc.o)
                0x0000000020000000                rcc_apb1_frequency
 .data.rcc_apb2_frequency
                0x0000000020000004        0x4 ../../lib/libopencm3//lib/libopencm3_stm32f3.a(rcc.o)
                0x0000000020000004                rcc_apb2_frequency
 .data._impure_ptr
                0x0000000020000008        0x4 /usr/share/gcc-arm-none-eabi-10-2020-q4-major/bin/../lib/gcc/arm-none-eabi/10.2.1/../../../../arm-none-eabi/lib/thumb/v7e-m+fp/hard/libc_nano.a(lib_a-impure.o)
                0x0000000020000008                _impure_ptr
 .data.impure_data
                0x000000002000000c       0x60 /usr/share/gcc-arm-none-eabi-10-2020-q4-major/bin/../lib/gcc/arm-none-eabi/10.2.1/../../../../arm-none-eabi/lib/thumb/v7e-m+fp/hard/libc_nano.a(lib_a-impure.o)
 *(.ramtext*)
                0x000000002000006c                . = ALIGN (0x4)
                0x000000002000006c                _edata = .
                0x0000000008000ec4                _data_loadaddr = LOADADDR (.data)

.igot.plt       0x000000002000006c        0x0 load address 0x0000000008000f30
 .igot.plt      0x000000002000006c        0x0 main.o

.bss            0x000000002000006c       0x14 load address 0x0000000008000f30
 *(.bss*)
 .bss.__lock___malloc_recursive_mutex
                0x000000002000006c        0x1 /usr/share/gcc-arm-none-eabi-10-2020-q4-major/bin/../lib/gcc/arm-none-eabi/10.2.1/../../../../arm-none-eabi/lib/thumb/v7e-m+fp/hard/libc_nano.a(lib_a-lock.o)
                0x000000002000006c                __lock___malloc_recursive_mutex
 .bss.__lock___sfp_recursive_mutex
                0x000000002000006d        0x1 /usr/share/gcc-arm-none-eabi-10-2020-q4-major/bin/../lib/gcc/arm-none-eabi/10.2.1/../../../../arm-none-eabi/lib/thumb/v7e-m+fp/hard/libc_nano.a(lib_a-lock.o)
                0x000000002000006d                __lock___sfp_recursive_mutex
 .bss.__lock___sinit_recursive_mutex
                0x000000002000006e        0x1 /usr/share/gcc-arm-none-eabi-10-2020-q4-major/bin/../lib/gcc/arm-none-eabi/10.2.1/../../../../arm-none-eabi/lib/thumb/v7e-m+fp/hard/libc_nano.a(lib_a-lock.o)
                0x000000002000006e                __lock___sinit_recursive_mutex
 *fill*         0x000000002000006f        0x1 
 .bss.__malloc_free_list
                0x0000000020000070        0x4 /usr/share/gcc-arm-none-eabi-10-2020-q4-major/bin/../lib/gcc/arm-none-eabi/10.2.1/../../../../arm-none-eabi/lib/thumb/v7e-m+fp/hard/libc_nano.a(lib_a-nano-mallocr.o)
                0x0000000020000070                __malloc_free_list
 .bss.__malloc_sbrk_start
                0x0000000020000074        0x4 /usr/share/gcc-arm-none-eabi-10-2020-q4-major/bin/../lib/gcc/arm-none-eabi/10.2.1/../../../../arm-none-eabi/lib/thumb/v7e-m+fp/hard/libc_nano.a(lib_a-nano-mallocr.o)
                0x0000000020000074                __malloc_sbrk_start
 .bss.errno     0x0000000020000078        0x4 /usr/share/gcc-arm-none-eabi-10-2020-q4-major/bin/../lib/gcc/arm-none-eabi/10.2.1/../../../../arm-none-eabi/lib/thumb/v7e-m+fp/hard/libc_nano.a(lib_a-reent.o)
                0x0000000020000078                errno
 .bss.heap_end.0
                0x000000002000007c        0x4 /usr/share/gcc-arm-none-eabi-10-2020-q4-major/bin/../lib/gcc/arm-none-eabi/10.2.1/../../../../arm-none-eabi/lib/thumb/v7e-m+fp/hard/libnosys.a(sbrk.o)
 *(COMMON)
                0x0000000020000080                . = ALIGN (0x4)
                0x0000000020000080                _ebss = .

/DISCARD/
 *(.eh_frame)
                0x0000000020000080                . = ALIGN (0x4)
                0x0000000020000080                end = .
                0x0000000020010000                PROVIDE (_stack = (ORIGIN (ram) + LENGTH (ram)))
OUTPUT(main.elf elf32-littlearm)
LOAD linker stubs

.debug_info     0x0000000000000000     0x2638
 .debug_info    0x0000000000000000      0x4f7 main.o
 .debug_info    0x00000000000004f7      0x233 ../../lib/libopencm3//lib/libopencm3_stm32f3.a(gpio_common_f0234.o)
 .debug_info    0x000000000000072a      0x690 ../../lib/libopencm3//lib/libopencm3_stm32f3.a(rcc_common_all.o)
 .debug_info    0x0000000000000dba      0x5cb ../../lib/libopencm3//lib/libopencm3_stm32f3.a(usart_common_all.o)
 .debug_info    0x0000000000001385      0x2f2 ../../lib/libopencm3//lib/libopencm3_stm32f3.a(vector.o)
 .debug_info    0x0000000000001677      0xc13 ../../lib/libopencm3//lib/libopencm3_stm32f3.a(rcc.o)
 .debug_info    0x000000000000228a      0x3ae ../../lib/libopencm3//lib/libopencm3_stm32f3.a(usart_common_v2.o)

.debug_abbrev   0x0000000000000000      0xa40
 .debug_abbrev  0x0000000000000000      0x125 main.o
 .debug_abbrev  0x0000000000000125       0xbf ../../lib/libopencm3//lib/libopencm3_stm32f3.a(gpio_common_f0234.o)
 .debug_abbrev  0x00000000000001e4      0x177 ../../lib/libopencm3//lib/libopencm3_stm32f3.a(rcc_common_all.o)
 .debug_abbrev  0x000000000000035b      0x129 ../../lib/libopencm3//lib/libopencm3_stm32f3.a(usart_common_all.o)
 .debug_abbrev  0x0000000000000484      0x15b ../../lib/libopencm3//lib/libopencm3_stm32f3.a(vector.o)
 .debug_abbrev  0x00000000000005df      0x339 ../../lib/libopencm3//lib/libopencm3_stm32f3.a(rcc.o)
 .debug_abbrev  0x0000000000000918      0x128 ../../lib/libopencm3//lib/libopencm3_stm32f3.a(usart_common_v2.o)

.debug_loc      0x0000000000000000      0xedc
 .debug_loc     0x0000000000000000       0xc0 main.o
 .debug_loc     0x00000000000000c0      0x14f ../../lib/libopencm3//lib/libopencm3_stm32f3.a(gpio_common_f0234.o)
 .debug_loc     0x000000000000020f      0x120 ../../lib/libopencm3//lib/libopencm3_stm32f3.a(rcc_common_all.o)
 .debug_loc     0x000000000000032f      0x1e1 ../../lib/libopencm3//lib/libopencm3_stm32f3.a(usart_common_all.o)
 .debug_loc     0x0000000000000510      0x128 ../../lib/libopencm3//lib/libopencm3_stm32f3.a(vector.o)
 .debug_loc     0x0000000000000638      0x7c4 ../../lib/libopencm3//lib/libopencm3_stm32f3.a(rcc.o)
 .debug_loc     0x0000000000000dfc       0xe0 ../../lib/libopencm3//lib/libopencm3_stm32f3.a(usart_common_v2.o)

.debug_aranges  0x0000000000000000      0x3a8
 .debug_aranges
                0x0000000000000000       0x28 main.o
 .debug_aranges
                0x0000000000000028       0x30 ../../lib/libopencm3//lib/libopencm3_stm32f3.a(gpio_common_f0234.o)
 .debug_aranges
                0x0000000000000058       0x60 ../../lib/libopencm3//lib/libopencm3_stm32f3.a(rcc_common_all.o)
 .debug_aranges
                0x00000000000000b8       0xd8 ../../lib/libopencm3//lib/libopencm3_stm32f3.a(usart_common_all.o)
 .debug_aranges
                0x0000000000000190       0x30 ../../lib/libopencm3//lib/libopencm3_stm32f3.a(vector.o)
 .debug_aranges
                0x00000000000001c0      0x140 ../../lib/libopencm3//lib/libopencm3_stm32f3.a(rcc.o)
 .debug_aranges
                0x0000000000000300       0xa8 ../../lib/libopencm3//lib/libopencm3_stm32f3.a(usart_common_v2.o)

.debug_ranges   0x0000000000000000      0x380
 .debug_ranges  0x0000000000000000       0x30 main.o
 .debug_ranges  0x0000000000000030       0x20 ../../lib/libopencm3//lib/libopencm3_stm32f3.a(gpio_common_f0234.o)
 .debug_ranges  0x0000000000000050       0x50 ../../lib/libopencm3//lib/libopencm3_stm32f3.a(rcc_common_all.o)
 .debug_ranges  0x00000000000000a0       0xc8 ../../lib/libopencm3//lib/libopencm3_stm32f3.a(usart_common_all.o)
 .debug_ranges  0x0000000000000168       0x20 ../../lib/libopencm3//lib/libopencm3_stm32f3.a(vector.o)
 .debug_ranges  0x0000000000000188      0x160 ../../lib/libopencm3//lib/libopencm3_stm32f3.a(rcc.o)
 .debug_ranges  0x00000000000002e8       0x98 ../../lib/libopencm3//lib/libopencm3_stm32f3.a(usart_common_v2.o)

.debug_macro    0x0000000000000000     0x500f
 .debug_macro   0x0000000000000000      0x2a0 main.o
 .debug_macro   0x00000000000002a0      0xa78 main.o
 .debug_macro   0x0000000000000d18       0x22 main.o
 .debug_macro   0x0000000000000d3a       0x4c main.o
 .debug_macro   0x0000000000000d86       0x18 main.o
 .debug_macro   0x0000000000000d9e       0x5c main.o
 .debug_macro   0x0000000000000dfa       0x3c main.o
 .debug_macro   0x0000000000000e36       0x34 main.o
 .debug_macro   0x0000000000000e6a       0x16 main.o
 .debug_macro   0x0000000000000e80       0x57 main.o
 .debug_macro   0x0000000000000ed7       0x97 main.o
 .debug_macro   0x0000000000000f6e      0x333 main.o
 .debug_macro   0x00000000000012a1       0xfd main.o
 .debug_macro   0x000000000000139e       0x10 main.o
 .debug_macro   0x00000000000013ae       0x16 main.o
 .debug_macro   0x00000000000013c4       0x43 main.o
 .debug_macro   0x0000000000001407       0x34 main.o
 .debug_macro   0x000000000000143b       0x10 main.o
 .debug_macro   0x000000000000144b       0x58 main.o
 .debug_macro   0x00000000000014a3       0x71 main.o
 .debug_macro   0x0000000000001514       0x1c main.o
 .debug_macro   0x0000000000001530      0x12a main.o
 .debug_macro   0x000000000000165a       0x10 main.o
 .debug_macro   0x000000000000166a       0x6a main.o
 .debug_macro   0x00000000000016d4       0xb2 main.o
 .debug_macro   0x0000000000001786       0x16 main.o
 .debug_macro   0x000000000000179c      0x114 main.o
 .debug_macro   0x00000000000018b0       0x10 main.o
 .debug_macro   0x00000000000018c0      0x241 main.o
 .debug_macro   0x0000000000001b01       0x1c main.o
 .debug_macro   0x0000000000001b1d      0x103 main.o
 .debug_macro   0x0000000000001c20      0x1df main.o
 .debug_macro   0x0000000000001dff       0x22 main.o
 .debug_macro   0x0000000000001e21       0xe8 main.o
 .debug_macro   0x0000000000001f09       0x76 main.o
 .debug_macro   0x0000000000001f7f      0x1b9 main.o
 .debug_macro   0x0000000000002138       0x76 main.o
 .debug_macro   0x00000000000021ae      0x37e main.o
 .debug_macro   0x000000000000252c      0x7ac main.o
 .debug_macro   0x0000000000002cd8       0x94 main.o
 .debug_macro   0x0000000000002d6c      0x55b main.o
 .debug_macro   0x00000000000032c7       0x22 main.o
 .debug_macro   0x00000000000032e9       0x16 main.o
 .debug_macro   0x00000000000032ff       0x35 main.o
 .debug_macro   0x0000000000003334       0x22 main.o
 .debug_macro   0x0000000000003356      0x39c main.o
 .debug_macro   0x00000000000036f2       0xc2 ../../lib/libopencm3//lib/libopencm3_stm32f3.a(gpio_common_f0234.o)
 .debug_macro   0x00000000000037b4      0xa6c ../../lib/libopencm3//lib/libopencm3_stm32f3.a(gpio_common_f0234.o)
 .debug_macro   0x0000000000004220       0x56 ../../lib/libopencm3//lib/libopencm3_stm32f3.a(gpio_common_f0234.o)
 .debug_macro   0x0000000000004276       0x51 ../../lib/libopencm3//lib/libopencm3_stm32f3.a(gpio_common_f0234.o)
 .debug_macro   0x00000000000042c7       0xce ../../lib/libopencm3//lib/libopencm3_stm32f3.a(rcc_common_all.o)
 .debug_macro   0x0000000000004395       0xd9 ../../lib/libopencm3//lib/libopencm3_stm32f3.a(usart_common_all.o)
 .debug_macro   0x000000000000446e       0xd3 ../../lib/libopencm3//lib/libopencm3_stm32f3.a(vector.o)
 .debug_macro   0x0000000000004541      0x452 ../../lib/libopencm3//lib/libopencm3_stm32f3.a(vector.o)
 .debug_macro   0x0000000000004993       0x6e ../../lib/libopencm3//lib/libopencm3_stm32f3.a(vector.o)
 .debug_macro   0x0000000000004a01      0x1f0 ../../lib/libopencm3//lib/libopencm3_stm32f3.a(vector.o)
 .debug_macro   0x0000000000004bf1      0x104 ../../lib/libopencm3//lib/libopencm3_stm32f3.a(rcc.o)
 .debug_macro   0x0000000000004cf5       0x16 ../../lib/libopencm3//lib/libopencm3_stm32f3.a(rcc.o)
 .debug_macro   0x0000000000004d0b       0xd6 ../../lib/libopencm3//lib/libopencm3_stm32f3.a(rcc.o)
 .debug_macro   0x0000000000004de1      0x16d ../../lib/libopencm3//lib/libopencm3_stm32f3.a(rcc.o)
 .debug_macro   0x0000000000004f4e       0xc1 ../../lib/libopencm3//lib/libopencm3_stm32f3.a(usart_common_v2.o)

.debug_line     0x0000000000000000     0x29e6
 .debug_line    0x0000000000000000      0x594 main.o
 .debug_line    0x0000000000000594      0x4d7 ../../lib/libopencm3//lib/libopencm3_stm32f3.a(gpio_common_f0234.o)
 .debug_line    0x0000000000000a6b      0x43e ../../lib/libopencm3//lib/libopencm3_stm32f3.a(rcc_common_all.o)
 .debug_line    0x0000000000000ea9      0x64a ../../lib/libopencm3//lib/libopencm3_stm32f3.a(usart_common_all.o)
 .debug_line    0x00000000000014f3      0x480 ../../lib/libopencm3//lib/libopencm3_stm32f3.a(vector.o)
 .debug_line    0x0000000000001973      0xb4c ../../lib/libopencm3//lib/libopencm3_stm32f3.a(rcc.o)
 .debug_line    0x00000000000024bf      0x527 ../../lib/libopencm3//lib/libopencm3_stm32f3.a(usart_common_v2.o)

.debug_str      0x0000000000000000    0x1256a
 .debug_str     0x0000000000000000     0xe618 main.o
                                       0xe828 (size before relaxing)
 .debug_str     0x000000000000e618      0x1ba ../../lib/libopencm3//lib/libopencm3_stm32f3.a(gpio_common_f0234.o)
                                       0x5d02 (size before relaxing)
 .debug_str     0x000000000000e7d2      0x3ef ../../lib/libopencm3//lib/libopencm3_stm32f3.a(rcc_common_all.o)
                                       0x720e (size before relaxing)
 .debug_str     0x000000000000ebc1      0x23b ../../lib/libopencm3//lib/libopencm3_stm32f3.a(usart_common_all.o)
                                       0x8b3d (size before relaxing)
 .debug_str     0x000000000000edfc     0x2c22 ../../lib/libopencm3//lib/libopencm3_stm32f3.a(vector.o)
                                       0x6d44 (size before relaxing)
 .debug_str     0x0000000000011a1e      0x9bc ../../lib/libopencm3//lib/libopencm3_stm32f3.a(rcc.o)
                                       0x888f (size before relaxing)
 .debug_str     0x00000000000123da      0x190 ../../lib/libopencm3//lib/libopencm3_stm32f3.a(usart_common_v2.o)
                                       0x6b2c (size before relaxing)

.comment        0x0000000000000000       0x4d
 .comment       0x0000000000000000       0x4d main.o
                                         0x4e (size before relaxing)
 .comment       0x000000000000004d       0x4e ../../lib/libopencm3//lib/libopencm3_stm32f3.a(gpio_common_f0234.o)
 .comment       0x000000000000004d       0x4e ../../lib/libopencm3//lib/libopencm3_stm32f3.a(rcc_common_all.o)
 .comment       0x000000000000004d       0x4e ../../lib/libopencm3//lib/libopencm3_stm32f3.a(usart_common_all.o)
 .comment       0x000000000000004d       0x4e ../../lib/libopencm3//lib/libopencm3_stm32f3.a(vector.o)
 .comment       0x000000000000004d       0x4e ../../lib/libopencm3//lib/libopencm3_stm32f3.a(rcc.o)
 .comment       0x000000000000004d       0x4e ../../lib/libopencm3//lib/libopencm3_stm32f3.a(usart_common_v2.o)

.ARM.attributes
                0x0000000000000000       0x34
 .ARM.attributes
                0x0000000000000000       0x34 main.o
 .ARM.attributes
                0x0000000000000034       0x34 ../../lib/libopencm3//lib/libopencm3_stm32f3.a(gpio_common_f0234.o)
 .ARM.attributes
                0x0000000000000068       0x34 ../../lib/libopencm3//lib/libopencm3_stm32f3.a(rcc_common_all.o)
 .ARM.attributes
                0x000000000000009c       0x34 ../../lib/libopencm3//lib/libopencm3_stm32f3.a(usart_common_all.o)
 .ARM.attributes
                0x00000000000000d0       0x34 ../../lib/libopencm3//lib/libopencm3_stm32f3.a(vector.o)
 .ARM.attributes
                0x0000000000000104       0x34 ../../lib/libopencm3//lib/libopencm3_stm32f3.a(rcc.o)
 .ARM.attributes
                0x0000000000000138       0x34 ../../lib/libopencm3//lib/libopencm3_stm32f3.a(usart_common_v2.o)
 .ARM.attributes
                0x000000000000016c       0x34 /usr/share/gcc-arm-none-eabi-10-2020-q4-major/bin/../lib/gcc/arm-none-eabi/10.2.1/../../../../arm-none-eabi/lib/thumb/v7e-m+fp/hard/libc_nano.a(lib_a-errno.o)
 .ARM.attributes
                0x00000000000001a0       0x32 /usr/share/gcc-arm-none-eabi-10-2020-q4-major/bin/../lib/gcc/arm-none-eabi/10.2.1/../../../../arm-none-eabi/lib/thumb/v7e-m+fp/hard/libc_nano.a(lib_a-impure.o)
 .ARM.attributes
                0x00000000000001d2       0x34 /usr/share/gcc-arm-none-eabi-10-2020-q4-major/bin/../lib/gcc/arm-none-eabi/10.2.1/../../../../arm-none-eabi/lib/thumb/v7e-m+fp/hard/libc_nano.a(lib_a-puts.o)
 .ARM.attributes
                0x0000000000000206       0x34 /usr/share/gcc-arm-none-eabi-10-2020-q4-major/bin/../lib/gcc/arm-none-eabi/10.2.1/../../../../arm-none-eabi/lib/thumb/v7e-m+fp/hard/libc_nano.a(lib_a-wbuf.o)
 .ARM.attributes
                0x000000000000023a       0x34 /usr/share/gcc-arm-none-eabi-10-2020-q4-major/bin/../lib/gcc/arm-none-eabi/10.2.1/../../../../arm-none-eabi/lib/thumb/v7e-m+fp/hard/libc_nano.a(lib_a-wsetup.o)
 .ARM.attributes
                0x000000000000026e       0x34 /usr/share/gcc-arm-none-eabi-10-2020-q4-major/bin/../lib/gcc/arm-none-eabi/10.2.1/../../../../arm-none-eabi/lib/thumb/v7e-m+fp/hard/libc_nano.a(lib_a-fflush.o)
 .ARM.attributes
                0x00000000000002a2       0x34 /usr/share/gcc-arm-none-eabi-10-2020-q4-major/bin/../lib/gcc/arm-none-eabi/10.2.1/../../../../arm-none-eabi/lib/thumb/v7e-m+fp/hard/libc_nano.a(lib_a-findfp.o)
 .ARM.attributes
                0x00000000000002d6       0x34 /usr/share/gcc-arm-none-eabi-10-2020-q4-major/bin/../lib/gcc/arm-none-eabi/10.2.1/../../../../arm-none-eabi/lib/thumb/v7e-m+fp/hard/libc_nano.a(lib_a-fwalk.o)
 .ARM.attributes
                0x000000000000030a       0x34 /usr/share/gcc-arm-none-eabi-10-2020-q4-major/bin/../lib/gcc/arm-none-eabi/10.2.1/../../../../arm-none-eabi/lib/thumb/v7e-m+fp/hard/libc_nano.a(lib_a-lock.o)
 .ARM.attributes
                0x000000000000033e       0x34 /usr/share/gcc-arm-none-eabi-10-2020-q4-major/bin/../lib/gcc/arm-none-eabi/10.2.1/../../../../arm-none-eabi/lib/thumb/v7e-m+fp/hard/libc_nano.a(lib_a-makebuf.o)
 .ARM.attributes
                0x0000000000000372       0x34 /usr/share/gcc-arm-none-eabi-10-2020-q4-major/bin/../lib/gcc/arm-none-eabi/10.2.1/../../../../arm-none-eabi/lib/thumb/v7e-m+fp/hard/libc_nano.a(lib_a-memset.o)
 .ARM.attributes
                0x00000000000003a6       0x34 /usr/share/gcc-arm-none-eabi-10-2020-q4-major/bin/../lib/gcc/arm-none-eabi/10.2.1/../../../../arm-none-eabi/lib/thumb/v7e-m+fp/hard/libc_nano.a(lib_a-nano-freer.o)
 .ARM.attributes
                0x00000000000003da       0x34 /usr/share/gcc-arm-none-eabi-10-2020-q4-major/bin/../lib/gcc/arm-none-eabi/10.2.1/../../../../arm-none-eabi/lib/thumb/v7e-m+fp/hard/libc_nano.a(lib_a-nano-mallocr.o)
 .ARM.attributes
                0x000000000000040e       0x34 /usr/share/gcc-arm-none-eabi-10-2020-q4-major/bin/../lib/gcc/arm-none-eabi/10.2.1/../../../../arm-none-eabi/lib/thumb/v7e-m+fp/hard/libc_nano.a(lib_a-sbrkr.o)
 .ARM.attributes
                0x0000000000000442       0x34 /usr/share/gcc-arm-none-eabi-10-2020-q4-major/bin/../lib/gcc/arm-none-eabi/10.2.1/../../../../arm-none-eabi/lib/thumb/v7e-m+fp/hard/libc_nano.a(lib_a-stdio.o)
 .ARM.attributes
                0x0000000000000476       0x34 /usr/share/gcc-arm-none-eabi-10-2020-q4-major/bin/../lib/gcc/arm-none-eabi/10.2.1/../../../../arm-none-eabi/lib/thumb/v7e-m+fp/hard/libc_nano.a(lib_a-writer.o)
 .ARM.attributes
                0x00000000000004aa       0x34 /usr/share/gcc-arm-none-eabi-10-2020-q4-major/bin/../lib/gcc/arm-none-eabi/10.2.1/../../../../arm-none-eabi/lib/thumb/v7e-m+fp/hard/libc_nano.a(lib_a-closer.o)
 .ARM.attributes
                0x00000000000004de       0x34 /usr/share/gcc-arm-none-eabi-10-2020-q4-major/bin/../lib/gcc/arm-none-eabi/10.2.1/../../../../arm-none-eabi/lib/thumb/v7e-m+fp/hard/libc_nano.a(lib_a-fstatr.o)
 .ARM.attributes
                0x0000000000000512       0x34 /usr/share/gcc-arm-none-eabi-10-2020-q4-major/bin/../lib/gcc/arm-none-eabi/10.2.1/../../../../arm-none-eabi/lib/thumb/v7e-m+fp/hard/libc_nano.a(lib_a-isattyr.o)
 .ARM.attributes
                0x0000000000000546       0x34 /usr/share/gcc-arm-none-eabi-10-2020-q4-major/bin/../lib/gcc/arm-none-eabi/10.2.1/../../../../arm-none-eabi/lib/thumb/v7e-m+fp/hard/libc_nano.a(lib_a-lseekr.o)
 .ARM.attributes
                0x000000000000057a       0x34 /usr/share/gcc-arm-none-eabi-10-2020-q4-major/bin/../lib/gcc/arm-none-eabi/10.2.1/../../../../arm-none-eabi/lib/thumb/v7e-m+fp/hard/libc_nano.a(lib_a-mlock.o)
 .ARM.attributes
                0x00000000000005ae       0x34 /usr/share/gcc-arm-none-eabi-10-2020-q4-major/bin/../lib/gcc/arm-none-eabi/10.2.1/../../../../arm-none-eabi/lib/thumb/v7e-m+fp/hard/libc_nano.a(lib_a-readr.o)
 .ARM.attributes
                0x00000000000005e2       0x34 /usr/share/gcc-arm-none-eabi-10-2020-q4-major/bin/../lib/gcc/arm-none-eabi/10.2.1/../../../../arm-none-eabi/lib/thumb/v7e-m+fp/hard/libc_nano.a(lib_a-reent.o)
 .ARM.attributes
                0x0000000000000616       0x34 /usr/share/gcc-arm-none-eabi-10-2020-q4-major/bin/../lib/gcc/arm-none-eabi/10.2.1/../../../../arm-none-eabi/lib/thumb/v7e-m+fp/hard/libnosys.a(close.o)
 .ARM.attributes
                0x000000000000064a       0x34 /usr/share/gcc-arm-none-eabi-10-2020-q4-major/bin/../lib/gcc/arm-none-eabi/10.2.1/../../../../arm-none-eabi/lib/thumb/v7e-m+fp/hard/libnosys.a(fstat.o)
 .ARM.attributes
                0x000000000000067e       0x34 /usr/share/gcc-arm-none-eabi-10-2020-q4-major/bin/../lib/gcc/arm-none-eabi/10.2.1/../../../../arm-none-eabi/lib/thumb/v7e-m+fp/hard/libnosys.a(isatty.o)
 .ARM.attributes
                0x00000000000006b2       0x34 /usr/share/gcc-arm-none-eabi-10-2020-q4-major/bin/../lib/gcc/arm-none-eabi/10.2.1/../../../../arm-none-eabi/lib/thumb/v7e-m+fp/hard/libnosys.a(lseek.o)
 .ARM.attributes
                0x00000000000006e6       0x34 /usr/share/gcc-arm-none-eabi-10-2020-q4-major/bin/../lib/gcc/arm-none-eabi/10.2.1/../../../../arm-none-eabi/lib/thumb/v7e-m+fp/hard/libnosys.a(read.o)
 .ARM.attributes
                0x000000000000071a       0x34 /usr/share/gcc-arm-none-eabi-10-2020-q4-major/bin/../lib/gcc/arm-none-eabi/10.2.1/../../../../arm-none-eabi/lib/thumb/v7e-m+fp/hard/libnosys.a(sbrk.o)

.debug_frame    0x0000000000000000      0xebc
 .debug_frame   0x0000000000000000       0x48 main.o
 .debug_frame   0x0000000000000048       0x70 ../../lib/libopencm3//lib/libopencm3_stm32f3.a(gpio_common_f0234.o)
 .debug_frame   0x00000000000000b8       0xe0 ../../lib/libopencm3//lib/libopencm3_stm32f3.a(rcc_common_all.o)
 .debug_frame   0x0000000000000198      0x1ac ../../lib/libopencm3//lib/libopencm3_stm32f3.a(usart_common_all.o)
 .debug_frame   0x0000000000000344       0x4c ../../lib/libopencm3//lib/libopencm3_stm32f3.a(vector.o)
 .debug_frame   0x0000000000000390      0x2a0 ../../lib/libopencm3//lib/libopencm3_stm32f3.a(rcc.o)
 .debug_frame   0x0000000000000630      0x130 ../../lib/libopencm3//lib/libopencm3_stm32f3.a(usart_common_v2.o)
 .debug_frame   0x0000000000000760       0x20 /usr/share/gcc-arm-none-eabi-10-2020-q4-major/bin/../lib/gcc/arm-none-eabi/10.2.1/../../../../arm-none-eabi/lib/thumb/v7e-m+fp/hard/libc_nano.a(lib_a-errno.o)
 .debug_frame   0x0000000000000780       0x3c /usr/share/gcc-arm-none-eabi-10-2020-q4-major/bin/../lib/gcc/arm-none-eabi/10.2.1/../../../../arm-none-eabi/lib/thumb/v7e-m+fp/hard/libc_nano.a(lib_a-puts.o)
 .debug_frame   0x00000000000007bc       0x40 /usr/share/gcc-arm-none-eabi-10-2020-q4-major/bin/../lib/gcc/arm-none-eabi/10.2.1/../../../../arm-none-eabi/lib/thumb/v7e-m+fp/hard/libc_nano.a(lib_a-wbuf.o)
 .debug_frame   0x00000000000007fc       0x2c /usr/share/gcc-arm-none-eabi-10-2020-q4-major/bin/../lib/gcc/arm-none-eabi/10.2.1/../../../../arm-none-eabi/lib/thumb/v7e-m+fp/hard/libc_nano.a(lib_a-wsetup.o)
 .debug_frame   0x0000000000000828       0x5c /usr/share/gcc-arm-none-eabi-10-2020-q4-major/bin/../lib/gcc/arm-none-eabi/10.2.1/../../../../arm-none-eabi/lib/thumb/v7e-m+fp/hard/libc_nano.a(lib_a-fflush.o)
 .debug_frame   0x0000000000000884      0x14c /usr/share/gcc-arm-none-eabi-10-2020-q4-major/bin/../lib/gcc/arm-none-eabi/10.2.1/../../../../arm-none-eabi/lib/thumb/v7e-m+fp/hard/libc_nano.a(lib_a-findfp.o)
 .debug_frame   0x00000000000009d0       0x54 /usr/share/gcc-arm-none-eabi-10-2020-q4-major/bin/../lib/gcc/arm-none-eabi/10.2.1/../../../../arm-none-eabi/lib/thumb/v7e-m+fp/hard/libc_nano.a(lib_a-fwalk.o)
 .debug_frame   0x0000000000000a24       0xb0 /usr/share/gcc-arm-none-eabi-10-2020-q4-major/bin/../lib/gcc/arm-none-eabi/10.2.1/../../../../arm-none-eabi/lib/thumb/v7e-m+fp/hard/libc_nano.a(lib_a-lock.o)
 .debug_frame   0x0000000000000ad4       0x58 /usr/share/gcc-arm-none-eabi-10-2020-q4-major/bin/../lib/gcc/arm-none-eabi/10.2.1/../../../../arm-none-eabi/lib/thumb/v7e-m+fp/hard/libc_nano.a(lib_a-makebuf.o)
 .debug_frame   0x0000000000000b2c       0x20 /usr/share/gcc-arm-none-eabi-10-2020-q4-major/bin/../lib/gcc/arm-none-eabi/10.2.1/../../../../arm-none-eabi/lib/thumb/v7e-m+fp/hard/libc_nano.a(lib_a-memset.o)
 .debug_frame   0x0000000000000b4c       0x38 /usr/share/gcc-arm-none-eabi-10-2020-q4-major/bin/../lib/gcc/arm-none-eabi/10.2.1/../../../../arm-none-eabi/lib/thumb/v7e-m+fp/hard/libc_nano.a(lib_a-nano-freer.o)
 .debug_frame   0x0000000000000b84       0x30 /usr/share/gcc-arm-none-eabi-10-2020-q4-major/bin/../lib/gcc/arm-none-eabi/10.2.1/../../../../arm-none-eabi/lib/thumb/v7e-m+fp/hard/libc_nano.a(lib_a-nano-mallocr.o)
 .debug_frame   0x0000000000000bb4       0x2c /usr/share/gcc-arm-none-eabi-10-2020-q4-major/bin/../lib/gcc/arm-none-eabi/10.2.1/../../../../arm-none-eabi/lib/thumb/v7e-m+fp/hard/libc_nano.a(lib_a-sbrkr.o)
 .debug_frame   0x0000000000000be0       0x88 /usr/share/gcc-arm-none-eabi-10-2020-q4-major/bin/../lib/gcc/arm-none-eabi/10.2.1/../../../../arm-none-eabi/lib/thumb/v7e-m+fp/hard/libc_nano.a(lib_a-stdio.o)
 .debug_frame   0x0000000000000c68       0x2c /usr/share/gcc-arm-none-eabi-10-2020-q4-major/bin/../lib/gcc/arm-none-eabi/10.2.1/../../../../arm-none-eabi/lib/thumb/v7e-m+fp/hard/libc_nano.a(lib_a-writer.o)
 .debug_frame   0x0000000000000c94       0x2c /usr/share/gcc-arm-none-eabi-10-2020-q4-major/bin/../lib/gcc/arm-none-eabi/10.2.1/../../../../arm-none-eabi/lib/thumb/v7e-m+fp/hard/libc_nano.a(lib_a-closer.o)
 .debug_frame   0x0000000000000cc0       0x2c /usr/share/gcc-arm-none-eabi-10-2020-q4-major/bin/../lib/gcc/arm-none-eabi/10.2.1/../../../../arm-none-eabi/lib/thumb/v7e-m+fp/hard/libc_nano.a(lib_a-fstatr.o)
 .debug_frame   0x0000000000000cec       0x2c /usr/share/gcc-arm-none-eabi-10-2020-q4-major/bin/../lib/gcc/arm-none-eabi/10.2.1/../../../../arm-none-eabi/lib/thumb/v7e-m+fp/hard/libc_nano.a(lib_a-isattyr.o)
 .debug_frame   0x0000000000000d18       0x2c /usr/share/gcc-arm-none-eabi-10-2020-q4-major/bin/../lib/gcc/arm-none-eabi/10.2.1/../../../../arm-none-eabi/lib/thumb/v7e-m+fp/hard/libc_nano.a(lib_a-lseekr.o)
 .debug_frame   0x0000000000000d44       0x30 /usr/share/gcc-arm-none-eabi-10-2020-q4-major/bin/../lib/gcc/arm-none-eabi/10.2.1/../../../../arm-none-eabi/lib/thumb/v7e-m+fp/hard/libc_nano.a(lib_a-mlock.o)
 .debug_frame   0x0000000000000d74       0x2c /usr/share/gcc-arm-none-eabi-10-2020-q4-major/bin/../lib/gcc/arm-none-eabi/10.2.1/../../../../arm-none-eabi/lib/thumb/v7e-m+fp/hard/libc_nano.a(lib_a-readr.o)
 .debug_frame   0x0000000000000da0       0x5c /usr/share/gcc-arm-none-eabi-10-2020-q4-major/bin/../lib/gcc/arm-none-eabi/10.2.1/../../../../arm-none-eabi/lib/thumb/v7e-m+fp/hard/libc_nano.a(lib_a-reent.o)
 .debug_frame   0x0000000000000dfc       0x20 /usr/share/gcc-arm-none-eabi-10-2020-q4-major/bin/../lib/gcc/arm-none-eabi/10.2.1/../../../../arm-none-eabi/lib/thumb/v7e-m+fp/hard/libnosys.a(close.o)
 .debug_frame   0x0000000000000e1c       0x20 /usr/share/gcc-arm-none-eabi-10-2020-q4-major/bin/../lib/gcc/arm-none-eabi/10.2.1/../../../../arm-none-eabi/lib/thumb/v7e-m+fp/hard/libnosys.a(fstat.o)
 .debug_frame   0x0000000000000e3c       0x20 /usr/share/gcc-arm-none-eabi-10-2020-q4-major/bin/../lib/gcc/arm-none-eabi/10.2.1/../../../../arm-none-eabi/lib/thumb/v7e-m+fp/hard/libnosys.a(isatty.o)
 .debug_frame   0x0000000000000e5c       0x20 /usr/share/gcc-arm-none-eabi-10-2020-q4-major/bin/../lib/gcc/arm-none-eabi/10.2.1/../../../../arm-none-eabi/lib/thumb/v7e-m+fp/hard/libnosys.a(lseek.o)
 .debug_frame   0x0000000000000e7c       0x20 /usr/share/gcc-arm-none-eabi-10-2020-q4-major/bin/../lib/gcc/arm-none-eabi/10.2.1/../../../../arm-none-eabi/lib/thumb/v7e-m+fp/hard/libnosys.a(read.o)
 .debug_frame   0x0000000000000e9c       0x20 /usr/share/gcc-arm-none-eabi-10-2020-q4-major/bin/../lib/gcc/arm-none-eabi/10.2.1/../../../../arm-none-eabi/lib/thumb/v7e-m+fp/hard/libnosys.a(sbrk.o)

.stab           0x0000000000000000       0x84
 .stab          0x0000000000000000       0x24 /usr/share/gcc-arm-none-eabi-10-2020-q4-major/bin/../lib/gcc/arm-none-eabi/10.2.1/../../../../arm-none-eabi/lib/thumb/v7e-m+fp/hard/libnosys.a(close.o)
 .stab          0x0000000000000024       0x18 /usr/share/gcc-arm-none-eabi-10-2020-q4-major/bin/../lib/gcc/arm-none-eabi/10.2.1/../../../../arm-none-eabi/lib/thumb/v7e-m+fp/hard/libnosys.a(fstat.o)
                                         0x24 (size before relaxing)
 .stab          0x000000000000003c       0x18 /usr/share/gcc-arm-none-eabi-10-2020-q4-major/bin/../lib/gcc/arm-none-eabi/10.2.1/../../../../arm-none-eabi/lib/thumb/v7e-m+fp/hard/libnosys.a(isatty.o)
                                         0x24 (size before relaxing)
 .stab          0x0000000000000054       0x18 /usr/share/gcc-arm-none-eabi-10-2020-q4-major/bin/../lib/gcc/arm-none-eabi/10.2.1/../../../../arm-none-eabi/lib/thumb/v7e-m+fp/hard/libnosys.a(lseek.o)
                                         0x24 (size before relaxing)
 .stab          0x000000000000006c       0x18 /usr/share/gcc-arm-none-eabi-10-2020-q4-major/bin/../lib/gcc/arm-none-eabi/10.2.1/../../../../arm-none-eabi/lib/thumb/v7e-m+fp/hard/libnosys.a(read.o)
                                         0x24 (size before relaxing)

.stabstr        0x0000000000000000      0x117
 .stabstr       0x0000000000000000      0x117 /usr/share/gcc-arm-none-eabi-10-2020-q4-major/bin/../lib/gcc/arm-none-eabi/10.2.1/../../../../arm-none-eabi/lib/thumb/v7e-m+fp/hard/libnosys.a(close.o)

Cross Reference Table

Symbol                                            File
__errno                                           /usr/share/gcc-arm-none-eabi-10-2020-q4-major/bin/../lib/gcc/arm-none-eabi/10.2.1/../../../../arm-none-eabi/lib/thumb/v7e-m+fp/hard/libc_nano.a(lib_a-errno.o)
                                                  main.o
__fini_array_end                                  ../../lib/libopencm3//lib/libopencm3_stm32f3.a(vector.o)
__fini_array_start                                ../../lib/libopencm3//lib/libopencm3_stm32f3.a(vector.o)
__fp_lock_all                                     /usr/share/gcc-arm-none-eabi-10-2020-q4-major/bin/../lib/gcc/arm-none-eabi/10.2.1/../../../../arm-none-eabi/lib/thumb/v7e-m+fp/hard/libc_nano.a(lib_a-findfp.o)
__fp_unlock_all                                   /usr/share/gcc-arm-none-eabi-10-2020-q4-major/bin/../lib/gcc/arm-none-eabi/10.2.1/../../../../arm-none-eabi/lib/thumb/v7e-m+fp/hard/libc_nano.a(lib_a-findfp.o)
__init_array_end                                  ../../lib/libopencm3//lib/libopencm3_stm32f3.a(vector.o)
__init_array_start                                ../../lib/libopencm3//lib/libopencm3_stm32f3.a(vector.o)
__lock___arc4random_mutex                         /usr/share/gcc-arm-none-eabi-10-2020-q4-major/bin/../lib/gcc/arm-none-eabi/10.2.1/../../../../arm-none-eabi/lib/thumb/v7e-m+fp/hard/libc_nano.a(lib_a-lock.o)
__lock___at_quick_exit_mutex                      /usr/share/gcc-arm-none-eabi-10-2020-q4-major/bin/../lib/gcc/arm-none-eabi/10.2.1/../../../../arm-none-eabi/lib/thumb/v7e-m+fp/hard/libc_nano.a(lib_a-lock.o)
__lock___atexit_recursive_mutex                   /usr/share/gcc-arm-none-eabi-10-2020-q4-major/bin/../lib/gcc/arm-none-eabi/10.2.1/../../../../arm-none-eabi/lib/thumb/v7e-m+fp/hard/libc_nano.a(lib_a-lock.o)
__lock___dd_hash_mutex                            /usr/share/gcc-arm-none-eabi-10-2020-q4-major/bin/../lib/gcc/arm-none-eabi/10.2.1/../../../../arm-none-eabi/lib/thumb/v7e-m+fp/hard/libc_nano.a(lib_a-lock.o)
__lock___env_recursive_mutex                      /usr/share/gcc-arm-none-eabi-10-2020-q4-major/bin/../lib/gcc/arm-none-eabi/10.2.1/../../../../arm-none-eabi/lib/thumb/v7e-m+fp/hard/libc_nano.a(lib_a-lock.o)
__lock___malloc_recursive_mutex                   /usr/share/gcc-arm-none-eabi-10-2020-q4-major/bin/../lib/gcc/arm-none-eabi/10.2.1/../../../../arm-none-eabi/lib/thumb/v7e-m+fp/hard/libc_nano.a(lib_a-lock.o)
                                                  /usr/share/gcc-arm-none-eabi-10-2020-q4-major/bin/../lib/gcc/arm-none-eabi/10.2.1/../../../../arm-none-eabi/lib/thumb/v7e-m+fp/hard/libc_nano.a(lib_a-mlock.o)
__lock___sfp_recursive_mutex                      /usr/share/gcc-arm-none-eabi-10-2020-q4-major/bin/../lib/gcc/arm-none-eabi/10.2.1/../../../../arm-none-eabi/lib/thumb/v7e-m+fp/hard/libc_nano.a(lib_a-lock.o)
                                                  /usr/share/gcc-arm-none-eabi-10-2020-q4-major/bin/../lib/gcc/arm-none-eabi/10.2.1/../../../../arm-none-eabi/lib/thumb/v7e-m+fp/hard/libc_nano.a(lib_a-findfp.o)
__lock___sinit_recursive_mutex                    /usr/share/gcc-arm-none-eabi-10-2020-q4-major/bin/../lib/gcc/arm-none-eabi/10.2.1/../../../../arm-none-eabi/lib/thumb/v7e-m+fp/hard/libc_nano.a(lib_a-lock.o)
                                                  /usr/share/gcc-arm-none-eabi-10-2020-q4-major/bin/../lib/gcc/arm-none-eabi/10.2.1/../../../../arm-none-eabi/lib/thumb/v7e-m+fp/hard/libc_nano.a(lib_a-findfp.o)
__lock___tz_mutex                                 /usr/share/gcc-arm-none-eabi-10-2020-q4-major/bin/../lib/gcc/arm-none-eabi/10.2.1/../../../../arm-none-eabi/lib/thumb/v7e-m+fp/hard/libc_nano.a(lib_a-lock.o)
__malloc_free_list                                /usr/share/gcc-arm-none-eabi-10-2020-q4-major/bin/../lib/gcc/arm-none-eabi/10.2.1/../../../../arm-none-eabi/lib/thumb/v7e-m+fp/hard/libc_nano.a(lib_a-nano-mallocr.o)
                                                  /usr/share/gcc-arm-none-eabi-10-2020-q4-major/bin/../lib/gcc/arm-none-eabi/10.2.1/../../../../arm-none-eabi/lib/thumb/v7e-m+fp/hard/libc_nano.a(lib_a-nano-freer.o)
__malloc_lock                                     /usr/share/gcc-arm-none-eabi-10-2020-q4-major/bin/../lib/gcc/arm-none-eabi/10.2.1/../../../../arm-none-eabi/lib/thumb/v7e-m+fp/hard/libc_nano.a(lib_a-mlock.o)
                                                  /usr/share/gcc-arm-none-eabi-10-2020-q4-major/bin/../lib/gcc/arm-none-eabi/10.2.1/../../../../arm-none-eabi/lib/thumb/v7e-m+fp/hard/libc_nano.a(lib_a-nano-mallocr.o)
                                                  /usr/share/gcc-arm-none-eabi-10-2020-q4-major/bin/../lib/gcc/arm-none-eabi/10.2.1/../../../../arm-none-eabi/lib/thumb/v7e-m+fp/hard/libc_nano.a(lib_a-nano-freer.o)
__malloc_sbrk_start                               /usr/share/gcc-arm-none-eabi-10-2020-q4-major/bin/../lib/gcc/arm-none-eabi/10.2.1/../../../../arm-none-eabi/lib/thumb/v7e-m+fp/hard/libc_nano.a(lib_a-nano-mallocr.o)
__malloc_unlock                                   /usr/share/gcc-arm-none-eabi-10-2020-q4-major/bin/../lib/gcc/arm-none-eabi/10.2.1/../../../../arm-none-eabi/lib/thumb/v7e-m+fp/hard/libc_nano.a(lib_a-mlock.o)
                                                  /usr/share/gcc-arm-none-eabi-10-2020-q4-major/bin/../lib/gcc/arm-none-eabi/10.2.1/../../../../arm-none-eabi/lib/thumb/v7e-m+fp/hard/libc_nano.a(lib_a-nano-mallocr.o)
                                                  /usr/share/gcc-arm-none-eabi-10-2020-q4-major/bin/../lib/gcc/arm-none-eabi/10.2.1/../../../../arm-none-eabi/lib/thumb/v7e-m+fp/hard/libc_nano.a(lib_a-nano-freer.o)
__preinit_array_end                               ../../lib/libopencm3//lib/libopencm3_stm32f3.a(vector.o)
__preinit_array_start                             ../../lib/libopencm3//lib/libopencm3_stm32f3.a(vector.o)
__retarget_lock_acquire                           /usr/share/gcc-arm-none-eabi-10-2020-q4-major/bin/../lib/gcc/arm-none-eabi/10.2.1/../../../../arm-none-eabi/lib/thumb/v7e-m+fp/hard/libc_nano.a(lib_a-lock.o)
__retarget_lock_acquire_recursive                 /usr/share/gcc-arm-none-eabi-10-2020-q4-major/bin/../lib/gcc/arm-none-eabi/10.2.1/../../../../arm-none-eabi/lib/thumb/v7e-m+fp/hard/libc_nano.a(lib_a-lock.o)
                                                  /usr/share/gcc-arm-none-eabi-10-2020-q4-major/bin/../lib/gcc/arm-none-eabi/10.2.1/../../../../arm-none-eabi/lib/thumb/v7e-m+fp/hard/libc_nano.a(lib_a-mlock.o)
                                                  /usr/share/gcc-arm-none-eabi-10-2020-q4-major/bin/../lib/gcc/arm-none-eabi/10.2.1/../../../../arm-none-eabi/lib/thumb/v7e-m+fp/hard/libc_nano.a(lib_a-findfp.o)
                                                  /usr/share/gcc-arm-none-eabi-10-2020-q4-major/bin/../lib/gcc/arm-none-eabi/10.2.1/../../../../arm-none-eabi/lib/thumb/v7e-m+fp/hard/libc_nano.a(lib_a-fflush.o)
                                                  /usr/share/gcc-arm-none-eabi-10-2020-q4-major/bin/../lib/gcc/arm-none-eabi/10.2.1/../../../../arm-none-eabi/lib/thumb/v7e-m+fp/hard/libc_nano.a(lib_a-puts.o)
__retarget_lock_close                             /usr/share/gcc-arm-none-eabi-10-2020-q4-major/bin/../lib/gcc/arm-none-eabi/10.2.1/../../../../arm-none-eabi/lib/thumb/v7e-m+fp/hard/libc_nano.a(lib_a-lock.o)
__retarget_lock_close_recursive                   /usr/share/gcc-arm-none-eabi-10-2020-q4-major/bin/../lib/gcc/arm-none-eabi/10.2.1/../../../../arm-none-eabi/lib/thumb/v7e-m+fp/hard/libc_nano.a(lib_a-lock.o)
__retarget_lock_init                              /usr/share/gcc-arm-none-eabi-10-2020-q4-major/bin/../lib/gcc/arm-none-eabi/10.2.1/../../../../arm-none-eabi/lib/thumb/v7e-m+fp/hard/libc_nano.a(lib_a-lock.o)
__retarget_lock_init_recursive                    /usr/share/gcc-arm-none-eabi-10-2020-q4-major/bin/../lib/gcc/arm-none-eabi/10.2.1/../../../../arm-none-eabi/lib/thumb/v7e-m+fp/hard/libc_nano.a(lib_a-lock.o)
                                                  /usr/share/gcc-arm-none-eabi-10-2020-q4-major/bin/../lib/gcc/arm-none-eabi/10.2.1/../../../../arm-none-eabi/lib/thumb/v7e-m+fp/hard/libc_nano.a(lib_a-findfp.o)
__retarget_lock_release                           /usr/share/gcc-arm-none-eabi-10-2020-q4-major/bin/../lib/gcc/arm-none-eabi/10.2.1/../../../../arm-none-eabi/lib/thumb/v7e-m+fp/hard/libc_nano.a(lib_a-lock.o)
__retarget_lock_release_recursive                 /usr/share/gcc-arm-none-eabi-10-2020-q4-major/bin/../lib/gcc/arm-none-eabi/10.2.1/../../../../arm-none-eabi/lib/thumb/v7e-m+fp/hard/libc_nano.a(lib_a-lock.o)
                                                  /usr/share/gcc-arm-none-eabi-10-2020-q4-major/bin/../lib/gcc/arm-none-eabi/10.2.1/../../../../arm-none-eabi/lib/thumb/v7e-m+fp/hard/libc_nano.a(lib_a-mlock.o)
                                                  /usr/share/gcc-arm-none-eabi-10-2020-q4-major/bin/../lib/gcc/arm-none-eabi/10.2.1/../../../../arm-none-eabi/lib/thumb/v7e-m+fp/hard/libc_nano.a(lib_a-findfp.o)
                                                  /usr/share/gcc-arm-none-eabi-10-2020-q4-major/bin/../lib/gcc/arm-none-eabi/10.2.1/../../../../arm-none-eabi/lib/thumb/v7e-m+fp/hard/libc_nano.a(lib_a-fflush.o)
                                                  /usr/share/gcc-arm-none-eabi-10-2020-q4-major/bin/../lib/gcc/arm-none-eabi/10.2.1/../../../../arm-none-eabi/lib/thumb/v7e-m+fp/hard/libc_nano.a(lib_a-puts.o)
__retarget_lock_try_acquire                       /usr/share/gcc-arm-none-eabi-10-2020-q4-major/bin/../lib/gcc/arm-none-eabi/10.2.1/../../../../arm-none-eabi/lib/thumb/v7e-m+fp/hard/libc_nano.a(lib_a-lock.o)
__retarget_lock_try_acquire_recursive             /usr/share/gcc-arm-none-eabi-10-2020-q4-major/bin/../lib/gcc/arm-none-eabi/10.2.1/../../../../arm-none-eabi/lib/thumb/v7e-m+fp/hard/libc_nano.a(lib_a-lock.o)
__sclose                                          /usr/share/gcc-arm-none-eabi-10-2020-q4-major/bin/../lib/gcc/arm-none-eabi/10.2.1/../../../../arm-none-eabi/lib/thumb/v7e-m+fp/hard/libc_nano.a(lib_a-stdio.o)
                                                  /usr/share/gcc-arm-none-eabi-10-2020-q4-major/bin/../lib/gcc/arm-none-eabi/10.2.1/../../../../arm-none-eabi/lib/thumb/v7e-m+fp/hard/libc_nano.a(lib_a-findfp.o)
__seofread                                        /usr/share/gcc-arm-none-eabi-10-2020-q4-major/bin/../lib/gcc/arm-none-eabi/10.2.1/../../../../arm-none-eabi/lib/thumb/v7e-m+fp/hard/libc_nano.a(lib_a-stdio.o)
__sf_fake_stderr                                  /usr/share/gcc-arm-none-eabi-10-2020-q4-major/bin/../lib/gcc/arm-none-eabi/10.2.1/../../../../arm-none-eabi/lib/thumb/v7e-m+fp/hard/libc_nano.a(lib_a-findfp.o)
                                                  /usr/share/gcc-arm-none-eabi-10-2020-q4-major/bin/../lib/gcc/arm-none-eabi/10.2.1/../../../../arm-none-eabi/lib/thumb/v7e-m+fp/hard/libc_nano.a(lib_a-fflush.o)
                                                  /usr/share/gcc-arm-none-eabi-10-2020-q4-major/bin/../lib/gcc/arm-none-eabi/10.2.1/../../../../arm-none-eabi/lib/thumb/v7e-m+fp/hard/libc_nano.a(lib_a-wsetup.o)
                                                  /usr/share/gcc-arm-none-eabi-10-2020-q4-major/bin/../lib/gcc/arm-none-eabi/10.2.1/../../../../arm-none-eabi/lib/thumb/v7e-m+fp/hard/libc_nano.a(lib_a-wbuf.o)
                                                  /usr/share/gcc-arm-none-eabi-10-2020-q4-major/bin/../lib/gcc/arm-none-eabi/10.2.1/../../../../arm-none-eabi/lib/thumb/v7e-m+fp/hard/libc_nano.a(lib_a-puts.o)
                                                  /usr/share/gcc-arm-none-eabi-10-2020-q4-major/bin/../lib/gcc/arm-none-eabi/10.2.1/../../../../arm-none-eabi/lib/thumb/v7e-m+fp/hard/libc_nano.a(lib_a-impure.o)
__sf_fake_stdin                                   /usr/share/gcc-arm-none-eabi-10-2020-q4-major/bin/../lib/gcc/arm-none-eabi/10.2.1/../../../../arm-none-eabi/lib/thumb/v7e-m+fp/hard/libc_nano.a(lib_a-findfp.o)
                                                  /usr/share/gcc-arm-none-eabi-10-2020-q4-major/bin/../lib/gcc/arm-none-eabi/10.2.1/../../../../arm-none-eabi/lib/thumb/v7e-m+fp/hard/libc_nano.a(lib_a-fflush.o)
                                                  /usr/share/gcc-arm-none-eabi-10-2020-q4-major/bin/../lib/gcc/arm-none-eabi/10.2.1/../../../../arm-none-eabi/lib/thumb/v7e-m+fp/hard/libc_nano.a(lib_a-wsetup.o)
                                                  /usr/share/gcc-arm-none-eabi-10-2020-q4-major/bin/../lib/gcc/arm-none-eabi/10.2.1/../../../../arm-none-eabi/lib/thumb/v7e-m+fp/hard/libc_nano.a(lib_a-wbuf.o)
                                                  /usr/share/gcc-arm-none-eabi-10-2020-q4-major/bin/../lib/gcc/arm-none-eabi/10.2.1/../../../../arm-none-eabi/lib/thumb/v7e-m+fp/hard/libc_nano.a(lib_a-puts.o)
                                                  /usr/share/gcc-arm-none-eabi-10-2020-q4-major/bin/../lib/gcc/arm-none-eabi/10.2.1/../../../../arm-none-eabi/lib/thumb/v7e-m+fp/hard/libc_nano.a(lib_a-impure.o)
__sf_fake_stdout                                  /usr/share/gcc-arm-none-eabi-10-2020-q4-major/bin/../lib/gcc/arm-none-eabi/10.2.1/../../../../arm-none-eabi/lib/thumb/v7e-m+fp/hard/libc_nano.a(lib_a-findfp.o)
                                                  /usr/share/gcc-arm-none-eabi-10-2020-q4-major/bin/../lib/gcc/arm-none-eabi/10.2.1/../../../../arm-none-eabi/lib/thumb/v7e-m+fp/hard/libc_nano.a(lib_a-fflush.o)
                                                  /usr/share/gcc-arm-none-eabi-10-2020-q4-major/bin/../lib/gcc/arm-none-eabi/10.2.1/../../../../arm-none-eabi/lib/thumb/v7e-m+fp/hard/libc_nano.a(lib_a-wsetup.o)
                                                  /usr/share/gcc-arm-none-eabi-10-2020-q4-major/bin/../lib/gcc/arm-none-eabi/10.2.1/../../../../arm-none-eabi/lib/thumb/v7e-m+fp/hard/libc_nano.a(lib_a-wbuf.o)
                                                  /usr/share/gcc-arm-none-eabi-10-2020-q4-major/bin/../lib/gcc/arm-none-eabi/10.2.1/../../../../arm-none-eabi/lib/thumb/v7e-m+fp/hard/libc_nano.a(lib_a-puts.o)
                                                  /usr/share/gcc-arm-none-eabi-10-2020-q4-major/bin/../lib/gcc/arm-none-eabi/10.2.1/../../../../arm-none-eabi/lib/thumb/v7e-m+fp/hard/libc_nano.a(lib_a-impure.o)
__sflush_r                                        /usr/share/gcc-arm-none-eabi-10-2020-q4-major/bin/../lib/gcc/arm-none-eabi/10.2.1/../../../../arm-none-eabi/lib/thumb/v7e-m+fp/hard/libc_nano.a(lib_a-fflush.o)
__sfmoreglue                                      /usr/share/gcc-arm-none-eabi-10-2020-q4-major/bin/../lib/gcc/arm-none-eabi/10.2.1/../../../../arm-none-eabi/lib/thumb/v7e-m+fp/hard/libc_nano.a(lib_a-findfp.o)
__sfp                                             /usr/share/gcc-arm-none-eabi-10-2020-q4-major/bin/../lib/gcc/arm-none-eabi/10.2.1/../../../../arm-none-eabi/lib/thumb/v7e-m+fp/hard/libc_nano.a(lib_a-findfp.o)
__sfp_lock_acquire                                /usr/share/gcc-arm-none-eabi-10-2020-q4-major/bin/../lib/gcc/arm-none-eabi/10.2.1/../../../../arm-none-eabi/lib/thumb/v7e-m+fp/hard/libc_nano.a(lib_a-findfp.o)
__sfp_lock_release                                /usr/share/gcc-arm-none-eabi-10-2020-q4-major/bin/../lib/gcc/arm-none-eabi/10.2.1/../../../../arm-none-eabi/lib/thumb/v7e-m+fp/hard/libc_nano.a(lib_a-findfp.o)
__sinit                                           /usr/share/gcc-arm-none-eabi-10-2020-q4-major/bin/../lib/gcc/arm-none-eabi/10.2.1/../../../../arm-none-eabi/lib/thumb/v7e-m+fp/hard/libc_nano.a(lib_a-findfp.o)
                                                  /usr/share/gcc-arm-none-eabi-10-2020-q4-major/bin/../lib/gcc/arm-none-eabi/10.2.1/../../../../arm-none-eabi/lib/thumb/v7e-m+fp/hard/libc_nano.a(lib_a-fflush.o)
                                                  /usr/share/gcc-arm-none-eabi-10-2020-q4-major/bin/../lib/gcc/arm-none-eabi/10.2.1/../../../../arm-none-eabi/lib/thumb/v7e-m+fp/hard/libc_nano.a(lib_a-wsetup.o)
                                                  /usr/share/gcc-arm-none-eabi-10-2020-q4-major/bin/../lib/gcc/arm-none-eabi/10.2.1/../../../../arm-none-eabi/lib/thumb/v7e-m+fp/hard/libc_nano.a(lib_a-wbuf.o)
                                                  /usr/share/gcc-arm-none-eabi-10-2020-q4-major/bin/../lib/gcc/arm-none-eabi/10.2.1/../../../../arm-none-eabi/lib/thumb/v7e-m+fp/hard/libc_nano.a(lib_a-puts.o)
__sinit_lock_acquire                              /usr/share/gcc-arm-none-eabi-10-2020-q4-major/bin/../lib/gcc/arm-none-eabi/10.2.1/../../../../arm-none-eabi/lib/thumb/v7e-m+fp/hard/libc_nano.a(lib_a-findfp.o)
__sinit_lock_release                              /usr/share/gcc-arm-none-eabi-10-2020-q4-major/bin/../lib/gcc/arm-none-eabi/10.2.1/../../../../arm-none-eabi/lib/thumb/v7e-m+fp/hard/libc_nano.a(lib_a-findfp.o)
__smakebuf_r                                      /usr/share/gcc-arm-none-eabi-10-2020-q4-major/bin/../lib/gcc/arm-none-eabi/10.2.1/../../../../arm-none-eabi/lib/thumb/v7e-m+fp/hard/libc_nano.a(lib_a-makebuf.o)
                                                  /usr/share/gcc-arm-none-eabi-10-2020-q4-major/bin/../lib/gcc/arm-none-eabi/10.2.1/../../../../arm-none-eabi/lib/thumb/v7e-m+fp/hard/libc_nano.a(lib_a-wsetup.o)
__sread                                           /usr/share/gcc-arm-none-eabi-10-2020-q4-major/bin/../lib/gcc/arm-none-eabi/10.2.1/../../../../arm-none-eabi/lib/thumb/v7e-m+fp/hard/libc_nano.a(lib_a-stdio.o)
                                                  /usr/share/gcc-arm-none-eabi-10-2020-q4-major/bin/../lib/gcc/arm-none-eabi/10.2.1/../../../../arm-none-eabi/lib/thumb/v7e-m+fp/hard/libc_nano.a(lib_a-findfp.o)
__sseek                                           /usr/share/gcc-arm-none-eabi-10-2020-q4-major/bin/../lib/gcc/arm-none-eabi/10.2.1/../../../../arm-none-eabi/lib/thumb/v7e-m+fp/hard/libc_nano.a(lib_a-stdio.o)
                                                  /usr/share/gcc-arm-none-eabi-10-2020-q4-major/bin/../lib/gcc/arm-none-eabi/10.2.1/../../../../arm-none-eabi/lib/thumb/v7e-m+fp/hard/libc_nano.a(lib_a-findfp.o)
__swbuf                                           /usr/share/gcc-arm-none-eabi-10-2020-q4-major/bin/../lib/gcc/arm-none-eabi/10.2.1/../../../../arm-none-eabi/lib/thumb/v7e-m+fp/hard/libc_nano.a(lib_a-wbuf.o)
__swbuf_r                                         /usr/share/gcc-arm-none-eabi-10-2020-q4-major/bin/../lib/gcc/arm-none-eabi/10.2.1/../../../../arm-none-eabi/lib/thumb/v7e-m+fp/hard/libc_nano.a(lib_a-wbuf.o)
                                                  /usr/share/gcc-arm-none-eabi-10-2020-q4-major/bin/../lib/gcc/arm-none-eabi/10.2.1/../../../../arm-none-eabi/lib/thumb/v7e-m+fp/hard/libc_nano.a(lib_a-puts.o)
__swhatbuf_r                                      /usr/share/gcc-arm-none-eabi-10-2020-q4-major/bin/../lib/gcc/arm-none-eabi/10.2.1/../../../../arm-none-eabi/lib/thumb/v7e-m+fp/hard/libc_nano.a(lib_a-makebuf.o)
__swrite                                          /usr/share/gcc-arm-none-eabi-10-2020-q4-major/bin/../lib/gcc/arm-none-eabi/10.2.1/../../../../arm-none-eabi/lib/thumb/v7e-m+fp/hard/libc_nano.a(lib_a-stdio.o)
                                                  /usr/share/gcc-arm-none-eabi-10-2020-q4-major/bin/../lib/gcc/arm-none-eabi/10.2.1/../../../../arm-none-eabi/lib/thumb/v7e-m+fp/hard/libc_nano.a(lib_a-findfp.o)
__swsetup_r                                       /usr/share/gcc-arm-none-eabi-10-2020-q4-major/bin/../lib/gcc/arm-none-eabi/10.2.1/../../../../arm-none-eabi/lib/thumb/v7e-m+fp/hard/libc_nano.a(lib_a-wsetup.o)
                                                  /usr/share/gcc-arm-none-eabi-10-2020-q4-major/bin/../lib/gcc/arm-none-eabi/10.2.1/../../../../arm-none-eabi/lib/thumb/v7e-m+fp/hard/libc_nano.a(lib_a-wbuf.o)
                                                  /usr/share/gcc-arm-none-eabi-10-2020-q4-major/bin/../lib/gcc/arm-none-eabi/10.2.1/../../../../arm-none-eabi/lib/thumb/v7e-m+fp/hard/libc_nano.a(lib_a-puts.o)
_cleanup                                          /usr/share/gcc-arm-none-eabi-10-2020-q4-major/bin/../lib/gcc/arm-none-eabi/10.2.1/../../../../arm-none-eabi/lib/thumb/v7e-m+fp/hard/libc_nano.a(lib_a-findfp.o)
_cleanup_r                                        /usr/share/gcc-arm-none-eabi-10-2020-q4-major/bin/../lib/gcc/arm-none-eabi/10.2.1/../../../../arm-none-eabi/lib/thumb/v7e-m+fp/hard/libc_nano.a(lib_a-findfp.o)
                                                  /usr/share/gcc-arm-none-eabi-10-2020-q4-major/bin/../lib/gcc/arm-none-eabi/10.2.1/../../../../arm-none-eabi/lib/thumb/v7e-m+fp/hard/libc_nano.a(lib_a-makebuf.o)
_close                                            /usr/share/gcc-arm-none-eabi-10-2020-q4-major/bin/../lib/gcc/arm-none-eabi/10.2.1/../../../../arm-none-eabi/lib/thumb/v7e-m+fp/hard/libnosys.a(close.o)
                                                  /usr/share/gcc-arm-none-eabi-10-2020-q4-major/bin/../lib/gcc/arm-none-eabi/10.2.1/../../../../arm-none-eabi/lib/thumb/v7e-m+fp/hard/libc_nano.a(lib_a-closer.o)
_close_r                                          /usr/share/gcc-arm-none-eabi-10-2020-q4-major/bin/../lib/gcc/arm-none-eabi/10.2.1/../../../../arm-none-eabi/lib/thumb/v7e-m+fp/hard/libc_nano.a(lib_a-closer.o)
                                                  /usr/share/gcc-arm-none-eabi-10-2020-q4-major/bin/../lib/gcc/arm-none-eabi/10.2.1/../../../../arm-none-eabi/lib/thumb/v7e-m+fp/hard/libc_nano.a(lib_a-stdio.o)
_data                                             ../../lib/libopencm3//lib/libopencm3_stm32f3.a(vector.o)
_data_loadaddr                                    ../../lib/libopencm3//lib/libopencm3_stm32f3.a(vector.o)
_ebss                                             ../../lib/libopencm3//lib/libopencm3_stm32f3.a(vector.o)
_edata                                            ../../lib/libopencm3//lib/libopencm3_stm32f3.a(vector.o)
_fflush_r                                         /usr/share/gcc-arm-none-eabi-10-2020-q4-major/bin/../lib/gcc/arm-none-eabi/10.2.1/../../../../arm-none-eabi/lib/thumb/v7e-m+fp/hard/libc_nano.a(lib_a-fflush.o)
                                                  /usr/share/gcc-arm-none-eabi-10-2020-q4-major/bin/../lib/gcc/arm-none-eabi/10.2.1/../../../../arm-none-eabi/lib/thumb/v7e-m+fp/hard/libc_nano.a(lib_a-findfp.o)
                                                  /usr/share/gcc-arm-none-eabi-10-2020-q4-major/bin/../lib/gcc/arm-none-eabi/10.2.1/../../../../arm-none-eabi/lib/thumb/v7e-m+fp/hard/libc_nano.a(lib_a-wbuf.o)
_free_r                                           /usr/share/gcc-arm-none-eabi-10-2020-q4-major/bin/../lib/gcc/arm-none-eabi/10.2.1/../../../../arm-none-eabi/lib/thumb/v7e-m+fp/hard/libc_nano.a(lib_a-nano-freer.o)
                                                  /usr/share/gcc-arm-none-eabi-10-2020-q4-major/bin/../lib/gcc/arm-none-eabi/10.2.1/../../../../arm-none-eabi/lib/thumb/v7e-m+fp/hard/libc_nano.a(lib_a-reent.o)
                                                  /usr/share/gcc-arm-none-eabi-10-2020-q4-major/bin/../lib/gcc/arm-none-eabi/10.2.1/../../../../arm-none-eabi/lib/thumb/v7e-m+fp/hard/libc_nano.a(lib_a-fflush.o)
                                                  /usr/share/gcc-arm-none-eabi-10-2020-q4-major/bin/../lib/gcc/arm-none-eabi/10.2.1/../../../../arm-none-eabi/lib/thumb/v7e-m+fp/hard/libc_nano.a(lib_a-wsetup.o)
_fstat                                            /usr/share/gcc-arm-none-eabi-10-2020-q4-major/bin/../lib/gcc/arm-none-eabi/10.2.1/../../../../arm-none-eabi/lib/thumb/v7e-m+fp/hard/libnosys.a(fstat.o)
                                                  /usr/share/gcc-arm-none-eabi-10-2020-q4-major/bin/../lib/gcc/arm-none-eabi/10.2.1/../../../../arm-none-eabi/lib/thumb/v7e-m+fp/hard/libc_nano.a(lib_a-fstatr.o)
_fstat_r                                          /usr/share/gcc-arm-none-eabi-10-2020-q4-major/bin/../lib/gcc/arm-none-eabi/10.2.1/../../../../arm-none-eabi/lib/thumb/v7e-m+fp/hard/libc_nano.a(lib_a-fstatr.o)
                                                  /usr/share/gcc-arm-none-eabi-10-2020-q4-major/bin/../lib/gcc/arm-none-eabi/10.2.1/../../../../arm-none-eabi/lib/thumb/v7e-m+fp/hard/libc_nano.a(lib_a-makebuf.o)
_fwalk                                            /usr/share/gcc-arm-none-eabi-10-2020-q4-major/bin/../lib/gcc/arm-none-eabi/10.2.1/../../../../arm-none-eabi/lib/thumb/v7e-m+fp/hard/libc_nano.a(lib_a-fwalk.o)
                                                  /usr/share/gcc-arm-none-eabi-10-2020-q4-major/bin/../lib/gcc/arm-none-eabi/10.2.1/../../../../arm-none-eabi/lib/thumb/v7e-m+fp/hard/libc_nano.a(lib_a-findfp.o)
_fwalk_reent                                      /usr/share/gcc-arm-none-eabi-10-2020-q4-major/bin/../lib/gcc/arm-none-eabi/10.2.1/../../../../arm-none-eabi/lib/thumb/v7e-m+fp/hard/libc_nano.a(lib_a-fwalk.o)
                                                  /usr/share/gcc-arm-none-eabi-10-2020-q4-major/bin/../lib/gcc/arm-none-eabi/10.2.1/../../../../arm-none-eabi/lib/thumb/v7e-m+fp/hard/libc_nano.a(lib_a-findfp.o)
                                                  /usr/share/gcc-arm-none-eabi-10-2020-q4-major/bin/../lib/gcc/arm-none-eabi/10.2.1/../../../../arm-none-eabi/lib/thumb/v7e-m+fp/hard/libc_nano.a(lib_a-fflush.o)
_global_impure_ptr                                /usr/share/gcc-arm-none-eabi-10-2020-q4-major/bin/../lib/gcc/arm-none-eabi/10.2.1/../../../../arm-none-eabi/lib/thumb/v7e-m+fp/hard/libc_nano.a(lib_a-impure.o)
                                                  /usr/share/gcc-arm-none-eabi-10-2020-q4-major/bin/../lib/gcc/arm-none-eabi/10.2.1/../../../../arm-none-eabi/lib/thumb/v7e-m+fp/hard/libc_nano.a(lib_a-findfp.o)
                                                  /usr/share/gcc-arm-none-eabi-10-2020-q4-major/bin/../lib/gcc/arm-none-eabi/10.2.1/../../../../arm-none-eabi/lib/thumb/v7e-m+fp/hard/libc_nano.a(lib_a-fflush.o)
_impure_ptr                                       /usr/share/gcc-arm-none-eabi-10-2020-q4-major/bin/../lib/gcc/arm-none-eabi/10.2.1/../../../../arm-none-eabi/lib/thumb/v7e-m+fp/hard/libc_nano.a(lib_a-impure.o)
                                                  /usr/share/gcc-arm-none-eabi-10-2020-q4-major/bin/../lib/gcc/arm-none-eabi/10.2.1/../../../../arm-none-eabi/lib/thumb/v7e-m+fp/hard/libc_nano.a(lib_a-reent.o)
                                                  /usr/share/gcc-arm-none-eabi-10-2020-q4-major/bin/../lib/gcc/arm-none-eabi/10.2.1/../../../../arm-none-eabi/lib/thumb/v7e-m+fp/hard/libc_nano.a(lib_a-findfp.o)
                                                  /usr/share/gcc-arm-none-eabi-10-2020-q4-major/bin/../lib/gcc/arm-none-eabi/10.2.1/../../../../arm-none-eabi/lib/thumb/v7e-m+fp/hard/libc_nano.a(lib_a-fflush.o)
                                                  /usr/share/gcc-arm-none-eabi-10-2020-q4-major/bin/../lib/gcc/arm-none-eabi/10.2.1/../../../../arm-none-eabi/lib/thumb/v7e-m+fp/hard/libc_nano.a(lib_a-wsetup.o)
                                                  /usr/share/gcc-arm-none-eabi-10-2020-q4-major/bin/../lib/gcc/arm-none-eabi/10.2.1/../../../../arm-none-eabi/lib/thumb/v7e-m+fp/hard/libc_nano.a(lib_a-wbuf.o)
                                                  /usr/share/gcc-arm-none-eabi-10-2020-q4-major/bin/../lib/gcc/arm-none-eabi/10.2.1/../../../../arm-none-eabi/lib/thumb/v7e-m+fp/hard/libc_nano.a(lib_a-puts.o)
                                                  /usr/share/gcc-arm-none-eabi-10-2020-q4-major/bin/../lib/gcc/arm-none-eabi/10.2.1/../../../../arm-none-eabi/lib/thumb/v7e-m+fp/hard/libc_nano.a(lib_a-errno.o)
_isatty                                           /usr/share/gcc-arm-none-eabi-10-2020-q4-major/bin/../lib/gcc/arm-none-eabi/10.2.1/../../../../arm-none-eabi/lib/thumb/v7e-m+fp/hard/libnosys.a(isatty.o)
                                                  /usr/share/gcc-arm-none-eabi-10-2020-q4-major/bin/../lib/gcc/arm-none-eabi/10.2.1/../../../../arm-none-eabi/lib/thumb/v7e-m+fp/hard/libc_nano.a(lib_a-isattyr.o)
_isatty_r                                         /usr/share/gcc-arm-none-eabi-10-2020-q4-major/bin/../lib/gcc/arm-none-eabi/10.2.1/../../../../arm-none-eabi/lib/thumb/v7e-m+fp/hard/libc_nano.a(lib_a-isattyr.o)
                                                  /usr/share/gcc-arm-none-eabi-10-2020-q4-major/bin/../lib/gcc/arm-none-eabi/10.2.1/../../../../arm-none-eabi/lib/thumb/v7e-m+fp/hard/libc_nano.a(lib_a-makebuf.o)
_lseek                                            /usr/share/gcc-arm-none-eabi-10-2020-q4-major/bin/../lib/gcc/arm-none-eabi/10.2.1/../../../../arm-none-eabi/lib/thumb/v7e-m+fp/hard/libnosys.a(lseek.o)
                                                  /usr/share/gcc-arm-none-eabi-10-2020-q4-major/bin/../lib/gcc/arm-none-eabi/10.2.1/../../../../arm-none-eabi/lib/thumb/v7e-m+fp/hard/libc_nano.a(lib_a-lseekr.o)
_lseek_r                                          /usr/share/gcc-arm-none-eabi-10-2020-q4-major/bin/../lib/gcc/arm-none-eabi/10.2.1/../../../../arm-none-eabi/lib/thumb/v7e-m+fp/hard/libc_nano.a(lib_a-lseekr.o)
                                                  /usr/share/gcc-arm-none-eabi-10-2020-q4-major/bin/../lib/gcc/arm-none-eabi/10.2.1/../../../../arm-none-eabi/lib/thumb/v7e-m+fp/hard/libc_nano.a(lib_a-stdio.o)
_malloc_r                                         /usr/share/gcc-arm-none-eabi-10-2020-q4-major/bin/../lib/gcc/arm-none-eabi/10.2.1/../../../../arm-none-eabi/lib/thumb/v7e-m+fp/hard/libc_nano.a(lib_a-nano-mallocr.o)
                                                  /usr/share/gcc-arm-none-eabi-10-2020-q4-major/bin/../lib/gcc/arm-none-eabi/10.2.1/../../../../arm-none-eabi/lib/thumb/v7e-m+fp/hard/libc_nano.a(lib_a-makebuf.o)
                                                  /usr/share/gcc-arm-none-eabi-10-2020-q4-major/bin/../lib/gcc/arm-none-eabi/10.2.1/../../../../arm-none-eabi/lib/thumb/v7e-m+fp/hard/libc_nano.a(lib_a-findfp.o)
_puts_r                                           /usr/share/gcc-arm-none-eabi-10-2020-q4-major/bin/../lib/gcc/arm-none-eabi/10.2.1/../../../../arm-none-eabi/lib/thumb/v7e-m+fp/hard/libc_nano.a(lib_a-puts.o)
_read                                             /usr/share/gcc-arm-none-eabi-10-2020-q4-major/bin/../lib/gcc/arm-none-eabi/10.2.1/../../../../arm-none-eabi/lib/thumb/v7e-m+fp/hard/libnosys.a(read.o)
                                                  /usr/share/gcc-arm-none-eabi-10-2020-q4-major/bin/../lib/gcc/arm-none-eabi/10.2.1/../../../../arm-none-eabi/lib/thumb/v7e-m+fp/hard/libc_nano.a(lib_a-readr.o)
_read_r                                           /usr/share/gcc-arm-none-eabi-10-2020-q4-major/bin/../lib/gcc/arm-none-eabi/10.2.1/../../../../arm-none-eabi/lib/thumb/v7e-m+fp/hard/libc_nano.a(lib_a-readr.o)
                                                  /usr/share/gcc-arm-none-eabi-10-2020-q4-major/bin/../lib/gcc/arm-none-eabi/10.2.1/../../../../arm-none-eabi/lib/thumb/v7e-m+fp/hard/libc_nano.a(lib_a-stdio.o)
_reclaim_reent                                    /usr/share/gcc-arm-none-eabi-10-2020-q4-major/bin/../lib/gcc/arm-none-eabi/10.2.1/../../../../arm-none-eabi/lib/thumb/v7e-m+fp/hard/libc_nano.a(lib_a-reent.o)
_sbrk                                             /usr/share/gcc-arm-none-eabi-10-2020-q4-major/bin/../lib/gcc/arm-none-eabi/10.2.1/../../../../arm-none-eabi/lib/thumb/v7e-m+fp/hard/libnosys.a(sbrk.o)
                                                  /usr/share/gcc-arm-none-eabi-10-2020-q4-major/bin/../lib/gcc/arm-none-eabi/10.2.1/../../../../arm-none-eabi/lib/thumb/v7e-m+fp/hard/libc_nano.a(lib_a-sbrkr.o)
_sbrk_r                                           /usr/share/gcc-arm-none-eabi-10-2020-q4-major/bin/../lib/gcc/arm-none-eabi/10.2.1/../../../../arm-none-eabi/lib/thumb/v7e-m+fp/hard/libc_nano.a(lib_a-sbrkr.o)
                                                  /usr/share/gcc-arm-none-eabi-10-2020-q4-major/bin/../lib/gcc/arm-none-eabi/10.2.1/../../../../arm-none-eabi/lib/thumb/v7e-m+fp/hard/libc_nano.a(lib_a-nano-mallocr.o)
_stack                                            ../../lib/libopencm3//lib/libopencm3_stm32f3.a(vector.o)
_write                                            main.o
                                                  /usr/share/gcc-arm-none-eabi-10-2020-q4-major/bin/../lib/gcc/arm-none-eabi/10.2.1/../../../../arm-none-eabi/lib/thumb/v7e-m+fp/hard/libc_nano.a(lib_a-writer.o)
_write_r                                          /usr/share/gcc-arm-none-eabi-10-2020-q4-major/bin/../lib/gcc/arm-none-eabi/10.2.1/../../../../arm-none-eabi/lib/thumb/v7e-m+fp/hard/libc_nano.a(lib_a-writer.o)
                                                  /usr/share/gcc-arm-none-eabi-10-2020-q4-major/bin/../lib/gcc/arm-none-eabi/10.2.1/../../../../arm-none-eabi/lib/thumb/v7e-m+fp/hard/libc_nano.a(lib_a-stdio.o)
adc1_2_isr                                        ../../lib/libopencm3//lib/libopencm3_stm32f3.a(vector.o)
adc3_isr                                          ../../lib/libopencm3//lib/libopencm3_stm32f3.a(vector.o)
blocking_handler                                  ../../lib/libopencm3//lib/libopencm3_stm32f3.a(vector.o)
bus_fault_handler                                 ../../lib/libopencm3//lib/libopencm3_stm32f3.a(vector.o)
can1_rx1_isr                                      ../../lib/libopencm3//lib/libopencm3_stm32f3.a(vector.o)
can1_sce_isr                                      ../../lib/libopencm3//lib/libopencm3_stm32f3.a(vector.o)
cleanup_glue                                      /usr/share/gcc-arm-none-eabi-10-2020-q4-major/bin/../lib/gcc/arm-none-eabi/10.2.1/../../../../arm-none-eabi/lib/thumb/v7e-m+fp/hard/libc_nano.a(lib_a-reent.o)
cm3_assert_failed                                 ../../lib/libopencm3//lib/libopencm3_stm32f3.a(assert.o)
                                                  ../../lib/libopencm3//lib/libopencm3_stm32f3.a(rcc.o)
cm3_assert_failed_verbose                         ../../lib/libopencm3//lib/libopencm3_stm32f3.a(assert.o)
comp123_isr                                       ../../lib/libopencm3//lib/libopencm3_stm32f3.a(vector.o)
comp456_isr                                       ../../lib/libopencm3//lib/libopencm3_stm32f3.a(vector.o)
comp7_isr                                         ../../lib/libopencm3//lib/libopencm3_stm32f3.a(vector.o)
debug_monitor_handler                             ../../lib/libopencm3//lib/libopencm3_stm32f3.a(vector.o)
dma1_channel1_isr                                 ../../lib/libopencm3//lib/libopencm3_stm32f3.a(vector.o)
dma1_channel2_isr                                 ../../lib/libopencm3//lib/libopencm3_stm32f3.a(vector.o)
dma1_channel3_isr                                 ../../lib/libopencm3//lib/libopencm3_stm32f3.a(vector.o)
dma1_channel4_isr                                 ../../lib/libopencm3//lib/libopencm3_stm32f3.a(vector.o)
dma1_channel5_isr                                 ../../lib/libopencm3//lib/libopencm3_stm32f3.a(vector.o)
dma1_channel6_isr                                 ../../lib/libopencm3//lib/libopencm3_stm32f3.a(vector.o)
dma1_channel7_isr                                 ../../lib/libopencm3//lib/libopencm3_stm32f3.a(vector.o)
dma2_channel1_isr                                 ../../lib/libopencm3//lib/libopencm3_stm32f3.a(vector.o)
dma2_channel2_isr                                 ../../lib/libopencm3//lib/libopencm3_stm32f3.a(vector.o)
dma2_channel3_isr                                 ../../lib/libopencm3//lib/libopencm3_stm32f3.a(vector.o)
dma2_channel4_isr                                 ../../lib/libopencm3//lib/libopencm3_stm32f3.a(vector.o)
dma2_channel5_isr                                 ../../lib/libopencm3//lib/libopencm3_stm32f3.a(vector.o)
end                                               /usr/share/gcc-arm-none-eabi-10-2020-q4-major/bin/../lib/gcc/arm-none-eabi/10.2.1/../../../../arm-none-eabi/lib/thumb/v7e-m+fp/hard/libnosys.a(sbrk.o)
errno                                             /usr/share/gcc-arm-none-eabi-10-2020-q4-major/bin/../lib/gcc/arm-none-eabi/10.2.1/../../../../arm-none-eabi/lib/thumb/v7e-m+fp/hard/libc_nano.a(lib_a-reent.o)
                                                  /usr/share/gcc-arm-none-eabi-10-2020-q4-major/bin/../lib/gcc/arm-none-eabi/10.2.1/../../../../arm-none-eabi/lib/thumb/v7e-m+fp/hard/libnosys.a(read.o)
                                                  /usr/share/gcc-arm-none-eabi-10-2020-q4-major/bin/../lib/gcc/arm-none-eabi/10.2.1/../../../../arm-none-eabi/lib/thumb/v7e-m+fp/hard/libnosys.a(lseek.o)
                                                  /usr/share/gcc-arm-none-eabi-10-2020-q4-major/bin/../lib/gcc/arm-none-eabi/10.2.1/../../../../arm-none-eabi/lib/thumb/v7e-m+fp/hard/libnosys.a(isatty.o)
                                                  /usr/share/gcc-arm-none-eabi-10-2020-q4-major/bin/../lib/gcc/arm-none-eabi/10.2.1/../../../../arm-none-eabi/lib/thumb/v7e-m+fp/hard/libnosys.a(fstat.o)
                                                  /usr/share/gcc-arm-none-eabi-10-2020-q4-major/bin/../lib/gcc/arm-none-eabi/10.2.1/../../../../arm-none-eabi/lib/thumb/v7e-m+fp/hard/libnosys.a(close.o)
                                                  /usr/share/gcc-arm-none-eabi-10-2020-q4-major/bin/../lib/gcc/arm-none-eabi/10.2.1/../../../../arm-none-eabi/lib/thumb/v7e-m+fp/hard/libc_nano.a(lib_a-readr.o)
                                                  /usr/share/gcc-arm-none-eabi-10-2020-q4-major/bin/../lib/gcc/arm-none-eabi/10.2.1/../../../../arm-none-eabi/lib/thumb/v7e-m+fp/hard/libc_nano.a(lib_a-lseekr.o)
                                                  /usr/share/gcc-arm-none-eabi-10-2020-q4-major/bin/../lib/gcc/arm-none-eabi/10.2.1/../../../../arm-none-eabi/lib/thumb/v7e-m+fp/hard/libc_nano.a(lib_a-isattyr.o)
                                                  /usr/share/gcc-arm-none-eabi-10-2020-q4-major/bin/../lib/gcc/arm-none-eabi/10.2.1/../../../../arm-none-eabi/lib/thumb/v7e-m+fp/hard/libc_nano.a(lib_a-fstatr.o)
                                                  /usr/share/gcc-arm-none-eabi-10-2020-q4-major/bin/../lib/gcc/arm-none-eabi/10.2.1/../../../../arm-none-eabi/lib/thumb/v7e-m+fp/hard/libc_nano.a(lib_a-closer.o)